13
10 2
10 5
10 3
10 1
10 4
10 9
2 5
2 3
2 1
2 8
7 6
5 4
3 1
