24
10 7
10 4
10 9
10 6
10 3
10 2
10 1
10 5
10 8
7 4
7 9
7 6
7 3
7 2
7 1
4 9
4 6
4 5
4 3
9 6
9 2
1 6
1 5
3 2
