11747
...XXX..X.
..X......X
..........
XXXX......
XX..X....X
....X.....
.X........
..........
.X.....X..
..........
