117026
.XXXXXX..XX.XX.X.XXX.XXX.XXX.X.XXXXX.XXXX.XX.XXXXX
..XXXXXX..XXXXXXXX.X.X.X..X..X.X.XXX..XX.XXXX.XXXX
XXXXXXXXXXXXXXXXXXXXXXXXXXXXXXXXXXXXXXXXXXXXXXXXXX
XXXXXXXXXXXXXXXXXXXXXXXXXXXX.X.XXXXXXXXXXXXXXXXXXX
X..X..XX.XXXXXXX.XXXXXXXXXXXXXXXXX..X.XXXXXXXXXX.X
XXXX.XXX.XXXXXXXXXX..XXX.XXX.X.X.XXX.XX..XXXXXX.XX
XX..X.XXXXXXXX.XXXXXXXX.XXXX.XXXXX.X.XXXX.XX.XX.XX
.X..XX...X.XX..XXXXX.XXXXXX...XXXXXX.XXX.XXXXXXXXX
XXXXXXXXXXXXXXXXXXXX.XXXXXXXXX.X.XXXXXX.XXXXXXX.XX
X..X.XXXX.X.XXXXXXXX...XXXX..X.X.X...XX.X..XX.XX.X
XXXX.XXXXXXXXXXXXXXXXXXXXXXXXXXXXXXXXXXXXXXXXXXXXX
..X..XXXXXXXXXXX.XXX.XXXX.XXXXXXXXXXXXX.XXXX.XXXXX
XXXX..XXX..XXX.XXXXXXXXXX.XXX..X.XXXXXXXXXXXXXXXXX
.X...XX..XX.XXX..XXXX.XXXXX.XX.X.XXXX.XX.XXX.XXXXX
..XX.XXXXX.XXX.X.XXXXXXXXXXXXXXXXXXX.X.X.X.XXXX.XX
X.X.XXXXX..XXXXXXXXXXXXX..XX...X.XXX.XX.XX.X.X.XXX
.XXX..XXXX..XX.XXXXX..XXX.XXX..XX..X.XX.XXXXXXX.XX
X.XXXXX..X.XX.X.X.XX.XXXXXXXXX.XXXXXX.X.XX.XXXXXXX
XX..XXXXXX.XXXXXXXXXXXXXXXXX.XXX.XXXX.XX.XXXXXXXXX
X..X.XXXXXXXXX.XXXXXXX.XXXXXX..X.X.XX.XXXXXXXXXXXX
.XXX.XXXXX.XXXXXXXXXXXXXXXXXXX.X.XXXXXXXXXXXXXXXXX
X.X.X.XXXXXXXX.XXX.X.XXX..XXXX.XXX.X.XXXX.XX.XXXXX
..X..XXX.XXXX..XXXXXXXX..XXXXXXX.XX.XXX.XX.XXXXX.X
XXXXXXX.XXXXXXXXXXX.XXXXXXXXXXXXXXXXXXX.XXXX.XXXXX
X.XXXX.XXXXXXX.XXXX.XXXXXXXXXXXX.X.X..XXXXXXXXX.XX
..XX..XXXXX.XXXXXXXX.X...XXXXXXXXXXXXXXXXXXX..X..X
X..XXX..XX..XXXXXXXXXXXX..X.X..XXXXX.XX..X.X.XXXXX
X..XX.XX.XXXXX.XXX.XXXX..XXXXXXXXXXXXX.X.X.XXXX.XX
X..X.XXXXXXXXXXXXXXXXXXX.XXXX.XX.XXX.XXXXXXXXXXXXX
XXXXXXXX.XXXXX.XXXXXXXXX.XXXXX.XXXXXX...XXXX.XXXXX
X.XX.XX.XXXXXX.XXXX.XXXXXXXX.XXX.XXXXXXXXXXX.XXXXX
XXXXXXXXXXXXXX.XXX.XXXXXXXXX.XXXXXXXXXX.XXXXXXXXXX
XX.XXXX.XXXXXXXXXXX..XXXX.XXXXXXXXXXXX..XXXXXXX.XX
.X.X.XXXXXXXXXXXXXXXX.XX.XX..X.X.XXXXXXXXXXXXX.XXX
.XXXXXXXX...X..XXXXXXXXX.XXX.XXXX.XXXXXXXXXX.XXXXX
X.XX.XXXXXXXXXXXXXX.XXX.X.XXXXXX.X.X.XX.XX.XXXXXXX
XXXXXXXXXXXXXXXXXXXXXXXXXXX..XXXXXXXXXXXXXXXXXXXXX
.X.XXXXX.XXXXX.XXX.X.X.XXXXXXXXX.XXXX.X.XXXX.X.XXX
...XXX..X.XXXXXX.XXX.XXX.XXXXXXX.X.XX.X..X.XXX.X.X
XXXXXXXXXXXXXXXXXXXXXXXXXXXXXXXXXXXXXXXXXXXXXXXXXX
XXXXXXXXXX.XXX.XXX.X.XXXX.XX..XXXXXX.XXX...X.XXXXX
XXXXXXXXXXXXXXXXXXXXXXXXXXXXXXXXXXXXXXXXXXXXXXXXXX
.XXXXXX.X.XXXXXXXXXXXXX.XXXX.X.XX.XXX...XX.X.XXXXX
..XX..X.XX..XX.XXXX.X.XX..XXXXXXXX.X.XXXXXXXXXXXXX
..XX.XXXXXX.XX..XX.X.XXXX.XX...X.XX...XXXX.XXXX.XX
X.XX..XXX..XX.XX.XX.XXX.XXXXX.XXXX.XXXXXXXXXXX.X.X
.XXXXXXXXXXXXXXXXXXXXXXXX.XX.XXXXXX.X.X..X.XXX..XX
.X..X...XX..XX.X.XXX.X.XX.XXX..XXXXXXXXXXXXXXXXXXX
XXXXXXXXXXXXXXXXXXXXXXXXXXXXXXXXXXXXXXXXXXXXXXXXXX
XX..XXXXXXXXXX.XXXXX.XXXXXXXXXXX.XXXXXXX.XXXXXXXXX
