29 4 97
13 6 96
6 8 85
23 1 96
2 22 72
19 2 94
15 3 92
26 1 97
31 1 98
21 1 94
11 1 94
7 11 89
4 16 73
18 5 96
1 9 80
19 2 94
3 22 62
7 9 84
10 6 88
4 8 82
5 8 78
12 8 88
12 8 88
6 5 87
13 8 90
13 6 94
27 1 93
6 4 79
7 21 73
2 41 41
10 6 88
18 5 96
12 8 88
6 3 89
7 11 89
7 9 84
16 5 95
29 4 97
11 6 94
1 20 74
5 8 78
4 16 73
29 4 97
4 17 77
2 42 42
3 26 78
8 4 91
12 8 88
18 5 96
7 21 73
2 41 41
7 21 73
29 4 97
6 11 81
7 21 73
30 1 98
15 4 95
7 12 83
3 13 71
22 2 97
7 9 89
9 1 92
16 5 95
16 5 95
15 4 95
2 26 73
5 9 92
5 7 84
12 8 88
15 2 94
12 8 88
5 8 85
5 9 91
4 5 87
4 21 72
7 12 83
12 3 90
3 11 86
7 9 84
3 14 83
2 26 73
2 19 80
11 5 90
3 26 78
6 4 79
13 8 90
8 8 85
7 12 83
10 4 87
27 1 96
15 2 94
34 1 98
10 4 87
10 2 93
1 52 52
2 42 42
4 8 82
7 9 84
4 21 72
4 17 77
