140
..ABAABBBAAAAABBBBBBAAAABAAABAAAABBBBBAAAAAAAABBBBBBBAAABBBBAABBAAABABABAAABAAAAAABABBBAABBAAABABBABBABAAABBABBABBAAABAAAABBAAABBABABBBBBABABBABBABABBABAABABAAABAABAABBABBABBBBBBABAABBBABBABABBABABABB
AB..AABBBAAAAABBBBBBAAAABAAABAAAABBBBBAAAAAAAABBBBBBBAAABBBBAABBAAABABABAAABAAAAAABABBBAABBAAABABBABBABAAABBABBABBAAABAAAABBAAABBABABBBBBABABBABBABABBABAABABAAABAABAABBABBABBBBBBABAABBBABBABABBABABABB
ABAA..BBBAAAAABBBBBBAAAABAAABAAAABBBBBAAAAAAAABBBBBBBAAABBBBAABBAAABABABAAABAAAAAABABBBAABBAAABABBABBABAAABBABBABBAAABAAAABBAAABBABABBBBBABABBABBABABBABAABABAAABAABAABBABBABBBBBBABAABBBABBABABBABABABB
A..ABABBBAAAAABBBBBBAAAABAAABAAAABBBBBAAAAAAAABBBBBBBAAABBBBAABBAAABABABAAABAAAAAABABBBAABBAAABABBABBABAAABBABBABBAAABAAAABBAAABBABABBBBBABABBABBABABBABAABABAAABAABAABBABBABBBBBBABAABBBABBABABBABABABB
AAB..ABBBAAAAABBBBBBAAAABAAABAAAABBBBBAAAAAAAABBBBBBBAAABBBBAABBAAABABABAAABAAAAAABABBBAABBAAABABBABBABAAABBABBABBAAABAAAABBAAABBABABBBBBABABBABBABABBABAABABAAABAABAABBABBABBBBBBABAABBBABBABABBABABABB
AABAB..BBAAAAABBBBBBAAAABAAABAAAABBBBBAAAAAAAABBBBBBBAAABBBBAABBAAABABABAAABAAAAAABABBBAABBAAABABBABBABAAABBABBABBAAABAAAABBAAABBABABBBBBABABBABBABABBABAABABAAABAABAABBABBABBBBBBABAABBBABBABABBABABABB
AA..BBABBAAAAABBBBBBAAAABAAABAAAABBBBBAAAAAAAABBBBBBBAAABBBBAABBAAABABABAAABAAAAAABABBBAABBAAABABBABBABAAABBABBABBAAABAAAABBAAABBABABBBBBABABBABBABABBABAABABAAABAABAABBABBABBBBBBABAABBBABBABABBABABABB
AAABBB..BAAAAABBBBBBAAAABAAABAAAABBBBBAAAAAAAABBBBBBBAAABBBBAABBAAABABABAAABAAAAAABABBBAABBAAABABBABBABAAABBABBABBAAABAAAABBAAABBABABBBBBABABBABBABABBABAABABAAABAABAABBABBABBBBBBABAABBBABBABABBABABABB
AAA..BBBBAAAAABBBBBBAAAABAAABAAAABBBBBAAAAAAAABBBBBBBAAABBBBAABBAAABABABAAABAAAAAABABBBAABBAAABABBABBABAAABBABBABBAAABAAAABBAAABBABABBBBBABABBABBABABBABAABABAAABAABAABBABBABBBBBBABAABBBABBABABBABABABB
AAAAABBBB..AAABBBBBBAAAABAAABAAAABBBBBAAAAAAAABBBBBBBAAABBBBAABBAAABABABAAABAAAAAABABBBAABBAAABABBABBABAAABBABBABBAAABAAAABBAAABBABABBBBBABABBABBABABBABAABABAAABAABAABBABBABBBBBBABAABBBABBABABBABABABB
AAAAA..BBBBAAABBBBBBAAAABAAABAAAABBBBBAAAAAAAABBBBBBBAAABBBBAABBAAABABABAAABAAAAAABABBBAABBAAABABBABBABAAABBABBABBAAABAAAABBAAABBABABBBBBABABBABBABABBABAABABAAABAABAABBABBABBBBBBABAABBBABBABABBABABABB
AAAAAAABBBB..ABBBBBBAAAABAAABAAAABBBBBAAAAAAAABBBBBBBAAABBBBAABBAAABABABAAABAAAAAABABBBAABBAAABABBABBABAAABBABBABBAAABAAAABBAAABBABABBBBBABABBABBABABBABAABABAAABAABAABBABBABBBBBBABAABBBABBABABBABABABB
AAAAAAA..BBBBABBBBBBAAAABAAABAAAABBBBBAAAAAAAABBBBBBBAAABBBBAABBAAABABABAAABAAAAAABABBBAABBAAABABBABBABAAABBABBABBAAABAAAABBAAABBABABBBBBABABBABBABABBABAABABAAABAABAABBABBABBBBBBABAABBBABBABABBABABABB
AAAAAAAABBBBB..BBBBBAAAABAAABAAAABBBBBAAAAAAAABBBBBBBAAABBBBAABBAAABABABAAABAAAAAABABBBAABBAAABABBABBABAAABBABBABBAAABAAAABBAAABBABABBBBBABABBABBABABBABAABABAAABAABAABBABBABBBBBBABAABBBABBABABBABABABB
AAAAAAAA..BBBBBBBBBBAAAABAAABAAAABBBBBAAAAAAAABBBBBBBAAABBBBAABBAAABABABAAABAAAAAABABBBAABBAAABABBABBABAAABBABBABBAAABAAAABBAAABBABABBBBBABABBABBABABBABAABABAAABAABAABBABBABBBBBBABAABBBABBABABBABABABB
AAAAAAAAAABBBBBBBBBB..AABAAABAAAABBBBBAAAAAAAABBBBBBBAAABBBBAABBAAABABABAAABAAAAAABABBBAABBAAABABBABBABAAABBABBABBAAABAAAABBAAABBABABBBBBABABBABBABABBABAABABAAABAABAABBABBABBBBBBABAABBBABBABABBABABABB
AAAAAAAAAA..BBBBBBBBBBAABAAABAAAABBBBBAAAAAAAABBBBBBBAAABBBBAABBAAABABABAAABAAAAAABABBBAABBAAABABBABBABAAABBABBABBAAABAAAABBAAABBABABBBBBABABBABBABABBABAABABAAABAABAABBABBABBBBBBABAABBBABBABABBABABABB
AAAAAAAAAAAABBBBBBBBBB..BAAABAAAABBBBBAAAAAAAABBBBBBBAAABBBBAABBAAABABABAAABAAAAAABABBBAABBAAABABBABBABAAABBABBABBAAABAAAABBAAABBABABBBBBABABBABBABABBABAABABAAABAABAABBABBABBBBBBABAABBBABBABABBABABABB
AAAAAAAAAAAA..BBBBBBBBBBBAAABAAAABBBBBAAAAAAAABBBBBBBAAABBBBAABBAAABABABAAABAAAAAABABBBAABBAAABABBABBABAAABBABBABBAAABAAAABBAAABBABABBBBBABABBABBABABBABAABABAAABAABAABBABBABBBBBBABAABBBABBABABBABABABB
AAAAAAAAAAAAAABBBBBBBBBBB..ABAAAABBBBBAAAAAAAABBBBBBBAAABBBBAABBAAABABABAAABAAAAAABABBBAABBAAABABBABBABAAABBABBABBAAABAAAABBAAABBABABBBBBABABBABBABABBABAABABAAABAABAABBABBABBBBBBABAABBBABBABABBABABABB
AAAAAAAAAAAAAA..BBBBBBBBBBBABAAAABBBBBAAAAAAAABBBBBBBAAABBBBAABBAAABABABAAABAAAAAABABBBAABBAAABABBABBABAAABBABBABBAAABAAAABBAAABBABABBBBBABABBABBABABBABAABABAAABAABAABBABBABBBBBBABAABBBABBABABBABABABB
AAAAAAAAAAAAAAABBBBBBBBBBBB..AAAABBBBBAAAAAAAABBBBBBBAAABBBBAABBAAABABABAAABAAAAAABABBBAABBAAABABBABBABAAABBABBABBAAABAAAABBAAABBABABBBBBABABBABBABABBABAABABAAABAABAABBABBABBBBBBABAABBBABBABABBABABABB
AAAAAAAAAAAAAAA..BBBBBBBBBBBBAAAABBBBBAAAAAAAABBBBBBBAAABBBBAABBAAABABABAAABAAAAAABABBBAABBAAABABBABBABAAABBABBABBAAABAAAABBAAABBABABBBBBABABBABBABABBABAABABAAABAABAABBABBABBBBBBABAABBBABBABABBABABABB
AAAAAAAAAAAAAAAAABBBBBBBBBBBB..AABBBBBAAAAAAAABBBBBBBAAABBBBAABBAAABABABAAABAAAAAABABBBAABBAAABABBABBABAAABBABBABBAAABAAAABBAAABBABABBBBBABABBABBABABBABAABABAAABAABAABBABBABBBBBBABAABBBABBABABBABABABB
AAAAAAAAAAAAAAAAA..BBBBBBBBBBBBAABBBBBAAAAAAAABBBBBBBAAABBBBAABBAAABABABAAABAAAAAABABBBAABBAAABABBABBABAAABBABBABBAAABAAAABBAAABBABABBBBBABABBABBABABBABAABABAAABAABAABBABBABBBBBBABAABBBABBABABBABABABB
AAAAAAAAAAAAAAAAAAABBBBBBBBBBBB..BBBBBAAAAAAAABBBBBBBAAABBBBAABBAAABABABAAABAAAAAABABBBAABBAAABABBABBABAAABBABBABBAAABAAAABBAAABBABABBBBBABABBABBABABBABAABABAAABAABAABBABBABBBBBBABAABBBABBABABBABABABB
AAAAAAAAAAAAAAAAAAA..BBBBBBBBBBBBBBBBBAAAAAAAABBBBBBBAAABBBBAABBAAABABABAAABAAAAAABABBBAABBAAABABBABBABAAABBABBABBAAABAAAABBAAABBABABBBBBABABBABBABABBABAABABAAABAABAABBABBABBBBBBABAABBBABBABABBABABABB
AAAAAAAAAAAAAAAAAAAAABBBBBBBBBBBBBBBBB..AAAAAABBBBBBBAAABBBBAABBAAABABABAAABAAAAAABABBBAABBAAABABBABBABAAABBABBABBAAABAAAABBAAABBABABBBBBABABBABBABABBABAABABAAABAABAABBABBABBBBBBABAABBBABBABABBABABABB
AAAAAAAAAAAAAAAAAAAAA..BBBBBBBBBBBBBBBBBAAAAAABBBBBBBAAABBBBAABBAAABABABAAABAAAAAABABBBAABBAAABABBABBABAAABBABBABBAAABAAAABBAAABBABABBBBBABABBABBABABBABAABABAAABAABAABBABBABBBBBBABAABBBABBABABBABABABB
AAAAAAAAAAAAAAAAAAAAAAABBBBBBBBBBBBBBBBB..AAAABBBBBBBAAABBBBAABBAAABABABAAABAAAAAABABBBAABBAAABABBABBABAAABBABBABBAAABAAAABBAAABBABABBBBBABABBABBABABBABAABABAAABAABAABBABBABBBBBBABAABBBABBABABBABABABB
AAAAAAAAAAAAAAAAAAAAAAA..BBBBBBBBBBBBBBBBBAAAABBBBBBBAAABBBBAABBAAABABABAAABAAAAAABABBBAABBAAABABBABBABAAABBABBABBAAABAAAABBAAABBABABBBBBABABBABBABABBABAABABAAABAABAABBABBABBBBBBABAABBBABBABABBABABABB
AAAAAAAAAAAAAAAAAAAAAAAAABBBBBBBBBBBBBBBBB..AABBBBBBBAAABBBBAABBAAABABABAAABAAAAAABABBBAABBAAABABBABBABAAABBABBABBAAABAAAABBAAABBABABBBBBABABBABBABABBABAABABAAABAABAABBABBABBBBBBABAABBBABBABABBABABABB
AAAAAAAAAAAAAAAAAAAAAAAAA..BBBBBBBBBBBBBBBBBAABBBBBBBAAABBBBAABBAAABABABAAABAAAAAABABBBAABBAAABABBABBABAAABBABBABBAAABAAAABBAAABBABABBBBBABABBABBABABBABAABABAAABAABAABBABBABBBBBBABAABBBABBABABBABABABB
AAAAAAAAAAAAAAAAAAAAAAAAAAABBBBBBBBBBBBBBBBB..BBBBBBBAAABBBBAABBAAABABABAAABAAAAAABABBBAABBAAABABBABBABAAABBABBABBAAABAAAABBAAABBABABBBBBABABBABBABABBABAABABAAABAABAABBABBABBBBBBABAABBBABBABABBABABABB
AAAAAAAAAAAAAAAAAAAAAAAAAAA..BBBBBBBBBBBBBBBBBBBBBBBBAAABBBBAABBAAABABABAAABAAAAAABABBBAABBAAABABBABBABAAABBABBABBAAABAAAABBAAABBABABBBBBABABBABBABABBABAABABAAABAABAABBABBABBBBBBABAABBBABBABABBABABABB
AAAAAAAAAAAAAAAAAAAAAAAAAAAAABBBBBBBBBBBBBBBBBBBBBBBB..ABBBBAABBAAABABABAAABAAAAAABABBBAABBAAABABBABBABAAABBABBABBAAABAAAABBAAABBABABBBBBABABBABBABABBABAABABAAABAABAABBABBABBBBBBABAABBBABBABABBABABABB
AAAAAAAAAAAAAAAAAAAAAAAAAAAAA..BBBBBBBBBBBBBBBBBBBBBBBBABBBBAABBAAABABABAAABAAAAAABABBBAABBAAABABBABBABAAABBABBABBAAABAAAABBAAABBABABBBBBABABBABBABABBABAABABAAABAABAABBABBABBBBBBABAABBBABBABABBABABABB
AAAAAAAAAAAAAAAAAAAAAAAAAAAAAABBBBBBBBBBBBBBBBBBBBBBBBB..BBBAABBAAABABABAAABAAAAAABABBBAABBAAABABBABBABAAABBABBABBAAABAAAABBAAABBABABBBBBABABBABBABABBABAABABAAABAABAABBABBABBBBBBABAABBBABBABABBABABABB
AAAAAAAAAAAAAAAAAAAAAAAAAAAAAA..BBBBBBBBBBBBBBBBBBBBBBBBBBBBAABBAAABABABAAABAAAAAABABBBAABBAAABABBABBABAAABBABBABBAAABAAAABBAAABBABABBBBBABABBABBABABBABAABABAAABAABAABBABBABBBBBBABAABBBABBABABBABABABB
AAAAAAAAAAAAAAAAAAAAAAAAAAAAAAAABBBBBBBBBBBBBBBBBBBBBBBBBBBB..BBAAABABABAAABAAAAAABABBBAABBAAABABBABBABAAABBABBABBAAABAAAABBAAABBABABBBBBABABBABBABABBABAABABAAABAABAABBABBABBBBBBABAABBBABBABABBABABABB
AAAAAAAAAAAAAAAAAAAAAAAAAAAAAAAA..BBBBBBBBBBBBBBBBBBBBBBBBBBBBBBAAABABABAAABAAAAAABABBBAABBAAABABBABBABAAABBABBABBAAABAAAABBAAABBABABBBBBABABBABBABABBABAABABAAABAABAABBABBABBBBBBABAABBBABBABABBABABABB
AAAAAAAAAAAAAAAAAAAAAAAAAAAAAAAAAABBBBBBBBBBBBBBBBBBBBBBBBBBBBBB..ABABABAAABAAAAAABABBBAABBAAABABBABBABAAABBABBABBAAABAAAABBAAABBABABBBBBABABBABBABABBABAABABAAABAABAABBABBABBBBBBABAABBBABBABABBABABABB
AAAAAAAAAAAAAAAAAAAAAAAAAAAAAAAAAA..BBBBBBBBBBBBBBBBBBBBBBBBBBBBBBABABABAAABAAAAAABABBBAABBAAABABBABBABAAABBABBABBAAABAAAABBAAABBABABBBBBABABBABBABABBABAABABAAABAABAABBABBABBBBBBABAABBBABBABABBABABABB
AAAAAAAAAAAAAAAAAAAAAAAAAAAAAAAAAAABBBBBBBBBBBBBBBBBBBBBBBBBBBBBBB..ABABAAABAAAAAABABBBAABBAAABABBABBABAAABBABBABBAAABAAAABBAAABBABABBBBBABABBABBABABBABAABABAAABAABAABBABBABBBBBBABAABBBABBABABBABABABB
AAAAAAAAAAAAAAAAAAAAAAAAAAAAAAAAAAA..BBBBBBBBBBBBBBBBBBBBBBBBBBBBBBBABABAAABAAAAAABABBBAABBAAABABBABBABAAABBABBABBAAABAAAABBAAABBABABBBBBABABBABBABABBABAABABAAABAABAABBABBABBBBBBABAABBBABBABABBABABABB
AAAAAAAAAAAAAAAAAAAAAAAAAAAAAAAAAAAABBBBBBBBBBBBBBBBBBBBBBBBBBBBBBBB..ABAAABAAAAAABABBBAABBAAABABBABBABAAABBABBABBAAABAAAABBAAABBABABBBBBABABBABBABABBABAABABAAABAABAABBABBABBBBBBABAABBBABBABABBABABABB
AAAAAAAAAAAAAAAAAAAAAAAAAAAAAAAAAAAA..BBBBBBBBBBBBBBBBBBBBBBBBBBBBBBBBABAAABAAAAAABABBBAABBAAABABBABBABAAABBABBABBAAABAAAABBAAABBABABBBBBABABBABBABABBABAABABAAABAABAABBABBABBBBBBABAABBBABBABABBABABABB
AAAAAAAAAAAAAAAAAAAAAAAAAAAAAAAAAAAAABBBBBBBBBBBBBBBBBBBBBBBBBBBBBBBBB..AAABAAAAAABABBBAABBAAABABBABBABAAABBABBABBAAABAAAABBAAABBABABBBBBABABBABBABABBABAABABAAABAABAABBABBABBBBBBABAABBBABBABABBABABABB
AAAAAAAAAAAAAAAAAAAAAAAAAAAAAAAAAAAAA..BBBBBBBBBBBBBBBBBBBBBBBBBBBBBBBBBAAABAAAAAABABBBAABBAAABABBABBABAAABBABBABBAAABAAAABBAAABBABABBBBBABABBABBABABBABAABABAAABAABAABBABBABBBBBBABAABBBABBABABBABABABB
AAAAAAAAAAAAAAAAAAAAAAAAAAAAAAAAAAAAAAABBBBBBBBBBBBBBBBBBBBBBBBBBBBBBBBB..ABAAAAAABABBBAABBAAABABBABBABAAABBABBABBAAABAAAABBAAABBABABBBBBABABBABBABABBABAABABAAABAABAABBABBABBBBBBABAABBBABBABABBABABABB
AAAAAAAAAAAAAAAAAAAAAAAAAAAAAAAAAAAAAAA..BBBBBBBBBBBBBBBBBBBBBBBBBBBBBBBBBABAAAAAABABBBAABBAAABABBABBABAAABBABBABBAAABAAAABBAAABBABABBBBBABABBABBABABBABAABABAAABAABAABBABBABBBBBBABAABBBABBABABBABABABB
AAAAAAAAAAAAAAAAAAAAAAAAAAAAAAAAAAAAAAAABBBBBBBBBBBBBBBBBBBBBBBBBBBBBBBBBB..AAAAAABABBBAABBAAABABBABBABAAABBABBABBAAABAAAABBAAABBABABBBBBABABBABBABABBABAABABAAABAABAABBABBABBBBBBABAABBBABBABABBABABABB
AAAAAAAAAAAAAAAAAAAAAAAAAAAAAAAAAAAAAAAA..BBBBBBBBBBBBBBBBBBBBBBBBBBBBBBBBBBAAAAAABABBBAABBAAABABBABBABAAABBABBABBAAABAAAABBAAABBABABBBBBABABBABBABABBABAABABAAABAABAABBABBABBBBBBABAABBBABBABABBABABABB
AAAAAAAAAAAAAAAAAAAAAAAAAAAAAAAAAAAAAAAAAABBBBBBBBBBBBBBBBBBBBBBBBBBBBBBBBBB..AAAABABBBAABBAAABABBABBABAAABBABBABBAAABAAAABBAAABBABABBBBBABABBABBABABBABAABABAAABAABAABBABBABBBBBBABAABBBABBABABBABABABB
AAAAAAAAAAAAAAAAAAAAAAAAAAAAAAAAAAAAAAAAAA..BBBBBBBBBBBBBBBBBBBBBBBBBBBBBBBBBBAAAABABBBAABBAAABABBABBABAAABBABBABBAAABAAAABBAAABBABABBBBBABABBABBABABBABAABABAAABAABAABBABBABBBBBBABAABBBABBABABBABABABB
AAAAAAAAAAAAAAAAAAAAAAAAAAAAAAAAAAAAAAAAAAAABBBBBBBBBBBBBBBBBBBBBBBBBBBBBBBBBB..AABABBBAABBAAABABBABBABAAABBABBABBAAABAAAABBAAABBABABBBBBABABBABBABABBABAABABAAABAABAABBABBABBBBBBABAABBBABBABABBABABABB
AAAAAAAAAAAAAAAAAAAAAAAAAAAAAAAAAAAAAAAAAAAA..BBBBBBBBBBBBBBBBBBBBBBBBBBBBBBBBBBAABABBBAABBAAABABBABBABAAABBABBABBAAABAAAABBAAABBABABBBBBABABBABBABABBABAABABAAABAABAABBABBABBBBBBABAABBBABBABABBABABABB
AAAAAAAAAAAAAAAAAAAAAAAAAAAAAAAAAAAAAAAAAAAAAABBBBBBBBBBBBBBBBBBBBBBBBBBBBBBBBBB..BABBBAABBAAABABBABBABAAABBABBABBAAABAAAABBAAABBABABBBBBABABBABBABABBABAABABAAABAABAABBABBABBBBBBABAABBBABBABABBABABABB
AAAAAAAAAAAAAAAAAAAAAAAAAAAAAAAAAAAAAAAAAAAAAA..BBBBBBBBBBBBBBBBBBBBBBBBBBBBBBBBBBBABBBAABBAAABABBABBABAAABBABBABBAAABAAAABBAAABBABABBBBBABABBABBABABBABAABABAAABAABAABBABBABBBBBBABAABBBABBABABBABABABB
AAAAAAAAAAAAAAAAAAAAAAAAAAAAAAAAAAAAAAAAAAAAAAABBBBBBBBBBBBBBBBBBBBBBBBBBBBBBBBBBBB..BBAABBAAABABBABBABAAABBABBABBAAABAAAABBAAABBABABBBBBABABBABBABABBABAABABAAABAABAABBABBABBBBBBABAABBBABBABABBABABABB
AAAAAAAAAAAAAAAAAAAAAAAAAAAAAAAAAAAAAAAAAAAAAAA..BBBBBBBBBBBBBBBBBBBBBBBBBBBBBBBBBBBBBBAABBAAABABBABBABAAABBABBABBAAABAAAABBAAABBABABBBBBABABBABBABABBABAABABAAABAABAABBABBABBBBBBABAABBBABBABABBABABABB
AAAAAAAAAAAAAAAAAAAAAAAAAAAAAAAAAAAAAAAAAAAAAAAAABBBBBBBBBBBBBBBBBBBBBBBBBBBBBBBBBBBBBB..BBAAABABBABBABAAABBABBABBAAABAAAABBAAABBABABBBBBABABBABBABABBABAABABAAABAABAABBABBABBBBBBABAABBBABBABABBABABABB
AAAAAAAAAAAAAAAAAAAAAAAAAAAAAAAAAAAAAAAAAAAAAAAAA..BBBBBBBBBBBBBBBBBBBBBBBBBBBBBBBBBBBBBBBBAAABABBABBABAAABBABBABBAAABAAAABBAAABBABABBBBBABABBABBABABBABAABABAAABAABAABBABBABBBBBBABAABBBABBABABBABABABB
AAAAAAAAAAAAAAAAAAAAAAAAAAAAAAAAAAAAAAAAAAAAAAAAAAABBBBBBBBBBBBBBBBBBBBBBBBBBBBBBBBBBBBBBBB..ABABBABBABAAABBABBABBAAABAAAABBAAABBABABBBBBABABBABBABABBABAABABAAABAABAABBABBABBBBBBABAABBBABBABABBABABABB
AAAAAAAAAAAAAAAAAAAAAAAAAAAAAAAAAAAAAAAAAAAAAAAAAAA..BBBBBBBBBBBBBBBBBBBBBBBBBBBBBBBBBBBBBBBBABABBABBABAAABBABBABBAAABAAAABBAAABBABABBBBBABABBABBABABBABAABABAAABAABAABBABBABBBBBBABAABBBABBABABBABABABB
AAAAAAAAAAAAAAAAAAAAAAAAAAAAAAAAAAAAAAAAAAAAAAAAAAAABBBBBBBBBBBBBBBBBBBBBBBBBBBBBBBBBBBBBBBBB..ABBABBABAAABBABBABBAAABAAAABBAAABBABABBBBBABABBABBABABBABAABABAAABAABAABBABBABBBBBBABAABBBABBABABBABABABB
AAAAAAAAAAAAAAAAAAAAAAAAAAAAAAAAAAAAAAAAAAAAAAAAAAAA..BBBBBBBBBBBBBBBBBBBBBBBBBBBBBBBBBBBBBBBBBABBABBABAAABBABBABBAAABAAAABBAAABBABABBBBBABABBABBABABBABAABABAAABAABAABBABBABBBBBBABAABBBABBABABBABABABB
AAAAAAAAAAAAAAAAAAAAAAAAAAAAAAAAAAAAAAAAAAAAAAAAAAAAABBBBBBBBBBBBBBBBBBBBBBBBBBBBBBBBBBBBBBBBBB..BABBABAAABBABBABBAAABAAAABBAAABBABABBBBBABABBABBABABBABAABABAAABAABAABBABBABBBBBBABAABBBABBABABBABABABB
AAAAAAAAAAAAAAAAAAAAAAAAAAAAAAAAAAAAAAAAAAAAAAAAAAAAA..BBBBBBBBBBBBBBBBBBBBBBBBBBBBBBBBBBBBBBBBBBBABBABAAABBABBABBAAABAAAABBAAABBABABBBBBABABBABBABABBABAABABAAABAABAABBABBABBBBBBABAABBBABBABABBABABABB
AAAAAAAAAAAAAAAAAAAAAAAAAAAAAAAAAAAAAAAAAAAAAAAAAAAAAABBBBBBBBBBBBBBBBBBBBBBBBBBBBBBBBBBBBBBBBBBBB..BABAAABBABBABBAAABAAAABBAAABBABABBBBBABABBABBABABBABAABABAAABAABAABBABBABBBBBBABAABBBABBABABBABABABB
AAAAAAAAAAAAAAAAAAAAAAAAAAAAAAAAAAAAAAAAAAAAAAAAAAAAAA..BBBBBBBBBBBBBBBBBBBBBBBBBBBBBBBBBBBBBBBBBBBBBABAAABBABBABBAAABAAAABBAAABBABABBBBBABABBABBABABBABAABABAAABAABAABBABBABBBBBBABAABBBABBABABBABABABB
AAAAAAAAAAAAAAAAAAAAAAAAAAAAAAAAAAAAAAAAAAAAAAAAAAAAAAABBBBBBBBBBBBBBBBBBBBBBBBBBBBBBBBBBBBBBBBBBBBBB..AAABBABBABBAAABAAAABBAAABBABABBBBBABABBABBABABBABAABABAAABAABAABBABBABBBBBBABAABBBABBABABBABABABB
AAAAAAAAAAAAAAAAAAAAAAAAAAAAAAAAAAAAAAAAAAAAAAAAAAAAAAA..BBBBBBBBBBBBBBBBBBBBBBBBBBBBBBBBBBBBBBBBBBBBBBAAABBABBABBAAABAAAABBAAABBABABBBBBABABBABBABABBABAABABAAABAABAABBABBABBBBBBABAABBBABBABABBABABABB
AAAAAAAAAAAAAAAAAAAAAAAAAAAAAAAAAAAAAAAAAAAAAAAAAAAAAAAAABBBBBBBBBBBBBBBBBBBBBBBBBBBBBBBBBBBBBBBBBBBBBB..ABBABBABBAAABAAAABBAAABBABABBBBBABABBABBABABBABAABABAAABAABAABBABBABBBBBBABAABBBABBABABBABABABB
AAAAAAAAAAAAAAAAAAAAAAAAAAAAAAAAAAAAAAAAAAAAAAAAAAAAAAAAA..BBBBBBBBBBBBBBBBBBBBBBBBBBBBBBBBBBBBBBBBBBBBBBABBABBABBAAABAAAABBAAABBABABBBBBABABBABBABABBABAABABAAABAABAABBABBABBBBBBABAABBBABBABABBABABABB
AAAAAAAAAAAAAAAAAAAAAAAAAAAAAAAAAAAAAAAAAAAAAAAAAAAAAAAAAABBBBBBBBBBBBBBBBBBBBBBBBBBBBBBBBBBBBBBBBBBBBBBB..BABBABBAAABAAAABBAAABBABABBBBBABABBABBABABBABAABABAAABAABAABBABBABBBBBBABAABBBABBABABBABABABB
AAAAAAAAAAAAAAAAAAAAAAAAAAAAAAAAAAAAAAAAAAAAAAAAAAAAAAAAAA..BBBBBBBBBBBBBBBBBBBBBBBBBBBBBBBBBBBBBBBBBBBBBBBBABBABBAAABAAAABBAAABBABABBBBBABABBABBABABBABAABABAAABAABAABBABBABBBBBBABAABBBABBABABBABABABB
AAAAAAAAAAAAAAAAAAAAAAAAAAAAAAAAAAAAAAAAAAAAAAAAAAAAAAAAAAABBBBBBBBBBBBBBBBBBBBBBBBBBBBBBBBBBBBBBBBBBBBBBBBB..BABBAAABAAAABBAAABBABABBBBBABABBABBABABBABAABABAAABAABAABBABBABBBBBBABAABBBABBABABBABABABB
AAAAAAAAAAAAAAAAAAAAAAAAAAAAAAAAAAAAAAAAAAAAAAAAAAAAAAAAAAA..BBBBBBBBBBBBBBBBBBBBBBBBBBBBBBBBBBBBBBBBBBBBBBBBBBABBAAABAAAABBAAABBABABBBBBABABBABBABABBABAABABAAABAABAABBABBABBBBBBABAABBBABBABABBABABABB
AAAAAAAAAAAAAAAAAAAAAAAAAAAAAAAAAAAAAAAAAAAAAAAAAAAAAAAAAAAABBBBBBBBBBBBBBBBBBBBBBBBBBBBBBBBBBBBBBBBBBBBBBBBBBB..BAAABAAAABBAAABBABABBBBBABABBABBABABBABAABABAAABAABAABBABBABBBBBBABAABBBABBABABBABABABB
AAAAAAAAAAAAAAAAAAAAAAAAAAAAAAAAAAAAAAAAAAAAAAAAAAAAAAAAAAAA..BBBBBBBBBBBBBBBBBBBBBBBBBBBBBBBBBBBBBBBBBBBBBBBBBBBBAAABAAAABBAAABBABABBBBBABABBABBABABBABAABABAAABAABAABBABBABBBBBBABAABBBABBABABBABABABB
AAAAAAAAAAAAAAAAAAAAAAAAAAAAAAAAAAAAAAAAAAAAAAAAAAAAAAAAAAAAAABBBBBBBBBBBBBBBBBBBBBBBBBBBBBBBBBBBBBBBBBBBBBBBBBBBB..ABAAAABBAAABBABABBBBBABABBABBABABBABAABABAAABAABAABBABBABBBBBBABAABBBABBABABBABABABB
AAAAAAAAAAAAAAAAAAAAAAAAAAAAAAAAAAAAAAAAAAAAAAAAAAAAAAAAAAAAAA..BBBBBBBBBBBBBBBBBBBBBBBBBBBBBBBBBBBBBBBBBBBBBBBBBBBBABAAAABBAAABBABABBBBBABABBABBABABBABAABABAAABAABAABBABBABBBBBBABAABBBABBABABBABABABB
AAAAAAAAAAAAAAAAAAAAAAAAAAAAAAAAAAAAAAAAAAAAAAAAAAAAAAAAAAAAAAABBBBBBBBBBBBBBBBBBBBBBBBBBBBBBBBBBBBBBBBBBBBBBBBBBBBB..AAAABBAAABBABABBBBBABABBABBABABBABAABABAAABAABAABBABBABBBBBBABAABBBABBABABBABABABB
AAAAAAAAAAAAAAAAAAAAAAAAAAAAAAAAAAAAAAAAAAAAAAAAAAAAAAAAAAAAAAA..BBBBBBBBBBBBBBBBBBBBBBBBBBBBBBBBBBBBBBBBBBBBBBBBBBBBBAAAABBAAABBABABBBBBABABBABBABABBABAABABAAABAABAABBABBABBBBBBABAABBBABBABABBABABABB
AAAAAAAAAAAAAAAAAAAAAAAAAAAAAAAAAAAAAAAAAAAAAAAAAAAAAAAAAAAAAAAAABBBBBBBBBBBBBBBBBBBBBBBBBBBBBBBBBBBBBBBBBBBBBBBBBBBBB..AABBAAABBABABBBBBABABBABBABABBABAABABAAABAABAABBABBABBBBBBABAABBBABBABABBABABABB
AAAAAAAAAAAAAAAAAAAAAAAAAAAAAAAAAAAAAAAAAAAAAAAAAAAAAAAAAAAAAAAAA..BBBBBBBBBBBBBBBBBBBBBBBBBBBBBBBBBBBBBBBBBBBBBBBBBBBBBAABBAAABBABABBBBBABABBABBABABBABAABABAAABAABAABBABBABBBBBBABAABBBABBABABBABABABB
AAAAAAAAAAAAAAAAAAAAAAAAAAAAAAAAAAAAAAAAAAAAAAAAAAAAAAAAAAAAAAAAAAABBBBBBBBBBBBBBBBBBBBBBBBBBBBBBBBBBBBBBBBBBBBBBBBBBBBB..BBAAABBABABBBBBABABBABBABABBABAABABAAABAABAABBABBABBBBBBABAABBBABBABABBABABABB
AAAAAAAAAAAAAAAAAAAAAAAAAAAAAAAAAAAAAAAAAAAAAAAAAAAAAAAAAAAAAAAAAAA..BBBBBBBBBBBBBBBBBBBBBBBBBBBBBBBBBBBBBBBBBBBBBBBBBBBBBBBAAABBABABBBBBABABBABBABABBABAABABAAABAABAABBABBABBBBBBABAABBBABBABABBABABABB
AAAAAAAAAAAAAAAAAAAAAAAAAAAAAAAAAAAAAAAAAAAAAAAAAAAAAAAAAAAAAAAAAAAAABBBBBBBBBBBBBBBBBBBBBBBBBBBBBBBBBBBBBBBBBBBBBBBBBBBBBBB..ABBABABBBBBABABBABBABABBABAABABAAABAABAABBABBABBBBBBABAABBBABBABABBABABABB
AAAAAAAAAAAAAAAAAAAAAAAAAAAAAAAAAAAAAAAAAAAAAAAAAAAAAAAAAAAAAAAAAAAAA..BBBBBBBBBBBBBBBBBBBBBBBBBBBBBBBBBBBBBBBBBBBBBBBBBBBBBBBABBABABBBBBABABBABBABABBABAABABAAABAABAABBABBABBBBBBABAABBBABBABABBABABABB
AAAAAAAAAAAAAAAAAAAAAAAAAAAAAAAAAAAAAAAAAAAAAAAAAAAAAAAAAAAAAAAAAAAAAABBBBBBBBBBBBBBBBBBBBBBBBBBBBBBBBBBBBBBBBBBBBBBBBBBBBBBBB..BABABBBBBABABBABBABABBABAABABAAABAABAABBABBABBBBBBABAABBBABBABABBABABABB
AAAAAAAAAAAAAAAAAAAAAAAAAAAAAAAAAAAAAAAAAAAAAAAAAAAAAAAAAAAAAAAAAAAAAA..BBBBBBBBBBBBBBBBBBBBBBBBBBBBBBBBBBBBBBBBBBBBBBBBBBBBBBBBBABABBBBBABABBABBABABBABAABABAAABAABAABBABBABBBBBBABAABBBABBABABBABABABB
AAAAAAAAAAAAAAAAAAAAAAAAAAAAAAAAAAAAAAAAAAAAAAAAAAAAAAAAAAAAAAAAAAAAAAABBBBBBBBBBBBBBBBBBBBBBBBBBBBBBBBBBBBBBBBBBBBBBBBBBBBBBBBBB..ABBBBBABABBABBABABBABAABABAAABAABAABBABBABBBBBBABAABBBABBABABBABABABB
AAAAAAAAAAAAAAAAAAAAAAAAAAAAAAAAAAAAAAAAAAAAAAAAAAAAAAAAAAAAAAAAAAAAAAA..BBBBBBBBBBBBBBBBBBBBBBBBBBBBBBBBBBBBBBBBBBBBBBBBBBBBBBBBBBABBBBBABABBABBABABBABAABABAAABAABAABBABBABBBBBBABAABBBABBABABBABABABB
AAAAAAAAAAAAAAAAAAAAAAAAAAAAAAAAAAAAAAAAAAAAAAAAAAAAAAAAAAAAAAAAAAAAAAAABBBBBBBBBBBBBBBBBBBBBBBBBBBBBBBBBBBBBBBBBBBBBBBBBBBBBBBBBBB..BBBBABABBABBABABBABAABABAAABAABAABBABBABBBBBBABAABBBABBABABBABABABB
AAAAAAAAAAAAAAAAAAAAAAAAAAAAAAAAAAAAAAAAAAAAAAAAAAAAAAAAAAAAAAAAAAAAAAAA..BBBBBBBBBBBBBBBBBBBBBBBBBBBBBBBBBBBBBBBBBBBBBBBBBBBBBBBBBBBBBBBABABBABBABABBABAABABAAABAABAABBABBABBBBBBABAABBBABBABABBABABABB
AAAAAAAAAAAAAAAAAAAAAAAAAAAAAAAAAAAAAAAAAAAAAAAAAAAAAAAAAAAAAAAAAAAAAAAAABBBBBBBBBBBBBBBBBBBBBBBBBBBBBBBBBBBBBBBBBBBBBBBBBBBBBBBBBBBBBBBB..ABBABBABABBABAABABAAABAABAABBABBABBBBBBABAABBBABBABABBABABABB
AAAAAAAAAAAAAAAAAAAAAAAAAAAAAAAAAAAAAAAAAAAAAAAAAAAAAAAAAAAAAAAAAAAAAAAAA..BBBBBBBBBBBBBBBBBBBBBBBBBBBBBBBBBBBBBBBBBBBBBBBBBBBBBBBBBBBBBBBBABBABBABABBABAABABAAABAABAABBABBABBBBBBABAABBBABBABABBABABABB
AAAAAAAAAAAAAAAAAAAAAAAAAAAAAAAAAAAAAAAAAAAAAAAAAAAAAAAAAAAAAAAAAAAAAAAAAABBBBBBBBBBBBBBBBBBBBBBBBBBBBBBBBBBBBBBBBBBBBBBBBBBBBBBBBBBBBBBBBB..BABBABABBABAABABAAABAABAABBABBABBBBBBABAABBBABBABABBABABABB
AAAAAAAAAAAAAAAAAAAAAAAAAAAAAAAAAAAAAAAAAAAAAAAAAAAAAAAAAAAAAAAAAAAAAAAAAA..BBBBBBBBBBBBBBBBBBBBBBBBBBBBBBBBBBBBBBBBBBBBBBBBBBBBBBBBBBBBBBBBBBABBABABBABAABABAAABAABAABBABBABBBBBBABAABBBABBABABBABABABB
AAAAAAAAAAAAAAAAAAAAAAAAAAAAAAAAAAAAAAAAAAAAAAAAAAAAAAAAAAAAAAAAAAAAAAAAAAABBBBBBBBBBBBBBBBBBBBBBBBBBBBBBBBBBBBBBBBBBBBBBBBBBBBBBBBBBBBBBBBBBB..BABABBABAABABAAABAABAABBABBABBBBBBABAABBBABBABABBABABABB
AAAAAAAAAAAAAAAAAAAAAAAAAAAAAAAAAAAAAAAAAAAAAAAAAAAAAAAAAAAAAAAAAAAAAAAAAAA..BBBBBBBBBBBBBBBBBBBBBBBBBBBBBBBBBBBBBBBBBBBBBBBBBBBBBBBBBBBBBBBBBBBBABABBABAABABAAABAABAABBABBABBBBBBABAABBBABBABABBABABABB
AAAAAAAAAAAAAAAAAAAAAAAAAAAAAAAAAAAAAAAAAAAAAAAAAAAAAAAAAAAAAAAAAAAAAAAAAAAABBBBBBBBBBBBBBBBBBBBBBBBBBBBBBBBBBBBBBBBBBBBBBBBBBBBBBBBBBBBBBBBBBBBB..ABBABAABABAAABAABAABBABBABBBBBBABAABBBABBABABBABABABB
AAAAAAAAAAAAAAAAAAAAAAAAAAAAAAAAAAAAAAAAAAAAAAAAAAAAAAAAAAAAAAAAAAAAAAAAAAAA..BBBBBBBBBBBBBBBBBBBBBBBBBBBBBBBBBBBBBBBBBBBBBBBBBBBBBBBBBBBBBBBBBBBBBABBABAABABAAABAABAABBABBABBBBBBABAABBBABBABABBABABABB
AAAAAAAAAAAAAAAAAAAAAAAAAAAAAAAAAAAAAAAAAAAAAAAAAAAAAAAAAAAAAAAAAAAAAAAAAAAAABBBBBBBBBBBBBBBBBBBBBBBBBBBBBBBBBBBBBBBBBBBBBBBBBBBBBBBBBBBBBBBBBBBBBB..BABAABABAAABAABAABBABBABBBBBBABAABBBABBABABBABABABB
AAAAAAAAAAAAAAAAAAAAAAAAAAAAAAAAAAAAAAAAAAAAAAAAAAAAAAAAAAAAAAAAAAAAAAAAAAAAA..BBBBBBBBBBBBBBBBBBBBBBBBBBBBBBBBBBBBBBBBBBBBBBBBBBBBBBBBBBBBBBBBBBBBBBBABAABABAAABAABAABBABBABBBBBBABAABBBABBABABBABABABB
AAAAAAAAAAAAAAAAAAAAAAAAAAAAAAAAAAAAAAAAAAAAAAAAAAAAAAAAAAAAAAAAAAAAAAAAAAAAAABBBBBBBBBBBBBBBBBBBBBBBBBBBBBBBBBBBBBBBBBBBBBBBBBBBBBBBBBBBBBBBBBBBBBBBB..AABABAAABAABAABBABBABBBBBBABAABBBABBABABBABABABB
AAAAAAAAAAAAAAAAAAAAAAAAAAAAAAAAAAAAAAAAAAAAAAAAAAAAAAAAAAAAAAAAAAAAAAAAAAAAAA..BBBBBBBBBBBBBBBBBBBBBBBBBBBBBBBBBBBBBBBBBBBBBBBBBBBBBBBBBBBBBBBBBBBBBBBBAABABAAABAABAABBABBABBBBBBABAABBBABBABABBABABABB
AAAAAAAAAAAAAAAAAAAAAAAAAAAAAAAAAAAAAAAAAAAAAAAAAAAAAAAAAAAAAAAAAAAAAAAAAAAAAAAABBBBBBBBBBBBBBBBBBBBBBBBBBBBBBBBBBBBBBBBBBBBBBBBBBBBBBBBBBBBBBBBBBBBBBBB..BABAAABAABAABBABBABBBBBBABAABBBABBABABBABABABB
AAAAAAAAAAAAAAAAAAAAAAAAAAAAAAAAAAAAAAAAAAAAAAAAAAAAAAAAAAAAAAAAAAAAAAAAAAAAAAAA..BBBBBBBBBBBBBBBBBBBBBBBBBBBBBBBBBBBBBBBBBBBBBBBBBBBBBBBBBBBBBBBBBBBBBBBBBABAAABAABAABBABBABBBBBBABAABBBABBABABBABABABB
AAAAAAAAAAAAAAAAAAAAAAAAAAAAAAAAAAAAAAAAAAAAAAAAAAAAAAAAAAAAAAAAAAAAAAAAAAAAAAAAABBBBBBBBBBBBBBBBBBBBBBBBBBBBBBBBBBBBBBBBBBBBBBBBBBBBBBBBBBBBBBBBBBBBBBBBBB..AAABAABAABBABBABBBBBBABAABBBABBABABBABABABB
AAAAAAAAAAAAAAAAAAAAAAAAAAAAAAAAAAAAAAAAAAAAAAAAAAAAAAAAAAAAAAAAAAAAAAAAAAAAAAAAA..BBBBBBBBBBBBBBBBBBBBBBBBBBBBBBBBBBBBBBBBBBBBBBBBBBBBBBBBBBBBBBBBBBBBBBBBBBAAABAABAABBABBABBBBBBABAABBBABBABABBABABABB
AAAAAAAAAAAAAAAAAAAAAAAAAAAAAAAAAAAAAAAAAAAAAAAAAAAAAAAAAAAAAAAAAAAAAAAAAAAAAAAAAAABBBBBBBBBBBBBBBBBBBBBBBBBBBBBBBBBBBBBBBBBBBBBBBBBBBBBBBBBBBBBBBBBBBBBBBBBB..ABAABAABBABBABBBBBBABAABBBABBABABBABABABB
AAAAAAAAAAAAAAAAAAAAAAAAAAAAAAAAAAAAAAAAAAAAAAAAAAAAAAAAAAAAAAAAAAAAAAAAAAAAAAAAAAA..BBBBBBBBBBBBBBBBBBBBBBBBBBBBBBBBBBBBBBBBBBBBBBBBBBBBBBBBBBBBBBBBBBBBBBBBBBABAABAABBABBABBBBBBABAABBBABBABABBABABABB
AAAAAAAAAAAAAAAAAAAAAAAAAAAAAAAAAAAAAAAAAAAAAAAAAAAAAAAAAAAAAAAAAAAAAAAAAAAAAAAAAAAABBBBBBBBBBBBBBBBBBBBBBBBBBBBBBBBBBBBBBBBBBBBBBBBBBBBBBBBBBBBBBBBBBBBBBBBBBB..AABAABBABBABBBBBBABAABBBABBABABBABABABB
AAAAAAAAAAAAAAAAAAAAAAAAAAAAAAAAAAAAAAAAAAAAAAAAAAAAAAAAAAAAAAAAAAAAAAAAAAAAAAAAAAAA..BBBBBBBBBBBBBBBBBBBBBBBBBBBBBBBBBBBBBBBBBBBBBBBBBBBBBBBBBBBBBBBBBBBBBBBBBBBAABAABBABBABBBBBBABAABBBABBABABBABABABB
AAAAAAAAAAAAAAAAAAAAAAAAAAAAAAAAAAAAAAAAAAAAAAAAAAAAAAAAAAAAAAAAAAAAAAAAAAAAAAAAAAAAAABBBBBBBBBBBBBBBBBBBBBBBBBBBBBBBBBBBBBBBBBBBBBBBBBBBBBBBBBBBBBBBBBBBBBBBBBBB..BAABBABBABBBBBBABAABBBABBABABBABABABB
AAAAAAAAAAAAAAAAAAAAAAAAAAAAAAAAAAAAAAAAAAAAAAAAAAAAAAAAAAAAAAAAAAAAAAAAAAAAAAAAAAAAAA..BBBBBBBBBBBBBBBBBBBBBBBBBBBBBBBBBBBBBBBBBBBBBBBBBBBBBBBBBBBBBBBBBBBBBBBBBBBBAABBABBABBBBBBABAABBBABBABABBABABABB
AAAAAAAAAAAAAAAAAAAAAAAAAAAAAAAAAAAAAAAAAAAAAAAAAAAAAAAAAAAAAAAAAAAAAAAAAAAAAAAAAAAAAAAABBBBBBBBBBBBBBBBBBBBBBBBBBBBBBBBBBBBBBBBBBBBBBBBBBBBBBBBBBBBBBBBBBBBBBBBBBBB..BBABBABBBBBBABAABBBABBABABBABABABB
AAAAAAAAAAAAAAAAAAAAAAAAAAAAAAAAAAAAAAAAAAAAAAAAAAAAAAAAAAAAAAAAAAAAAAAAAAAAAAAAAAAAAAAA..BBBBBBBBBBBBBBBBBBBBBBBBBBBBBBBBBBBBBBBBBBBBBBBBBBBBBBBBBBBBBBBBBBBBBBBBBBBBBBABBABBBBBBABAABBBABBABABBABABABB
AAAAAAAAAAAAAAAAAAAAAAAAAAAAAAAAAAAAAAAAAAAAAAAAAAAAAAAAAAAAAAAAAAAAAAAAAAAAAAAAAAAAAAAAABBBBBBBBBBBBBBBBBBBBBBBBBBBBBBBBBBBBBBBBBBBBBBBBBBBBBBBBBBBBBBBBBBBBBBBBBBBBBBB..BABBBBBBABAABBBABBABABBABABABB
AAAAAAAAAAAAAAAAAAAAAAAAAAAAAAAAAAAAAAAAAAAAAAAAAAAAAAAAAAAAAAAAAAAAAAAAAAAAAAAAAAAAAAAAA..BBBBBBBBBBBBBBBBBBBBBBBBBBBBBBBBBBBBBBBBBBBBBBBBBBBBBBBBBBBBBBBBBBBBBBBBBBBBBBBBABBBBBBABAABBBABBABABBABABABB
AAAAAAAAAAAAAAAAAAAAAAAAAAAAAAAAAAAAAAAAAAAAAAAAAAAAAAAAAAAAAAAAAAAAAAAAAAAAAAAAAAAAAAAAAABBBBBBBBBBBBBBBBBBBBBBBBBBBBBBBBBBBBBBBBBBBBBBBBBBBBBBBBBBBBBBBBBBBBBBBBBBBBBBBBB..BBBBBABAABBBABBABABBABABABB
AAAAAAAAAAAAAAAAAAAAAAAAAAAAAAAAAAAAAAAAAAAAAAAAAAAAAAAAAAAAAAAAAAAAAAAAAAAAAAAAAAAAAAAAAA..BBBBBBBBBBBBBBBBBBBBBBBBBBBBBBBBBBBBBBBBBBBBBBBBBBBBBBBBBBBBBBBBBBBBBBBBBBBBBBBBBBBBBBABAABBBABBABABBABABABB
AAAAAAAAAAAAAAAAAAAAAAAAAAAAAAAAAAAAAAAAAAAAAAAAAAAAAAAAAAAAAAAAAAAAAAAAAAAAAAAAAAAAAAAAAAABBBBBBBBBBBBBBBBBBBBBBBBBBBBBBBBBBBBBBBBBBBBBBBBBBBBBBBBBBBBBBBBBBBBBBBBBBBBBBBBBBBBBBB..AABBBABBABABBABABABB
AAAAAAAAAAAAAAAAAAAAAAAAAAAAAAAAAAAAAAAAAAAAAAAAAAAAAAAAAAAAAAAAAAAAAAAAAAAAAAAAAAAAAAAAAAA..BBBBBBBBBBBBBBBBBBBBBBBBBBBBBBBBBBBBBBBBBBBBBBBBBBBBBBBBBBBBBBBBBBBBBBBBBBBBBBBBBBBBBBBAABBBABBABABBABABABB
AAAAAAAAAAAAAAAAAAAAAAAAAAAAAAAAAAAAAAAAAAAAAAAAAAAAAAAAAAAAAAAAAAAAAAAAAAAAAAAAAAAAAAAAAAAAABBBBBBBBBBBBBBBBBBBBBBBBBBBBBBBBBBBBBBBBBBBBBBBBBBBBBBBBBBBBBBBBBBBBBBBBBBBBBBBBBBBBBBB..BBBABBABABBABABABB
AAAAAAAAAAAAAAAAAAAAAAAAAAAAAAAAAAAAAAAAAAAAAAAAAAAAAAAAAAAAAAAAAAAAAAAAAAAAAAAAAAAAAAAAAAAAA..BBBBBBBBBBBBBBBBBBBBBBBBBBBBBBBBBBBBBBBBBBBBBBBBBBBBBBBBBBBBBBBBBBBBBBBBBBBBBBBBBBBBBBBBBBABBABABBABABABB
AAAAAAAAAAAAAAAAAAAAAAAAAAAAAAAAAAAAAAAAAAAAAAAAAAAAAAAAAAAAAAAAAAAAAAAAAAAAAAAAAAAAAAAAAAAAAABBBBBBBBBBBBBBBBBBBBBBBBBBBBBBBBBBBBBBBBBBBBBBBBBBBBBBBBBBBBBBBBBBBBBBBBBBBBBBBBBBBBBBBBBBB..BABABBABABABB
AAAAAAAAAAAAAAAAAAAAAAAAAAAAAAAAAAAAAAAAAAAAAAAAAAAAAAAAAAAAAAAAAAAAAAAAAAAAAAAAAAAAAAAAAAAAAA..BBBBBBBBBBBBBBBBBBBBBBBBBBBBBBBBBBBBBBBBBBBBBBBBBBBBBBBBBBBBBBBBBBBBBBBBBBBBBBBBBBBBBBBBBBBBABABBABABABB
AAAAAAAAAAAAAAAAAAAAAAAAAAAAAAAAAAAAAAAAAAAAAAAAAAAAAAAAAAAAAAAAAAAAAAAAAAAAAAAAAAAAAAAAAAAAAAABBBBBBBBBBBBBBBBBBBBBBBBBBBBBBBBBBBBBBBBBBBBBBBBBBBBBBBBBBBBBBBBBBBBBBBBBBBBBBBBBBBBBBBBBBBBB..ABBABABABB
AAAAAAAAAAAAAAAAAAAAAAAAAAAAAAAAAAAAAAAAAAAAAAAAAAAAAAAAAAAAAAAAAAAAAAAAAAAAAAAAAAAAAAAAAAAAAAA..BBBBBBBBBBBBBBBBBBBBBBBBBBBBBBBBBBBBBBBBBBBBBBBBBBBBBBBBBBBBBBBBBBBBBBBBBBBBBBBBBBBBBBBBBBBBBABBABABABB
AAAAAAAAAAAAAAAAAAAAAAAAAAAAAAAAAAAAAAAAAAAAAAAAAAAAAAAAAAAAAAAAAAAAAAAAAAAAAAAAAAAAAAAAAAAAAAAABBBBBBBBBBBBBBBBBBBBBBBBBBBBBBBBBBBBBBBBBBBBBBBBBBBBBBBBBBBBBBBBBBBBBBBBBBBBBBBBBBBBBBBBBBBBBB..BABABABB
AAAAAAAAAAAAAAAAAAAAAAAAAAAAAAAAAAAAAAAAAAAAAAAAAAAAAAAAAAAAAAAAAAAAAAAAAAAAAAAAAAAAAAAAAAAAAAAA..BBBBBBBBBBBBBBBBBBBBBBBBBBBBBBBBBBBBBBBBBBBBBBBBBBBBBBBBBBBBBBBBBBBBBBBBBBBBBBBBBBBBBBBBBBBBBBBABABABB
AAAAAAAAAAAAAAAAAAAAAAAAAAAAAAAAAAAAAAAAAAAAAAAAAAAAAAAAAAAAAAAAAAAAAAAAAAAAAAAAAAAAAAAAAAAAAAAAABBBBBBBBBBBBBBBBBBBBBBBBBBBBBBBBBBBBBBBBBBBBBBBBBBBBBBBBBBBBBBBBBBBBBBBBBBBBBBBBBBBBBBBBBBBBBBBB..ABABB
AAAAAAAAAAAAAAAAAAAAAAAAAAAAAAAAAAAAAAAAAAAAAAAAAAAAAAAAAAAAAAAAAAAAAAAAAAAAAAAAAAAAAAAAAAAAAAAAA..BBBBBBBBBBBBBBBBBBBBBBBBBBBBBBBBBBBBBBBBBBBBBBBBBBBBBBBBBBBBBBBBBBBBBBBBBBBBBBBBBBBBBBBBBBBBBBBBABABB
AAAAAAAAAAAAAAAAAAAAAAAAAAAAAAAAAAAAAAAAAAAAAAAAAAAAAAAAAAAAAAAAAAAAAAAAAAAAAAAAAAAAAAAAAAAAAAAAAABBBBBBBBBBBBBBBBBBBBBBBBBBBBBBBBBBBBBBBBBBBBBBBBBBBBBBBBBBBBBBBBBBBBBBBBBBBBBBBBBBBBBBBBBBBBBBBBB..ABB
AAAAAAAAAAAAAAAAAAAAAAAAAAAAAAAAAAAAAAAAAAAAAAAAAAAAAAAAAAAAAAAAAAAAAAAAAAAAAAAAAAAAAAAAAAAAAAAAAA..BBBBBBBBBBBBBBBBBBBBBBBBBBBBBBBBBBBBBBBBBBBBBBBBBBBBBBBBBBBBBBBBBBBBBBBBBBBBBBBBBBBBBBBBBBBBBBBBBABB
AAAAAAAAAAAAAAAAAAAAAAAAAAAAAAAAAAAAAAAAAAAAAAAAAAAAAAAAAAAAAAAAAAAAAAAAAAAAAAAAAAAAAAAAAAAAAAAAAAABBBBBBBBBBBBBBBBBBBBBBBBBBBBBBBBBBBBBBBBBBBBBBBBBBBBBBBBBBBBBBBBBBBBBBBBBBBBBBBBBBBBBBBBBBBBBBBBBB..B
