142
AA..ABBAAABABBBBBBBBAABABAAAABABBBABBAABAAABBABAAAAABBAABAAABBBABBBBBBBBAABBBAABBABBBBBBBBBAAAABBAAABABABABBBBAABBABABBBAAAAABAAAABABAAAABABABAAABAAABABBBABAABABBABABABAABABABBABAAABBBABABBAAABABAABAB
AAAB..BAAABABBBBBBBBAABABAAAABABBBABBAABAAABBABAAAAABBAABAAABBBABBBBBBBBAABBBAABBABBBBBBBBBAAAABBAAABABABABBBBAABBABABBBAAAAABAAAABABAAAABABABAAABAAABABBBABAABABBABABABAABABABBABAAABBBABABBAAABABAABAB
AAABBA..AABABBBBBBBBAABABAAAABABBBABBAABAAABBABAAAAABBAABAAABBBABBBBBBBBAABBBAABBABBBBBBBBBAAAABBAAABABABABBBBAABBABABBBAAAAABAAAABABAAAABABABAAABAAABABBBABAABABBABABABAABABABBABAAABBBABABBAAABABAABAB
AAA..ABBAABABBBBBBBBAABABAAAABABBBABBAABAAABBABAAAAABBAABAAABBBABBBBBBBBAABBBAABBABBBBBBBBBAAAABBAAABABABABBBBAABBABABBBAAAAABAAAABABAAAABABABAAABAAABABBBABAABABBABABABAABABABBABAAABBBABABBAAABABAABAB
AAAAB..BAABABBBBBBBBAABABAAAABABBBABBAABAAABBABAAAAABBAABAAABBBABBBBBBBBAABBBAABBABBBBBBBBBAAAABBAAABABABABBBBAABBABABBBAAAAABAAAABABAAAABABABAAABAAABABBBABAABABBABABABAABABABBABAAABBBABABBAAABABAABAB
AAAABBA..ABABBBBBBBBAABABAAAABABBBABBAABAAABBABAAAAABBAABAAABBBABBBBBBBBAABBBAABBABBBBBBBBBAAAABBAAABABABABBBBAABBABABBBAAAAABAAAABABAAAABABABAAABAAABABBBABAABABBABABABAABABABBABAAABBBABABBAAABABAABAB
AAAA..ABBABABBBBBBBBAABABAAAABABBBABBAABAAABBABAAAAABBAABAAABBBABBBBBBBBAABBBAABBABBBBBBBBBAAAABBAAABABABABBBBAABBABABBBAAAAABAAAABABAAAABABABAAABAAABABBBABAABABBABABABAABABABBABAAABBBABABBAAABABAABAB
AAAAAB..BABABBBBBBBBAABABAAAABABBBABBAABAAABBABAAAAABBAABAAABBBABBBBBBBBAABBBAABBABBBBBBBBBAAAABBAAABABABABBBBAABBABABBBAAAAABAAAABABAAAABABABAAABAAABABBBABAABABBABABABAABABABBABAAABBBABABBAAABABAABAB
AAAAABBA..BABBBBBBBBAABABAAAABABBBABBAABAAABBABAAAAABBAABAAABBBABBBBBBBBAABBBAABBABBBBBBBBBAAAABBAAABABABABBBBAABBABABBBAAAAABAAAABABAAAABABABAAABAAABABBBABAABABBABABABAABABABBABAAABBBABABBAAABABAABAB
AAAAA..ABBBABBBBBBBBAABABAAAABABBBABBAABAAABBABAAAAABBAABAAABBBABBBBBBBBAABBBAABBABBBBBBBBBAAAABBAAABABABABBBBAABBABABBBAAAAABAAAABABAAAABABABAAABAAABABBBABAABABBABABABAABABABBABAAABBBABABBAAABABAABAB
AAAAAAB..BBABBBBBBBBAABABAAAABABBBABBAABAAABBABAAAAABBAABAAABBBABBBBBBBBAABBBAABBABBBBBBBBBAAAABBAAABABABABBBBAABBABABBBAAAAABAAAABABAAAABABABAAABAAABABBBABAABABBABABABAABABABBABAAABBBABABBAAABABAABAB
AAAAAABBB..ABBBBBBBBAABABAAAABABBBABBAABAAABBABAAAAABBAABAAABBBABBBBBBBBAABBBAABBABBBBBBBBBAAAABBAAABABABABBBBAABBABABBBAAAAABAAAABABAAAABABABAAABAAABABBBABAABABBABABABAABABABBABAAABBBABABBAAABABAABAB
AAAAAA..BBBABBBBBBBBAABABAAAABABBBABBAABAAABBABAAAAABBAABAAABBBABBBBBBBBAABBBAABBABBBBBBBBBAAAABBAAABABABABBBBAABBABABBBAAAAABAAAABABAAAABABABAAABAAABABBBABAABABBABABABAABABABBABAAABBBABABBAAABABAABAB
AAAAAAABBBB..BBBBBBBAABABAAAABABBBABBAABAAABBABAAAAABBAABAAABBBABBBBBBBBAABBBAABBABBBBBBBBBAAAABBAAABABABABBBBAABBABABBBAAAAABAAAABABAAAABABABAAABAAABABBBABAABABBABABABAABABABBABAAABBBABABBAAABABAABAB
AAAAAAA..BBBBBBBBBBBAABABAAAABABBBABBAABAAABBABAAAAABBAABAAABBBABBBBBBBBAABBBAABBABBBBBBBBBAAAABBAAABABABABBBBAABBABABBBAAAAABAAAABABAAAABABABAAABAAABABBBABAABABBABABABAABABABBABAAABBBABABBAAABABAABAB
AAAAAAAAABBBBBBBBBBB..BABAAAABABBBABBAABAAABBABAAAAABBAABAAABBBABBBBBBBBAABBBAABBABBBBBBBBBAAAABBAAABABABABBBBAABBABABBBAAAAABAAAABABAAAABABABAAABAAABABBBABAABABBABABABAABABABBABAAABBBABABBAAABABAABAB
AAAAAAAAA..BBBBBBBBBBBBABAAAABABBBABBAABAAABBABAAAAABBAABAAABBBABBBBBBBBAABBBAABBABBBBBBBBBAAAABBAAABABABABBBBAABBABABBBAAAAABAAAABABAAAABABABAAABAAABABBBABAABABBABABABAABABABBABAAABBBABABBAAABABAABAB
AAAAAAAAAABBBBBBBBBBBBB..AAAABABBBABBAABAAABBABAAAAABBAABAAABBBABBBBBBBBAABBBAABBABBBBBBBBBAAAABBAAABABABABBBBAABBABABBBAAAAABAAAABABAAAABABABAAABAAABABBBABAABABBABABABAABABABBABAAABBBABABBAAABABAABAB
AAAAAAAAAA..BBBBBBBBBBBBBAAAABABBBABBAABAAABBABAAAAABBAABAAABBBABBBBBBBBAABBBAABBABBBBBBBBBAAAABBAAABABABABBBBAABBABABBBAAAAABAAAABABAAAABABABAAABAAABABBBABAABABBABABABAABABABBABAAABBBABABBAAABABAABAB
AAAAAAAAAAAABBBBBBBBBBBBB..AABABBBABBAABAAABBABAAAAABBAABAAABBBABBBBBBBBAABBBAABBABBBBBBBBBAAAABBAAABABABABBBBAABBABABBBAAAAABAAAABABAAAABABABAAABAAABABBBABAABABBABABABAABABABBABAAABBBABABBAAABABAABAB
AAAAAAAAAAAA..BBBBBBBBBBBBBAABABBBABBAABAAABBABAAAAABBAABAAABBBABBBBBBBBAABBBAABBABBBBBBBBBAAAABBAAABABABABBBBAABBABABBBAAAAABAAAABABAAAABABABAAABAAABABBBABAABABBABABABAABABABBABAAABBBABABBAAABABAABAB
AAAAAAAAAAAAAABBBBBBBBBBBBB..BABBBABBAABAAABBABAAAAABBAABAAABBBABBBBBBBBAABBBAABBABBBBBBBBBAAAABBAAABABABABBBBAABBABABBBAAAAABAAAABABAAAABABABAAABAAABABBBABAABABBABABABAABABABBABAAABBBABABBAAABABAABAB
AAAAAAAAAAAAAA..BBBBBBBBBBBBBBABBBABBAABAAABBABAAAAABBAABAAABBBABBBBBBBBAABBBAABBABBBBBBBBBAAAABBAAABABABABBBBAABBABABBBAAAAABAAAABABAAAABABABAAABAAABABBBABAABABBABABABAABABABBABAAABBBABABBAAABABAABAB
AAAAAAAAAAAAAAABBBBBBBBBBBBBBB..BBABBAABAAABBABAAAAABBAABAAABBBABBBBBBBBAABBBAABBABBBBBBBBBAAAABBAAABABABABBBBAABBABABBBAAAAABAAAABABAAAABABABAAABAAABABBBABAABABBABABABAABABABBABAAABBBABABBAAABABAABAB
AAAAAAAAAAAAAAA..BBBBBBBBBBBBBBBBBABBAABAAABBABAAAAABBAABAAABBBABBBBBBBBAABBBAABBABBBBBBBBBAAAABBAAABABABABBBBAABBABABBBAAAAABAAAABABAAAABABABAAABAAABABBBABAABABBABABABAABABABBABAAABBBABABBAAABABAABAB
AAAAAAAAAAAAAAAABBBBBBBBBBBBBBBBBB..BAABAAABBABAAAAABBAABAAABBBABBBBBBBBAABBBAABBABBBBBBBBBAAAABBAAABABABABBBBAABBABABBBAAAAABAAAABABAAAABABABAAABAAABABBBABAABABBABABABAABABABBABAAABBBABABBAAABABAABAB
AAAAAAAAAAAAAAAA..BBBBBBBBBBBBBBBBBBBAABAAABBABAAAAABBAABAAABBBABBBBBBBBAABBBAABBABBBBBBBBBAAAABBAAABABABABBBBAABBABABBBAAAAABAAAABABAAAABABABAAABAAABABBBABAABABBABABABAABABABBABAAABBBABABBAAABABAABAB
AAAAAAAAAAAAAAAAAABBBBBBBBBBBBBBBBBBB..BAAABBABAAAAABBAABAAABBBABBBBBBBBAABBBAABBABBBBBBBBBAAAABBAAABABABABBBBAABBABABBBAAAAABAAAABABAAAABABABAAABAAABABBBABAABABBABABABAABABABBABAAABBBABABBAAABABAABAB
AAAAAAAAAAAAAAAAAA..BBBBBBBBBBBBBBBBBBBBAAABBABAAAAABBAABAAABBBABBBBBBBBAABBBAABBABBBBBBBBBAAAABBAAABABABABBBBAABBABABBBAAAAABAAAABABAAAABABABAAABAAABABBBABAABABBABABABAABABABBABAAABBBABABBAAABABAABAB
AAAAAAAAAAAAAAAAAAAABBBBBBBBBBBBBBBBBBBB..ABBABAAAAABBAABAAABBBABBBBBBBBAABBBAABBABBBBBBBBBAAAABBAAABABABABBBBAABBABABBBAAAAABAAAABABAAAABABABAAABAAABABBBABAABABBABABABAABABABBABAAABBBABABBAAABABAABAB
AAAAAAAAAAAAAAAAAAAA..BBBBBBBBBBBBBBBBBBBBABBABAAAAABBAABAAABBBABBBBBBBBAABBBAABBABBBBBBBBBAAAABBAAABABABABBBBAABBABABBBAAAAABAAAABABAAAABABABAAABAAABABBBABAABABBABABABAABABABBABAAABBBABABBAAABABAABAB
AAAAAAAAAAAAAAAAAAAAABBBBBBBBBBBBBBBBBBBBB..BABAAAAABBAABAAABBBABBBBBBBBAABBBAABBABBBBBBBBBAAAABBAAABABABABBBBAABBABABBBAAAAABAAAABABAAAABABABAAABAAABABBBABAABABBABABABAABABABBABAAABBBABABBAAABABAABAB
AAAAAAAAAAAAAAAAAAAAA..BBBBBBBBBBBBBBBBBBBBBBABAAAAABBAABAAABBBABBBBBBBBAABBBAABBABBBBBBBBBAAAABBAAABABABABBBBAABBABABBBAAAAABAAAABABAAAABABABAAABAAABABBBABAABABBABABABAABABABBABAAABBBABABBAAABABAABAB
AAAAAAAAAAAAAAAAAAAAAABBBBBBBBBBBBBBBBBBBBBBB..AAAAABBAABAAABBBABBBBBBBBAABBBAABBABBBBBBBBBAAAABBAAABABABABBBBAABBABABBBAAAAABAAAABABAAAABABABAAABAAABABBBABAABABBABABABAABABABBABAAABBBABABBAAABABAABAB
AAAAAAAAAAAAAAAAAAAAAA..BBBBBBBBBBBBBBBBBBBBBBBAAAAABBAABAAABBBABBBBBBBBAABBBAABBABBBBBBBBBAAAABBAAABABABABBBBAABBABABBBAAAAABAAAABABAAAABABABAAABAAABABBBABAABABBABABABAABABABBABAAABBBABABBAAABABAABAB
AAAAAAAAAAAAAAAAAAAAAAAABBBBBBBBBBBBBBBBBBBBBBB..AAABBAABAAABBBABBBBBBBBAABBBAABBABBBBBBBBBAAAABBAAABABABABBBBAABBABABBBAAAAABAAAABABAAAABABABAAABAAABABBBABAABABBABABABAABABABBABAAABBBABABBAAABABAABAB
AAAAAAAAAAAAAAAAAAAAAAAA..BBBBBBBBBBBBBBBBBBBBBBBAAABBAABAAABBBABBBBBBBBAABBBAABBABBBBBBBBBAAAABBAAABABABABBBBAABBABABBBAAAAABAAAABABAAAABABABAAABAAABABBBABAABABBABABABAABABABBABAAABBBABABBAAABABAABAB
AAAAAAAAAAAAAAAAAAAAAAAAAABBBBBBBBBBBBBBBBBBBBBBB..ABBAABAAABBBABBBBBBBBAABBBAABBABBBBBBBBBAAAABBAAABABABABBBBAABBABABBBAAAAABAAAABABAAAABABABAAABAAABABBBABAABABBABABABAABABABBABAAABBBABABBAAABABAABAB
AAAAAAAAAAAAAAAAAAAAAAAAAA..BBBBBBBBBBBBBBBBBBBBBBBABBAABAAABBBABBBBBBBBAABBBAABBABBBBBBBBBAAAABBAAABABABABBBBAABBABABBBAAAAABAAAABABAAAABABABAAABAAABABBBABAABABBABABABAABABABBABAAABBBABABBAAABABAABAB
AAAAAAAAAAAAAAAAAAAAAAAAAAABBBBBBBBBBBBBBBBBBBBBBBB..BAABAAABBBABBBBBBBBAABBBAABBABBBBBBBBBAAAABBAAABABABABBBBAABBABABBBAAAAABAAAABABAAAABABABAAABAAABABBBABAABABBABABABAABABABBABAAABBBABABBAAABABAABAB
AAAAAAAAAAAAAAAAAAAAAAAAAAA..BBBBBBBBBBBBBBBBBBBBBBBBBAABAAABBBABBBBBBBBAABBBAABBABBBBBBBBBAAAABBAAABABABABBBBAABBABABBBAAAAABAAAABABAAAABABABAAABAAABABBBABAABABBABABABAABABABBABAAABBBABABBAAABABAABAB
AAAAAAAAAAAAAAAAAAAAAAAAAAAAABBBBBBBBBBBBBBBBBBBBBBBBB..BAAABBBABBBBBBBBAABBBAABBABBBBBBBBBAAAABBAAABABABABBBBAABBABABBBAAAAABAAAABABAAAABABABAAABAAABABBBABAABABBABABABAABABABBABAAABBBABABBAAABABAABAB
AAAAAAAAAAAAAAAAAAAAAAAAAAAAA..BBBBBBBBBBBBBBBBBBBBBBBBBBAAABBBABBBBBBBBAABBBAABBABBBBBBBBBAAAABBAAABABABABBBBAABBABABBBAAAAABAAAABABAAAABABABAAABAAABABBBABAABABBABABABAABABABBABAAABBBABABBAAABABAABAB
AAAAAAAAAAAAAAAAAAAAAAAAAAAAAAABBBBBBBBBBBBBBBBBBBBBBBBBB..ABBBABBBBBBBBAABBBAABBABBBBBBBBBAAAABBAAABABABABBBBAABBABABBBAAAAABAAAABABAAAABABABAAABAAABABBBABAABABBABABABAABABABBABAAABBBABABBAAABABAABAB
AAAAAAAAAAAAAAAAAAAAAAAAAAAAAAA..BBBBBBBBBBBBBBBBBBBBBBBBBBABBBABBBBBBBBAABBBAABBABBBBBBBBBAAAABBAAABABABABBBBAABBABABBBAAAAABAAAABABAAAABABABAAABAAABABBBABAABABBABABABAABABABBABAAABBBABABBAAABABAABAB
AAAAAAAAAAAAAAAAAAAAAAAAAAAAAAAABBBBBBBBBBBBBBBBBBBBBBBBBBB..BBABBBBBBBBAABBBAABBABBBBBBBBBAAAABBAAABABABABBBBAABBABABBBAAAAABAAAABABAAAABABABAAABAAABABBBABAABABBABABABAABABABBABAAABBBABABBAAABABAABAB
AAAAAAAAAAAAAAAAAAAAAAAAAAAAAAAA..BBBBBBBBBBBBBBBBBBBBBBBBBBBBBABBBBBBBBAABBBAABBABBBBBBBBBAAAABBAAABABABABBBBAABBABABBBAAAAABAAAABABAAAABABABAAABAAABABBBABAABABBABABABAABABABBABAAABBBABABBAAABABAABAB
AAAAAAAAAAAAAAAAAAAAAAAAAAAAAAAAABBBBBBBBBBBBBBBBBBBBBBBBBBBBBB..BBBBBBBAABBBAABBABBBBBBBBBAAAABBAAABABABABBBBAABBABABBBAAAAABAAAABABAAAABABABAAABAAABABBBABAABABBABABABAABABABBABAAABBBABABBAAABABAABAB
AAAAAAAAAAAAAAAAAAAAAAAAAAAAAAAAA..BBBBBBBBBBBBBBBBBBBBBBBBBBBBBBBBBBBBBAABBBAABBABBBBBBBBBAAAABBAAABABABABBBBAABBABABBBAAAAABAAAABABAAAABABABAAABAAABABBBABAABABBABABABAABABABBABAAABBBABABBAAABABAABAB
AAAAAAAAAAAAAAAAAAAAAAAAAAAAAAAAAAABBBBBBBBBBBBBBBBBBBBBBBBBBBBBBBBBBBBB..BBBAABBABBBBBBBBBAAAABBAAABABABABBBBAABBABABBBAAAAABAAAABABAAAABABABAAABAAABABBBABAABABBABABABAABABABBABAAABBBABABBAAABABAABAB
AAAAAAAAAAAAAAAAAAAAAAAAAAAAAAAAAAA..BBBBBBBBBBBBBBBBBBBBBBBBBBBBBBBBBBBBBBBBAABBABBBBBBBBBAAAABBAAABABABABBBBAABBABABBBAAAAABAAAABABAAAABABABAAABAAABABBBABAABABBABABABAABABABBABAAABBBABABBAAABABAABAB
AAAAAAAAAAAAAAAAAAAAAAAAAAAAAAAAAAAAABBBBBBBBBBBBBBBBBBBBBBBBBBBBBBBBBBBBBBBB..BBABBBBBBBBBAAAABBAAABABABABBBBAABBABABBBAAAAABAAAABABAAAABABABAAABAAABABBBABAABABBABABABAABABABBABAAABBBABABBAAABABAABAB
AAAAAAAAAAAAAAAAAAAAAAAAAAAAAAAAAAAAA..BBBBBBBBBBBBBBBBBBBBBBBBBBBBBBBBBBBBBBBBBBABBBBBBBBBAAAABBAAABABABABBBBAABBABABBBAAAAABAAAABABAAAABABABAAABAAABABBBABAABABBABABABAABABABBABAAABBBABABBAAABABAABAB
AAAAAAAAAAAAAAAAAAAAAAAAAAAAAAAAAAAAAABBBBBBBBBBBBBBBBBBBBBBBBBBBBBBBBBBBBBBBBBBB..BBBBBBBBAAAABBAAABABABABBBBAABBABABBBAAAAABAAAABABAAAABABABAAABAAABABBBABAABABBABABABAABABABBABAAABBBABABBAAABABAABAB
AAAAAAAAAAAAAAAAAAAAAAAAAAAAAAAAAAAAAA..BBBBBBBBBBBBBBBBBBBBBBBBBBBBBBBBBBBBBBBBBBBBBBBBBBBAAAABBAAABABABABBBBAABBABABBBAAAAABAAAABABAAAABABABAAABAAABABBBABAABABBABABABAABABABBABAAABBBABABBAAABABAABAB
AAAAAAAAAAAAAAAAAAAAAAAAAAAAAAAAAAAAAAAABBBBBBBBBBBBBBBBBBBBBBBBBBBBBBBBBBBBBBBBBBBBBBBBBBB..AABBAAABABABABBBBAABBABABBBAAAAABAAAABABAAAABABABAAABAAABABBBABAABABBABABABAABABABBABAAABBBABABBAAABABAABAB
AAAAAAAAAAAAAAAAAAAAAAAAAAAAAAAAAAAAAAAA..BBBBBBBBBBBBBBBBBBBBBBBBBBBBBBBBBBBBBBBBBBBBBBBBBBBAABBAAABABABABBBBAABBABABBBAAAAABAAAABABAAAABABABAAABAAABABBBABAABABBABABABAABABABBABAAABBBABABBAAABABAABAB
AAAAAAAAAAAAAAAAAAAAAAAAAAAAAAAAAAAAAAAAAABBBBBBBBBBBBBBBBBBBBBBBBBBBBBBBBBBBBBBBBBBBBBBBBBBB..BBAAABABABABBBBAABBABABBBAAAAABAAAABABAAAABABABAAABAAABABBBABAABABBABABABAABABABBABAAABBBABABBAAABABAABAB
AAAAAAAAAAAAAAAAAAAAAAAAAAAAAAAAAAAAAAAAAA..BBBBBBBBBBBBBBBBBBBBBBBBBBBBBBBBBBBBBBBBBBBBBBBBBBBBBAAABABABABBBBAABBABABBBAAAAABAAAABABAAAABABABAAABAAABABBBABAABABBABABABAABABABBABAAABBBABABBAAABABAABAB
AAAAAAAAAAAAAAAAAAAAAAAAAAAAAAAAAAAAAAAAAAAABBBBBBBBBBBBBBBBBBBBBBBBBBBBBBBBBBBBBBBBBBBBBBBBBBBBB..ABABABABBBBAABBABABBBAAAAABAAAABABAAAABABABAAABAAABABBBABAABABBABABABAABABABBABAAABBBABABBAAABABAABAB
AAAAAAAAAAAAAAAAAAAAAAAAAAAAAAAAAAAAAAAAAAAA..BBBBBBBBBBBBBBBBBBBBBBBBBBBBBBBBBBBBBBBBBBBBBBBBBBBBBABABABABBBBAABBABABBBAAAAABAAAABABAAAABABABAAABAAABABBBABAABABBABABABAABABABBABAAABBBABABBAAABABAABAB
AAAAAAAAAAAAAAAAAAAAAAAAAAAAAAAAAAAAAAAAAAAAABBBBBBBBBBBBBBBBBBBBBBBBBBBBBBBBBBBBBBBBBBBBBBBBBBBBBB..ABABABBBBAABBABABBBAAAAABAAAABABAAAABABABAAABAAABABBBABAABABBABABABAABABABBABAAABBBABABBAAABABAABAB
AAAAAAAAAAAAAAAAAAAAAAAAAAAAAAAAAAAAAAAAAAAAA..BBBBBBBBBBBBBBBBBBBBBBBBBBBBBBBBBBBBBBBBBBBBBBBBBBBBBBABABABBBBAABBABABBBAAAAABAAAABABAAAABABABAAABAAABABBBABAABABBABABABAABABABBABAAABBBABABBAAABABAABAB
AAAAAAAAAAAAAAAAAAAAAAAAAAAAAAAAAAAAAAAAAAAAAABBBBBBBBBBBBBBBBBBBBBBBBBBBBBBBBBBBBBBBBBBBBBBBBBBBBBBB..ABABBBBAABBABABBBAAAAABAAAABABAAAABABABAAABAAABABBBABAABABBABABABAABABABBABAAABBBABABBAAABABAABAB
AAAAAAAAAAAAAAAAAAAAAAAAAAAAAAAAAAAAAAAAAAAAAA..BBBBBBBBBBBBBBBBBBBBBBBBBBBBBBBBBBBBBBBBBBBBBBBBBBBBBBBABABBBBAABBABABBBAAAAABAAAABABAAAABABABAAABAAABABBBABAABABBABABABAABABABBABAAABBBABABBAAABABAABAB
AAAAAAAAAAAAAAAAAAAAAAAAAAAAAAAAAAAAAAAAAAAAAAABBBBBBBBBBBBBBBBBBBBBBBBBBBBBBBBBBBBBBBBBBBBBBBBBBBBBBBB..ABBBBAABBABABBBAAAAABAAAABABAAAABABABAAABAAABABBBABAABABBABABABAABABABBABAAABBBABABBAAABABAABAB
AAAAAAAAAAAAAAAAAAAAAAAAAAAAAAAAAAAAAAAAAAAAAAA..BBBBBBBBBBBBBBBBBBBBBBBBBBBBBBBBBBBBBBBBBBBBBBBBBBBBBBBBABBBBAABBABABBBAAAAABAAAABABAAAABABABAAABAAABABBBABAABABBABABABAABABABBABAAABBBABABBAAABABAABAB
AAAAAAAAAAAAAAAAAAAAAAAAAAAAAAAAAAAAAAAAAAAAAAAABBBBBBBBBBBBBBBBBBBBBBBBBBBBBBBBBBBBBBBBBBBBBBBBBBBBBBBBB..BBBAABBABABBBAAAAABAAAABABAAAABABABAAABAAABABBBABAABABBABABABAABABABBABAAABBBABABBAAABABAABAB
AAAAAAAAAAAAAAAAAAAAAAAAAAAAAAAAAAAAAAAAAAAAAAAA..BBBBBBBBBBBBBBBBBBBBBBBBBBBBBBBBBBBBBBBBBBBBBBBBBBBBBBBBBBBBAABBABABBBAAAAABAAAABABAAAABABABAAABAAABABBBABAABABBABABABAABABABBABAAABBBABABBAAABABAABAB
AAAAAAAAAAAAAAAAAAAAAAAAAAAAAAAAAAAAAAAAAAAAAAAAAABBBBBBBBBBBBBBBBBBBBBBBBBBBBBBBBBBBBBBBBBBBBBBBBBBBBBBBBBBBB..BBABABBBAAAAABAAAABABAAAABABABAAABAAABABBBABAABABBABABABAABABABBABAAABBBABABBAAABABAABAB
AAAAAAAAAAAAAAAAAAAAAAAAAAAAAAAAAAAAAAAAAAAAAAAAAA..BBBBBBBBBBBBBBBBBBBBBBBBBBBBBBBBBBBBBBBBBBBBBBBBBBBBBBBBBBBBBBABABBBAAAAABAAAABABAAAABABABAAABAAABABBBABAABABBABABABAABABABBABAAABBBABABBAAABABAABAB
AAAAAAAAAAAAAAAAAAAAAAAAAAAAAAAAAAAAAAAAAAAAAAAAAAABBBBBBBBBBBBBBBBBBBBBBBBBBBBBBBBBBBBBBBBBBBBBBBBBBBBBBBBBBBBBBB..ABBBAAAAABAAAABABAAAABABABAAABAAABABBBABAABABBABABABAABABABBABAAABBBABABBAAABABAABAB
AAAAAAAAAAAAAAAAAAAAAAAAAAAAAAAAAAAAAAAAAAAAAAAAAAA..BBBBBBBBBBBBBBBBBBBBBBBBBBBBBBBBBBBBBBBBBBBBBBBBBBBBBBBBBBBBBBBABBBAAAAABAAAABABAAAABABABAAABAAABABBBABAABABBABABABAABABABBABAAABBBABABBAAABABAABAB
AAAAAAAAAAAAAAAAAAAAAAAAAAAAAAAAAAAAAAAAAAAAAAAAAAAABBBBBBBBBBBBBBBBBBBBBBBBBBBBBBBBBBBBBBBBBBBBBBBBBBBBBBBBBBBBBBBB..BBAAAAABAAAABABAAAABABABAAABAAABABBBABAABABBABABABAABABABBABAAABBBABABBAAABABAABAB
AAAAAAAAAAAAAAAAAAAAAAAAAAAAAAAAAAAAAAAAAAAAAAAAAAAA..BBBBBBBBBBBBBBBBBBBBBBBBBBBBBBBBBBBBBBBBBBBBBBBBBBBBBBBBBBBBBBBBBBAAAAABAAAABABAAAABABABAAABAAABABBBABAABABBABABABAABABABBABAAABBBABABBAAABABAABAB
AAAAAAAAAAAAAAAAAAAAAAAAAAAAAAAAAAAAAAAAAAAAAAAAAAAAAABBBBBBBBBBBBBBBBBBBBBBBBBBBBBBBBBBBBBBBBBBBBBBBBBBBBBBBBBBBBBBBBBB..AAABAAAABABAAAABABABAAABAAABABBBABAABABBABABABAABABABBABAAABBBABABBAAABABAABAB
AAAAAAAAAAAAAAAAAAAAAAAAAAAAAAAAAAAAAAAAAAAAAAAAAAAAAA..BBBBBBBBBBBBBBBBBBBBBBBBBBBBBBBBBBBBBBBBBBBBBBBBBBBBBBBBBBBBBBBBBBAAABAAAABABAAAABABABAAABAAABABBBABAABABBABABABAABABABBABAAABBBABABBAAABABAABAB
AAAAAAAAAAAAAAAAAAAAAAAAAAAAAAAAAAAAAAAAAAAAAAAAAAAAAAAABBBBBBBBBBBBBBBBBBBBBBBBBBBBBBBBBBBBBBBBBBBBBBBBBBBBBBBBBBBBBBBBBB..ABAAAABABAAAABABABAAABAAABABBBABAABABBABABABAABABABBABAAABBBABABBAAABABAABAB
AAAAAAAAAAAAAAAAAAAAAAAAAAAAAAAAAAAAAAAAAAAAAAAAAAAAAAAA..BBBBBBBBBBBBBBBBBBBBBBBBBBBBBBBBBBBBBBBBBBBBBBBBBBBBBBBBBBBBBBBBBBABAAAABABAAAABABABAAABAAABABBBABAABABBABABABAABABABBABAAABBBABABBAAABABAABAB
AAAAAAAAAAAAAAAAAAAAAAAAAAAAAAAAAAAAAAAAAAAAAAAAAAAAAAAAABBBBBBBBBBBBBBBBBBBBBBBBBBBBBBBBBBBBBBBBBBBBBBBBBBBBBBBBBBBBBBBBBBB..AAAABABAAAABABABAAABAAABABBBABAABABBABABABAABABABBABAAABBBABABBAAABABAABAB
AAAAAAAAAAAAAAAAAAAAAAAAAAAAAAAAAAAAAAAAAAAAAAAAAAAAAAAAA..BBBBBBBBBBBBBBBBBBBBBBBBBBBBBBBBBBBBBBBBBBBBBBBBBBBBBBBBBBBBBBBBBBBAAAABABAAAABABABAAABAAABABBBABAABABBABABABAABABABBABAAABBBABABBAAABABAABAB
AAAAAAAAAAAAAAAAAAAAAAAAAAAAAAAAAAAAAAAAAAAAAAAAAAAAAAAAAAABBBBBBBBBBBBBBBBBBBBBBBBBBBBBBBBBBBBBBBBBBBBBBBBBBBBBBBBBBBBBBBBBBB..AABABAAAABABABAAABAAABABBBABAABABBABABABAABABABBABAAABBBABABBAAABABAABAB
AAAAAAAAAAAAAAAAAAAAAAAAAAAAAAAAAAAAAAAAAAAAAAAAAAAAAAAAAAA..BBBBBBBBBBBBBBBBBBBBBBBBBBBBBBBBBBBBBBBBBBBBBBBBBBBBBBBBBBBBBBBBBBBAABABAAAABABABAAABAAABABBBABAABABBABABABAABABABBABAAABBBABABBAAABABAABAB
AAAAAAAAAAAAAAAAAAAAAAAAAAAAAAAAAAAAAAAAAAAAAAAAAAAAAAAAAAAAABBBBBBBBBBBBBBBBBBBBBBBBBBBBBBBBBBBBBBBBBBBBBBBBBBBBBBBBBBBBBBBBBBB..BABAAAABABABAAABAAABABBBABAABABBABABABAABABABBABAAABBBABABBAAABABAABAB
AAAAAAAAAAAAAAAAAAAAAAAAAAAAAAAAAAAAAAAAAAAAAAAAAAAAAAAAAAAAA..BBBBBBBBBBBBBBBBBBBBBBBBBBBBBBBBBBBBBBBBBBBBBBBBBBBBBBBBBBBBBBBBBBBBABAAAABABABAAABAAABABBBABAABABBABABABAABABABBABAAABBBABABBAAABABAABAB
AAAAAAAAAAAAAAAAAAAAAAAAAAAAAAAAAAAAAAAAAAAAAAAAAAAAAAAAAAAAAABBBBBBBBBBBBBBBBBBBBBBBBBBBBBBBBBBBBBBBBBBBBBBBBBBBBBBBBBBBBBBBBBBBBB..AAAABABABAAABAAABABBBABAABABBABABABAABABABBABAAABBBABABBAAABABAABAB
AAAAAAAAAAAAAAAAAAAAAAAAAAAAAAAAAAAAAAAAAAAAAAAAAAAAAAAAAAAAAA..BBBBBBBBBBBBBBBBBBBBBBBBBBBBBBBBBBBBBBBBBBBBBBBBBBBBBBBBBBBBBBBBBBBBBAAAABABABAAABAAABABBBABAABABBABABABAABABABBABAAABBBABABBAAABABAABAB
AAAAAAAAAAAAAAAAAAAAAAAAAAAAAAAAAAAAAAAAAAAAAAAAAAAAAAAAAAAAAAAABBBBBBBBBBBBBBBBBBBBBBBBBBBBBBBBBBBBBBBBBBBBBBBBBBBBBBBBBBBBBBBBBBBBB..AABABABAAABAAABABBBABAABABBABABABAABABABBABAAABBBABABBAAABABAABAB
AAAAAAAAAAAAAAAAAAAAAAAAAAAAAAAAAAAAAAAAAAAAAAAAAAAAAAAAAAAAAAAA..BBBBBBBBBBBBBBBBBBBBBBBBBBBBBBBBBBBBBBBBBBBBBBBBBBBBBBBBBBBBBBBBBBBBBAABABABAAABAAABABBBABAABABBABABABAABABABBABAAABBBABABBAAABABAABAB
AAAAAAAAAAAAAAAAAAAAAAAAAAAAAAAAAAAAAAAAAAAAAAAAAAAAAAAAAAAAAAAAAABBBBBBBBBBBBBBBBBBBBBBBBBBBBBBBBBBBBBBBBBBBBBBBBBBBBBBBBBBBBBBBBBBBBB..BABABAAABAAABABBBABAABABBABABABAABABABBABAAABBBABABBAAABABAABAB
AAAAAAAAAAAAAAAAAAAAAAAAAAAAAAAAAAAAAAAAAAAAAAAAAAAAAAAAAAAAAAAAAA..BBBBBBBBBBBBBBBBBBBBBBBBBBBBBBBBBBBBBBBBBBBBBBBBBBBBBBBBBBBBBBBBBBBBBBABABAAABAAABABBBABAABABBABABABAABABABBABAAABBBABABBAAABABAABAB
AAAAAAAAAAAAAAAAAAAAAAAAAAAAAAAAAAAAAAAAAAAAAAAAAAAAAAAAAAAAAAAAAAABBBBBBBBBBBBBBBBBBBBBBBBBBBBBBBBBBBBBBBBBBBBBBBBBBBBBBBBBBBBBBBBBBBBBBB..ABAAABAAABABBBABAABABBABABABAABABABBABAAABBBABABBAAABABAABAB
AAAAAAAAAAAAAAAAAAAAAAAAAAAAAAAAAAAAAAAAAAAAAAAAAAAAAAAAAAAAAAAAAAA..BBBBBBBBBBBBBBBBBBBBBBBBBBBBBBBBBBBBBBBBBBBBBBBBBBBBBBBBBBBBBBBBBBBBBBBABAAABAAABABBBABAABABBABABABAABABABBABAAABBBABABBAAABABAABAB
AAAAAAAAAAAAAAAAAAAAAAAAAAAAAAAAAAAAAAAAAAAAAAAAAAAAAAAAAAAAAAAAAAAABBBBBBBBBBBBBBBBBBBBBBBBBBBBBBBBBBBBBBBBBBBBBBBBBBBBBBBBBBBBBBBBBBBBBBBB..AAABAAABABBBABAABABBABABABAABABABBABAAABBBABABBAAABABAABAB
AAAAAAAAAAAAAAAAAAAAAAAAAAAAAAAAAAAAAAAAAAAAAAAAAAAAAAAAAAAAAAAAAAAA..BBBBBBBBBBBBBBBBBBBBBBBBBBBBBBBBBBBBBBBBBBBBBBBBBBBBBBBBBBBBBBBBBBBBBBBBAAABAAABABBBABAABABBABABABAABABABBABAAABBBABABBAAABABAABAB
AAAAAAAAAAAAAAAAAAAAAAAAAAAAAAAAAAAAAAAAAAAAAAAAAAAAAAAAAAAAAAAAAAAAAABBBBBBBBBBBBBBBBBBBBBBBBBBBBBBBBBBBBBBBBBBBBBBBBBBBBBBBBBBBBBBBBBBBBBBBB..ABAAABABBBABAABABBABABABAABABABBABAAABBBABABBAAABABAABAB
AAAAAAAAAAAAAAAAAAAAAAAAAAAAAAAAAAAAAAAAAAAAAAAAAAAAAAAAAAAAAAAAAAAAAA..BBBBBBBBBBBBBBBBBBBBBBBBBBBBBBBBBBBBBBBBBBBBBBBBBBBBBBBBBBBBBBBBBBBBBBBBABAAABABBBABAABABBABABABAABABABBABAAABBBABABBAAABABAABAB
AAAAAAAAAAAAAAAAAAAAAAAAAAAAAAAAAAAAAAAAAAAAAAAAAAAAAAAAAAAAAAAAAAAAAAABBBBBBBBBBBBBBBBBBBBBBBBBBBBBBBBBBBBBBBBBBBBBBBBBBBBBBBBBBBBBBBBBBBBBBBBB..AAABABBBABAABABBABABABAABABABBABAAABBBABABBAAABABAABAB
AAAAAAAAAAAAAAAAAAAAAAAAAAAAAAAAAAAAAAAAAAAAAAAAAAAAAAAAAAAAAAAAAAAAAAA..BBBBBBBBBBBBBBBBBBBBBBBBBBBBBBBBBBBBBBBBBBBBBBBBBBBBBBBBBBBBBBBBBBBBBBBBBAAABABBBABAABABBABABABAABABABBABAAABBBABABBAAABABAABAB
AAAAAAAAAAAAAAAAAAAAAAAAAAAAAAAAAAAAAAAAAAAAAAAAAAAAAAAAAAAAAAAAAAAAAAAAABBBBBBBBBBBBBBBBBBBBBBBBBBBBBBBBBBBBBBBBBBBBBBBBBBBBBBBBBBBBBBBBBBBBBBBBB..ABABBBABAABABBABABABAABABABBABAAABBBABABBAAABABAABAB
AAAAAAAAAAAAAAAAAAAAAAAAAAAAAAAAAAAAAAAAAAAAAAAAAAAAAAAAAAAAAAAAAAAAAAAAA..BBBBBBBBBBBBBBBBBBBBBBBBBBBBBBBBBBBBBBBBBBBBBBBBBBBBBBBBBBBBBBBBBBBBBBBBBABABBBABAABABBABABABAABABABBABAAABBBABABBAAABABAABAB
AAAAAAAAAAAAAAAAAAAAAAAAAAAAAAAAAAAAAAAAAAAAAAAAAAAAAAAAAAAAAAAAAAAAAAAAAABBBBBBBBBBBBBBBBBBBBBBBBBBBBBBBBBBBBBBBBBBBBBBBBBBBBBBBBBBBBBBBBBBBBBBBBBB..ABBBABAABABBABABABAABABABBABAAABBBABABBAAABABAABAB
AAAAAAAAAAAAAAAAAAAAAAAAAAAAAAAAAAAAAAAAAAAAAAAAAAAAAAAAAAAAAAAAAAAAAAAAAA..BBBBBBBBBBBBBBBBBBBBBBBBBBBBBBBBBBBBBBBBBBBBBBBBBBBBBBBBBBBBBBBBBBBBBBBBBBABBBABAABABBABABABAABABABBABAAABBBABABBAAABABAABAB
AAAAAAAAAAAAAAAAAAAAAAAAAAAAAAAAAAAAAAAAAAAAAAAAAAAAAAAAAAAAAAAAAAAAAAAAAAABBBBBBBBBBBBBBBBBBBBBBBBBBBBBBBBBBBBBBBBBBBBBBBBBBBBBBBBBBBBBBBBBBBBBBBBBBB..BBABAABABBABABABAABABABBABAAABBBABABBAAABABAABAB
AAAAAAAAAAAAAAAAAAAAAAAAAAAAAAAAAAAAAAAAAAAAAAAAAAAAAAAAAAAAAAAAAAAAAAAAAAA..BBBBBBBBBBBBBBBBBBBBBBBBBBBBBBBBBBBBBBBBBBBBBBBBBBBBBBBBBBBBBBBBBBBBBBBBBBBBBABAABABBABABABAABABABBABAAABBBABABBAAABABAABAB
AAAAAAAAAAAAAAAAAAAAAAAAAAAAAAAAAAAAAAAAAAAAAAAAAAAAAAAAAAAAAAAAAAAAAAAAAAAABBBBBBBBBBBBBBBBBBBBBBBBBBBBBBBBBBBBBBBBBBBBBBBBBBBBBBBBBBBBBBBBBBBBBBBBBBBBBB..AABABBABABABAABABABBABAAABBBABABBAAABABAABAB
AAAAAAAAAAAAAAAAAAAAAAAAAAAAAAAAAAAAAAAAAAAAAAAAAAAAAAAAAAAAAAAAAAAAAAAAAAAA..BBBBBBBBBBBBBBBBBBBBBBBBBBBBBBBBBBBBBBBBBBBBBBBBBBBBBBBBBBBBBBBBBBBBBBBBBBBBBBAABABBABABABAABABABBABAAABBBABABBAAABABAABAB
AAAAAAAAAAAAAAAAAAAAAAAAAAAAAAAAAAAAAAAAAAAAAAAAAAAAAAAAAAAAAAAAAAAAAAAAAAAAAABBBBBBBBBBBBBBBBBBBBBBBBBBBBBBBBBBBBBBBBBBBBBBBBBBBBBBBBBBBBBBBBBBBBBBBBBBBBBB..BABBABABABAABABABBABAAABBBABABBAAABABAABAB
AAAAAAAAAAAAAAAAAAAAAAAAAAAAAAAAAAAAAAAAAAAAAAAAAAAAAAAAAAAAAAAAAAAAAAAAAAAAAA..BBBBBBBBBBBBBBBBBBBBBBBBBBBBBBBBBBBBBBBBBBBBBBBBBBBBBBBBBBBBBBBBBBBBBBBBBBBBBBBABBABABABAABABABBABAAABBBABABBAAABABAABAB
AAAAAAAAAAAAAAAAAAAAAAAAAAAAAAAAAAAAAAAAAAAAAAAAAAAAAAAAAAAAAAAAAAAAAAAAAAAAAAABBBBBBBBBBBBBBBBBBBBBBBBBBBBBBBBBBBBBBBBBBBBBBBBBBBBBBBBBBBBBBBBBBBBBBBBBBBBBBBB..BABABABAABABABBABAAABBBABABBAAABABAABAB
AAAAAAAAAAAAAAAAAAAAAAAAAAAAAAAAAAAAAAAAAAAAAAAAAAAAAAAAAAAAAAAAAAAAAAAAAAAAAAA..BBBBBBBBBBBBBBBBBBBBBBBBBBBBBBBBBBBBBBBBBBBBBBBBBBBBBBBBBBBBBBBBBBBBBBBBBBBBBBBBBABABABAABABABBABAAABBBABABBAAABABAABAB
AAAAAAAAAAAAAAAAAAAAAAAAAAAAAAAAAAAAAAAAAAAAAAAAAAAAAAAAAAAAAAAAAAAAAAAAAAAAAAAABBBBBBBBBBBBBBBBBBBBBBBBBBBBBBBBBBBBBBBBBBBBBBBBBBBBBBBBBBBBBBBBBBBBBBBBBBBBBBBBBB..ABABAABABABBABAAABBBABABBAAABABAABAB
AAAAAAAAAAAAAAAAAAAAAAAAAAAAAAAAAAAAAAAAAAAAAAAAAAAAAAAAAAAAAAAAAAAAAAAAAAAAAAAA..BBBBBBBBBBBBBBBBBBBBBBBBBBBBBBBBBBBBBBBBBBBBBBBBBBBBBBBBBBBBBBBBBBBBBBBBBBBBBBBBBBABABAABABABBABAAABBBABABBAAABABAABAB
AAAAAAAAAAAAAAAAAAAAAAAAAAAAAAAAAAAAAAAAAAAAAAAAAAAAAAAAAAAAAAAAAAAAAAAAAAAAAAAAABBBBBBBBBBBBBBBBBBBBBBBBBBBBBBBBBBBBBBBBBBBBBBBBBBBBBBBBBBBBBBBBBBBBBBBBBBBBBBBBBBB..ABAABABABBABAAABBBABABBAAABABAABAB
AAAAAAAAAAAAAAAAAAAAAAAAAAAAAAAAAAAAAAAAAAAAAAAAAAAAAAAAAAAAAAAAAAAAAAAAAAAAAAAAA..BBBBBBBBBBBBBBBBBBBBBBBBBBBBBBBBBBBBBBBBBBBBBBBBBBBBBBBBBBBBBBBBBBBBBBBBBBBBBBBBBBBABAABABABBABAAABBBABABBAAABABAABAB
AAAAAAAAAAAAAAAAAAAAAAAAAAAAAAAAAAAAAAAAAAAAAAAAAAAAAAAAAAAAAAAAAAAAAAAAAAAAAAAAAABBBBBBBBBBBBBBBBBBBBBBBBBBBBBBBBBBBBBBBBBBBBBBBBBBBBBBBBBBBBBBBBBBBBBBBBBBBBBBBBBBBB..AABABABBABAAABBBABABBAAABABAABAB
AAAAAAAAAAAAAAAAAAAAAAAAAAAAAAAAAAAAAAAAAAAAAAAAAAAAAAAAAAAAAAAAAAAAAAAAAAAAAAAAAA..BBBBBBBBBBBBBBBBBBBBBBBBBBBBBBBBBBBBBBBBBBBBBBBBBBBBBBBBBBBBBBBBBBBBBBBBBBBBBBBBBBBBAABABABBABAAABBBABABBAAABABAABAB
AAAAAAAAAAAAAAAAAAAAAAAAAAAAAAAAAAAAAAAAAAAAAAAAAAAAAAAAAAAAAAAAAAAAAAAAAAAAAAAAAAAABBBBBBBBBBBBBBBBBBBBBBBBBBBBBBBBBBBBBBBBBBBBBBBBBBBBBBBBBBBBBBBBBBBBBBBBBBBBBBBBBBBB..BABABBABAAABBBABABBAAABABAABAB
AAAAAAAAAAAAAAAAAAAAAAAAAAAAAAAAAAAAAAAAAAAAAAAAAAAAAAAAAAAAAAAAAAAAAAAAAAAAAAAAAAAA..BBBBBBBBBBBBBBBBBBBBBBBBBBBBBBBBBBBBBBBBBBBBBBBBBBBBBBBBBBBBBBBBBBBBBBBBBBBBBBBBBBBBBABABBABAAABBBABABBAAABABAABAB
AAAAAAAAAAAAAAAAAAAAAAAAAAAAAAAAAAAAAAAAAAAAAAAAAAAAAAAAAAAAAAAAAAAAAAAAAAAAAAAAAAAAABBBBBBBBBBBBBBBBBBBBBBBBBBBBBBBBBBBBBBBBBBBBBBBBBBBBBBBBBBBBBBBBBBBBBBBBBBBBBBBBBBBBBB..ABBABAAABBBABABBAAABABAABAB
AAAAAAAAAAAAAAAAAAAAAAAAAAAAAAAAAAAAAAAAAAAAAAAAAAAAAAAAAAAAAAAAAAAAAAAAAAAAAAAAAAAAA..BBBBBBBBBBBBBBBBBBBBBBBBBBBBBBBBBBBBBBBBBBBBBBBBBBBBBBBBBBBBBBBBBBBBBBBBBBBBBBBBBBBBBBABBABAAABBBABABBAAABABAABAB
AAAAAAAAAAAAAAAAAAAAAAAAAAAAAAAAAAAAAAAAAAAAAAAAAAAAAAAAAAAAAAAAAAAAAAAAAAAAAAAAAAAAAABBBBBBBBBBBBBBBBBBBBBBBBBBBBBBBBBBBBBBBBBBBBBBBBBBBBBBBBBBBBBBBBBBBBBBBBBBBBBBBBBBBBBBB..BABAAABBBABABBAAABABAABAB
AAAAAAAAAAAAAAAAAAAAAAAAAAAAAAAAAAAAAAAAAAAAAAAAAAAAAAAAAAAAAAAAAAAAAAAAAAAAAAAAAAAAAA..BBBBBBBBBBBBBBBBBBBBBBBBBBBBBBBBBBBBBBBBBBBBBBBBBBBBBBBBBBBBBBBBBBBBBBBBBBBBBBBBBBBBBBBBABAAABBBABABBAAABABAABAB
AAAAAAAAAAAAAAAAAAAAAAAAAAAAAAAAAAAAAAAAAAAAAAAAAAAAAAAAAAAAAAAAAAAAAAAAAAAAAAAAAAAAAAABBBBBBBBBBBBBBBBBBBBBBBBBBBBBBBBBBBBBBBBBBBBBBBBBBBBBBBBBBBBBBBBBBBBBBBBBBBBBBBBBBBBBBBBB..AAABBBABABBAAABABAABAB
AAAAAAAAAAAAAAAAAAAAAAAAAAAAAAAAAAAAAAAAAAAAAAAAAAAAAAAAAAAAAAAAAAAAAAAAAAAAAAAAAAAAAAA..BBBBBBBBBBBBBBBBBBBBBBBBBBBBBBBBBBBBBBBBBBBBBBBBBBBBBBBBBBBBBBBBBBBBBBBBBBBBBBBBBBBBBBBBBAAABBBABABBAAABABAABAB
AAAAAAAAAAAAAAAAAAAAAAAAAAAAAAAAAAAAAAAAAAAAAAAAAAAAAAAAAAAAAAAAAAAAAAAAAAAAAAAAAAAAAAAAABBBBBBBBBBBBBBBBBBBBBBBBBBBBBBBBBBBBBBBBBBBBBBBBBBBBBBBBBBBBBBBBBBBBBBBBBBBBBBBBBBBBBBBBB..ABBBABABBAAABABAABAB
AAAAAAAAAAAAAAAAAAAAAAAAAAAAAAAAAAAAAAAAAAAAAAAAAAAAAAAAAAAAAAAAAAAAAAAAAAAAAAAAAAAAAAAAA..BBBBBBBBBBBBBBBBBBBBBBBBBBBBBBBBBBBBBBBBBBBBBBBBBBBBBBBBBBBBBBBBBBBBBBBBBBBBBBBBBBBBBBBBBABBBABABBAAABABAABAB
AAAAAAAAAAAAAAAAAAAAAAAAAAAAAAAAAAAAAAAAAAAAAAAAAAAAAAAAAAAAAAAAAAAAAAAAAAAAAAAAAAAAAAAAAABBBBBBBBBBBBBBBBBBBBBBBBBBBBBBBBBBBBBBBBBBBBBBBBBBBBBBBBBBBBBBBBBBBBBBBBBBBBBBBBBBBBBBBBBB..BBABABBAAABABAABAB
AAAAAAAAAAAAAAAAAAAAAAAAAAAAAAAAAAAAAAAAAAAAAAAAAAAAAAAAAAAAAAAAAAAAAAAAAAAAAAAAAAAAAAAAAA..BBBBBBBBBBBBBBBBBBBBBBBBBBBBBBBBBBBBBBBBBBBBBBBBBBBBBBBBBBBBBBBBBBBBBBBBBBBBBBBBBBBBBBBBBBBBABABBAAABABAABAB
AAAAAAAAAAAAAAAAAAAAAAAAAAAAAAAAAAAAAAAAAAAAAAAAAAAAAAAAAAAAAAAAAAAAAAAAAAAAAAAAAAAAAAAAAAABBBBBBBBBBBBBBBBBBBBBBBBBBBBBBBBBBBBBBBBBBBBBBBBBBBBBBBBBBBBBBBBBBBBBBBBBBBBBBBBBBBBBBBBBBBBB..ABBAAABABAABAB
AAAAAAAAAAAAAAAAAAAAAAAAAAAAAAAAAAAAAAAAAAAAAAAAAAAAAAAAAAAAAAAAAAAAAAAAAAAAAAAAAAAAAAAAAAA..BBBBBBBBBBBBBBBBBBBBBBBBBBBBBBBBBBBBBBBBBBBBBBBBBBBBBBBBBBBBBBBBBBBBBBBBBBBBBBBBBBBBBBBBBBBBBABBAAABABAABAB
AAAAAAAAAAAAAAAAAAAAAAAAAAAAAAAAAAAAAAAAAAAAAAAAAAAAAAAAAAAAAAAAAAAAAAAAAAAAAAAAAAAAAAAAAAAABBBBBBBBBBBBBBBBBBBBBBBBBBBBBBBBBBBBBBBBBBBBBBBBBBBBBBBBBBBBBBBBBBBBBBBBBBBBBBBBBBBBBBBBBBBBBB..BAAABABAABAB
AAAAAAAAAAAAAAAAAAAAAAAAAAAAAAAAAAAAAAAAAAAAAAAAAAAAAAAAAAAAAAAAAAAAAAAAAAAAAAAAAAAAAAAAAAAA..BBBBBBBBBBBBBBBBBBBBBBBBBBBBBBBBBBBBBBBBBBBBBBBBBBBBBBBBBBBBBBBBBBBBBBBBBBBBBBBBBBBBBBBBBBBBBBBAAABABAABAB
AAAAAAAAAAAAAAAAAAAAAAAAAAAAAAAAAAAAAAAAAAAAAAAAAAAAAAAAAAAAAAAAAAAAAAAAAAAAAAAAAAAAAAAAAAAAAABBBBBBBBBBBBBBBBBBBBBBBBBBBBBBBBBBBBBBBBBBBBBBBBBBBBBBBBBBBBBBBBBBBBBBBBBBBBBBBBBBBBBBBBBBBBBBB..ABABAABAB
AAAAAAAAAAAAAAAAAAAAAAAAAAAAAAAAAAAAAAAAAAAAAAAAAAAAAAAAAAAAAAAAAAAAAAAAAAAAAAAAAAAAAAAAAAAAAA..BBBBBBBBBBBBBBBBBBBBBBBBBBBBBBBBBBBBBBBBBBBBBBBBBBBBBBBBBBBBBBBBBBBBBBBBBBBBBBBBBBBBBBBBBBBBBBBABABAABAB
AAAAAAAAAAAAAAAAAAAAAAAAAAAAAAAAAAAAAAAAAAAAAAAAAAAAAAAAAAAAAAAAAAAAAAAAAAAAAAAAAAAAAAAAAAAAAAABBBBBBBBBBBBBBBBBBBBBBBBBBBBBBBBBBBBBBBBBBBBBBBBBBBBBBBBBBBBBBBBBBBBBBBBBBBBBBBBBBBBBBBBBBBBBBBB..ABAABAB
AAAAAAAAAAAAAAAAAAAAAAAAAAAAAAAAAAAAAAAAAAAAAAAAAAAAAAAAAAAAAAAAAAAAAAAAAAAAAAAAAAAAAAAAAAAAAAA..BBBBBBBBBBBBBBBBBBBBBBBBBBBBBBBBBBBBBBBBBBBBBBBBBBBBBBBBBBBBBBBBBBBBBBBBBBBBBBBBBBBBBBBBBBBBBBBBABAABAB
AAAAAAAAAAAAAAAAAAAAAAAAAAAAAAAAAAAAAAAAAAAAAAAAAAAAAAAAAAAAAAAAAAAAAAAAAAAAAAAAAAAAAAAAAAAAAAAABBBBBBBBBBBBBBBBBBBBBBBBBBBBBBBBBBBBBBBBBBBBBBBBBBBBBBBBBBBBBBBBBBBBBBBBBBBBBBBBBBBBBBBBBBBBBBBBB..AABAB
AAAAAAAAAAAAAAAAAAAAAAAAAAAAAAAAAAAAAAAAAAAAAAAAAAAAAAAAAAAAAAAAAAAAAAAAAAAAAAAAAAAAAAAAAAAAAAAA..BBBBBBBBBBBBBBBBBBBBBBBBBBBBBBBBBBBBBBBBBBBBBBBBBBBBBBBBBBBBBBBBBBBBBBBBBBBBBBBBBBBBBBBBBBBBBBBBBAABAB
AAAAAAAAAAAAAAAAAAAAAAAAAAAAAAAAAAAAAAAAAAAAAAAAAAAAAAAAAAAAAAAAAAAAAAAAAAAAAAAAAAAAAAAAAAAAAAAAAABBBBBBBBBBBBBBBBBBBBBBBBBBBBBBBBBBBBBBBBBBBBBBBBBBBBBBBBBBBBBBBBBBBBBBBBBBBBBBBBBBBBBBBBBBBBBBBBB..BAB
AAAAAAAAAAAAAAAAAAAAAAAAAAAAAAAAAAAAAAAAAAAAAAAAAAAAAAAAAAAAAAAAAAAAAAAAAAAAAAAAAAAAAAAAAAAAAAAAAA..BBBBBBBBBBBBBBBBBBBBBBBBBBBBBBBBBBBBBBBBBBBBBBBBBBBBBBBBBBBBBBBBBBBBBBBBBBBBBBBBBBBBBBBBBBBBBBBBBBAB
AAAAAAAAAAAAAAAAAAAAAAAAAAAAAAAAAAAAAAAAAAAAAAAAAAAAAAAAAAAAAAAAAAAAAAAAAAAAAAAAAAAAAAAAAAAAAAAAAAABBBBBBBBBBBBBBBBBBBBBBBBBBBBBBBBBBBBBBBBBBBBBBBBBBBBBBBBBBBBBBBBBBBBBBBBBBBBBBBBBBBBBBBBBBBBBBBBBBB..
