134
AAAAA..ABBBABAABAAABABBAAAABAAAAAAABBBBAABABABBBBAAABABBBBAABAAABABAAABBAABABBABABBABABABBBBBAABBABABABABAABBBBBBBABBAAABBBBBABBBBABAAABAABBBBAAAAAAAAAAAAAAABAABABAAABBBABBABBBBAABBBBBBABABBBBAABABBBA
AAAAAAB..BBABAABAAABABBAAAABAAAAAAABBBBAABABABBBBAAABABBBBAABAAABABAAABBAABABBABABBABABABBBBBAABBABABABABAABBBBBBBABBAAABBBBBABBBBABAAABAABBBBAAAAAAAAAAAAAAABAABABAAABBBABBABBBBAABBBBBBABABBBBAABABBBA
AAAAAABBB..ABAABAAABABBAAAABAAAAAAABBBBAABABABBBBAAABABBBBAABAAABABAAABBAABABBABABBABABABBBBBAABBABABABABAABBBBBBBABBAAABBBBBABBBBABAAABAABBBBAAAAAAAAAAAAAAABAABABAAABBBABBABBBBAABBBBBBABABBBBAABABBBA
AAAAAA..BBBABAABAAABABBAAAABAAAAAAABBBBAABABABBBBAAABABBBBAABAAABABAAABBAABABBABABBABABABBBBBAABBABABABABAABBBBBBBABBAAABBBBBABBBBABAAABAABBBBAAAAAAAAAAAAAAABAABABAAABBBABBABBBBAABBBBBBABABBBBAABABBBA
AAAAAAABBBB..AABAAABABBAAAABAAAAAAABBBBAABABABBBBAAABABBBBAABAAABABAAABBAABABBABABBABABABBBBBAABBABABABABAABBBBBBBABBAAABBBBBABBBBABAAABAABBBBAAAAAAAAAAAAAAABAABABAAABBBABBABBBBAABBBBBBABABBBBAABABBBA
AAAAAAA..BBBBAABAAABABBAAAABAAAAAAABBBBAABABABBBBAAABABBBBAABAAABABAAABBAABABBABABBABABABBBBBAABBABABABABAABBBBBBBABBAAABBBBBABBBBABAAABAABBBBAAAAAAAAAAAAAAABAABABAAABBBABBABBBBAABBBBBBABABBBBAABABBBA
AAAAAAAAABBBB..BAAABABBAAAABAAAAAAABBBBAABABABBBBAAABABBBBAABAAABABAAABBAABABBABABBABABABBBBBAABBABABABABAABBBBBBBABBAAABBBBBABBBBABAAABAABBBBAAAAAAAAAAAAAAABAABABAAABBBABBABBBBAABBBBBBABABBBBAABABBBA
AAAAAAAAA..BBBBBAAABABBAAAABAAAAAAABBBBAABABABBBBAAABABBBBAABAAABABAAABBAABABBABABBABABABBBBBAABBABABABABAABBBBBBBABBAAABBBBBABBBBABAAABAABBBBAAAAAAAAAAAAAAABAABABAAABBBABBABBBBAABBBBBBABABBBBAABABBBA
AAAAAAAAAAABBBBB..ABABBAAAABAAAAAAABBBBAABABABBBBAAABABBBBAABAAABABAAABBAABABBABABBABABABBBBBAABBABABABABAABBBBBBBABBAAABBBBBABBBBABAAABAABBBBAAAAAAAAAAAAAAABAABABAAABBBABBABBBBAABBBBBBABABBBBAABABBBA
AAAAAAAAAAA..BBBBBABABBAAAABAAAAAAABBBBAABABABBBBAAABABBBBAABAAABABAAABBAABABBABABBABABABBBBBAABBABABABABAABBBBBBBABBAAABBBBBABBBBABAAABAABBBBAAAAAAAAAAAAAAABAABABAAABBBABBABBBBAABBBBBBABABBBBAABABBBA
AAAAAAAAAAAABBBBBB..ABBAAAABAAAAAAABBBBAABABABBBBAAABABBBBAABAAABABAAABBAABABBABABBABABABBBBBAABBABABABABAABBBBBBBABBAAABBBBBABBBBABAAABAABBBBAAAAAAAAAAAAAAABAABABAAABBBABBABBBBAABBBBBBABABBBBAABABBBA
AAAAAAAAAAAA..BBBBBBABBAAAABAAAAAAABBBBAABABABBBBAAABABBBBAABAAABABAAABBAABABBABABBABABABBBBBAABBABABABABAABBBBBBBABBAAABBBBBABBBBABAAABAABBBBAAAAAAAAAAAAAAABAABABAAABBBABBABBBBAABBBBBBABABBBBAABABBBA
AAAAAAAAAAAAABBBBBBB..BAAAABAAAAAAABBBBAABABABBBBAAABABBBBAABAAABABAAABBAABABBABABBABABABBBBBAABBABABABABAABBBBBBBABBAAABBBBBABBBBABAAABAABBBBAAAAAAAAAAAAAAABAABABAAABBBABBABBBBAABBBBBBABABBBBAABABBBA
AAAAAAAAAAAAA..BBBBBBBBAAAABAAAAAAABBBBAABABABBBBAAABABBBBAABAAABABAAABBAABABBABABBABABABBBBBAABBABABABABAABBBBBBBABBAAABBBBBABBBBABAAABAABBBBAAAAAAAAAAAAAAABAABABAAABBBABBABBBBAABBBBBBABABBBBAABABBBA
AAAAAAAAAAAAAAABBBBBBBB..AABAAAAAAABBBBAABABABBBBAAABABBBBAABAAABABAAABBAABABBABABBABABABBBBBAABBABABABABAABBBBBBBABBAAABBBBBABBBBABAAABAABBBBAAAAAAAAAAAAAAABAABABAAABBBABBABBBBAABBBBBBABABBBBAABABBBA
AAAAAAAAAAAAAAA..BBBBBBBBAABAAAAAAABBBBAABABABBBBAAABABBBBAABAAABABAAABBAABABBABABBABABABBBBBAABBABABABABAABBBBBBBABBAAABBBBBABBBBABAAABAABBBBAAAAAAAAAAAAAAABAABABAAABBBABBABBBBAABBBBBBABABBBBAABABBBA
AAAAAAAAAAAAAAAAABBBBBBBB..BAAAAAAABBBBAABABABBBBAAABABBBBAABAAABABAAABBAABABBABABBABABABBBBBAABBABABABABAABBBBBBBABBAAABBBBBABBBBABAAABAABBBBAAAAAAAAAAAAAAABAABABAAABBBABBABBBBAABBBBBBABABBBBAABABBBA
AAAAAAAAAAAAAAAAA..BBBBBBBBBAAAAAAABBBBAABABABBBBAAABABBBBAABAAABABAAABBAABABBABABBABABABBBBBAABBABABABABAABBBBBBBABBAAABBBBBABBBBABAAABAABBBBAAAAAAAAAAAAAAABAABABAAABBBABBABBBBAABBBBBBABABBBBAABABBBA
AAAAAAAAAAAAAAAAAAABBBBBBBBB..AAAAABBBBAABABABBBBAAABABBBBAABAAABABAAABBAABABBABABBABABABBBBBAABBABABABABAABBBBBBBABBAAABBBBBABBBBABAAABAABBBBAAAAAAAAAAAAAAABAABABAAABBBABBABBBBAABBBBBBABABBBBAABABBBA
AAAAAAAAAAAAAAAAAAA..BBBBBBBBBAAAAABBBBAABABABBBBAAABABBBBAABAAABABAAABBAABABBABABBABABABBBBBAABBABABABABAABBBBBBBABBAAABBBBBABBBBABAAABAABBBBAAAAAAAAAAAAAAABAABABAAABBBABBABBBBAABBBBBBABABBBBAABABBBA
AAAAAAAAAAAAAAAAAAAAABBBBBBBBB..AAABBBBAABABABBBBAAABABBBBAABAAABABAAABBAABABBABABBABABABBBBBAABBABABABABAABBBBBBBABBAAABBBBBABBBBABAAABAABBBBAAAAAAAAAAAAAAABAABABAAABBBABBABBBBAABBBBBBABABBBBAABABBBA
AAAAAAAAAAAAAAAAAAAAA..BBBBBBBBBAAABBBBAABABABBBBAAABABBBBAABAAABABAAABBAABABBABABBABABABBBBBAABBABABABABAABBBBBBBABBAAABBBBBABBBBABAAABAABBBBAAAAAAAAAAAAAAABAABABAAABBBABBABBBBAABBBBBBABABBBBAABABBBA
AAAAAAAAAAAAAAAAAAAAAAABBBBBBBBB..ABBBBAABABABBBBAAABABBBBAABAAABABAAABBAABABBABABBABABABBBBBAABBABABABABAABBBBBBBABBAAABBBBBABBBBABAAABAABBBBAAAAAAAAAAAAAAABAABABAAABBBABBABBBBAABBBBBBABABBBBAABABBBA
AAAAAAAAAAAAAAAAAAAAAAA..BBBBBBBBBABBBBAABABABBBBAAABABBBBAABAAABABAAABBAABABBABABBABABABBBBBAABBABABABABAABBBBBBBABBAAABBBBBABBBBABAAABAABBBBAAAAAAAAAAAAAAABAABABAAABBBABBABBBBAABBBBBBABABBBBAABABBBA
AAAAAAAAAAAAAAAAAAAAAAAABBBBBBBBBB..BBBAABABABBBBAAABABBBBAABAAABABAAABBAABABBABABBABABABBBBBAABBABABABABAABBBBBBBABBAAABBBBBABBBBABAAABAABBBBAAAAAAAAAAAAAAABAABABAAABBBABBABBBBAABBBBBBABABBBBAABABBBA
AAAAAAAAAAAAAAAAAAAAAAAA..BBBBBBBBBBBBBAABABABBBBAAABABBBBAABAAABABAAABBAABABBABABBABABABBBBBAABBABABABABAABBBBBBBABBAAABBBBBABBBBABAAABAABBBBAAAAAAAAAAAAAAABAABABAAABBBABBABBBBAABBBBBBABABBBBAABABBBA
AAAAAAAAAAAAAAAAAAAAAAAAAABBBBBBBBBBBBB..BABABBBBAAABABBBBAABAAABABAAABBAABABBABABBABABABBBBBAABBABABABABAABBBBBBBABBAAABBBBBABBBBABAAABAABBBBAAAAAAAAAAAAAAABAABABAAABBBABBABBBBAABBBBBBABABBBBAABABBBA
AAAAAAAAAAAAAAAAAAAAAAAAAA..BBBBBBBBBBBBBBABABBBBAAABABBBBAABAAABABAAABBAABABBABABBABABABBBBBAABBABABABABAABBBBBBBABBAAABBBBBABBBBABAAABAABBBBAAAAAAAAAAAAAAABAABABAAABBBABBABBBBAABBBBBBABABBBBAABABBBA
AAAAAAAAAAAAAAAAAAAAAAAAAAABBBBBBBBBBBBBBB..ABBBBAAABABBBBAABAAABABAAABBAABABBABABBABABABBBBBAABBABABABABAABBBBBBBABBAAABBBBBABBBBABAAABAABBBBAAAAAAAAAAAAAAABAABABAAABBBABBABBBBAABBBBBBABABBBBAABABBBA
AAAAAAAAAAAAAAAAAAAAAAAAAAA..BBBBBBBBBBBBBBBABBBBAAABABBBBAABAAABABAAABBAABABBABABBABABABBBBBAABBABABABABAABBBBBBBABBAAABBBBBABBBBABAAABAABBBBAAAAAAAAAAAAAAABAABABAAABBBABBABBBBAABBBBBBABABBBBAABABBBA
AAAAAAAAAAAAAAAAAAAAAAAAAAAABBBBBBBBBBBBBBBB..BBBAAABABBBBAABAAABABAAABBAABABBABABBABABABBBBBAABBABABABABAABBBBBBBABBAAABBBBBABBBBABAAABAABBBBAAAAAAAAAAAAAAABAABABAAABBBABBABBBBAABBBBBBABABBBBAABABBBA
AAAAAAAAAAAAAAAAAAAAAAAAAAAA..BBBBBBBBBBBBBBBBBBBAAABABBBBAABAAABABAAABBAABABBABABBABABABBBBBAABBABABABABAABBBBBBBABBAAABBBBBABBBBABAAABAABBBBAAAAAAAAAAAAAAABAABABAAABBBABBABBBBAABBBBBBABABBBBAABABBBA
AAAAAAAAAAAAAAAAAAAAAAAAAAAAAABBBBBBBBBBBBBBBBBBB..ABABBBBAABAAABABAAABBAABABBABABBABABABBBBBAABBABABABABAABBBBBBBABBAAABBBBBABBBBABAAABAABBBBAAAAAAAAAAAAAAABAABABAAABBBABBABBBBAABBBBBBABABBBBAABABBBA
AAAAAAAAAAAAAAAAAAAAAAAAAAAAAA..BBBBBBBBBBBBBBBBBBBABABBBBAABAAABABAAABBAABABBABABBABABABBBBBAABBABABABABAABBBBBBBABBAAABBBBBABBBBABAAABAABBBBAAAAAAAAAAAAAAABAABABAAABBBABBABBBBAABBBBBBABABBBBAABABBBA
AAAAAAAAAAAAAAAAAAAAAAAAAAAAAAABBBBBBBBBBBBBBBBBBBB..ABBBBAABAAABABAAABBAABABBABABBABABABBBBBAABBABABABABAABBBBBBBABBAAABBBBBABBBBABAAABAABBBBAAAAAAAAAAAAAAABAABABAAABBBABBABBBBAABBBBBBABABBBBAABABBBA
AAAAAAAAAAAAAAAAAAAAAAAAAAAAAAA..BBBBBBBBBBBBBBBBBBBBABBBBAABAAABABAAABBAABABBABABBABABABBBBBAABBABABABABAABBBBBBBABBAAABBBBBABBBBABAAABAABBBBAAAAAAAAAAAAAAABAABABAAABBBABBABBBBAABBBBBBABABBBBAABABBBA
AAAAAAAAAAAAAAAAAAAAAAAAAAAAAAAABBBBBBBBBBBBBBBBBBBBB..BBBAABAAABABAAABBAABABBABABBABABABBBBBAABBABABABABAABBBBBBBABBAAABBBBBABBBBABAAABAABBBBAAAAAAAAAAAAAAABAABABAAABBBABBABBBBAABBBBBBABABBBBAABABBBA
AAAAAAAAAAAAAAAAAAAAAAAAAAAAAAAA..BBBBBBBBBBBBBBBBBBBBBBBBAABAAABABAAABBAABABBABABBABABABBBBBAABBABABABABAABBBBBBBABBAAABBBBBABBBBABAAABAABBBBAAAAAAAAAAAAAAABAABABAAABBBABBABBBBAABBBBBBABABBBBAABABBBA
AAAAAAAAAAAAAAAAAAAAAAAAAAAAAAAAAABBBBBBBBBBBBBBBBBBBBBBBB..BAAABABAAABBAABABBABABBABABABBBBBAABBABABABABAABBBBBBBABBAAABBBBBABBBBABAAABAABBBBAAAAAAAAAAAAAAABAABABAAABBBABBABBBBAABBBBBBABABBBBAABABBBA
AAAAAAAAAAAAAAAAAAAAAAAAAAAAAAAAAA..BBBBBBBBBBBBBBBBBBBBBBBBBAAABABAAABBAABABBABABBABABABBBBBAABBABABABABAABBBBBBBABBAAABBBBBABBBBABAAABAABBBBAAAAAAAAAAAAAAABAABABAAABBBABBABBBBAABBBBBBABABBBBAABABBBA
AAAAAAAAAAAAAAAAAAAAAAAAAAAAAAAAAAAABBBBBBBBBBBBBBBBBBBBBBBBB..ABABAAABBAABABBABABBABABABBBBBAABBABABABABAABBBBBBBABBAAABBBBBABBBBABAAABAABBBBAAAAAAAAAAAAAAABAABABAAABBBABBABBBBAABBBBBBABABBBBAABABBBA
AAAAAAAAAAAAAAAAAAAAAAAAAAAAAAAAAAAA..BBBBBBBBBBBBBBBBBBBBBBBBBABABAAABBAABABBABABBABABABBBBBAABBABABABABAABBBBBBBABBAAABBBBBABBBBABAAABAABBBBAAAAAAAAAAAAAAABAABABAAABBBABBABBBBAABBBBBBABABBBBAABABBBA
AAAAAAAAAAAAAAAAAAAAAAAAAAAAAAAAAAAAABBBBBBBBBBBBBBBBBBBBBBBBBB..ABAAABBAABABBABABBABABABBBBBAABBABABABABAABBBBBBBABBAAABBBBBABBBBABAAABAABBBBAAAAAAAAAAAAAAABAABABAAABBBABBABBBBAABBBBBBABABBBBAABABBBA
AAAAAAAAAAAAAAAAAAAAAAAAAAAAAAAAAAAAA..BBBBBBBBBBBBBBBBBBBBBBBBBBABAAABBAABABBABABBABABABBBBBAABBABABABABAABBBBBBBABBAAABBBBBABBBBABAAABAABBBBAAAAAAAAAAAAAAABAABABAAABBBABBABBBBAABBBBBBABABBBBAABABBBA
AAAAAAAAAAAAAAAAAAAAAAAAAAAAAAAAAAAAAABBBBBBBBBBBBBBBBBBBBBBBBBBB..AAABBAABABBABABBABABABBBBBAABBABABABABAABBBBBBBABBAAABBBBBABBBBABAAABAABBBBAAAAAAAAAAAAAAABAABABAAABBBABBABBBBAABBBBBBABABBBBAABABBBA
AAAAAAAAAAAAAAAAAAAAAAAAAAAAAAAAAAAAAA..BBBBBBBBBBBBBBBBBBBBBBBBBBBAAABBAABABBABABBABABABBBBBAABBABABABABAABBBBBBBABBAAABBBBBABBBBABAAABAABBBBAAAAAAAAAAAAAAABAABABAAABBBABBABBBBAABBBBBBABABBBBAABABBBA
AAAAAAAAAAAAAAAAAAAAAAAAAAAAAAAAAAAAAAAABBBBBBBBBBBBBBBBBBBBBBBBBBB..ABBAABABBABABBABABABBBBBAABBABABABABAABBBBBBBABBAAABBBBBABBBBABAAABAABBBBAAAAAAAAAAAAAAABAABABAAABBBABBABBBBAABBBBBBABABBBBAABABBBA
AAAAAAAAAAAAAAAAAAAAAAAAAAAAAAAAAAAAAAAA..BBBBBBBBBBBBBBBBBBBBBBBBBBBABBAABABBABABBABABABBBBBAABBABABABABAABBBBBBBABBAAABBBBBABBBBABAAABAABBBBAAAAAAAAAAAAAAABAABABAAABBBABBABBBBAABBBBBBABABBBBAABABBBA
AAAAAAAAAAAAAAAAAAAAAAAAAAAAAAAAAAAAAAAAABBBBBBBBBBBBBBBBBBBBBBBBBBBB..BAABABBABABBABABABBBBBAABBABABABABAABBBBBBBABBAAABBBBBABBBBABAAABAABBBBAAAAAAAAAAAAAAABAABABAAABBBABBABBBBAABBBBBBABABBBBAABABBBA
AAAAAAAAAAAAAAAAAAAAAAAAAAAAAAAAAAAAAAAAA..BBBBBBBBBBBBBBBBBBBBBBBBBBBBBAABABBABABBABABABBBBBAABBABABABABAABBBBBBBABBAAABBBBBABBBBABAAABAABBBBAAAAAAAAAAAAAAABAABABAAABBBABBABBBBAABBBBBBABABBBBAABABBBA
AAAAAAAAAAAAAAAAAAAAAAAAAAAAAAAAAAAAAAAAAAABBBBBBBBBBBBBBBBBBBBBBBBBBBBB..BABBABABBABABABBBBBAABBABABABABAABBBBBBBABBAAABBBBBABBBBABAAABAABBBBAAAAAAAAAAAAAAABAABABAAABBBABBABBBBAABBBBBBABABBBBAABABBBA
AAAAAAAAAAAAAAAAAAAAAAAAAAAAAAAAAAAAAAAAAAA..BBBBBBBBBBBBBBBBBBBBBBBBBBBBBBABBABABBABABABBBBBAABBABABABABAABBBBBBBABBAAABBBBBABBBBABAAABAABBBBAAAAAAAAAAAAAAABAABABAAABBBABBABBBBAABBBBBBABABBBBAABABBBA
AAAAAAAAAAAAAAAAAAAAAAAAAAAAAAAAAAAAAAAAAAAABBBBBBBBBBBBBBBBBBBBBBBBBBBBBBB..BABABBABABABBBBBAABBABABABABAABBBBBBBABBAAABBBBBABBBBABAAABAABBBBAAAAAAAAAAAAAAABAABABAAABBBABBABBBBAABBBBBBABABBBBAABABBBA
AAAAAAAAAAAAAAAAAAAAAAAAAAAAAAAAAAAAAAAAAAAA..BBBBBBBBBBBBBBBBBBBBBBBBBBBBBBBBABABBABABABBBBBAABBABABABABAABBBBBBBABBAAABBBBBABBBBABAAABAABBBBAAAAAAAAAAAAAAABAABABAAABBBABBABBBBAABBBBBBABABBBBAABABBBA
AAAAAAAAAAAAAAAAAAAAAAAAAAAAAAAAAAAAAAAAAAAAABBBBBBBBBBBBBBBBBBBBBBBBBBBBBBBBB..ABBABABABBBBBAABBABABABABAABBBBBBBABBAAABBBBBABBBBABAAABAABBBBAAAAAAAAAAAAAAABAABABAAABBBABBABBBBAABBBBBBABABBBBAABABBBA
AAAAAAAAAAAAAAAAAAAAAAAAAAAAAAAAAAAAAAAAAAAAA..BBBBBBBBBBBBBBBBBBBBBBBBBBBBBBBBBABBABABABBBBBAABBABABABABAABBBBBBBABBAAABBBBBABBBBABAAABAABBBBAAAAAAAAAAAAAAABAABABAAABBBABBABBBBAABBBBBBABABBBBAABABBBA
AAAAAAAAAAAAAAAAAAAAAAAAAAAAAAAAAAAAAAAAAAAAAABBBBBBBBBBBBBBBBBBBBBBBBBBBBBBBBBB..BABABABBBBBAABBABABABABAABBBBBBBABBAAABBBBBABBBBABAAABAABBBBAAAAAAAAAAAAAAABAABABAAABBBABBABBBBAABBBBBBABABBBBAABABBBA
AAAAAAAAAAAAAAAAAAAAAAAAAAAAAAAAAAAAAAAAAAAAAA..BBBBBBBBBBBBBBBBBBBBBBBBBBBBBBBBBBBABABABBBBBAABBABABABABAABBBBBBBABBAAABBBBBABBBBABAAABAABBBBAAAAAAAAAAAAAAABAABABAAABBBABBABBBBAABBBBBBABABBBBAABABBBA
AAAAAAAAAAAAAAAAAAAAAAAAAAAAAAAAAAAAAAAAAAAAAAABBBBBBBBBBBBBBBBBBBBBBBBBBBBBBBBBBBB..ABABBBBBAABBABABABABAABBBBBBBABBAAABBBBBABBBBABAAABAABBBBAAAAAAAAAAAAAAABAABABAAABBBABBABBBBAABBBBBBABABBBBAABABBBA
AAAAAAAAAAAAAAAAAAAAAAAAAAAAAAAAAAAAAAAAAAAAAAA..BBBBBBBBBBBBBBBBBBBBBBBBBBBBBBBBBBBBABABBBBBAABBABABABABAABBBBBBBABBAAABBBBBABBBBABAAABAABBBBAAAAAAAAAAAAAAABAABABAAABBBABBABBBBAABBBBBBABABBBBAABABBBA
AAAAAAAAAAAAAAAAAAAAAAAAAAAAAAAAAAAAAAAAAAAAAAAABBBBBBBBBBBBBBBBBBBBBBBBBBBBBBBBBBBBB..ABBBBBAABBABABABABAABBBBBBBABBAAABBBBBABBBBABAAABAABBBBAAAAAAAAAAAAAAABAABABAAABBBABBABBBBAABBBBBBABABBBBAABABBBA
AAAAAAAAAAAAAAAAAAAAAAAAAAAAAAAAAAAAAAAAAAAAAAAA..BBBBBBBBBBBBBBBBBBBBBBBBBBBBBBBBBBBBBABBBBBAABBABABABABAABBBBBBBABBAAABBBBBABBBBABAAABAABBBBAAAAAAAAAAAAAAABAABABAAABBBABBABBBBAABBBBBBABABBBBAABABBBA
AAAAAAAAAAAAAAAAAAAAAAAAAAAAAAAAAAAAAAAAAAAAAAAAABBBBBBBBBBBBBBBBBBBBBBBBBBBBBBBBBBBBBB..BBBBAABBABABABABAABBBBBBBABBAAABBBBBABBBBABAAABAABBBBAAAAAAAAAAAAAAABAABABAAABBBABBABBBBAABBBBBBABABBBBAABABBBA
AAAAAAAAAAAAAAAAAAAAAAAAAAAAAAAAAAAAAAAAAAAAAAAAA..BBBBBBBBBBBBBBBBBBBBBBBBBBBBBBBBBBBBBBBBBBAABBABABABABAABBBBBBBABBAAABBBBBABBBBABAAABAABBBBAAAAAAAAAAAAAAABAABABAAABBBABBABBBBAABBBBBBABABBBBAABABBBA
AAAAAAAAAAAAAAAAAAAAAAAAAAAAAAAAAAAAAAAAAAAAAAAAAAABBBBBBBBBBBBBBBBBBBBBBBBBBBBBBBBBBBBBBBBBB..BBABABABABAABBBBBBBABBAAABBBBBABBBBABAAABAABBBBAAAAAAAAAAAAAAABAABABAAABBBABBABBBBAABBBBBBABABBBBAABABBBA
AAAAAAAAAAAAAAAAAAAAAAAAAAAAAAAAAAAAAAAAAAAAAAAAAAA..BBBBBBBBBBBBBBBBBBBBBBBBBBBBBBBBBBBBBBBBBBBBABABABABAABBBBBBBABBAAABBBBBABBBBABAAABAABBBBAAAAAAAAAAAAAAABAABABAAABBBABBABBBBAABBBBBBABABBBBAABABBBA
AAAAAAAAAAAAAAAAAAAAAAAAAAAAAAAAAAAAAAAAAAAAAAAAAAAABBBBBBBBBBBBBBBBBBBBBBBBBBBBBBBBBBBBBBBBBBBBB..ABABABAABBBBBBBABBAAABBBBBABBBBABAAABAABBBBAAAAAAAAAAAAAAABAABABAAABBBABBABBBBAABBBBBBABABBBBAABABBBA
AAAAAAAAAAAAAAAAAAAAAAAAAAAAAAAAAAAAAAAAAAAAAAAAAAAA..BBBBBBBBBBBBBBBBBBBBBBBBBBBBBBBBBBBBBBBBBBBBBABABABAABBBBBBBABBAAABBBBBABBBBABAAABAABBBBAAAAAAAAAAAAAAABAABABAAABBBABBABBBBAABBBBBBABABBBBAABABBBA
AAAAAAAAAAAAAAAAAAAAAAAAAAAAAAAAAAAAAAAAAAAAAAAAAAAAABBBBBBBBBBBBBBBBBBBBBBBBBBBBBBBBBBBBBBBBBBBBBB..ABABAABBBBBBBABBAAABBBBBABBBBABAAABAABBBBAAAAAAAAAAAAAAABAABABAAABBBABBABBBBAABBBBBBABABBBBAABABBBA
AAAAAAAAAAAAAAAAAAAAAAAAAAAAAAAAAAAAAAAAAAAAAAAAAAAAA..BBBBBBBBBBBBBBBBBBBBBBBBBBBBBBBBBBBBBBBBBBBBBBABABAABBBBBBBABBAAABBBBBABBBBABAAABAABBBBAAAAAAAAAAAAAAABAABABAAABBBABBABBBBAABBBBBBABABBBBAABABBBA
AAAAAAAAAAAAAAAAAAAAAAAAAAAAAAAAAAAAAAAAAAAAAAAAAAAAAABBBBBBBBBBBBBBBBBBBBBBBBBBBBBBBBBBBBBBBBBBBBBBB..ABAABBBBBBBABBAAABBBBBABBBBABAAABAABBBBAAAAAAAAAAAAAAABAABABAAABBBABBABBBBAABBBBBBABABBBBAABABBBA
AAAAAAAAAAAAAAAAAAAAAAAAAAAAAAAAAAAAAAAAAAAAAAAAAAAAAA..BBBBBBBBBBBBBBBBBBBBBBBBBBBBBBBBBBBBBBBBBBBBBBBABAABBBBBBBABBAAABBBBBABBBBABAAABAABBBBAAAAAAAAAAAAAAABAABABAAABBBABBABBBBAABBBBBBABABBBBAABABBBA
AAAAAAAAAAAAAAAAAAAAAAAAAAAAAAAAAAAAAAAAAAAAAAAAAAAAAAABBBBBBBBBBBBBBBBBBBBBBBBBBBBBBBBBBBBBBBBBBBBBBBB..AABBBBBBBABBAAABBBBBABBBBABAAABAABBBBAAAAAAAAAAAAAAABAABABAAABBBABBABBBBAABBBBBBABABBBBAABABBBA
AAAAAAAAAAAAAAAAAAAAAAAAAAAAAAAAAAAAAAAAAAAAAAAAAAAAAAA..BBBBBBBBBBBBBBBBBBBBBBBBBBBBBBBBBBBBBBBBBBBBBBBBAABBBBBBBABBAAABBBBBABBBBABAAABAABBBBAAAAAAAAAAAAAAABAABABAAABBBABBABBBBAABBBBBBABABBBBAABABBBA
AAAAAAAAAAAAAAAAAAAAAAAAAAAAAAAAAAAAAAAAAAAAAAAAAAAAAAAAABBBBBBBBBBBBBBBBBBBBBBBBBBBBBBBBBBBBBBBBBBBBBBBB..BBBBBBBABBAAABBBBBABBBBABAAABAABBBBAAAAAAAAAAAAAAABAABABAAABBBABBABBBBAABBBBBBABABBBBAABABBBA
AAAAAAAAAAAAAAAAAAAAAAAAAAAAAAAAAAAAAAAAAAAAAAAAAAAAAAAAA..BBBBBBBBBBBBBBBBBBBBBBBBBBBBBBBBBBBBBBBBBBBBBBBBBBBBBBBABBAAABBBBBABBBBABAAABAABBBBAAAAAAAAAAAAAAABAABABAAABBBABBABBBBAABBBBBBABABBBBAABABBBA
AAAAAAAAAAAAAAAAAAAAAAAAAAAAAAAAAAAAAAAAAAAAAAAAAAAAAAAAAABBBBBBBBBBBBBBBBBBBBBBBBBBBBBBBBBBBBBBBBBBBBBBBBBBBBBBBB..BAAABBBBBABBBBABAAABAABBBBAAAAAAAAAAAAAAABAABABAAABBBABBABBBBAABBBBBBABABBBBAABABBBA
AAAAAAAAAAAAAAAAAAAAAAAAAAAAAAAAAAAAAAAAAAAAAAAAAAAAAAAAAA..BBBBBBBBBBBBBBBBBBBBBBBBBBBBBBBBBBBBBBBBBBBBBBBBBBBBBBBBBAAABBBBBABBBBABAAABAABBBBAAAAAAAAAAAAAAABAABABAAABBBABBABBBBAABBBBBBABABBBBAABABBBA
AAAAAAAAAAAAAAAAAAAAAAAAAAAAAAAAAAAAAAAAAAAAAAAAAAAAAAAAAAAABBBBBBBBBBBBBBBBBBBBBBBBBBBBBBBBBBBBBBBBBBBBBBBBBBBBBBBBB..ABBBBBABBBBABAAABAABBBBAAAAAAAAAAAAAAABAABABAAABBBABBABBBBAABBBBBBABABBBBAABABBBA
AAAAAAAAAAAAAAAAAAAAAAAAAAAAAAAAAAAAAAAAAAAAAAAAAAAAAAAAAAAA..BBBBBBBBBBBBBBBBBBBBBBBBBBBBBBBBBBBBBBBBBBBBBBBBBBBBBBBBBABBBBBABBBBABAAABAABBBBAAAAAAAAAAAAAAABAABABAAABBBABBABBBBAABBBBBBABABBBBAABABBBA
AAAAAAAAAAAAAAAAAAAAAAAAAAAAAAAAAAAAAAAAAAAAAAAAAAAAAAAAAAAAABBBBBBBBBBBBBBBBBBBBBBBBBBBBBBBBBBBBBBBBBBBBBBBBBBBBBBBBBB..BBBBABBBBABAAABAABBBBAAAAAAAAAAAAAAABAABABAAABBBABBABBBBAABBBBBBABABBBBAABABBBA
AAAAAAAAAAAAAAAAAAAAAAAAAAAAAAAAAAAAAAAAAAAAAAAAAAAAAAAAAAAAA..BBBBBBBBBBBBBBBBBBBBBBBBBBBBBBBBBBBBBBBBBBBBBBBBBBBBBBBBBBBBBBABBBBABAAABAABBBBAAAAAAAAAAAAAAABAABABAAABBBABBABBBBAABBBBBBABABBBBAABABBBA
AAAAAAAAAAAAAAAAAAAAAAAAAAAAAAAAAAAAAAAAAAAAAAAAAAAAAAAAAAAAAABBBBBBBBBBBBBBBBBBBBBBBBBBBBBBBBBBBBBBBBBBBBBBBBBBBBBBBBBBBBBBB..BBBABAAABAABBBBAAAAAAAAAAAAAAABAABABAAABBBABBABBBBAABBBBBBABABBBBAABABBBA
AAAAAAAAAAAAAAAAAAAAAAAAAAAAAAAAAAAAAAAAAAAAAAAAAAAAAAAAAAAAAA..BBBBBBBBBBBBBBBBBBBBBBBBBBBBBBBBBBBBBBBBBBBBBBBBBBBBBBBBBBBBBBBBBBABAAABAABBBBAAAAAAAAAAAAAAABAABABAAABBBABBABBBBAABBBBBBABABBBBAABABBBA
AAAAAAAAAAAAAAAAAAAAAAAAAAAAAAAAAAAAAAAAAAAAAAAAAAAAAAAAAAAAAAABBBBBBBBBBBBBBBBBBBBBBBBBBBBBBBBBBBBBBBBBBBBBBBBBBBBBBBBBBBBBBBBBBB..AAABAABBBBAAAAAAAAAAAAAAABAABABAAABBBABBABBBBAABBBBBBABABBBBAABABBBA
AAAAAAAAAAAAAAAAAAAAAAAAAAAAAAAAAAAAAAAAAAAAAAAAAAAAAAAAAAAAAAA..BBBBBBBBBBBBBBBBBBBBBBBBBBBBBBBBBBBBBBBBBBBBBBBBBBBBBBBBBBBBBBBBBBBAAABAABBBBAAAAAAAAAAAAAAABAABABAAABBBABBABBBBAABBBBBBABABBBBAABABBBA
AAAAAAAAAAAAAAAAAAAAAAAAAAAAAAAAAAAAAAAAAAAAAAAAAAAAAAAAAAAAAAAAABBBBBBBBBBBBBBBBBBBBBBBBBBBBBBBBBBBBBBBBBBBBBBBBBBBBBBBBBBBBBBBBBBB..ABAABBBBAAAAAAAAAAAAAAABAABABAAABBBABBABBBBAABBBBBBABABBBBAABABBBA
AAAAAAAAAAAAAAAAAAAAAAAAAAAAAAAAAAAAAAAAAAAAAAAAAAAAAAAAAAAAAAAAA..BBBBBBBBBBBBBBBBBBBBBBBBBBBBBBBBBBBBBBBBBBBBBBBBBBBBBBBBBBBBBBBBBBBABAABBBBAAAAAAAAAAAAAAABAABABAAABBBABBABBBBAABBBBBBABABBBBAABABBBA
AAAAAAAAAAAAAAAAAAAAAAAAAAAAAAAAAAAAAAAAAAAAAAAAAAAAAAAAAAAAAAAAAABBBBBBBBBBBBBBBBBBBBBBBBBBBBBBBBBBBBBBBBBBBBBBBBBBBBBBBBBBBBBBBBBBBB..AABBBBAAAAAAAAAAAAAAABAABABAAABBBABBABBBBAABBBBBBABABBBBAABABBBA
AAAAAAAAAAAAAAAAAAAAAAAAAAAAAAAAAAAAAAAAAAAAAAAAAAAAAAAAAAAAAAAAAA..BBBBBBBBBBBBBBBBBBBBBBBBBBBBBBBBBBBBBBBBBBBBBBBBBBBBBBBBBBBBBBBBBBBBAABBBBAAAAAAAAAAAAAAABAABABAAABBBABBABBBBAABBBBBBABABBBBAABABBBA
AAAAAAAAAAAAAAAAAAAAAAAAAAAAAAAAAAAAAAAAAAAAAAAAAAAAAAAAAAAAAAAAAAAABBBBBBBBBBBBBBBBBBBBBBBBBBBBBBBBBBBBBBBBBBBBBBBBBBBBBBBBBBBBBBBBBBBB..BBBBAAAAAAAAAAAAAAABAABABAAABBBABBABBBBAABBBBBBABABBBBAABABBBA
AAAAAAAAAAAAAAAAAAAAAAAAAAAAAAAAAAAAAAAAAAAAAAAAAAAAAAAAAAAAAAAAAAAA..BBBBBBBBBBBBBBBBBBBBBBBBBBBBBBBBBBBBBBBBBBBBBBBBBBBBBBBBBBBBBBBBBBBBBBBBAAAAAAAAAAAAAAABAABABAAABBBABBABBBBAABBBBBBABABBBBAABABBBA
AAAAAAAAAAAAAAAAAAAAAAAAAAAAAAAAAAAAAAAAAAAAAAAAAAAAAAAAAAAAAAAAAAAAAABBBBBBBBBBBBBBBBBBBBBBBBBBBBBBBBBBBBBBBBBBBBBBBBBBBBBBBBBBBBBBBBBBBBBBBB..AAAAAAAAAAAAABAABABAAABBBABBABBBBAABBBBBBABABBBBAABABBBA
AAAAAAAAAAAAAAAAAAAAAAAAAAAAAAAAAAAAAAAAAAAAAAAAAAAAAAAAAAAAAAAAAAAAAA..BBBBBBBBBBBBBBBBBBBBBBBBBBBBBBBBBBBBBBBBBBBBBBBBBBBBBBBBBBBBBBBBBBBBBBBBAAAAAAAAAAAAABAABABAAABBBABBABBBBAABBBBBBABABBBBAABABBBA
AAAAAAAAAAAAAAAAAAAAAAAAAAAAAAAAAAAAAAAAAAAAAAAAAAAAAAAAAAAAAAAAAAAAAAAABBBBBBBBBBBBBBBBBBBBBBBBBBBBBBBBBBBBBBBBBBBBBBBBBBBBBBBBBBBBBBBBBBBBBBBB..AAAAAAAAAAABAABABAAABBBABBABBBBAABBBBBBABABBBBAABABBBA
AAAAAAAAAAAAAAAAAAAAAAAAAAAAAAAAAAAAAAAAAAAAAAAAAAAAAAAAAAAAAAAAAAAAAAAA..BBBBBBBBBBBBBBBBBBBBBBBBBBBBBBBBBBBBBBBBBBBBBBBBBBBBBBBBBBBBBBBBBBBBBBBBAAAAAAAAAAABAABABAAABBBABBABBBBAABBBBBBABABBBBAABABBBA
AAAAAAAAAAAAAAAAAAAAAAAAAAAAAAAAAAAAAAAAAAAAAAAAAAAAAAAAAAAAAAAAAAAAAAAAAABBBBBBBBBBBBBBBBBBBBBBBBBBBBBBBBBBBBBBBBBBBBBBBBBBBBBBBBBBBBBBBBBBBBBBBB..AAAAAAAAABAABABAAABBBABBABBBBAABBBBBBABABBBBAABABBBA
AAAAAAAAAAAAAAAAAAAAAAAAAAAAAAAAAAAAAAAAAAAAAAAAAAAAAAAAAAAAAAAAAAAAAAAAAA..BBBBBBBBBBBBBBBBBBBBBBBBBBBBBBBBBBBBBBBBBBBBBBBBBBBBBBBBBBBBBBBBBBBBBBBBAAAAAAAAABAABABAAABBBABBABBBBAABBBBBBABABBBBAABABBBA
AAAAAAAAAAAAAAAAAAAAAAAAAAAAAAAAAAAAAAAAAAAAAAAAAAAAAAAAAAAAAAAAAAAAAAAAAAAABBBBBBBBBBBBBBBBBBBBBBBBBBBBBBBBBBBBBBBBBBBBBBBBBBBBBBBBBBBBBBBBBBBBBBBB..AAAAAAABAABABAAABBBABBABBBBAABBBBBBABABBBBAABABBBA
AAAAAAAAAAAAAAAAAAAAAAAAAAAAAAAAAAAAAAAAAAAAAAAAAAAAAAAAAAAAAAAAAAAAAAAAAAAA..BBBBBBBBBBBBBBBBBBBBBBBBBBBBBBBBBBBBBBBBBBBBBBBBBBBBBBBBBBBBBBBBBBBBBBBBAAAAAAABAABABAAABBBABBABBBBAABBBBBBABABBBBAABABBBA
AAAAAAAAAAAAAAAAAAAAAAAAAAAAAAAAAAAAAAAAAAAAAAAAAAAAAAAAAAAAAAAAAAAAAAAAAAAAAABBBBBBBBBBBBBBBBBBBBBBBBBBBBBBBBBBBBBBBBBBBBBBBBBBBBBBBBBBBBBBBBBBBBBBBB..AAAAABAABABAAABBBABBABBBBAABBBBBBABABBBBAABABBBA
AAAAAAAAAAAAAAAAAAAAAAAAAAAAAAAAAAAAAAAAAAAAAAAAAAAAAAAAAAAAAAAAAAAAAAAAAAAAAA..BBBBBBBBBBBBBBBBBBBBBBBBBBBBBBBBBBBBBBBBBBBBBBBBBBBBBBBBBBBBBBBBBBBBBBBBAAAAABAABABAAABBBABBABBBBAABBBBBBABABBBBAABABBBA
AAAAAAAAAAAAAAAAAAAAAAAAAAAAAAAAAAAAAAAAAAAAAAAAAAAAAAAAAAAAAAAAAAAAAAAAAAAAAAAABBBBBBBBBBBBBBBBBBBBBBBBBBBBBBBBBBBBBBBBBBBBBBBBBBBBBBBBBBBBBBBBBBBBBBBB..AAABAABABAAABBBABBABBBBAABBBBBBABABBBBAABABBBA
AAAAAAAAAAAAAAAAAAAAAAAAAAAAAAAAAAAAAAAAAAAAAAAAAAAAAAAAAAAAAAAAAAAAAAAAAAAAAAAA..BBBBBBBBBBBBBBBBBBBBBBBBBBBBBBBBBBBBBBBBBBBBBBBBBBBBBBBBBBBBBBBBBBBBBBBBAAABAABABAAABBBABBABBBBAABBBBBBABABBBBAABABBBA
AAAAAAAAAAAAAAAAAAAAAAAAAAAAAAAAAAAAAAAAAAAAAAAAAAAAAAAAAAAAAAAAAAAAAAAAAAAAAAAAAABBBBBBBBBBBBBBBBBBBBBBBBBBBBBBBBBBBBBBBBBBBBBBBBBBBBBBBBBBBBBBBBBBBBBBBB..ABAABABAAABBBABBABBBBAABBBBBBABABBBBAABABBBA
AAAAAAAAAAAAAAAAAAAAAAAAAAAAAAAAAAAAAAAAAAAAAAAAAAAAAAAAAAAAAAAAAAAAAAAAAAAAAAAAAA..BBBBBBBBBBBBBBBBBBBBBBBBBBBBBBBBBBBBBBBBBBBBBBBBBBBBBBBBBBBBBBBBBBBBBBBBABAABABAAABBBABBABBBBAABBBBBBABABBBBAABABBBA
AAAAAAAAAAAAAAAAAAAAAAAAAAAAAAAAAAAAAAAAAAAAAAAAAAAAAAAAAAAAAAAAAAAAAAAAAAAAAAAAAAABBBBBBBBBBBBBBBBBBBBBBBBBBBBBBBBBBBBBBBBBBBBBBBBBBBBBBBBBBBBBBBBBBBBBBBBB..AABABAAABBBABBABBBBAABBBBBBABABBBBAABABBBA
AAAAAAAAAAAAAAAAAAAAAAAAAAAAAAAAAAAAAAAAAAAAAAAAAAAAAAAAAAAAAAAAAAAAAAAAAAAAAAAAAAA..BBBBBBBBBBBBBBBBBBBBBBBBBBBBBBBBBBBBBBBBBBBBBBBBBBBBBBBBBBBBBBBBBBBBBBBBBAABABAAABBBABBABBBBAABBBBBBABABBBBAABABBBA
AAAAAAAAAAAAAAAAAAAAAAAAAAAAAAAAAAAAAAAAAAAAAAAAAAAAAAAAAAAAAAAAAAAAAAAAAAAAAAAAAAAAABBBBBBBBBBBBBBBBBBBBBBBBBBBBBBBBBBBBBBBBBBBBBBBBBBBBBBBBBBBBBBBBBBBBBBBBB..BABAAABBBABBABBBBAABBBBBBABABBBBAABABBBA
AAAAAAAAAAAAAAAAAAAAAAAAAAAAAAAAAAAAAAAAAAAAAAAAAAAAAAAAAAAAAAAAAAAAAAAAAAAAAAAAAAAAA..BBBBBBBBBBBBBBBBBBBBBBBBBBBBBBBBBBBBBBBBBBBBBBBBBBBBBBBBBBBBBBBBBBBBBBBBBBABAAABBBABBABBBBAABBBBBBABABBBBAABABBBA
AAAAAAAAAAAAAAAAAAAAAAAAAAAAAAAAAAAAAAAAAAAAAAAAAAAAAAAAAAAAAAAAAAAAAAAAAAAAAAAAAAAAAABBBBBBBBBBBBBBBBBBBBBBBBBBBBBBBBBBBBBBBBBBBBBBBBBBBBBBBBBBBBBBBBBBBBBBBBBBB..AAABBBABBABBBBAABBBBBBABABBBBAABABBBA
AAAAAAAAAAAAAAAAAAAAAAAAAAAAAAAAAAAAAAAAAAAAAAAAAAAAAAAAAAAAAAAAAAAAAAAAAAAAAAAAAAAAAA..BBBBBBBBBBBBBBBBBBBBBBBBBBBBBBBBBBBBBBBBBBBBBBBBBBBBBBBBBBBBBBBBBBBBBBBBBBBAAABBBABBABBBBAABBBBBBABABBBBAABABBBA
AAAAAAAAAAAAAAAAAAAAAAAAAAAAAAAAAAAAAAAAAAAAAAAAAAAAAAAAAAAAAAAAAAAAAAAAAAAAAAAAAAAAAAAABBBBBBBBBBBBBBBBBBBBBBBBBBBBBBBBBBBBBBBBBBBBBBBBBBBBBBBBBBBBBBBBBBBBBBBBBBB..ABBBABBABBBBAABBBBBBABABBBBAABABBBA
AAAAAAAAAAAAAAAAAAAAAAAAAAAAAAAAAAAAAAAAAAAAAAAAAAAAAAAAAAAAAAAAAAAAAAAAAAAAAAAAAAAAAAAA..BBBBBBBBBBBBBBBBBBBBBBBBBBBBBBBBBBBBBBBBBBBBBBBBBBBBBBBBBBBBBBBBBBBBBBBBBBBABBBABBABBBBAABBBBBBABABBBBAABABBBA
AAAAAAAAAAAAAAAAAAAAAAAAAAAAAAAAAAAAAAAAAAAAAAAAAAAAAAAAAAAAAAAAAAAAAAAAAAAAAAAAAAAAAAAAABBBBBBBBBBBBBBBBBBBBBBBBBBBBBBBBBBBBBBBBBBBBBBBBBBBBBBBBBBBBBBBBBBBBBBBBBBBB..BBABBABBBBAABBBBBBABABBBBAABABBBA
AAAAAAAAAAAAAAAAAAAAAAAAAAAAAAAAAAAAAAAAAAAAAAAAAAAAAAAAAAAAAAAAAAAAAAAAAAAAAAAAAAAAAAAAA..BBBBBBBBBBBBBBBBBBBBBBBBBBBBBBBBBBBBBBBBBBBBBBBBBBBBBBBBBBBBBBBBBBBBBBBBBBBBBBABBABBBBAABBBBBBABABBBBAABABBBA
AAAAAAAAAAAAAAAAAAAAAAAAAAAAAAAAAAAAAAAAAAAAAAAAAAAAAAAAAAAAAAAAAAAAAAAAAAAAAAAAAAAAAAAAAABBBBBBBBBBBBBBBBBBBBBBBBBBBBBBBBBBBBBBBBBBBBBBBBBBBBBBBBBBBBBBBBBBBBBBBBBBBBBBB..BABBBBAABBBBBBABABBBBAABABBBA
AAAAAAAAAAAAAAAAAAAAAAAAAAAAAAAAAAAAAAAAAAAAAAAAAAAAAAAAAAAAAAAAAAAAAAAAAAAAAAAAAAAAAAAAAA..BBBBBBBBBBBBBBBBBBBBBBBBBBBBBBBBBBBBBBBBBBBBBBBBBBBBBBBBBBBBBBBBBBBBBBBBBBBBBBBBABBBBAABBBBBBABABBBBAABABBBA
AAAAAAAAAAAAAAAAAAAAAAAAAAAAAAAAAAAAAAAAAAAAAAAAAAAAAAAAAAAAAAAAAAAAAAAAAAAAAAAAAAAAAAAAAAABBBBBBBBBBBBBBBBBBBBBBBBBBBBBBBBBBBBBBBBBBBBBBBBBBBBBBBBBBBBBBBBBBBBBBBBBBBBBBBBB..BBBAABBBBBBABABBBBAABABBBA
AAAAAAAAAAAAAAAAAAAAAAAAAAAAAAAAAAAAAAAAAAAAAAAAAAAAAAAAAAAAAAAAAAAAAAAAAAAAAAAAAAAAAAAAAAA..BBBBBBBBBBBBBBBBBBBBBBBBBBBBBBBBBBBBBBBBBBBBBBBBBBBBBBBBBBBBBBBBBBBBBBBBBBBBBBBBBBBBAABBBBBBABABBBBAABABBBA
AAAAAAAAAAAAAAAAAAAAAAAAAAAAAAAAAAAAAAAAAAAAAAAAAAAAAAAAAAAAAAAAAAAAAAAAAAAAAAAAAAAAAAAAAAAAABBBBBBBBBBBBBBBBBBBBBBBBBBBBBBBBBBBBBBBBBBBBBBBBBBBBBBBBBBBBBBBBBBBBBBBBBBBBBBBBBBBB..BBBBBBABABBBBAABABBBA
AAAAAAAAAAAAAAAAAAAAAAAAAAAAAAAAAAAAAAAAAAAAAAAAAAAAAAAAAAAAAAAAAAAAAAAAAAAAAAAAAAAAAAAAAAAAA..BBBBBBBBBBBBBBBBBBBBBBBBBBBBBBBBBBBBBBBBBBBBBBBBBBBBBBBBBBBBBBBBBBBBBBBBBBBBBBBBBBBBBBBBBBABABBBBAABABBBA
AAAAAAAAAAAAAAAAAAAAAAAAAAAAAAAAAAAAAAAAAAAAAAAAAAAAAAAAAAAAAAAAAAAAAAAAAAAAAAAAAAAAAAAAAAAAAABBBBBBBBBBBBBBBBBBBBBBBBBBBBBBBBBBBBBBBBBBBBBBBBBBBBBBBBBBBBBBBBBBBBBBBBBBBBBBBBBBBBBBBBBBB..ABBBBAABABBBA
AAAAAAAAAAAAAAAAAAAAAAAAAAAAAAAAAAAAAAAAAAAAAAAAAAAAAAAAAAAAAAAAAAAAAAAAAAAAAAAAAAAAAAAAAAAAAA..BBBBBBBBBBBBBBBBBBBBBBBBBBBBBBBBBBBBBBBBBBBBBBBBBBBBBBBBBBBBBBBBBBBBBBBBBBBBBBBBBBBBBBBBBBBABBBBAABABBBA
AAAAAAAAAAAAAAAAAAAAAAAAAAAAAAAAAAAAAAAAAAAAAAAAAAAAAAAAAAAAAAAAAAAAAAAAAAAAAAAAAAAAAAAAAAAAAAABBBBBBBBBBBBBBBBBBBBBBBBBBBBBBBBBBBBBBBBBBBBBBBBBBBBBBBBBBBBBBBBBBBBBBBBBBBBBBBBBBBBBBBBBBBB..BBBAABABBBA
AAAAAAAAAAAAAAAAAAAAAAAAAAAAAAAAAAAAAAAAAAAAAAAAAAAAAAAAAAAAAAAAAAAAAAAAAAAAAAAAAAAAAAAAAAAAAAA..BBBBBBBBBBBBBBBBBBBBBBBBBBBBBBBBBBBBBBBBBBBBBBBBBBBBBBBBBBBBBBBBBBBBBBBBBBBBBBBBBBBBBBBBBBBBBBBAABABBBA
AAAAAAAAAAAAAAAAAAAAAAAAAAAAAAAAAAAAAAAAAAAAAAAAAAAAAAAAAAAAAAAAAAAAAAAAAAAAAAAAAAAAAAAAAAAAAAAAABBBBBBBBBBBBBBBBBBBBBBBBBBBBBBBBBBBBBBBBBBBBBBBBBBBBBBBBBBBBBBBBBBBBBBBBBBBBBBBBBBBBBBBBBBBBBBB..BABBBA
AAAAAAAAAAAAAAAAAAAAAAAAAAAAAAAAAAAAAAAAAAAAAAAAAAAAAAAAAAAAAAAAAAAAAAAAAAAAAAAAAAAAAAAAAAAAAAAAA..BBBBBBBBBBBBBBBBBBBBBBBBBBBBBBBBBBBBBBBBBBBBBBBBBBBBBBBBBBBBBBBBBBBBBBBBBBBBBBBBBBBBBBBBBBBBBBBBABBBA
AAAAAAAAAAAAAAAAAAAAAAAAAAAAAAAAAAAAAAAAAAAAAAAAAAAAAAAAAAAAAAAAAAAAAAAAAAAAAAAAAAAAAAAAAAAAAAAAAABBBBBBBBBBBBBBBBBBBBBBBBBBBBBBBBBBBBBBBBBBBBBBBBBBBBBBBBBBBBBBBBBBBBBBBBBBBBBBBBBBBBBBBBBBBBBBBBB..BBA
AAAAAAAAAAAAAAAAAAAAAAAAAAAAAAAAAAAAAAAAAAAAAAAAAAAAAAAAAAAAAAAAAAAAAAAAAAAAAAAAAAAAAAAAAAAAAAAAAA..BBBBBBBBBBBBBBBBBBBBBBBBBBBBBBBBBBBBBBBBBBBBBBBBBBBBBBBBBBBBBBBBBBBBBBBBBBBBBBBBBBBBBBBBBBBBBBBBBBBA
AAAAAAAAAAAAAAAAAAAAAAAAAAAAAAAAAAAAAAAAAAAAAAAAAAAAAAAAAAAAAAAAAAAAAAAAAAAAAAAAAAAAAAAAAAAAAAAAAABABBBBBBBBBBBBBBBBBBBBBBBBBBBBBBBBBBBBBBBBBBBBBBBBBBBBBBBBBBBBBBBBBBBBBBBBBBBBBBBBBBBBBBBBBBBBBBBBBB..
AAAAAAAAAAAAAAAAAAAAAAAAAAAAAAAAAAAAAAAAAAAAAAAAAAAAAAAAAAAAAAAAAAAAAAAAAAAAAAAAAAAAAAAAAAAAAAAAAABA..BBBBBBBBBBBBBBBBBBBBBBBBBBBBBBBBBBBBBBBBBBBBBBBBBBBBBBBBBBBBBBBBBBBBBBBBBBBBBBBBBBBBBBBBBBBBBBBBBB
AAAAAAAAAAAAAAAAAAAAAAAAAAAAAAAAAAAAAAAAAAAAAAAAAAAAAAAAAAAAAAAAAAAAAAAAAAAAAAAAAAAAAAAAAAAAAAAAAA..BABBBBBBBBBBBBBBBBBBBBBBBBBBBBBBBBBBBBBBBBBBBBBBBBBBBBBBBBBBBBBBBBBBBBBBBBBBBBBBBBBBBBBBBBBBBBBBBBBB
AAAAAAAAAAAAAAAAAAAAAAAAAAAAAAAAAAAAAAAAAAAAAAAAAAAAAAAAAAAAAAAAAAAAAAAAAAAAAAAAAAAAAAAAAAAAAAAAAAABB..BBBBBBBBBBBBBBBBBBBBBBBBBBBBBBBBBBBBBBBBBBBBBBBBBBBBBBBBBBBBBBBBBBBBBBBBBBBBBBBBBBBBBBBBBBBBBBBBB
