142
..BAAAABAABABAABAABBBABBABABAAABBAAAABABABAAABBABBAABABABAABBBBBAABBBAAABBABABAABAABBAAABBABBABBBAAAAABBBBBABBABABABBAAABAAABAAAAABABABAAABABBABAAAAAABBBAABABABABBBABABABBBBAABBBBABBBBBAABBABBABBBAABB
AAB..AABAABABAABAABBBABBABABAAABBAAAABABABAAABBABBAABABABAABBBBBAABBBAAABBABABAABAABBAAABBABBABBBAAAAABBBBBABBABABABBAAABAAABAAAAABABABAAABABBABAAAAAABBBAABABABABBBABABABBBBAABBBBABBBBBAABBABBABBBAABB
AABAA..BAABABAABAABBBABBABABAAABBAAAABABABAAABBABBAABABABAABBBBBAABBBAAABBABABAABAABBAAABBABBABBBAAAAABBBBBABBABABABBAAABAAABAAAAABABABAAABABBABAAAAAABBBAABABABABBBABABABBBBAABBBBABBBBBAABBABBABBBAABB
AA..ABABAABABAABAABBBABBABABAAABBAAAABABABAAABBABBAABABABAABBBBBAABBBAAABBABABAABAABBAAABBABBABBBAAAAABBBBBABBABABABBAAABAAABAAAAABABABAAABABBABAAAAAABBBAABABABABBBABABABBBBAABBBBABBBBBAABBABBABBBAABB
AAAB..ABAABABAABAABBBABBABABAAABBAAAABABABAAABBABBAABABABAABBBBBAABBBAAABBABABAABAABBAAABBABBABBBAAAAABBBBBABBABABABBAAABAAABAAAAABABABAAABABBABAAAAAABBBAABABABABBBABABABBBBAABBBBABBBBBAABBABBABBBAABB
AAABAB..AABABAABAABBBABBABABAAABBAAAABABABAAABBABBAABABABAABBBBBAABBBAAABBABABAABAABBAAABBABBABBBAAAAABBBBBABBABABABBAAABAAABAAAAABABABAAABABBABAAAAAABBBAABABABABBBABABABBBBAABBBBABBBBBAABBABBABBBAABB
AAA..BBAAABABAABAABBBABBABABAAABBAAAABABABAAABBABBAABABABAABBBBBAABBBAAABBABABAABAABBAAABBABBABBBAAAAABBBBBABBABABABBAAABAAABAAAAABABABAAABABBABAAAAAABBBAABABABABBBABABABBBBAABBBBABBBBBAABBABBABBBAABB
AAAAABB..ABABAABAABBBABBABABAAABBAAAABABABAAABBABBAABABABAABBBBBAABBBAAABBABABAABAABBAAABBABBABBBAAAAABBBBBABBABABABBAAABAAABAAAAABABABAAABABBABAAAAAABBBAABABABABBBABABABBBBAABBBBABBBBBAABBABBABBBAABB
AAAAA..BBABABAABAABBBABBABABAAABBAAAABABABAAABBABBAABABABAABBBBBAABBBAAABBABABAABAABBAAABBABBABBBAAAAABBBBBABBABABABBAAABAAABAAAAABABABAAABABBABAAAAAABBBAABABABABBBABABABBBBAABBBBABBBBBAABBABBABBBAABB
AAAAAABBB..ABAABAABBBABBABABAAABBAAAABABABAAABBABBAABABABAABBBBBAABBBAAABBABABAABAABBAAABBABBABBBAAAAABBBBBABBABABABBAAABAAABAAAAABABABAAABABBABAAAAAABBBAABABABABBBABABABBBBAABBBBABBBBBAABBABBABBBAABB
AAAAAA..BBBABAABAABBBABBABABAAABBAAAABABABAAABBABBAABABABAABBBBBAABBBAAABBABABAABAABBAAABBABBABBBAAAAABBBBBABBABABABBAAABAAABAAAAABABABAAABABBABAAAAAABBBAABABABABBBABABABBBBAABBBBABBBBBAABBABBABBBAABB
AAAAAAABBBB..AABAABBBABBABABAAABBAAAABABABAAABBABBAABABABAABBBBBAABBBAAABBABABAABAABBAAABBABBABBBAAAAABBBBBABBABABABBAAABAAABAAAAABABABAAABABBABAAAAAABBBAABABABABBBABABABBBBAABBBBABBBBBAABBABBABBBAABB
AAAAAAA..BBBBAABAABBBABBABABAAABBAAAABABABAAABBABBAABABABAABBBBBAABBBAAABBABABAABAABBAAABBABBABBBAAAAABBBBBABBABABABBAAABAAABAAAAABABABAAABABBABAAAAAABBBAABABABABBBABABABBBBAABBBBABBBBBAABBABBABBBAABB
AAAAAAAAABBBB..BAABBBABBABABAAABBAAAABABABAAABBABBAABABABAABBBBBAABBBAAABBABABAABAABBAAABBABBABBBAAAAABBBBBABBABABABBAAABAAABAAAAABABABAAABABBABAAAAAABBBAABABABABBBABABABBBBAABBBBABBBBBAABBABBABBBAABB
AAAAAAAAA..BBBBBAABBBABBABABAAABBAAAABABABAAABBABBAABABABAABBBBBAABBBAAABBABABAABAABBAAABBABBABBBAAAAABBBBBABBABABABBAAABAAABAAAAABABABAAABABBABAAAAAABBBAABABABABBBABABABBBBAABBBBABBBBBAABBABBABBBAABB
AAAAAAAAAAABBBBB..BBBABBABABAAABBAAAABABABAAABBABBAABABABAABBBBBAABBBAAABBABABAABAABBAAABBABBABBBAAAAABBBBBABBABABABBAAABAAABAAAAABABABAAABABBABAAAAAABBBAABABABABBBABABABBBBAABBBBABBBBBAABBABBABBBAABB
AAAAAAAAAAA..BBBBBBBBABBABABAAABBAAAABABABAAABBABBAABABABAABBBBBAABBBAAABBABABAABAABBAAABBABBABBBAAAAABBBBBABBABABABBAAABAAABAAAAABABABAAABABBABAAAAAABBBAABABABABBBABABABBBBAABBBBABBBBBAABBABBABBBAABB
AAAAAAAAAAAABBBBBBBBB..BABABAAABBAAAABABABAAABBABBAABABABAABBBBBAABBBAAABBABABAABAABBAAABBABBABBBAAAAABBBBBABBABABABBAAABAAABAAAAABABABAAABABBABAAAAAABBBAABABABABBBABABABBBBAABBBBABBBBBAABBABBABBBAABB
AAAAAAAAAAAA..BBBBBBBBBBABABAAABBAAAABABABAAABBABBAABABABAABBBBBAABBBAAABBABABAABAABBAAABBABBABBBAAAAABBBBBABBABABABBAAABAAABAAAAABABABAAABABBABAAAAAABBBAABABABABBBABABABBBBAABBBBABBBBBAABBABBABBBAABB
AAAAAAAAAAAAABBBBBBBBBBB..ABAAABBAAAABABABAAABBABBAABABABAABBBBBAABBBAAABBABABAABAABBAAABBABBABBBAAAAABBBBBABBABABABBAAABAAABAAAAABABABAAABABBABAAAAAABBBAABABABABBBABABABBBBAABBBBABBBBBAABBABBABBBAABB
AAAAAAAAAAAAA..BBBBBBBBBBBABAAABBAAAABABABAAABBABBAABABABAABBBBBAABBBAAABBABABAABAABBAAABBABBABBBAAAAABBBBBABBABABABBAAABAAABAAAAABABABAAABABBABAAAAAABBBAABABABABBBABABABBBBAABBBBABBBBBAABBABBABBBAABB
AAAAAAAAAAAAAABBBBBBBBBBBB..AAABBAAAABABABAAABBABBAABABABAABBBBBAABBBAAABBABABAABAABBAAABBABBABBBAAAAABBBBBABBABABABBAAABAAABAAAAABABABAAABABBABAAAAAABBBAABABABABBBABABABBBBAABBBBABBBBBAABBABBABBBAABB
AAAAAAAAAAAAAA..BBBBBBBBBBBBAAABBAAAABABABAAABBABBAABABABAABBBBBAABBBAAABBABABAABAABBAAABBABBABBBAAAAABBBBBABBABABABBAAABAAABAAAAABABABAAABABBABAAAAAABBBAABABABABBBABABABBBBAABBBBABBBBBAABBABBABBBAABB
AAAAAAAAAAAAAAAABBBBBBBBBBBB..ABBAAAABABABAAABBABBAABABABAABBBBBAABBBAAABBABABAABAABBAAABBABBABBBAAAAABBBBBABBABABABBAAABAAABAAAAABABABAAABABBABAAAAAABBBAABABABABBBABABABBBBAABBBBABBBBBAABBABBABBBAABB
AAAAAAAAAAAAAAAA..BBBBBBBBBBBBABBAAAABABABAAABBABBAABABABAABBBBBAABBBAAABBABABAABAABBAAABBABBABBBAAAAABBBBBABBABABABBAAABAAABAAAAABABABAAABABBABAAAAAABBBAABABABABBBABABABBBBAABBBBABBBBBAABBABBABBBAABB
AAAAAAAAAAAAAAAAABBBBBBBBBBBBB..BAAAABABABAAABBABBAABABABAABBBBBAABBBAAABBABABAABAABBAAABBABBABBBAAAAABBBBBABBABABABBAAABAAABAAAAABABABAAABABBABAAAAAABBBAABABABABBBABABABBBBAABBBBABBBBBAABBABBABBBAABB
AAAAAAAAAAAAAAAAA..BBBBBBBBBBBBBBAAAABABABAAABBABBAABABABAABBBBBAABBBAAABBABABAABAABBAAABBABBABBBAAAAABBBBBABBABABABBAAABAAABAAAAABABABAAABABBABAAAAAABBBAABABABABBBABABABBBBAABBBBABBBBBAABBABBABBBAABB
AAAAAAAAAAAAAAAAAAABBBBBBBBBBBBBB..AABABABAAABBABBAABABABAABBBBBAABBBAAABBABABAABAABBAAABBABBABBBAAAAABBBBBABBABABABBAAABAAABAAAAABABABAAABABBABAAAAAABBBAABABABABBBABABABBBBAABBBBABBBBBAABBABBABBBAABB
AAAAAAAAAAAAAAAAAAA..BBBBBBBBBBBBBBAABABABAAABBABBAABABABAABBBBBAABBBAAABBABABAABAABBAAABBABBABBBAAAAABBBBBABBABABABBAAABAAABAAAAABABABAAABABBABAAAAAABBBAABABABABBBABABABBBBAABBBBABBBBBAABBABBABBBAABB
AAAAAAAAAAAAAAAAAAAAABBBBBBBBBBBBBB..BABABAAABBABBAABABABAABBBBBAABBBAAABBABABAABAABBAAABBABBABBBAAAAABBBBBABBABABABBAAABAAABAAAAABABABAAABABBABAAAAAABBBAABABABABBBABABABBBBAABBBBABBBBBAABBABBABBBAABB
AAAAAAAAAAAAAAAAAAAAA..BBBBBBBBBBBBBBBABABAAABBABBAABABABAABBBBBAABBBAAABBABABAABAABBAAABBABBABBBAAAAABBBBBABBABABABBAAABAAABAAAAABABABAAABABBABAAAAAABBBAABABABABBBABABABBBBAABBBBABBBBBAABBABBABBBAABB
AAAAAAAAAAAAAAAAAAAAAABBBBBBBBBBBBBBBB..ABAAABBABBAABABABAABBBBBAABBBAAABBABABAABAABBAAABBABBABBBAAAAABBBBBABBABABABBAAABAAABAAAAABABABAAABABBABAAAAAABBBAABABABABBBABABABBBBAABBBBABBBBBAABBABBABBBAABB
AAAAAAAAAAAAAAAAAAAAAA..BBBBBBBBBBBBBBBBABAAABBABBAABABABAABBBBBAABBBAAABBABABAABAABBAAABBABBABBBAAAAABBBBBABBABABABBAAABAAABAAAAABABABAAABABBABAAAAAABBBAABABABABBBABABABBBBAABBBBABBBBBAABBABBABBBAABB
AAAAAAAAAAAAAAAAAAAAAAABBBBBBBBBBBBBBBBB..AAABBABBAABABABAABBBBBAABBBAAABBABABAABAABBAAABBABBABBBAAAAABBBBBABBABABABBAAABAAABAAAAABABABAAABABBABAAAAAABBBAABABABABBBABABABBBBAABBBBABBBBBAABBABBABBBAABB
AAAAAAAAAAAAAAAAAAAAAAA..BBBBBBBBBBBBBBBBBAAABBABBAABABABAABBBBBAABBBAAABBABABAABAABBAAABBABBABBBAAAAABBBBBABBABABABBAAABAAABAAAAABABABAAABABBABAAAAAABBBAABABABABBBABABABBBBAABBBBABBBBBAABBABBABBBAABB
AAAAAAAAAAAAAAAAAAAAAAAAABBBBBBBBBBBBBBBBB..ABBABBAABABABAABBBBBAABBBAAABBABABAABAABBAAABBABBABBBAAAAABBBBBABBABABABBAAABAAABAAAAABABABAAABABBABAAAAAABBBAABABABABBBABABABBBBAABBBBABBBBBAABBABBABBBAABB
AAAAAAAAAAAAAAAAAAAAAAAAA..BBBBBBBBBBBBBBBBBABBABBAABABABAABBBBBAABBBAAABBABABAABAABBAAABBABBABBBAAAAABBBBBABBABABABBAAABAAABAAAAABABABAAABABBABAAAAAABBBAABABABABBBABABABBBBAABBBBABBBBBAABBABBABBBAABB
AAAAAAAAAAAAAAAAAAAAAAAAAABBBBBBBBBBBBBBBBBB..BABBAABABABAABBBBBAABBBAAABBABABAABAABBAAABBABBABBBAAAAABBBBBABBABABABBAAABAAABAAAAABABABAAABABBABAAAAAABBBAABABABABBBABABABBBBAABBBBABBBBBAABBABBABBBAABB
AAAAAAAAAAAAAAAAAAAAAAAAAA..BBBBBBBBBBBBBBBBBBBABBAABABABAABBBBBAABBBAAABBABABAABAABBAAABBABBABBBAAAAABBBBBABBABABABBAAABAAABAAAAABABABAAABABBABAAAAAABBBAABABABABBBABABABBBBAABBBBABBBBBAABBABBABBBAABB
AAAAAAAAAAAAAAAAAAAAAAAAAAABBBBBBBBBBBBBBBBBBBB..BAABABABAABBBBBAABBBAAABBABABAABAABBAAABBABBABBBAAAAABBBBBABBABABABBAAABAAABAAAAABABABAAABABBABAAAAAABBBAABABABABBBABABABBBBAABBBBABBBBBAABBABBABBBAABB
AAAAAAAAAAAAAAAAAAAAAAAAAAA..BBBBBBBBBBBBBBBBBBBBBAABABABAABBBBBAABBBAAABBABABAABAABBAAABBABBABBBAAAAABBBBBABBABABABBAAABAAABAAAAABABABAAABABBABAAAAAABBBAABABABABBBABABABBBBAABBBBABBBBBAABBABBABBBAABB
AAAAAAAAAAAAAAAAAAAAAAAAAAAAABBBBBBBBBBBBBBBBBBBBB..BABABAABBBBBAABBBAAABBABABAABAABBAAABBABBABBBAAAAABBBBBABBABABABBAAABAAABAAAAABABABAAABABBABAAAAAABBBAABABABABBBABABABBBBAABBBBABBBBBAABBABBABBBAABB
AAAAAAAAAAAAAAAAAAAAAAAAAAAAA..BBBBBBBBBBBBBBBBBBBBBBABABAABBBBBAABBBAAABBABABAABAABBAAABBABBABBBAAAAABBBBBABBABABABBAAABAAABAAAAABABABAAABABBABAAAAAABBBAABABABABBBABABABBBBAABBBBABBBBBAABBABBABBBAABB
AAAAAAAAAAAAAAAAAAAAAAAAAAAAAABBBBBBBBBBBBBBBBBBBBBBB..ABAABBBBBAABBBAAABBABABAABAABBAAABBABBABBBAAAAABBBBBABBABABABBAAABAAABAAAAABABABAAABABBABAAAAAABBBAABABABABBBABABABBBBAABBBBABBBBBAABBABBABBBAABB
AAAAAAAAAAAAAAAAAAAAAAAAAAAAAA..BBBBBBBBBBBBBBBBBBBBBBBABAABBBBBAABBBAAABBABABAABAABBAAABBABBABBBAAAAABBBBBABBABABABBAAABAAABAAAAABABABAAABABBABAAAAAABBBAABABABABBBABABABBBBAABBBBABBBBBAABBABBABBBAABB
AAAAAAAAAAAAAAAAAAAAAAAAAAAAAAABBBBBBBBBBBBBBBBBBBBBBBB..AABBBBBAABBBAAABBABABAABAABBAAABBABBABBBAAAAABBBBBABBABABABBAAABAAABAAAAABABABAAABABBABAAAAAABBBAABABABABBBABABABBBBAABBBBABBBBBAABBABBABBBAABB
AAAAAAAAAAAAAAAAAAAAAAAAAAAAAAA..BBBBBBBBBBBBBBBBBBBBBBBBAABBBBBAABBBAAABBABABAABAABBAAABBABBABBBAAAAABBBBBABBABABABBAAABAAABAAAAABABABAAABABBABAAAAAABBBAABABABABBBABABABBBBAABBBBABBBBBAABBABBABBBAABB
AAAAAAAAAAAAAAAAAAAAAAAAAAAAAAAAABBBBBBBBBBBBBBBBBBBBBBBB..BBBBBAABBBAAABBABABAABAABBAAABBABBABBBAAAAABBBBBABBABABABBAAABAAABAAAAABABABAAABABBABAAAAAABBBAABABABABBBABABABBBBAABBBBABBBBBAABBABBABBBAABB
AAAAAAAAAAAAAAAAAAAAAAAAAAAAAAAAA..BBBBBBBBBBBBBBBBBBBBBBBBBBBBBAABBBAAABBABABAABAABBAAABBABBABBBAAAAABBBBBABBABABABBAAABAAABAAAAABABABAAABABBABAAAAAABBBAABABABABBBABABABBBBAABBBBABBBBBAABBABBABBBAABB
AAAAAAAAAAAAAAAAAAAAAAAAAAAAAAAAAAABBBBBBBBBBBBBBBBBBBBBBBBBBBBB..BBBAAABBABABAABAABBAAABBABBABBBAAAAABBBBBABBABABABBAAABAAABAAAAABABABAAABABBABAAAAAABBBAABABABABBBABABABBBBAABBBBABBBBBAABBABBABBBAABB
AAAAAAAAAAAAAAAAAAAAAAAAAAAAAAAAAAA..BBBBBBBBBBBBBBBBBBBBBBBBBBBBBBBBAAABBABABAABAABBAAABBABBABBBAAAAABBBBBABBABABABBAAABAAABAAAAABABABAAABABBABAAAAAABBBAABABABABBBABABABBBBAABBBBABBBBBAABBABBABBBAABB
AAAAAAAAAAAAAAAAAAAAAAAAAAAAAAAAAAAAABBBBBBBBBBBBBBBBBBBBBBBBBBBBBBBB..ABBABABAABAABBAAABBABBABBBAAAAABBBBBABBABABABBAAABAAABAAAAABABABAAABABBABAAAAAABBBAABABABABBBABABABBBBAABBBBABBBBBAABBABBABBBAABB
AAAAAAAAAAAAAAAAAAAAAAAAAAAAAAAAAAAAA..BBBBBBBBBBBBBBBBBBBBBBBBBBBBBBBBABBABABAABAABBAAABBABBABBBAAAAABBBBBABBABABABBAAABAAABAAAAABABABAAABABBABAAAAAABBBAABABABABBBABABABBBBAABBBBABBBBBAABBABBABBBAABB
AAAAAAAAAAAAAAAAAAAAAAAAAAAAAAAAAAAAAABBBBBBBBBBBBBBBBBBBBBBBBBBBBBBBBB..BABABAABAABBAAABBABBABBBAAAAABBBBBABBABABABBAAABAAABAAAAABABABAAABABBABAAAAAABBBAABABABABBBABABABBBBAABBBBABBBBBAABBABBABBBAABB
AAAAAAAAAAAAAAAAAAAAAAAAAAAAAAAAAAAAAA..BBBBBBBBBBBBBBBBBBBBBBBBBBBBBBBBBBABABAABAABBAAABBABBABBBAAAAABBBBBABBABABABBAAABAAABAAAAABABABAAABABBABAAAAAABBBAABABABABBBABABABBBBAABBBBABBBBBAABBABBABBBAABB
AAAAAAAAAAAAAAAAAAAAAAAAAAAAAAAAAAAAAAABBBBBBBBBBBBBBBBBBBBBBBBBBBBBBBBBBB..ABAABAABBAAABBABBABBBAAAAABBBBBABBABABABBAAABAAABAAAAABABABAAABABBABAAAAAABBBAABABABABBBABABABBBBAABBBBABBBBBAABBABBABBBAABB
AAAAAAAAAAAAAAAAAAAAAAAAAAAAAAAAAAAAAAA..BBBBBBBBBBBBBBBBBBBBBBBBBBBBBBBBBBBABAABAABBAAABBABBABBBAAAAABBBBBABBABABABBAAABAAABAAAAABABABAAABABBABAAAAAABBBAABABABABBBABABABBBBAABBBBABBBBBAABBABBABBBAABB
AAAAAAAAAAAAAAAAAAAAAAAAAAAAAAAAAAAAAAAABBBBBBBBBBBBBBBBBBBBBBBBBBBBBBBBBBBB..AABAABBAAABBABBABBBAAAAABBBBBABBABABABBAAABAAABAAAAABABABAAABABBABAAAAAABBBAABABABABBBABABABBBBAABBBBABBBBBAABBABBABBBAABB
AAAAAAAAAAAAAAAAAAAAAAAAAAAAAAAAAAAAAAAA..BBBBBBBBBBBBBBBBBBBBBBBBBBBBBBBBBBBBAABAABBAAABBABBABBBAAAAABBBBBABBABABABBAAABAAABAAAAABABABAAABABBABAAAAAABBBAABABABABBBABABABBBBAABBBBABBBBBAABBABBABBBAABB
AAAAAAAAAAAAAAAAAAAAAAAAAAAAAAAAAAAAAAAAAABBBBBBBBBBBBBBBBBBBBBBBBBBBBBBBBBBBB..BAABBAAABBABBABBBAAAAABBBBBABBABABABBAAABAAABAAAAABABABAAABABBABAAAAAABBBAABABABABBBABABABBBBAABBBBABBBBBAABBABBABBBAABB
AAAAAAAAAAAAAAAAAAAAAAAAAAAAAAAAAAAAAAAAAA..BBBBBBBBBBBBBBBBBBBBBBBBBBBBBBBBBBBBBAABBAAABBABBABBBAAAAABBBBBABBABABABBAAABAAABAAAAABABABAAABABBABAAAAAABBBAABABABABBBABABABBBBAABBBBABBBBBAABBABBABBBAABB
AAAAAAAAAAAAAAAAAAAAAAAAAAAAAAAAAAAAAAAAAAAABBBBBBBBBBBBBBBBBBBBBBBBBBBBBBBBBBBBB..BBAAABBABBABBBAAAAABBBBBABBABABABBAAABAAABAAAAABABABAAABABBABAAAAAABBBAABABABABBBABABABBBBAABBBBABBBBBAABBABBABBBAABB
AAAAAAAAAAAAAAAAAAAAAAAAAAAAAAAAAAAAAAAAAAAA..BBBBBBBBBBBBBBBBBBBBBBBBBBBBBBBBBBBBBBBAAABBABBABBBAAAAABBBBBABBABABABBAAABAAABAAAAABABABAAABABBABAAAAAABBBAABABABABBBABABABBBBAABBBBABBBBBAABBABBABBBAABB
AAAAAAAAAAAAAAAAAAAAAAAAAAAAAAAAAAAAAAAAAAAAAABBBBBBBBBBBBBBBBBBBBBBBBBBBBBBBBBBBBBBB..ABBABBABBBAAAAABBBBBABBABABABBAAABAAABAAAAABABABAAABABBABAAAAAABBBAABABABABBBABABABBBBAABBBBABBBBBAABBABBABBBAABB
AAAAAAAAAAAAAAAAAAAAAAAAAAAAAAAAAAAAAAAAAAAAAA..BBBBBBBBBBBBBBBBBBBBBBBBBBBBBBBBBBBBBBBABBABBABBBAAAAABBBBBABBABABABBAAABAAABAAAAABABABAAABABBABAAAAAABBBAABABABABBBABABABBBBAABBBBABBBBBAABBABBABBBAABB
AAAAAAAAAAAAAAAAAAAAAAAAAAAAAAAAAAAAAAAAAAAAAAABBBBBBBBBBBBBBBBBBBBBBBBBBBBBBBBBBBBBBBB..BABBABBBAAAAABBBBBABBABABABBAAABAAABAAAAABABABAAABABBABAAAAAABBBAABABABABBBABABABBBBAABBBBABBBBBAABBABBABBBAABB
AAAAAAAAAAAAAAAAAAAAAAAAAAAAAAAAAAAAAAAAAAAAAAA..BBBBBBBBBBBBBBBBBBBBBBBBBBBBBBBBBBBBBBBBBABBABBBAAAAABBBBBABBABABABBAAABAAABAAAAABABABAAABABBABAAAAAABBBAABABABABBBABABABBBBAABBBBABBBBBAABBABBABBBAABB
AAAAAAAAAAAAAAAAAAAAAAAAAAAAAAAAAAAAAAAAAAAAAAAABBBBBBBBBBBBBBBBBBBBBBBBBBBBBBBBBBBBBBBBBB..BABBBAAAAABBBBBABBABABABBAAABAAABAAAAABABABAAABABBABAAAAAABBBAABABABABBBABABABBBBAABBBBABBBBBAABBABBABBBAABB
AAAAAAAAAAAAAAAAAAAAAAAAAAAAAAAAAAAAAAAAAAAAAAAA..BBBBBBBBBBBBBBBBBBBBBBBBBBBBBBBBBBBBBBBBBBBABBBAAAAABBBBBABBABABABBAAABAAABAAAAABABABAAABABBABAAAAAABBBAABABABABBBABABABBBBAABBBBABBBBBAABBABBABBBAABB
AAAAAAAAAAAAAAAAAAAAAAAAAAAAAAAAAAAAAAAAAAAAAAAAABBBBBBBBBBBBBBBBBBBBBBBBBBBBBBBBBBBBBBBBBBBB..BBAAAAABBBBBABBABABABBAAABAAABAAAAABABABAAABABBABAAAAAABBBAABABABABBBABABABBBBAABBBBABBBBBAABBABBABBBAABB
AAAAAAAAAAAAAAAAAAAAAAAAAAAAAAAAAAAAAAAAAAAAAAAAA..BBBBBBBBBBBBBBBBBBBBBBBBBBBBBBBBBBBBBBBBBBBBBBAAAAABBBBBABBABABABBAAABAAABAAAAABABABAAABABBABAAAAAABBBAABABABABBBABABABBBBAABBBBABBBBBAABBABBABBBAABB
AAAAAAAAAAAAAAAAAAAAAAAAAAAAAAAAAAAAAAAAAAAAAAAAAAABBBBBBBBBBBBBBBBBBBBBBBBBBBBBBBBBBBBBBBBBBBBBB..AAABBBBBABBABABABBAAABAAABAAAAABABABAAABABBABAAAAAABBBAABABABABBBABABABBBBAABBBBABBBBBAABBABBABBBAABB
AAAAAAAAAAAAAAAAAAAAAAAAAAAAAAAAAAAAAAAAAAAAAAAAAAA..BBBBBBBBBBBBBBBBBBBBBBBBBBBBBBBBBBBBBBBBBBBBBBAAABBBBBABBABABABBAAABAAABAAAAABABABAAABABBABAAAAAABBBAABABABABBBABABABBBBAABBBBABBBBBAABBABBABBBAABB
AAAAAAAAAAAAAAAAAAAAAAAAAAAAAAAAAAAAAAAAAAAAAAAAAAAAABBBBBBBBBBBBBBBBBBBBBBBBBBBBBBBBBBBBBBBBBBBBBB..ABBBBBABBABABABBAAABAAABAAAAABABABAAABABBABAAAAAABBBAABABABABBBABABABBBBAABBBBABBBBBAABBABBABBBAABB
AAAAAAAAAAAAAAAAAAAAAAAAAAAAAAAAAAAAAAAAAAAAAAAAAAAAA..BBBBBBBBBBBBBBBBBBBBBBBBBBBBBBBBBBBBBBBBBBBBBBABBBBBABBABABABBAAABAAABAAAAABABABAAABABBABAAAAAABBBAABABABABBBABABABBBBAABBBBABBBBBAABBABBABBBAABB
AAAAAAAAAAAAAAAAAAAAAAAAAAAAAAAAAAAAAAAAAAAAAAAAAAAAAABBBBBBBBBBBBBBBBBBBBBBBBBBBBBBBBBBBBBBBBBBBBBBB..BBBBABBABABABBAAABAAABAAAAABABABAAABABBABAAAAAABBBAABABABABBBABABABBBBAABBBBABBBBBAABBABBABBBAABB
AAAAAAAAAAAAAAAAAAAAAAAAAAAAAAAAAAAAAAAAAAAAAAAAAAAAAA..BBBBBBBBBBBBBBBBBBBBBBBBBBBBBBBBBBBBBBBBBBBBBBBBBBBABBABABABBAAABAAABAAAAABABABAAABABBABAAAAAABBBAABABABABBBABABABBBBAABBBBABBBBBAABBABBABBBAABB
AAAAAAAAAAAAAAAAAAAAAAAAAAAAAAAAAAAAAAAAAAAAAAAAAAAAAAABBBBBBBBBBBBBBBBBBBBBBBBBBBBBBBBBBBBBBBBBBBBBBBBBBBB..BABABABBAAABAAABAAAAABABABAAABABBABAAAAAABBBAABABABABBBABABABBBBAABBBBABBBBBAABBABBABBBAABB
AAAAAAAAAAAAAAAAAAAAAAAAAAAAAAAAAAAAAAAAAAAAAAAAAAAAAAA..BBBBBBBBBBBBBBBBBBBBBBBBBBBBBBBBBBBBBBBBBBBBBBBBBBBBBABABABBAAABAAABAAAAABABABAAABABBABAAAAAABBBAABABABABBBABABABBBBAABBBBABBBBBAABBABBABBBAABB
AAAAAAAAAAAAAAAAAAAAAAAAAAAAAAAAAAAAAAAAAAAAAAAAAAAAAAAABBBBBBBBBBBBBBBBBBBBBBBBBBBBBBBBBBBBBBBBBBBBBBBBBBBBBB..ABABBAAABAAABAAAAABABABAAABABBABAAAAAABBBAABABABABBBABABABBBBAABBBBABBBBBAABBABBABBBAABB
AAAAAAAAAAAAAAAAAAAAAAAAAAAAAAAAAAAAAAAAAAAAAAAAAAAAAAAA..BBBBBBBBBBBBBBBBBBBBBBBBBBBBBBBBBBBBBBBBBBBBBBBBBBBBBBABABBAAABAAABAAAAABABABAAABABBABAAAAAABBBAABABABABBBABABABBBBAABBBBABBBBBAABBABBABBBAABB
AAAAAAAAAAAAAAAAAAAAAAAAAAAAAAAAAAAAAAAAAAAAAAAAAAAAAAAAABBBBBBBBBBBBBBBBBBBBBBBBBBBBBBBBBBBBBBBBBBBBBBBBBBBBBBB..ABBAAABAAABAAAAABABABAAABABBABAAAAAABBBAABABABABBBABABABBBBAABBBBABBBBBAABBABBABBBAABB
AAAAAAAAAAAAAAAAAAAAAAAAAAAAAAAAAAAAAAAAAAAAAAAAAAAAAAAAA..BBBBBBBBBBBBBBBBBBBBBBBBBBBBBBBBBBBBBBBBBBBBBBBBBBBBBBBABBAAABAAABAAAAABABABAAABABBABAAAAAABBBAABABABABBBABABABBBBAABBBBABBBBBAABBABBABBBAABB
AAAAAAAAAAAAAAAAAAAAAAAAAAAAAAAAAAAAAAAAAAAAAAAAAAAAAAAAAABBBBBBBBBBBBBBBBBBBBBBBBBBBBBBBBBBBBBBBBBBBBBBBBBBBBBBBB..BAAABAAABAAAAABABABAAABABBABAAAAAABBBAABABABABBBABABABBBBAABBBBABBBBBAABBABBABBBAABB
AAAAAAAAAAAAAAAAAAAAAAAAAAAAAAAAAAAAAAAAAAAAAAAAAAAAAAAAAA..BBBBBBBBBBBBBBBBBBBBBBBBBBBBBBBBBBBBBBBBBBBBBBBBBBBBBBBBBAAABAAABAAAAABABABAAABABBABAAAAAABBBAABABABABBBABABABBBBAABBBBABBBBBAABBABBABBBAABB
AAAAAAAAAAAAAAAAAAAAAAAAAAAAAAAAAAAAAAAAAAAAAAAAAAAAAAAAAAAABBBBBBBBBBBBBBBBBBBBBBBBBBBBBBBBBBBBBBBBBBBBBBBBBBBBBBBBB..ABAAABAAAAABABABAAABABBABAAAAAABBBAABABABABBBABABABBBBAABBBBABBBBBAABBABBABBBAABB
AAAAAAAAAAAAAAAAAAAAAAAAAAAAAAAAAAAAAAAAAAAAAAAAAAAAAAAAAAAA..BBBBBBBBBBBBBBBBBBBBBBBBBBBBBBBBBBBBBBBBBBBBBBBBBBBBBBBBBABAAABAAAAABABABAAABABBABAAAAAABBBAABABABABBBABABABBBBAABBBBABBBBBAABBABBABBBAABB
AAAAAAAAAAAAAAAAAAAAAAAAAAAAAAAAAAAAAAAAAAAAAAAAAAAAAAAAAAAAABBBBBBBBBBBBBBBBBBBBBBBBBBBBBBBBBBBBBBBBBBBBBBBBBBBBBBBBBB..AAABAAAAABABABAAABABBABAAAAAABBBAABABABABBBABABABBBBAABBBBABBBBBAABBABBABBBAABB
AAAAAAAAAAAAAAAAAAAAAAAAAAAAAAAAAAAAAAAAAAAAAAAAAAAAAAAAAAAAA..BBBBBBBBBBBBBBBBBBBBBBBBBBBBBBBBBBBBBBBBBBBBBBBBBBBBBBBBBBAAABAAAAABABABAAABABBABAAAAAABBBAABABABABBBABABABBBBAABBBBABBBBBAABBABBABBBAABB
AAAAAAAAAAAAAAAAAAAAAAAAAAAAAAAAAAAAAAAAAAAAAAAAAAAAAAAAAAAAAAABBBBBBBBBBBBBBBBBBBBBBBBBBBBBBBBBBBBBBBBBBBBBBBBBBBBBBBBBB..ABAAAAABABABAAABABBABAAAAAABBBAABABABABBBABABABBBBAABBBBABBBBBAABBABBABBBAABB
AAAAAAAAAAAAAAAAAAAAAAAAAAAAAAAAAAAAAAAAAAAAAAAAAAAAAAAAAAAAAAA..BBBBBBBBBBBBBBBBBBBBBBBBBBBBBBBBBBBBBBBBBBBBBBBBBBBBBBBBBBABAAAAABABABAAABABBABAAAAAABBBAABABABABBBABABABBBBAABBBBABBBBBAABBABBABBBAABB
AAAAAAAAAAAAAAAAAAAAAAAAAAAAAAAAAAAAAAAAAAAAAAAAAAAAAAAAAAAAAAAABBBBBBBBBBBBBBBBBBBBBBBBBBBBBBBBBBBBBBBBBBBBBBBBBBBBBBBBBBB..AAAAABABABAAABABBABAAAAAABBBAABABABABBBABABABBBBAABBBBABBBBBAABBABBABBBAABB
AAAAAAAAAAAAAAAAAAAAAAAAAAAAAAAAAAAAAAAAAAAAAAAAAAAAAAAAAAAAAAAA..BBBBBBBBBBBBBBBBBBBBBBBBBBBBBBBBBBBBBBBBBBBBBBBBBBBBBBBBBBBAAAAABABABAAABABBABAAAAAABBBAABABABABBBABABABBBBAABBBBABBBBBAABBABBABBBAABB
AAAAAAAAAAAAAAAAAAAAAAAAAAAAAAAAAAAAAAAAAAAAAAAAAAAAAAAAAAAAAAAAAABBBBBBBBBBBBBBBBBBBBBBBBBBBBBBBBBBBBBBBBBBBBBBBBBBBBBBBBBBB..AAABABABAAABABBABAAAAAABBBAABABABABBBABABABBBBAABBBBABBBBBAABBABBABBBAABB
AAAAAAAAAAAAAAAAAAAAAAAAAAAAAAAAAAAAAAAAAAAAAAAAAAAAAAAAAAAAAAAAAA..BBBBBBBBBBBBBBBBBBBBBBBBBBBBBBBBBBBBBBBBBBBBBBBBBBBBBBBBBBBAAABABABAAABABBABAAAAAABBBAABABABABBBABABABBBBAABBBBABBBBBAABBABBABBBAABB
AAAAAAAAAAAAAAAAAAAAAAAAAAAAAAAAAAAAAAAAAAAAAAAAAAAAAAAAAAAAAAAAAAAABBBBBBBBBBBBBBBBBBBBBBBBBBBBBBBBBBBBBBBBBBBBBBBBBBBBBBBBBBB..ABABABAAABABBABAAAAAABBBAABABABABBBABABABBBBAABBBBABBBBBAABBABBABBBAABB
AAAAAAAAAAAAAAAAAAAAAAAAAAAAAAAAAAAAAAAAAAAAAAAAAAAAAAAAAAAAAAAAAAAA..BBBBBBBBBBBBBBBBBBBBBBBBBBBBBBBBBBBBBBBBBBBBBBBBBBBBBBBBBBBABABABAAABABBABAAAAAABBBAABABABABBBABABABBBBAABBBBABBBBBAABBABBABBBAABB
AAAAAAAAAAAAAAAAAAAAAAAAAAAAAAAAAAAAAAAAAAAAAAAAAAAAAAAAAAAAAAAAAAAAABBBBBBBBBBBBBBBBBBBBBBBBBBBBBBBBBBBBBBBBBBBBBBBBBBBBBBBBBBBB..ABABAAABABBABAAAAAABBBAABABABABBBABABABBBBAABBBBABBBBBAABBABBABBBAABB
AAAAAAAAAAAAAAAAAAAAAAAAAAAAAAAAAAAAAAAAAAAAAAAAAAAAAAAAAAAAAAAAAAAAA..BBBBBBBBBBBBBBBBBBBBBBBBBBBBBBBBBBBBBBBBBBBBBBBBBBBBBBBBBBBBABABAAABABBABAAAAAABBBAABABABABBBABABABBBBAABBBBABBBBBAABBABBABBBAABB
AAAAAAAAAAAAAAAAAAAAAAAAAAAAAAAAAAAAAAAAAAAAAAAAAAAAAAAAAAAAAAAAAAAAAABBBBBBBBBBBBBBBBBBBBBBBBBBBBBBBBBBBBBBBBBBBBBBBBBBBBBBBBBBBBB..ABAAABABBABAAAAAABBBAABABABABBBABABABBBBAABBBBABBBBBAABBABBABBBAABB
AAAAAAAAAAAAAAAAAAAAAAAAAAAAAAAAAAAAAAAAAAAAAAAAAAAAAAAAAAAAAAAAAAAAAA..BBBBBBBBBBBBBBBBBBBBBBBBBBBBBBBBBBBBBBBBBBBBBBBBBBBBBBBBBBBBBABAAABABBABAAAAAABBBAABABABABBBABABABBBBAABBBBABBBBBAABBABBABBBAABB
AAAAAAAAAAAAAAAAAAAAAAAAAAAAAAAAAAAAAAAAAAAAAAAAAAAAAAAAAAAAAAAAAAAAAAABBBBBBBBBBBBBBBBBBBBBBBBBBBBBBBBBBBBBBBBBBBBBBBBBBBBBBBBBBBBBB..AAABABBABAAAAAABBBAABABABABBBABABABBBBAABBBBABBBBBAABBABBABBBAABB
AAAAAAAAAAAAAAAAAAAAAAAAAAAAAAAAAAAAAAAAAAAAAAAAAAAAAAAAAAAAAAAAAAAAAAA..BBBBBBBBBBBBBBBBBBBBBBBBBBBBBBBBBBBBBBBBBBBBBBBBBBBBBBBBBBBBBBAAABABBABAAAAAABBBAABABABABBBABABABBBBAABBBBABBBBBAABBABBABBBAABB
AAAAAAAAAAAAAAAAAAAAAAAAAAAAAAAAAAAAAAAAAAAAAAAAAAAAAAAAAAAAAAAAAAAAAAAAABBBBBBBBBBBBBBBBBBBBBBBBBBBBBBBBBBBBBBBBBBBBBBBBBBBBBBBBBBBBBB..ABABBABAAAAAABBBAABABABABBBABABABBBBAABBBBABBBBBAABBABBABBBAABB
AAAAAAAAAAAAAAAAAAAAAAAAAAAAAAAAAAAAAAAAAAAAAAAAAAAAAAAAAAAAAAAAAAAAAAAAA..BBBBBBBBBBBBBBBBBBBBBBBBBBBBBBBBBBBBBBBBBBBBBBBBBBBBBBBBBBBBBBABABBABAAAAAABBBAABABABABBBABABABBBBAABBBBABBBBBAABBABBABBBAABB
AAAAAAAAAAAAAAAAAAAAAAAAAAAAAAAAAAAAAAAAAAAAAAAAAAAAAAAAAAAAAAAAAAAAAAAAAABBBBBBBBBBBBBBBBBBBBBBBBBBBBBBBBBBBBBBBBBBBBBBBBBBBBBBBBBBBBBBB..ABBABAAAAAABBBAABABABABBBABABABBBBAABBBBABBBBBAABBABBABBBAABB
AAAAAAAAAAAAAAAAAAAAAAAAAAAAAAAAAAAAAAAAAAAAAAAAAAAAAAAAAAAAAAAAAAAAAAAAAA..BBBBBBBBBBBBBBBBBBBBBBBBBBBBBBBBBBBBBBBBBBBBBBBBBBBBBBBBBBBBBBBABBABAAAAAABBBAABABABABBBABABABBBBAABBBBABBBBBAABBABBABBBAABB
AAAAAAAAAAAAAAAAAAAAAAAAAAAAAAAAAAAAAAAAAAAAAAAAAAAAAAAAAAAAAAAAAAAAAAAAAAABBBBBBBBBBBBBBBBBBBBBBBBBBBBBBBBBBBBBBBBBBBBBBBBBBBBBBBBBBBBBBBB..BABAAAAAABBBAABABABABBBABABABBBBAABBBBABBBBBAABBABBABBBAABB
AAAAAAAAAAAAAAAAAAAAAAAAAAAAAAAAAAAAAAAAAAAAAAAAAAAAAAAAAAAAAAAAAAAAAAAAAAA..BBBBBBBBBBBBBBBBBBBBBBBBBBBBBBBBBBBBBBBBBBBBBBBBBBBBBBBBBBBBBBBBBABAAAAAABBBAABABABABBBABABABBBBAABBBBABBBBBAABBABBABBBAABB
AAAAAAAAAAAAAAAAAAAAAAAAAAAAAAAAAAAAAAAAAAAAAAAAAAAAAAAAAAAAAAAAAAAAAAAAAAAABBBBBBBBBBBBBBBBBBBBBBBBBBBBBBBBBBBBBBBBBBBBBBBBBBBBBBBBBBBBBBBBBB..AAAAAABBBAABABABABBBABABABBBBAABBBBABBBBBAABBABBABBBAABB
AAAAAAAAAAAAAAAAAAAAAAAAAAAAAAAAAAAAAAAAAAAAAAAAAAAAAAAAAAAAAAAAAAAAAAAAAAAA..BBBBBBBBBBBBBBBBBBBBBBBBBBBBBBBBBBBBBBBBBBBBBBBBBBBBBBBBBBBBBBBBBBAAAAAABBBAABABABABBBABABABBBBAABBBBABBBBBAABBABBABBBAABB
AAAAAAAAAAAAAAAAAAAAAAAAAAAAAAAAAAAAAAAAAAAAAAAAAAAAAAAAAAAAAAAAAAAAAAAAAAAAAABBBBBBBBBBBBBBBBBBBBBBBBBBBBBBBBBBBBBBBBBBBBBBBBBBBBBBBBBBBBBBBBBB..AAAABBBAABABABABBBABABABBBBAABBBBABBBBBAABBABBABBBAABB
AAAAAAAAAAAAAAAAAAAAAAAAAAAAAAAAAAAAAAAAAAAAAAAAAAAAAAAAAAAAAAAAAAAAAAAAAAAAAA..BBBBBBBBBBBBBBBBBBBBBBBBBBBBBBBBBBBBBBBBBBBBBBBBBBBBBBBBBBBBBBBBBBAAAABBBAABABABABBBABABABBBBAABBBBABBBBBAABBABBABBBAABB
AAAAAAAAAAAAAAAAAAAAAAAAAAAAAAAAAAAAAAAAAAAAAAAAAAAAAAAAAAAAAAAAAAAAAAAAAAAAAAAABBBBBBBBBBBBBBBBBBBBBBBBBBBBBBBBBBBBBBBBBBBBBBBBBBBBBBBBBBBBBBBBBB..AABBBAABABABABBBABABABBBBAABBBBABBBBBAABBABBABBBAABB
AAAAAAAAAAAAAAAAAAAAAAAAAAAAAAAAAAAAAAAAAAAAAAAAAAAAAAAAAAAAAAAAAAAAAAAAAAAAAAAA..BBBBBBBBBBBBBBBBBBBBBBBBBBBBBBBBBBBBBBBBBBBBBBBBBBBBBBBBBBBBBBBBBBAABBBAABABABABBBABABABBBBAABBBBABBBBBAABBABBABBBAABB
AAAAAAAAAAAAAAAAAAAAAAAAAAAAAAAAAAAAAAAAAAAAAAAAAAAAAAAAAAAAAAAAAAAAAAAAAAAAAAAAAABBBBBBBBBBBBBBBBBBBBBBBBBBBBBBBBBBBBBBBBBBBBBBBBBBBBBBBBBBBBBBBBBB..BBBAABABABABBBABABABBBBAABBBBABBBBBAABBABBABBBAABB
AAAAAAAAAAAAAAAAAAAAAAAAAAAAAAAAAAAAAAAAAAAAAAAAAAAAAAAAAAAAAAAAAAAAAAAAAAAAAAAAAA..BBBBBBBBBBBBBBBBBBBBBBBBBBBBBBBBBBBBBBBBBBBBBBBBBBBBBBBBBBBBBBBBBBBBBAABABABABBBABABABBBBAABBBBABBBBBAABBABBABBBAABB
AAAAAAAAAAAAAAAAAAAAAAAAAAAAAAAAAAAAAAAAAAAAAAAAAAAAAAAAAAAAAAAAAAAAAAAAAAAAAAAAAAAABBBBBBBBBBBBBBBBBBBBBBBBBBBBBBBBBBBBBBBBBBBBBBBBBBBBBBBBBBBBBBBBBBBBB..BABABABBBABABABBBBAABBBBABBBBBAABBABBABBBAABB
AAAAAAAAAAAAAAAAAAAAAAAAAAAAAAAAAAAAAAAAAAAAAAAAAAAAAAAAAAAAAAAAAAAAAAAAAAAAAAAAAAAA..BBBBBBBBBBBBBBBBBBBBBBBBBBBBBBBBBBBBBBBBBBBBBBBBBBBBBBBBBBBBBBBBBBBBBBABABABBBABABABBBBAABBBBABBBBBAABBABBABBBAABB
AAAAAAAAAAAAAAAAAAAAAAAAAAAAAAAAAAAAAAAAAAAAAAAAAAAAAAAAAAAAAAAAAAAAAAAAAAAAAAAAAAAAABBBBBBBBBBBBBBBBBBBBBBBBBBBBBBBBBBBBBBBBBBBBBBBBBBBBBBBBBBBBBBBBBBBBBBB..ABABBBABABABBBBAABBBBABBBBBAABBABBABBBAABB
AAAAAAAAAAAAAAAAAAAAAAAAAAAAAAAAAAAAAAAAAAAAAAAAAAAAAAAAAAAAAAAAAAAAAAAAAAAAAAAAAAAAA..BBBBBBBBBBBBBBBBBBBBBBBBBBBBBBBBBBBBBBBBBBBBBBBBBBBBBBBBBBBBBBBBBBBBBBBABABBBABABABBBBAABBBBABBBBBAABBABBABBBAABB
AAAAAAAAAAAAAAAAAAAAAAAAAAAAAAAAAAAAAAAAAAAAAAAAAAAAAAAAAAAAAAAAAAAAAAAAAAAAAAAAAAAAAABBBBBBBBBBBBBBBBBBBBBBBBBBBBBBBBBBBBBBBBBBBBBBBBBBBBBBBBBBBBBBBBBBBBBBBB..ABBBABABABBBBAABBBBABBBBBAABBABBABBBAABB
AAAAAAAAAAAAAAAAAAAAAAAAAAAAAAAAAAAAAAAAAAAAAAAAAAAAAAAAAAAAAAAAAAAAAAAAAAAAAAAAAAAAAA..BBBBBBBBBBBBBBBBBBBBBBBBBBBBBBBBBBBBBBBBBBBBBBBBBBBBBBBBBBBBBBBBBBBBBBBBABBBABABABBBBAABBBBABBBBBAABBABBABBBAABB
AAAAAAAAAAAAAAAAAAAAAAAAAAAAAAAAAAAAAAAAAAAAAAAAAAAAAAAAAAAAAAAAAAAAAAAAAAAAAAAAAAAAAAABBBBBBBBBBBBBBBBBBBBBBBBBBBBBBBBBBBBBBBBBBBBBBBBBBBBBBBBBBBBBBBBBBBBBBBBB..BBABABABBBBAABBBBABBBBBAABBABBABBBAABB
AAAAAAAAAAAAAAAAAAAAAAAAAAAAAAAAAAAAAAAAAAAAAAAAAAAAAAAAAAAAAAAAAAAAAAAAAAAAAAAAAAAAAAA..BBBBBBBBBBBBBBBBBBBBBBBBBBBBBBBBBBBBBBBBBBBBBBBBBBBBBBBBBBBBBBBBBBBBBBBBBBBABABABBBBAABBBBABBBBBAABBABBABBBAABB
AAAAAAAAAAAAAAAAAAAAAAAAAAAAAAAAAAAAAAAAAAAAAAAAAAAAAAAAAAAAAAAAAAAAAAAAAAAAAAAAAAAAAAAABBBBBBBBBBBBBBBBBBBBBBBBBBBBBBBBBBBBBBBBBBBBBBBBBBBBBBBBBBBBBBBBBBBBBBBBBBBB..ABABBBBAABBBBABBBBBAABBABBABBBAABB
AAAAAAAAAAAAAAAAAAAAAAAAAAAAAAAAAAAAAAAAAAAAAAAAAAAAAAAAAAAAAAAAAAAAAAAAAAAAAAAAAAAAAAAA..BBBBBBBBBBBBBBBBBBBBBBBBBBBBBBBBBBBBBBBBBBBBBBBBBBBBBBBBBBBBBBBBBBBBBBBBBBBBABABBBBAABBBBABBBBBAABBABBABBBAABB
AAAAAAAAAAAAAAAAAAAAAAAAAAAAAAAAAAAAAAAAAAAAAAAAAAAAAAAAAAAAAAAAAAAAAAAAAAAAAAAAAAAAAAAAABBBBBBBBBBBBBBBBBBBBBBBBBBBBBBBBBBBBBBBBBBBBBBBBBBBBBBBBBBBBBBBBBBBBBBBBBBBBB..ABBBBAABBBBABBBBBAABBABBABBBAABB
AAAAAAAAAAAAAAAAAAAAAAAAAAAAAAAAAAAAAAAAAAAAAAAAAAAAAAAAAAAAAAAAAAAAAAAAAAAAAAAAAAAAAAAAA..BBBBBBBBBBBBBBBBBBBBBBBBBBBBBBBBBBBBBBBBBBBBBBBBBBBBBBBBBBBBBBBBBBBBBBBBBBBBBABBBBAABBBBABBBBBAABBABBABBBAABB
AAAAAAAAAAAAAAAAAAAAAAAAAAAAAAAAAAAAAAAAAAAAAAAAAAAAAAAAAAAAAAAAAAAAAAAAAAAAAAAAAAAAAAAAAABBBBBBBBBBBBBBBBBBBBBBBBBBBBBBBBBBBBBBBBBBBBBBBBBBBBBBBBBBBBBBBBBBBBBBBBBBBBBB..BBBAABBBBABBBBBAABBABBABBBAABB
AAAAAAAAAAAAAAAAAAAAAAAAAAAAAAAAAAAAAAAAAAAAAAAAAAAAAAAAAAAAAAAAAAAAAAAAAAAAAAAAAAAAAAAAAA..BBBBBBBBBBBBBBBBBBBBBBBBBBBBBBBBBBBBBBBBBBBBBBBBBBBBBBBBBBBBBBBBBBBBBBBBBBBBBBBBBAABBBBABBBBBAABBABBABBBAABB
AAAAAAAAAAAAAAAAAAAAAAAAAAAAAAAAAAAAAAAAAAAAAAAAAAAAAAAAAAAAAAAAAAAAAAAAAAAAAAAAAAAAAAAAAAAABBBBBBBBBBBBBBBBBBBBBBBBBBBBBBBBBBBBBBBBBBBBBBBBBBBBBBBBBBBBBBBBBBBBBBBBBBBBBBBBB..BBBBABBBBBAABBABBABBBAABB
AAAAAAAAAAAAAAAAAAAAAAAAAAAAAAAAAAAAAAAAAAAAAAAAAAAAAAAAAAAAAAAAAAAAAAAAAAAAAAAAAAAAAAAAAAAA..BBBBBBBBBBBBBBBBBBBBBBBBBBBBBBBBBBBBBBBBBBBBBBBBBBBBBBBBBBBBBBBBBBBBBBBBBBBBBBBBBBBBBABBBBBAABBABBABBBAABB
AAAAAAAAAAAAAAAAAAAAAAAAAAAAAAAAAAAAAAAAAAAAAAAAAAAAAAAAAAAAAAAAAAAAAAAAAAAAAAAAAAAAAAAAAAAAABBBBBBBBBBBBBBBBBBBBBBBBBBBBBBBBBBBBBBBBBBBBBBBBBBBBBBBBBBBBBBBBBBBBBBBBBBBBBBBBBBBBBB..BBBBAABBABBABBBAABB
AAAAAAAAAAAAAAAAAAAAAAAAAAAAAAAAAAAAAAAAAAAAAAAAAAAAAAAAAAAAAAAAAAAAAAAAAAAAAAAAAAAAAAAAAAAAA..BBBBBBBBBBBBBBBBBBBBBBBBBBBBBBBBBBBBBBBBBBBBBBBBBBBBBBBBBBBBBBBBBBBBBBBBBBBBBBBBBBBBBBBBBBAABBABBABBBAABB
AAAAAAAAAAAAAAAAAAAAAAAAAAAAAAAAAAAAAAAAAAAAAAAAAAAAAAAAAAAAAAAAAAAAAAAAAAAAAAAAAAAAAAAAAAAAAAABBBBBBBBBBBBBBBBBBBBBBBBBBBBBBBBBBBBBBBBBBBBBBBBBBBBBBBBBBBBBBBBBBBBBBBBBBBBBBBBBBBBBBBBBB..BBABBABBBAABB
AAAAAAAAAAAAAAAAAAAAAAAAAAAAAAAAAAAAAAAAAAAAAAAAAAAAAAAAAAAAAAAAAAAAAAAAAAAAAAAAAAAAAAAAAAAAAAA..BBBBBBBBBBBBBBBBBBBBBBBBBBBBBBBBBBBBBBBBBBBBBBBBBBBBBBBBBBBBBBBBBBBBBBBBBBBBBBBBBBBBBBBBBBBBABBABBBAABB
AAAAAAAAAAAAAAAAAAAAAAAAAAAAAAAAAAAAAAAAAAAAAAAAAAAAAAAAAAAAAAAAAAAAAAAAAAAAAAAAAAAAAAAAAAAAAAAABBBBBBBBBBBBBBBBBBBBBBBBBBBBBBBBBBBBBBBBBBBBBBBBBBBBBBBBBBBBBBBBBBBBBBBBBBBBBBBBBBBBBBBBBBBBB..BABBBAABB
AAAAAAAAAAAAAAAAAAAAAAAAAAAAAAAAAAAAAAAAAAAAAAAAAAAAAAAAAAAAAAAAAAAAAAAAAAAAAAAAAAAAAAAAAAAAAAAA..BBBBBBBBBBBBBBBBBBBBBBBBBBBBBBBBBBBBBBBBBBBBBBBBBBBBBBBBBBBBBBBBBBBBBBBBBBBBBBBBBBBBBBBBBBBBBBABBBAABB
AAAAAAAAAAAAAAAAAAAAAAAAAAAAAAAAAAAAAAAAAAAAAAAAAAAAAAAAAAAAAAAAAAAAAAAAAAAAAAAAAAAAAAAAAAAAAAAAABBBBBBBBBBBBBBBBBBBBBBBBBBBBBBBBBBBBBBBBBBBBBBBBBBBBBBBBBBBBBBBBBBBBBBBBBBBBBBBBBBBBBBBBBBBBBBB..BBAABB
AAAAAAAAAAAAAAAAAAAAAAAAAAAAAAAAAAAAAAAAAAAAAAAAAAAAAAAAAAAAAAAAAAAAAAAAAAAAAAAAAAAAAAAAAAAAAAAAA..BBBBBBBBBBBBBBBBBBBBBBBBBBBBBBBBBBBBBBBBBBBBBBBBBBBBBBBBBBBBBBBBBBBBBBBBBBBBBBBBBBBBBBBBBBBBBBBBBAABB
AAAAAAAAAAAAAAAAAAAAAAAAAAAAAAAAAAAAAAAAAAAAAAAAAAAAAAAAAAAAAAAAAAAAAAAAAAAAAAAAAAAAAAAAAAAAAAAAAAABBBBBBBBBBBBBBBBBBBBBBBBBBBBBBBBBBBBBBBBBBBBBBBBBBBBBBBBBBBBBBBBBBBBBBBBBBBBBBBBBBBBBBBBBBBBBBBBB..BB
