138
..BBBAAAAABABAAABBBAABBABABBBBBAABAAAABBABBABBBABBBBABBBABABAABBAABBBBBBBBABAABAABBABBAAABBABAAABABBBAAABBABBBBAAABABABBABABBABAAABAABBBBABABAABBBAAAAAAAAAAABAAABAAAABAAABBBAAABBABBABBBABBABAAABAAABAB
AABBB..AAABABAAABBBAABBABABBBBBAABAAAABBABBABBBABBBBABBBABABAABBAABBBBBBBBABAABAABBABBAAABBABAAABABBBAAABBABBBBAAABABABBABABBABAAABAABBBBABABAABBBAAAAAAAAAAABAAABAAAABAAABBBAAABBABBABBBABBABAAABAAABAB
AA..BBBAAABABAAABBBAABBABABBBBBAABAAAABBABBABBBABBBBABBBABABAABBAABBBBBBBBABAABAABBABBAAABBABAAABABBBAAABBABBBBAAABABABBABABBABAAABAABBBBABABAABBBAAAAAAAAAAABAAABAAAABAAABBBAAABBABBABBBABBABAAABAAABAB
AAAABBB..ABABAAABBBAABBABABBBBBAABAAAABBABBABBBABBBBABBBABABAABBAABBBBBBBBABAABAABBABBAAABBABAAABABBBAAABBABBBBAAABABABBABABBABAAABAABBBBABABAABBBAAAAAAAAAAABAAABAAAABAAABBBAAABBABBABBBABBABAAABAAABAB
AAAA..BBBABABAAABBBAABBABABBBBBAABAAAABBABBABBBABBBBABBBABABAABBAABBBBBBBBABAABAABBABBAAABBABAAABABBBAAABBABBBBAAABABABBABABBABAAABAABBBBABABAABBBAAAAAAAAAAABAAABAAAABAAABBBAAABBABBABBBABBABAAABAAABAB
AAAAABBBB..ABAAABBBAABBABABBBBBAABAAAABBABBABBBABBBBABBBABABAABBAABBBBBBBBABAABAABBABBAAABBABAAABABBBAAABBABBBBAAABABABBABABBABAAABAABBBBABABAABBBAAAAAAAAAAABAAABAAAABAAABBBAAABBABBABBBABBABAAABAAABAB
AAAAA..BBBBABAAABBBAABBABABBBBBAABAAAABBABBABBBABBBBABBBABABAABBAABBBBBBBBABAABAABBABBAAABBABAAABABBBAAABBABBBBAAABABABBABABBABAAABAABBBBABABAABBBAAAAAAAAAAABAAABAAAABAAABBBAAABBABBABBBABBABAAABAAABAB
AAAAAABBBBB..AAABBBAABBABABBBBBAABAAAABBABBABBBABBBBABBBABABAABBAABBBBBBBBABAABAABBABBAAABBABAAABABBBAAABBABBBBAAABABABBABABBABAAABAABBBBABABAABBBAAAAAAAAAAABAAABAAAABAAABBBAAABBABBABBBABBABAAABAAABAB
AAAAAA..BBBBBAAABBBAABBABABBBBBAABAAAABBABBABBBABBBBABBBABABAABBAABBBBBBBBABAABAABBABBAAABBABAAABABBBAAABBABBBBAAABABABBABABBABAAABAABBBBABABAABBBAAAAAAAAAAABAAABAAAABAAABBBAAABBABBABBBABBABAAABAAABAB
AAAAAAAABBBBB..ABBBAABBABABBBBBAABAAAABBABBABBBABBBBABBBABABAABBAABBBBBBBBABAABAABBABBAAABBABAAABABBBAAABBABBBBAAABABABBABABBABAAABAABBBBABABAABBBAAAAAAAAAAABAAABAAAABAAABBBAAABBABBABBBABBABAAABAAABAB
AAAAAAAA..BBBBBABBBAABBABABBBBBAABAAAABBABBABBBABBBBABBBABABAABBAABBBBBBBBABAABAABBABBAAABBABAAABABBBAAABBABBBBAAABABABBABABBABAAABAABBBBABABAABBBAAAAAAAAAAABAAABAAAABAAABBBAAABBABBABBBABBABAAABAAABAB
AAAAAAAAABBBBBB..BBAABBABABBBBBAABAAAABBABBABBBABBBBABBBABABAABBAABBBBBBBBABAABAABBABBAAABBABAAABABBBAAABBABBBBAAABABABBABABBABAAABAABBBBABABAABBBAAAAAAAAAAABAAABAAAABAAABBBAAABBABBABBBABBABAAABAAABAB
AAAAAAAAA..BBBBBBBBAABBABABBBBBAABAAAABBABBABBBABBBBABBBABABAABBAABBBBBBBBABAABAABBABBAAABBABAAABABBBAAABBABBBBAAABABABBABABBABAAABAABBBBABABAABBBAAAAAAAAAAABAAABAAAABAAABBBAAABBABBABBBABBABAAABAAABAB
AAAAAAAAAAABBBBBBBB..BBABABBBBBAABAAAABBABBABBBABBBBABBBABABAABBAABBBBBBBBABAABAABBABBAAABBABAAABABBBAAABBABBBBAAABABABBABABBABAAABAABBBBABABAABBBAAAAAAAAAAABAAABAAAABAAABBBAAABBABBABBBABBABAAABAAABAB
AAAAAAAAAAA..BBBBBBBBBBABABBBBBAABAAAABBABBABBBABBBBABBBABABAABBAABBBBBBBBABAABAABBABBAAABBABAAABABBBAAABBABBBBAAABABABBABABBABAAABAABBBBABABAABBBAAAAAAAAAAABAAABAAAABAAABBBAAABBABBABBBABBABAAABAAABAB
AAAAAAAAAAAABBBBBBBBBBB..ABBBBBAABAAAABBABBABBBABBBBABBBABABAABBAABBBBBBBBABAABAABBABBAAABBABAAABABBBAAABBABBBBAAABABABBABABBABAAABAABBBBABABAABBBAAAAAAAAAAABAAABAAAABAAABBBAAABBABBABBBABBABAAABAAABAB
AAAAAAAAAAAA..BBBBBBBBBBBABBBBBAABAAAABBABBABBBABBBBABBBABABAABBAABBBBBBBBABAABAABBABBAAABBABAAABABBBAAABBABBBBAAABABABBABABBABAAABAABBBBABABAABBBAAAAAAAAAAABAAABAAAABAAABBBAAABBABBABBBABBABAAABAAABAB
AAAAAAAAAAAAABBBBBBBBBBBB..BBBBAABAAAABBABBABBBABBBBABBBABABAABBAABBBBBBBBABAABAABBABBAAABBABAAABABBBAAABBABBBBAAABABABBABABBABAAABAABBBBABABAABBBAAAAAAAAAAABAAABAAAABAAABBBAAABBABBABBBABBABAAABAAABAB
AAAAAAAAAAAAA..BBBBBBBBBBBBBBBBAABAAAABBABBABBBABBBBABBBABABAABBAABBBBBBBBABAABAABBABBAAABBABAAABABBBAAABBABBBBAAABABABBABABBABAAABAABBBBABABAABBBAAAAAAAAAAABAAABAAAABAAABBBAAABBABBABBBABBABAAABAAABAB
AAAAAAAAAAAAAAABBBBBBBBBBBBBBBB..BAAAABBABBABBBABBBBABBBABABAABBAABBBBBBBBABAABAABBABBAAABBABAAABABBBAAABBABBBBAAABABABBABABBABAAABAABBBBABABAABBBAAAAAAAAAAABAAABAAAABAAABBBAAABBABBABBBABBABAAABAAABAB
AAAAAAAAAAAAAAA..BBBBBBBBBBBBBBBBBAAAABBABBABBBABBBBABBBABABAABBAABBBBBBBBABAABAABBABBAAABBABAAABABBBAAABBABBBBAAABABABBABABBABAAABAABBBBABABAABBBAAAAAAAAAAABAAABAAAABAAABBBAAABBABBABBBABBABAAABAAABAB
AAAAAAAAAAAAAAAAABBBBBBBBBBBBBBBBB..AABBABBABBBABBBBABBBABABAABBAABBBBBBBBABAABAABBABBAAABBABAAABABBBAAABBABBBBAAABABABBABABBABAAABAABBBBABABAABBBAAAAAAAAAAABAAABAAAABAAABBBAAABBABBABBBABBABAAABAAABAB
AAAAAAAAAAAAAAAAA..BBBBBBBBBBBBBBBBBAABBABBABBBABBBBABBBABABAABBAABBBBBBBBABAABAABBABBAAABBABAAABABBBAAABBABBBBAAABABABBABABBABAAABAABBBBABABAABBBAAAAAAAAAAABAAABAAAABAAABBBAAABBABBABBBABBABAAABAAABAB
AAAAAAAAAAAAAAAAAAABBBBBBBBBBBBBBBBB..BBABBABBBABBBBABBBABABAABBAABBBBBBBBABAABAABBABBAAABBABAAABABBBAAABBABBBBAAABABABBABABBABAAABAABBBBABABAABBBAAAAAAAAAAABAAABAAAABAAABBBAAABBABBABBBABBABAAABAAABAB
AAAAAAAAAAAAAAAAAAA..BBBBBBBBBBBBBBBBBBBABBABBBABBBBABBBABABAABBAABBBBBBBBABAABAABBABBAAABBABAAABABBBAAABBABBBBAAABABABBABABBABAAABAABBBBABABAABBBAAAAAAAAAAABAAABAAAABAAABBBAAABBABBABBBABBABAAABAAABAB
AAAAAAAAAAAAAAAAAAAABBBBBBBBBBBBBBBBBBBB..BABBBABBBBABBBABABAABBAABBBBBBBBABAABAABBABBAAABBABAAABABBBAAABBABBBBAAABABABBABABBABAAABAABBBBABABAABBBAAAAAAAAAAABAAABAAAABAAABBBAAABBABBABBBABBABAAABAAABAB
AAAAAAAAAAAAAAAAAAAA..BBBBBBBBBBBBBBBBBBBBBABBBABBBBABBBABABAABBAABBBBBBBBABAABAABBABBAAABBABAAABABBBAAABBABBBBAAABABABBABABBABAAABAABBBBABABAABBBAAAAAAAAAAABAAABAAAABAAABBBAAABBABBABBBABBABAAABAAABAB
AAAAAAAAAAAAAAAAAAAAABBBBBBBBBBBBBBBBBBBBBB..BBABBBBABBBABABAABBAABBBBBBBBABAABAABBABBAAABBABAAABABBBAAABBABBBBAAABABABBABABBABAAABAABBBBABABAABBBAAAAAAAAAAABAAABAAAABAAABBBAAABBABBABBBABBABAAABAAABAB
AAAAAAAAAAAAAAAAAAAAA..BBBBBBBBBBBBBBBBBBBBBBBBABBBBABBBABABAABBAABBBBBBBBABAABAABBABBAAABBABAAABABBBAAABBABBBBAAABABABBABABBABAAABAABBBBABABAABBBAAAAAAAAAAABAAABAAAABAAABBBAAABBABBABBBABBABAAABAAABAB
AAAAAAAAAAAAAAAAAAAAAABBBBBBBBBBBBBBBBBBBBBBBBB..BBBABBBABABAABBAABBBBBBBBABAABAABBABBAAABBABAAABABBBAAABBABBBBAAABABABBABABBABAAABAABBBBABABAABBBAAAAAAAAAAABAAABAAAABAAABBBAAABBABBABBBABBABAAABAAABAB
AAAAAAAAAAAAAAAAAAAAAA..BBBBBBBBBBBBBBBBBBBBBBBBBBBBABBBABABAABBAABBBBBBBBABAABAABBABBAAABBABAAABABBBAAABBABBBBAAABABABBABABBABAAABAABBBBABABAABBBAAAAAAAAAAABAAABAAAABAAABBBAAABBABBABBBABBABAAABAAABAB
AAAAAAAAAAAAAAAAAAAAAAABBBBBBBBBBBBBBBBBBBBBBBBBBBBB..BBABABAABBAABBBBBBBBABAABAABBABBAAABBABAAABABBBAAABBABBBBAAABABABBABABBABAAABAABBBBABABAABBBAAAAAAAAAAABAAABAAAABAAABBBAAABBABBABBBABBABAAABAAABAB
AAAAAAAAAAAAAAAAAAAAAAA..BBBBBBBBBBBBBBBBBBBBBBBBBBBBBBBABABAABBAABBBBBBBBABAABAABBABBAAABBABAAABABBBAAABBABBBBAAABABABBABABBABAAABAABBBBABABAABBBAAAAAAAAAAABAAABAAAABAAABBBAAABBABBABBBABBABAAABAAABAB
AAAAAAAAAAAAAAAAAAAAAAAABBBBBBBBBBBBBBBBBBBBBBBBBBBBBBBB..ABAABBAABBBBBBBBABAABAABBABBAAABBABAAABABBBAAABBABBBBAAABABABBABABBABAAABAABBBBABABAABBBAAAAAAAAAAABAAABAAAABAAABBBAAABBABBABBBABBABAAABAAABAB
AAAAAAAAAAAAAAAAAAAAAAAA..BBBBBBBBBBBBBBBBBBBBBBBBBBBBBBBBABAABBAABBBBBBBBABAABAABBABBAAABBABAAABABBBAAABBABBBBAAABABABBABABBABAAABAABBBBABABAABBBAAAAAAAAAAABAAABAAAABAAABBBAAABBABBABBBABBABAAABAAABAB
AAAAAAAAAAAAAAAAAAAAAAAAABBBBBBBBBBBBBBBBBBBBBBBBBBBBBBBBB..AABBAABBBBBBBBABAABAABBABBAAABBABAAABABBBAAABBABBBBAAABABABBABABBABAAABAABBBBABABAABBBAAAAAAAAAAABAAABAAAABAAABBBAAABBABBABBBABBABAAABAAABAB
AAAAAAAAAAAAAAAAAAAAAAAAA..BBBBBBBBBBBBBBBBBBBBBBBBBBBBBBBBBAABBAABBBBBBBBABAABAABBABBAAABBABAAABABBBAAABBABBBBAAABABABBABABBABAAABAABBBBABABAABBBAAAAAAAAAAABAAABAAAABAAABBBAAABBABBABBBABBABAAABAAABAB
AAAAAAAAAAAAAAAAAAAAAAAAAAABBBBBBBBBBBBBBBBBBBBBBBBBBBBBBBBB..BBAABBBBBBBBABAABAABBABBAAABBABAAABABBBAAABBABBBBAAABABABBABABBABAAABAABBBBABABAABBBAAAAAAAAAAABAAABAAAABAAABBBAAABBABBABBBABBABAAABAAABAB
AAAAAAAAAAAAAAAAAAAAAAAAAAA..BBBBBBBBBBBBBBBBBBBBBBBBBBBBBBBBBBBAABBBBBBBBABAABAABBABBAAABBABAAABABBBAAABBABBBBAAABABABBABABBABAAABAABBBBABABAABBBAAAAAAAAAAABAAABAAAABAAABBBAAABBABBABBBABBABAAABAAABAB
AAAAAAAAAAAAAAAAAAAAAAAAAAAAABBBBBBBBBBBBBBBBBBBBBBBBBBBBBBBBBBB..BBBBBBBBABAABAABBABBAAABBABAAABABBBAAABBABBBBAAABABABBABABBABAAABAABBBBABABAABBBAAAAAAAAAAABAAABAAAABAAABBBAAABBABBABBBABBABAAABAAABAB
AAAAAAAAAAAAAAAAAAAAAAAAAAAAA..BBBBBBBBBBBBBBBBBBBBBBBBBBBBBBBBBBBBBBBBBBBABAABAABBABBAAABBABAAABABBBAAABBABBBBAAABABABBABABBABAAABAABBBBABABAABBBAAAAAAAAAAABAAABAAAABAAABBBAAABBABBABBBABBABAAABAAABAB
AAAAAAAAAAAAAAAAAAAAAAAAAAAAAABBBBBBBBBBBBBBBBBBBBBBBBBBBBBBBBBBBBBBBBBBBB..AABAABBABBAAABBABAAABABBBAAABBABBBBAAABABABBABABBABAAABAABBBBABABAABBBAAAAAAAAAAABAAABAAAABAAABBBAAABBABBABBBABBABAAABAAABAB
AAAAAAAAAAAAAAAAAAAAAAAAAAAAAA..BBBBBBBBBBBBBBBBBBBBBBBBBBBBBBBBBBBBBBBBBBBBAABAABBABBAAABBABAAABABBBAAABBABBBBAAABABABBABABBABAAABAABBBBABABAABBBAAAAAAAAAAABAAABAAAABAAABBBAAABBABBABBBABBABAAABAAABAB
AAAAAAAAAAAAAAAAAAAAAAAAAAAAAAAABBBBBBBBBBBBBBBBBBBBBBBBBBBBBBBBBBBBBBBBBBBB..BAABBABBAAABBABAAABABBBAAABBABBBBAAABABABBABABBABAAABAABBBBABABAABBBAAAAAAAAAAABAAABAAAABAAABBBAAABBABBABBBABBABAAABAAABAB
AAAAAAAAAAAAAAAAAAAAAAAAAAAAAAAA..BBBBBBBBBBBBBBBBBBBBBBBBBBBBBBBBBBBBBBBBBBBBBAABBABBAAABBABAAABABBBAAABBABBBBAAABABABBABABBABAAABAABBBBABABAABBBAAAAAAAAAAABAAABAAAABAAABBBAAABBABBABBBABBABAAABAAABAB
AAAAAAAAAAAAAAAAAAAAAAAAAAAAAAAAAABBBBBBBBBBBBBBBBBBBBBBBBBBBBBBBBBBBBBBBBBBBBB..BBABBAAABBABAAABABBBAAABBABBBBAAABABABBABABBABAAABAABBBBABABAABBBAAAAAAAAAAABAAABAAAABAAABBBAAABBABBABBBABBABAAABAAABAB
AAAAAAAAAAAAAAAAAAAAAAAAAAAAAAAAAA..BBBBBBBBBBBBBBBBBBBBBBBBBBBBBBBBBBBBBBBBBBBBBBBABBAAABBABAAABABBBAAABBABBBBAAABABABBABABBABAAABAABBBBABABAABBBAAAAAAAAAAABAAABAAAABAAABBBAAABBABBABBBABBABAAABAAABAB
AAAAAAAAAAAAAAAAAAAAAAAAAAAAAAAAAAABBBBBBBBBBBBBBBBBBBBBBBBBBBBBBBBBBBBBBBBBBBBBBBB..BAAABBABAAABABBBAAABBABBBBAAABABABBABABBABAAABAABBBBABABAABBBAAAAAAAAAAABAAABAAAABAAABBBAAABBABBABBBABBABAAABAAABAB
AAAAAAAAAAAAAAAAAAAAAAAAAAAAAAAAAAA..BBBBBBBBBBBBBBBBBBBBBBBBBBBBBBBBBBBBBBBBBBBBBBBBBAAABBABAAABABBBAAABBABBBBAAABABABBABABBABAAABAABBBBABABAABBBAAAAAAAAAAABAAABAAAABAAABBBAAABBABBABBBABBABAAABAAABAB
AAAAAAAAAAAAAAAAAAAAAAAAAAAAAAAAAAAAABBBBBBBBBBBBBBBBBBBBBBBBBBBBBBBBBBBBBBBBBBBBBBBBB..ABBABAAABABBBAAABBABBBBAAABABABBABABBABAAABAABBBBABABAABBBAAAAAAAAAAABAAABAAAABAAABBBAAABBABBABBBABBABAAABAAABAB
AAAAAAAAAAAAAAAAAAAAAAAAAAAAAAAAAAAAA..BBBBBBBBBBBBBBBBBBBBBBBBBBBBBBBBBBBBBBBBBBBBBBBBBABBABAAABABBBAAABBABBBBAAABABABBABABBABAAABAABBBBABABAABBBAAAAAAAAAAABAAABAAAABAAABBBAAABBABBABBBABBABAAABAAABAB
AAAAAAAAAAAAAAAAAAAAAAAAAAAAAAAAAAAAAABBBBBBBBBBBBBBBBBBBBBBBBBBBBBBBBBBBBBBBBBBBBBBBBBB..BABAAABABBBAAABBABBBBAAABABABBABABBABAAABAABBBBABABAABBBAAAAAAAAAAABAAABAAAABAAABBBAAABBABBABBBABBABAAABAAABAB
AAAAAAAAAAAAAAAAAAAAAAAAAAAAAAAAAAAAAA..BBBBBBBBBBBBBBBBBBBBBBBBBBBBBBBBBBBBBBBBBBBBBBBBBBBABAAABABBBAAABBABBBBAAABABABBABABBABAAABAABBBBABABAABBBAAAAAAAAAAABAAABAAAABAAABBBAAABBABBABBBABBABAAABAAABAB
AAAAAAAAAAAAAAAAAAAAAAAAAAAAAAAAAAAAAAABBBBBBBBBBBBBBBBBBBBBBBBBBBBBBBBBBBBBBBBBBBBBBBBBBBB..AAABABBBAAABBABBBBAAABABABBABABBABAAABAABBBBABABAABBBAAAAAAAAAAABAAABAAAABAAABBBAAABBABBABBBABBABAAABAAABAB
AAAAAAAAAAAAAAAAAAAAAAAAAAAAAAAAAAAAAAA..BBBBBBBBBBBBBBBBBBBBBBBBBBBBBBBBBBBBBBBBBBBBBBBBBBBBAAABABBBAAABBABBBBAAABABABBABABBABAAABAABBBBABABAABBBAAAAAAAAAAABAAABAAAABAAABBBAAABBABBABBBABBABAAABAAABAB
AAAAAAAAAAAAAAAAAAAAAAAAAAAAAAAAAAAAAAAAABBBBBBBBBBBBBBBBBBBBBBBBBBBBBBBBBBBBBBBBBBBBBBBBBBBB..ABABBBAAABBABBBBAAABABABBABABBABAAABAABBBBABABAABBBAAAAAAAAAAABAAABAAAABAAABBBAAABBABBABBBABBABAAABAAABAB
AAAAAAAAAAAAAAAAAAAAAAAAAAAAAAAAAAAAAAAAA..BBBBBBBBBBBBBBBBBBBBBBBBBBBBBBBBBBBBBBBBBBBBBBBBBBBBABABBBAAABBABBBBAAABABABBABABBABAAABAABBBBABABAABBBAAAAAAAAAAABAAABAAAABAAABBBAAABBABBABBBABBABAAABAAABAB
AAAAAAAAAAAAAAAAAAAAAAAAAAAAAAAAAAAAAAAAAABBBBBBBBBBBBBBBBBBBBBBBBBBBBBBBBBBBBBBBBBBBBBBBBBBBBB..ABBBAAABBABBBBAAABABABBABABBABAAABAABBBBABABAABBBAAAAAAAAAAABAAABAAAABAAABBBAAABBABBABBBABBABAAABAAABAB
AAAAAAAAAAAAAAAAAAAAAAAAAAAAAAAAAAAAAAAAAA..BBBBBBBBBBBBBBBBBBBBBBBBBBBBBBBBBBBBBBBBBBBBBBBBBBBBBABBBAAABBABBBBAAABABABBABABBABAAABAABBBBABABAABBBAAAAAAAAAAABAAABAAAABAAABBBAAABBABBABBBABBABAAABAAABAB
AAAAAAAAAAAAAAAAAAAAAAAAAAAAAAAAAAAAAAAAAAABBBBBBBBBBBBBBBBBBBBBBBBBBBBBBBBBBBBBBBBBBBBBBBBBBBBBB..BBAAABBABBBBAAABABABBABABBABAAABAABBBBABABAABBBAAAAAAAAAAABAAABAAAABAAABBBAAABBABBABBBABBABAAABAAABAB
AAAAAAAAAAAAAAAAAAAAAAAAAAAAAAAAAAAAAAAAAAA..BBBBBBBBBBBBBBBBBBBBBBBBBBBBBBBBBBBBBBBBBBBBBBBBBBBBBBBBAAABBABBBBAAABABABBABABBABAAABAABBBBABABAABBBAAAAAAAAAAABAAABAAAABAAABBBAAABBABBABBBABBABAAABAAABAB
AAAAAAAAAAAAAAAAAAAAAAAAAAAAAAAAAAAAAAAAAAAAABBBBBBBBBBBBBBBBBBBBBBBBBBBBBBBBBBBBBBBBBBBBBBBBBBBBBBBB..ABBABBBBAAABABABBABABBABAAABAABBBBABABAABBBAAAAAAAAAAABAAABAAAABAAABBBAAABBABBABBBABBABAAABAAABAB
AAAAAAAAAAAAAAAAAAAAAAAAAAAAAAAAAAAAAAAAAAAAA..BBBBBBBBBBBBBBBBBBBBBBBBBBBBBBBBBBBBBBBBBBBBBBBBBBBBBBBBABBABBBBAAABABABBABABBABAAABAABBBBABABAABBBAAAAAAAAAAABAAABAAAABAAABBBAAABBABBABBBABBABAAABAAABAB
AAAAAAAAAAAAAAAAAAAAAAAAAAAAAAAAAAAAAAAAAAAAAABBBBBBBBBBBBBBBBBBBBBBBBBBBBBBBBBBBBBBBBBBBBBBBBBBBBBBBBB..BABBBBAAABABABBABABBABAAABAABBBBABABAABBBAAAAAAAAAAABAAABAAAABAAABBBAAABBABBABBBABBABAAABAAABAB
AAAAAAAAAAAAAAAAAAAAAAAAAAAAAAAAAAAAAAAAAAAAAA..BBBBBBBBBBBBBBBBBBBBBBBBBBBBBBBBBBBBBBBBBBBBBBBBBBBBBBBBBBABBBBAAABABABBABABBABAAABAABBBBABABAABBBAAAAAAAAAAABAAABAAAABAAABBBAAABBABBABBBABBABAAABAAABAB
AAAAAAAAAAAAAAAAAAAAAAAAAAAAAAAAAAAAAAAAAAAAAAABBBBBBBBBBBBBBBBBBBBBBBBBBBBBBBBBBBBBBBBBBBBBBBBBBBBBBBBBBB..BBBAAABABABBABABBABAAABAABBBBABABAABBBAAAAAAAAAAABAAABAAAABAAABBBAAABBABBABBBABBABAAABAAABAB
AAAAAAAAAAAAAAAAAAAAAAAAAAAAAAAAAAAAAAAAAAAAAAA..BBBBBBBBBBBBBBBBBBBBBBBBBBBBBBBBBBBBBBBBBBBBBBBBBBBBBBBBBBBBBBAAABABABBABABBABAAABAABBBBABABAABBBAAAAAAAAAAABAAABAAAABAAABBBAAABBABBABBBABBABAAABAAABAB
AAAAAAAAAAAAAAAAAAAAAAAAAAAAAAAAAAAAAAAAAAAAAAAAABBBBBBBBBBBBBBBBBBBBBBBBBBBBBBBBBBBBBBBBBBBBBBBBBBBBBBBBBBBBBB..ABABABBABABBABAAABAABBBBABABAABBBAAAAAAAAAAABAAABAAAABAAABBBAAABBABBABBBABBABAAABAAABAB
AAAAAAAAAAAAAAAAAAAAAAAAAAAAAAAAAAAAAAAAAAAAAAAAA..BBBBBBBBBBBBBBBBBBBBBBBBBBBBBBBBBBBBBBBBBBBBBBBBBBBBBBBBBBBBBBABABABBABABBABAAABAABBBBABABAABBBAAAAAAAAAAABAAABAAAABAAABBBAAABBABBABBBABBABAAABAAABAB
AAAAAAAAAAAAAAAAAAAAAAAAAAAAAAAAAAAAAAAAAAAAAAAAAABBBBBBBBBBBBBBBBBBBBBBBBBBBBBBBBBBBBBBBBBBBBBBBBBBBBBBBBBBBBBBB..ABABBABABBABAAABAABBBBABABAABBBAAAAAAAAAAABAAABAAAABAAABBBAAABBABBABBBABBABAAABAAABAB
AAAAAAAAAAAAAAAAAAAAAAAAAAAAAAAAAAAAAAAAAAAAAAAAAA..BBBBBBBBBBBBBBBBBBBBBBBBBBBBBBBBBBBBBBBBBBBBBBBBBBBBBBBBBBBBBBBABABBABABBABAAABAABBBBABABAABBBAAAAAAAAAAABAAABAAAABAAABBBAAABBABBABBBABBABAAABAAABAB
AAAAAAAAAAAAAAAAAAAAAAAAAAAAAAAAAAAAAAAAAAAAAAAAAAABBBBBBBBBBBBBBBBBBBBBBBBBBBBBBBBBBBBBBBBBBBBBBBBBBBBBBBBBBBBBBBB..ABBABABBABAAABAABBBBABABAABBBAAAAAAAAAAABAAABAAAABAAABBBAAABBABBABBBABBABAAABAAABAB
AAAAAAAAAAAAAAAAAAAAAAAAAAAAAAAAAAAAAAAAAAAAAAAAAAA..BBBBBBBBBBBBBBBBBBBBBBBBBBBBBBBBBBBBBBBBBBBBBBBBBBBBBBBBBBBBBBBBABBABABBABAAABAABBBBABABAABBBAAAAAAAAAAABAAABAAAABAAABBBAAABBABBABBBABBABAAABAAABAB
AAAAAAAAAAAAAAAAAAAAAAAAAAAAAAAAAAAAAAAAAAAAAAAAAAAABBBBBBBBBBBBBBBBBBBBBBBBBBBBBBBBBBBBBBBBBBBBBBBBBBBBBBBBBBBBBBBBB..BABABBABAAABAABBBBABABAABBBAAAAAAAAAAABAAABAAAABAAABBBAAABBABBABBBABBABAAABAAABAB
AAAAAAAAAAAAAAAAAAAAAAAAAAAAAAAAAAAAAAAAAAAAAAAAAAAA..BBBBBBBBBBBBBBBBBBBBBBBBBBBBBBBBBBBBBBBBBBBBBBBBBBBBBBBBBBBBBBBBBBABABBABAAABAABBBBABABAABBBAAAAAAAAAAABAAABAAAABAAABBBAAABBABBABBBABBABAAABAAABAB
AAAAAAAAAAAAAAAAAAAAAAAAAAAAAAAAAAAAAAAAAAAAAAAAAAAAABBBBBBBBBBBBBBBBBBBBBBBBBBBBBBBBBBBBBBBBBBBBBBBBBBBBBBBBBBBBBBBBBBB..ABBABAAABAABBBBABABAABBBAAAAAAAAAAABAAABAAAABAAABBBAAABBABBABBBABBABAAABAAABAB
AAAAAAAAAAAAAAAAAAAAAAAAAAAAAAAAAAAAAAAAAAAAAAAAAAAAA..BBBBBBBBBBBBBBBBBBBBBBBBBBBBBBBBBBBBBBBBBBBBBBBBBBBBBBBBBBBBBBBBBBBABBABAAABAABBBBABABAABBBAAAAAAAAAAABAAABAAAABAAABBBAAABBABBABBBABBABAAABAAABAB
AAAAAAAAAAAAAAAAAAAAAAAAAAAAAAAAAAAAAAAAAAAAAAAAAAAAAABBBBBBBBBBBBBBBBBBBBBBBBBBBBBBBBBBBBBBBBBBBBBBBBBBBBBBBBBBBBBBBBBBBB..BABAAABAABBBBABABAABBBAAAAAAAAAAABAAABAAAABAAABBBAAABBABBABBBABBABAAABAAABAB
AAAAAAAAAAAAAAAAAAAAAAAAAAAAAAAAAAAAAAAAAAAAAAAAAAAAAA..BBBBBBBBBBBBBBBBBBBBBBBBBBBBBBBBBBBBBBBBBBBBBBBBBBBBBBBBBBBBBBBBBBBBBABAAABAABBBBABABAABBBAAAAAAAAAAABAAABAAAABAAABBBAAABBABBABBBABBABAAABAAABAB
AAAAAAAAAAAAAAAAAAAAAAAAAAAAAAAAAAAAAAAAAAAAAAAAAAAAAAABBBBBBBBBBBBBBBBBBBBBBBBBBBBBBBBBBBBBBBBBBBBBBBBBBBBBBBBBBBBBBBBBBBBBB..AAABAABBBBABABAABBBAAAAAAAAAAABAAABAAAABAAABBBAAABBABBABBBABBABAAABAAABAB
AAAAAAAAAAAAAAAAAAAAAAAAAAAAAAAAAAAAAAAAAAAAAAAAAAAAAAA..BBBBBBBBBBBBBBBBBBBBBBBBBBBBBBBBBBBBBBBBBBBBBBBBBBBBBBBBBBBBBBBBBBBBBBAAABAABBBBABABAABBBAAAAAAAAAAABAAABAAAABAAABBBAAABBABBABBBABBABAAABAAABAB
AAAAAAAAAAAAAAAAAAAAAAAAAAAAAAAAAAAAAAAAAAAAAAAAAAAAAAAAABBBBBBBBBBBBBBBBBBBBBBBBBBBBBBBBBBBBBBBBBBBBBBBBBBBBBBBBBBBBBBBBBBBBBB..ABAABBBBABABAABBBAAAAAAAAAAABAAABAAAABAAABBBAAABBABBABBBABBABAAABAAABAB
AAAAAAAAAAAAAAAAAAAAAAAAAAAAAAAAAAAAAAAAAAAAAAAAAAAAAAAAA..BBBBBBBBBBBBBBBBBBBBBBBBBBBBBBBBBBBBBBBBBBBBBBBBBBBBBBBBBBBBBBBBBBBBBBABAABBBBABABAABBBAAAAAAAAAAABAAABAAAABAAABBBAAABBABBABBBABBABAAABAAABAB
AAAAAAAAAAAAAAAAAAAAAAAAAAAAAAAAAAAAAAAAAAAAAAAAAAAAAAAAAABBBBBBBBBBBBBBBBBBBBBBBBBBBBBBBBBBBBBBBBBBBBBBBBBBBBBBBBBBBBBBBBBBBBBBB..AABBBBABABAABBBAAAAAAAAAAABAAABAAAABAAABBBAAABBABBABBBABBABAAABAAABAB
AAAAAAAAAAAAAAAAAAAAAAAAAAAAAAAAAAAAAAAAAAAAAAAAAAAAAAAAAA..BBBBBBBBBBBBBBBBBBBBBBBBBBBBBBBBBBBBBBBBBBBBBBBBBBBBBBBBBBBBBBBBBBBBBBBAABBBBABABAABBBAAAAAAAAAAABAAABAAAABAAABBBAAABBABBABBBABBABAAABAAABAB
AAAAAAAAAAAAAAAAAAAAAAAAAAAAAAAAAAAAAAAAAAAAAAAAAAAAAAAAAAAABBBBBBBBBBBBBBBBBBBBBBBBBBBBBBBBBBBBBBBBBBBBBBBBBBBBBBBBBBBBBBBBBBBBBBB..BBBBABABAABBBAAAAAAAAAAABAAABAAAABAAABBBAAABBABBABBBABBABAAABAAABAB
AAAAAAAAAAAAAAAAAAAAAAAAAAAAAAAAAAAAAAAAAAAAAAAAAAAAAAAAAAAA..BBBBBBBBBBBBBBBBBBBBBBBBBBBBBBBBBBBBBBBBBBBBBBBBBBBBBBBBBBBBBBBBBBBBBBBBBBBABABAABBBAAAAAAAAAAABAAABAAAABAAABBBAAABBABBABBBABBABAAABAAABAB
AAAAAAAAAAAAAAAAAAAAAAAAAAAAAAAAAAAAAAAAAAAAAAAAAAAAAAAAAAAAABBBBBBBBBBBBBBBBBBBBBBBBBBBBBBBBBBBBBBBBBBBBBBBBBBBBBBBBBBBBBBBBBBBBBBBBBBBB..ABAABBBAAAAAAAAAAABAAABAAAABAAABBBAAABBABBABBBABBABAAABAAABAB
AAAAAAAAAAAAAAAAAAAAAAAAAAAAAAAAAAAAAAAAAAAAAAAAAAAAAAAAAAAAA..BBBBBBBBBBBBBBBBBBBBBBBBBBBBBBBBBBBBBBBBBBBBBBBBBBBBBBBBBBBBBBBBBBBBBBBBBBBBABAABBBAAAAAAAAAAABAAABAAAABAAABBBAAABBABBABBBABBABAAABAAABAB
AAAAAAAAAAAAAAAAAAAAAAAAAAAAAAAAAAAAAAAAAAAAAAAAAAAAAAAAAAAAAABBBBBBBBBBBBBBBBBBBBBBBBBBBBBBBBBBBBBBBBBBBBBBBBBBBBBBBBBBBBBBBBBBBBBBBBBBBBB..AABBBAAAAAAAAAAABAAABAAAABAAABBBAAABBABBABBBABBABAAABAAABAB
AAAAAAAAAAAAAAAAAAAAAAAAAAAAAAAAAAAAAAAAAAAAAAAAAAAAAAAAAAAAAA..BBBBBBBBBBBBBBBBBBBBBBBBBBBBBBBBBBBBBBBBBBBBBBBBBBBBBBBBBBBBBBBBBBBBBBBBBBBBBAABBBAAAAAAAAAAABAAABAAAABAAABBBAAABBABBABBBABBABAAABAAABAB
AAAAAAAAAAAAAAAAAAAAAAAAAAAAAAAAAAAAAAAAAAAAAAAAAAAAAAAAAAAAAAAABBBBBBBBBBBBBBBBBBBBBBBBBBBBBBBBBBBBBBBBBBBBBBBBBBBBBBBBBBBBBBBBBBBBBBBBBBBBB..BBBAAAAAAAAAAABAAABAAAABAAABBBAAABBABBABBBABBABAAABAAABAB
AAAAAAAAAAAAAAAAAAAAAAAAAAAAAAAAAAAAAAAAAAAAAAAAAAAAAAAAAAAAAAAA..BBBBBBBBBBBBBBBBBBBBBBBBBBBBBBBBBBBBBBBBBBBBBBBBBBBBBBBBBBBBBBBBBBBBBBBBBBBBBBBBAAAAAAAAAAABAAABAAAABAAABBBAAABBABBABBBABBABAAABAAABAB
AAAAAAAAAAAAAAAAAAAAAAAAAAAAAAAAAAAAAAAAAAAAAAAAAAAAAAAAAAAAAAAAAABBBBBBBBBBBBBBBBBBBBBBBBBBBBBBBBBBBBBBBBBBBBBBBBBBBBBBBBBBBBBBBBBBBBBBBBBBBBBBBB..AAAAAAAAABAAABAAAABAAABBBAAABBABBABBBABBABAAABAAABAB
AAAAAAAAAAAAAAAAAAAAAAAAAAAAAAAAAAAAAAAAAAAAAAAAAAAAAAAAAAAAAAAAAA..BBBBBBBBBBBBBBBBBBBBBBBBBBBBBBBBBBBBBBBBBBBBBBBBBBBBBBBBBBBBBBBBBBBBBBBBBBBBBBBBAAAAAAAAABAAABAAAABAAABBBAAABBABBABBBABBABAAABAAABAB
AAAAAAAAAAAAAAAAAAAAAAAAAAAAAAAAAAAAAAAAAAAAAAAAAAAAAAAAAAAAAAAAAAAABBBBBBBBBBBBBBBBBBBBBBBBBBBBBBBBBBBBBBBBBBBBBBBBBBBBBBBBBBBBBBBBBBBBBBBBBBBBBBBB..AAAAAAABAAABAAAABAAABBBAAABBABBABBBABBABAAABAAABAB
AAAAAAAAAAAAAAAAAAAAAAAAAAAAAAAAAAAAAAAAAAAAAAAAAAAAAAAAAAAAAAAAAAAA..BBBBBBBBBBBBBBBBBBBBBBBBBBBBBBBBBBBBBBBBBBBBBBBBBBBBBBBBBBBBBBBBBBBBBBBBBBBBBBBBAAAAAAABAAABAAAABAAABBBAAABBABBABBBABBABAAABAAABAB
AAAAAAAAAAAAAAAAAAAAAAAAAAAAAAAAAAAAAAAAAAAAAAAAAAAAAAAAAAAAAAAAAAAAAABBBBBBBBBBBBBBBBBBBBBBBBBBBBBBBBBBBBBBBBBBBBBBBBBBBBBBBBBBBBBBBBBBBBBBBBBBBBBBBB..AAAAABAAABAAAABAAABBBAAABBABBABBBABBABAAABAAABAB
AAAAAAAAAAAAAAAAAAAAAAAAAAAAAAAAAAAAAAAAAAAAAAAAAAAAAAAAAAAAAAAAAAAAAA..BBBBBBBBBBBBBBBBBBBBBBBBBBBBBBBBBBBBBBBBBBBBBBBBBBBBBBBBBBBBBBBBBBBBBBBBBBBBBBBBAAAAABAAABAAAABAAABBBAAABBABBABBBABBABAAABAAABAB
AAAAAAAAAAAAAAAAAAAAAAAAAAAAAAAAAAAAAAAAAAAAAAAAAAAAAAAAAAAAAAAAAAAAAAAABBBBBBBBBBBBBBBBBBBBBBBBBBBBBBBBBBBBBBBBBBBBBBBBBBBBBBBBBBBBBBBBBBBBBBBBBBBBBBBB..AAABAAABAAAABAAABBBAAABBABBABBBABBABAAABAAABAB
AAAAAAAAAAAAAAAAAAAAAAAAAAAAAAAAAAAAAAAAAAAAAAAAAAAAAAAAAAAAAAAAAAAAAAAA..BBBBBBBBBBBBBBBBBBBBBBBBBBBBBBBBBBBBBBBBBBBBBBBBBBBBBBBBBBBBBBBBBBBBBBBBBBBBBBBBAAABAAABAAAABAAABBBAAABBABBABBBABBABAAABAAABAB
AAAAAAAAAAAAAAAAAAAAAAAAAAAAAAAAAAAAAAAAAAAAAAAAAAAAAAAAAAAAAAAAAAAAAAAAAABBBBBBBBBBBBBBBBBBBBBBBBBBBBBBBBBBBBBBBBBBBBBBBBBBBBBBBBBBBBBBBBBBBBBBBBBBBBBBBB..ABAAABAAAABAAABBBAAABBABBABBBABBABAAABAAABAB
AAAAAAAAAAAAAAAAAAAAAAAAAAAAAAAAAAAAAAAAAAAAAAAAAAAAAAAAAAAAAAAAAAAAAAAAAA..BBBBBBBBBBBBBBBBBBBBBBBBBBBBBBBBBBBBBBBBBBBBBBBBBBBBBBBBBBBBBBBBBBBBBBBBBBBBBBBBABAAABAAAABAAABBBAAABBABBABBBABBABAAABAAABAB
AAAAAAAAAAAAAAAAAAAAAAAAAAAAAAAAAAAAAAAAAAAAAAAAAAAAAAAAAAAAAAAAAAAAAAAAAAABBBBBBBBBBBBBBBBBBBBBBBBBBBBBBBBBBBBBBBBBBBBBBBBBBBBBBBBBBBBBBBBBBBBBBBBBBBBBBBBB..AAABAAAABAAABBBAAABBABBABBBABBABAAABAAABAB
AAAAAAAAAAAAAAAAAAAAAAAAAAAAAAAAAAAAAAAAAAAAAAAAAAAAAAAAAAAAAAAAAAAAAAAAAAA..BBBBBBBBBBBBBBBBBBBBBBBBBBBBBBBBBBBBBBBBBBBBBBBBBBBBBBBBBBBBBBBBBBBBBBBBBBBBBBBBBAAABAAAABAAABBBAAABBABBABBBABBABAAABAAABAB
AAAAAAAAAAAAAAAAAAAAAAAAAAAAAAAAAAAAAAAAAAAAAAAAAAAAAAAAAAAAAAAAAAAAAAAAAAAAABBBBBBBBBBBBBBBBBBBBBBBBBBBBBBBBBBBBBBBBBBBBBBBBBBBBBBBBBBBBBBBBBBBBBBBBBBBBBBBBB..ABAAAABAAABBBAAABBABBABBBABBABAAABAAABAB
AAAAAAAAAAAAAAAAAAAAAAAAAAAAAAAAAAAAAAAAAAAAAAAAAAAAAAAAAAAAAAAAAAAAAAAAAAAAA..BBBBBBBBBBBBBBBBBBBBBBBBBBBBBBBBBBBBBBBBBBBBBBBBBBBBBBBBBBBBBBBBBBBBBBBBBBBBBBBBBABAAAABAAABBBAAABBABBABBBABBABAAABAAABAB
AAAAAAAAAAAAAAAAAAAAAAAAAAAAAAAAAAAAAAAAAAAAAAAAAAAAAAAAAAAAAAAAAAAAAAAAAAAAAABBBBBBBBBBBBBBBBBBBBBBBBBBBBBBBBBBBBBBBBBBBBBBBBBBBBBBBBBBBBBBBBBBBBBBBBBBBBBBBBBB..AAAABAAABBBAAABBABBABBBABBABAAABAAABAB
AAAAAAAAAAAAAAAAAAAAAAAAAAAAAAAAAAAAAAAAAAAAAAAAAAAAAAAAAAAAAAAAAAAAAAAAAAAAAA..BBBBBBBBBBBBBBBBBBBBBBBBBBBBBBBBBBBBBBBBBBBBBBBBBBBBBBBBBBBBBBBBBBBBBBBBBBBBBBBBBBAAAABAAABBBAAABBABBABBBABBABAAABAAABAB
AAAAAAAAAAAAAAAAAAAAAAAAAAAAAAAAAAAAAAAAAAAAAAAAAAAAAAAAAAAAAAAAAAAAAAAAAAAAAAAABBBBBBBBBBBBBBBBBBBBBBBBBBBBBBBBBBBBBBBBBBBBBBBBBBBBBBBBBBBBBBBBBBBBBBBBBBBBBBBBBB..AABAAABBBAAABBABBABBBABBABAAABAAABAB
AAAAAAAAAAAAAAAAAAAAAAAAAAAAAAAAAAAAAAAAAAAAAAAAAAAAAAAAAAAAAAAAAAAAAAAAAAAAAAAA..BBBBBBBBBBBBBBBBBBBBBBBBBBBBBBBBBBBBBBBBBBBBBBBBBBBBBBBBBBBBBBBBBBBBBBBBBBBBBBBBBBAABAAABBBAAABBABBABBBABBABAAABAAABAB
AAAAAAAAAAAAAAAAAAAAAAAAAAAAAAAAAAAAAAAAAAAAAAAAAAAAAAAAAAAAAAAAAAAAAAAAAAAAAAAAAABBBBBBBBBBBBBBBBBBBBBBBBBBBBBBBBBBBBBBBBBBBBBBBBBBBBBBBBBBBBBBBBBBBBBBBBBBBBBBBBBB..BAAABBBAAABBABBABBBABBABAAABAAABAB
AAAAAAAAAAAAAAAAAAAAAAAAAAAAAAAAAAAAAAAAAAAAAAAAAAAAAAAAAAAAAAAAAAAAAAAAAAAAAAAAAA..BBBBBBBBBBBBBBBBBBBBBBBBBBBBBBBBBBBBBBBBBBBBBBBBBBBBBBBBBBBBBBBBBBBBBBBBBBBBBBBBBBBAAABBBAAABBABBABBBABBABAAABAAABAB
AAAAAAAAAAAAAAAAAAAAAAAAAAAAAAAAAAAAAAAAAAAAAAAAAAAAAAAAAAAAAAAAAAAAAAAAAAAAAAAAAAAABBBBBBBBBBBBBBBBBBBBBBBBBBBBBBBBBBBBBBBBBBBBBBBBBBBBBBBBBBBBBBBBBBBBBBBBBBBBBBBBBBB..ABBBAAABBABBABBBABBABAAABAAABAB
AAAAAAAAAAAAAAAAAAAAAAAAAAAAAAAAAAAAAAAAAAAAAAAAAAAAAAAAAAAAAAAAAAAAAAAAAAAAAAAAAAAA..BBBBBBBBBBBBBBBBBBBBBBBBBBBBBBBBBBBBBBBBBBBBBBBBBBBBBBBBBBBBBBBBBBBBBBBBBBBBBBBBBBBABBBAAABBABBABBBABBABAAABAAABAB
AAAAAAAAAAAAAAAAAAAAAAAAAAAAAAAAAAAAAAAAAAAAAAAAAAAAAAAAAAAAAAAAAAAAAAAAAAAAAAAAAAAAABBBBBBBBBBBBBBBBBBBBBBBBBBBBBBBBBBBBBBBBBBBBBBBBBBBBBBBBBBBBBBBBBBBBBBBBBBBBBBBBBBBB..BBAAABBABBABBBABBABAAABAAABAB
AAAAAAAAAAAAAAAAAAAAAAAAAAAAAAAAAAAAAAAAAAAAAAAAAAAAAAAAAAAAAAAAAAAAAAAAAAAAAAAAAAAAA..BBBBBBBBBBBBBBBBBBBBBBBBBBBBBBBBBBBBBBBBBBBBBBBBBBBBBBBBBBBBBBBBBBBBBBBBBBBBBBBBBBBBBBAAABBABBABBBABBABAAABAAABAB
AAAAAAAAAAAAAAAAAAAAAAAAAAAAAAAAAAAAAAAAAAAAAAAAAAAAAAAAAAAAAAAAAAAAAAAAAAAAAAAAAAAAAAABBBBBBBBBBBBBBBBBBBBBBBBBBBBBBBBBBBBBBBBBBBBBBBBBBBBBBBBBBBBBBBBBBBBBBBBBBBBBBBBBBBBBB..ABBABBABBBABBABAAABAAABAB
AAAAAAAAAAAAAAAAAAAAAAAAAAAAAAAAAAAAAAAAAAAAAAAAAAAAAAAAAAAAAAAAAAAAAAAAAAAAAAAAAAAAAAA..BBBBBBBBBBBBBBBBBBBBBBBBBBBBBBBBBBBBBBBBBBBBBBBBBBBBBBBBBBBBBBBBBBBBBBBBBBBBBBBBBBBBBBABBABBABBBABBABAAABAAABAB
AAAAAAAAAAAAAAAAAAAAAAAAAAAAAAAAAAAAAAAAAAAAAAAAAAAAAAAAAAAAAAAAAAAAAAAAAAAAAAAAAAAAAAAABBBBBBBBBBBBBBBBBBBBBBBBBBBBBBBBBBBBBBBBBBBBBBBBBBBBBBBBBBBBBBBBBBBBBBBBBBBBBBBBBBBBBBB..BABBABBBABBABAAABAAABAB
AAAAAAAAAAAAAAAAAAAAAAAAAAAAAAAAAAAAAAAAAAAAAAAAAAAAAAAAAAAAAAAAAAAAAAAAAAAAAAAAAAAAAAAA..BBBBBBBBBBBBBBBBBBBBBBBBBBBBBBBBBBBBBBBBBBBBBBBBBBBBBBBBBBBBBBBBBBBBBBBBBBBBBBBBBBBBBBBBABBABBBABBABAAABAAABAB
AAAAAAAAAAAAAAAAAAAAAAAAAAAAAAAAAAAAAAAAAAAAAAAAAAAAAAAAAAAAAAAAAAAAAAAAAAAAAAAAAAAAAAAAABBBBBBBBBBBBBBBBBBBBBBBBBBBBBBBBBBBBBBBBBBBBBBBBBBBBBBBBBBBBBBBBBBBBBBBBBBBBBBBBBBBBBBBBB..BABBBABBABAAABAAABAB
AAAAAAAAAAAAAAAAAAAAAAAAAAAAAAAAAAAAAAAAAAAAAAAAAAAAAAAAAAAAAAAAAAAAAAAAAAAAAAAAAAAAAAAAA..BBBBBBBBBBBBBBBBBBBBBBBBBBBBBBBBBBBBBBBBBBBBBBBBBBBBBBBBBBBBBBBBBBBBBBBBBBBBBBBBBBBBBBBBBBABBBABBABAAABAAABAB
AAAAAAAAAAAAAAAAAAAAAAAAAAAAAAAAAAAAAAAAAAAAAAAAAAAAAAAAAAAAAAAAAAAAAAAAAAAAAAAAAAAAAAAAAABBBBBBBBBBBBBBBBBBBBBBBBBBBBBBBBBBBBBBBBBBBBBBBBBBBBBBBBBBBBBBBBBBBBBBBBBBBBBBBBBBBBBBBBBBB..BBABBABAAABAAABAB
AAAAAAAAAAAAAAAAAAAAAAAAAAAAAAAAAAAAAAAAAAAAAAAAAAAAAAAAAAAAAAAAAAAAAAAAAAAAAAAAAAAAAAAAAA..BBBBBBBBBBBBBBBBBBBBBBBBBBBBBBBBBBBBBBBBBBBBBBBBBBBBBBBBBBBBBBBBBBBBBBBBBBBBBBBBBBBBBBBBBBBBBABBABAAABAAABAB
AAAAAAAAAAAAAAAAAAAAAAAAAAAAAAAAAAAAAAAAAAAAAAAAAAAAAAAAAAAAAAAAAAAAAAAAAAAAAAAAAAAAAAAAAAABBBBBBBBBBBBBBBBBBBBBBBBBBBBBBBBBBBBBBBBBBBBBBBBBBBBBBBBBBBBBBBBBBBBBBBBBBBBBBBBBBBBBBBBBBBBBB..BABAAABAAABAB
AAAAAAAAAAAAAAAAAAAAAAAAAAAAAAAAAAAAAAAAAAAAAAAAAAAAAAAAAAAAAAAAAAAAAAAAAAAAAAAAAAAAAAAAAAA..BBBBBBBBBBBBBBBBBBBBBBBBBBBBBBBBBBBBBBBBBBBBBBBBBBBBBBBBBBBBBBBBBBBBBBBBBBBBBBBBBBBBBBBBBBBBBBBABAAABAAABAB
AAAAAAAAAAAAAAAAAAAAAAAAAAAAAAAAAAAAAAAAAAAAAAAAAAAAAAAAAAAAAAAAAAAAAAAAAAAAAAAAAAAAAAAAAAAABBBBBBBBBBBBBBBBBBBBBBBBBBBBBBBBBBBBBBBBBBBBBBBBBBBBBBBBBBBBBBBBBBBBBBBBBBBBBBBBBBBBBBBBBBBBBBBB..AAABAAABAB
AAAAAAAAAAAAAAAAAAAAAAAAAAAAAAAAAAAAAAAAAAAAAAAAAAAAAAAAAAAAAAAAAAAAAAAAAAAAAAAAAAAAAAAAAAAA..BBBBBBBBBBBBBBBBBBBBBBBBBBBBBBBBBBBBBBBBBBBBBBBBBBBBBBBBBBBBBBBBBBBBBBBBBBBBBBBBBBBBBBBBBBBBBBBBAAABAAABAB
AAAAAAAAAAAAAAAAAAAAAAAAAAAAAAAAAAAAAAAAAAAAAAAAAAAAAAAAAAAAAAAAAAAAAAAAAAAAAAAAAAAAAAAAAAAAAABBBBBBBBBBBBBBBBBBBBBBBBBBBBBBBBBBBBBBBBBBBBBBBBBBBBBBBBBBBBBBBBBBBBBBBBBBBBBBBBBBBBBBBBBBBBBBBB..ABAAABAB
AAAAAAAAAAAAAAAAAAAAAAAAAAAAAAAAAAAAAAAAAAAAAAAAAAAAAAAAAAAAAAAAAAAAAAAAAAAAAAAAAAAAAAAAAAAAAA..BBBBBBBBBBBBBBBBBBBBBBBBBBBBBBBBBBBBBBBBBBBBBBBBBBBBBBBBBBBBBBBBBBBBBBBBBBBBBBBBBBBBBBBBBBBBBBBBABAAABAB
AAAAAAAAAAAAAAAAAAAAAAAAAAAAAAAAAAAAAAAAAAAAAAAAAAAAAAAAAAAAAAAAAAAAAAAAAAAAAAAAAAAAAAAAAAAAAAABBBBBBBBBBBBBBBBBBBBBBBBBBBBBBBBBBBBBBBBBBBBBBBBBBBBBBBBBBBBBBBBBBBBBBBBBBBBBBBBBBBBBBBBBBBBBBBBB..AAABAB
AAAAAAAAAAAAAAAAAAAAAAAAAAAAAAAAAAAAAAAAAAAAAAAAAAAAAAAAAAAAAAAAAAAAAAAAAAAAAAAAAAAAAAAAAAAAAAA..BBBBBBBBBBBBBBBBBBBBBBBBBBBBBBBBBBBBBBBBBBBBBBBBBBBBBBBBBBBBBBBBBBBBBBBBBBBBBBBBBBBBBBBBBBBBBBBBBAAABAB
AAAAAAAAAAAAAAAAAAAAAAAAAAAAAAAAAAAAAAAAAAAAAAAAAAAAAAAAAAAAAAAAAAAAAAAAAAAAAAAAAAAAAAAAAAAAAAAAABBBBBBBBBBBBBBBBBBBBBBBBBBBBBBBBBBBBBBBBBBBBBBBBBBBBBBBBBBBBBBBBBBBBBBBBBBBBBBBBBBBBBBBBBBBBBBBBB..ABAB
AAAAAAAAAAAAAAAAAAAAAAAAAAAAAAAAAAAAAAAAAAAAAAAAAAAAAAAAAAAAAAAAAAAAAAAAAAAAAAAAAAAAAAAAAAAAAAAAA..BBBBBBBBBBBBBBBBBBBBBBBBBBBBBBBBBBBBBBBBBBBBBBBBBBBBBBBBBBBBBBBBBBBBBBBBBBBBBBBBBBBBBBBBBBBBBBBBBABAB
AAAAAAAAAAAAAAAAAAAAAAAAAAAAAAAAAAAAAAAAAAAAAAAAAAAAAAAAAAAAAAAAAAAAAAAAAAAAAAAAAAAAAAAAAAAAAAAAAABBBBBBBBBBBBBBBBBBBBBBBBBBBBBBBBBBBBBBBBBBBBBBBBBBBBBBBBBBBBBBBBBBBBBBBBBBBBBBBBBBBBBBBBBBBBBBBBBB..AB
AAAAAAAAAAAAAAAAAAAAAAAAAAAAAAAAAAAAAAAAAAAAAAAAAAAAAAAAAAAAAAAAAAAAAAAAAAAAAAAAAAAAAAAAAAAAAAAAAA..BBBBBBBBBBBBBBBBBBBBBBBBBBBBBBBBBBBBBBBBBBBBBBBBBBBBBBBBBBBBBBBBBBBBBBBBBBBBBBBBBBBBBBBBBBBBBBBBBBAB
AAAAAAAAAAAAAAAAAAAAAAAAAAAAAAAAAAAAAAAAAAAAAAAAAAAAAAAAAAAAAAAAAAAAAAAAAAAAAAAAAAAAAAAAAAAAAAAAAAABBBBBBBBBBBBBBBBBBBBBBBBBBBBBBBBBBBBBBBBBBBBBBBBBBBBBBBBBBBBBBBBBBBBBBBBBBBBBBBBBBBBBBBBBBBBBBBBBBB..
