126
A..AAAABBAAAAAAAAAABABAABBBBBBAABBBBAAABABBABABBABBABAAAAAABABBBBAABBABABBBBBBBBABBBBAAABAABBABBBAABAABAAAAABAAABBBABBBAABBABBABAAABBBBABBBBBAABAAAABAABABBAAABBAAABABABAABABBBABBABABBAABBAAAABBAAABBBB
AAA..AABBAAAAAAAAAABABAABBBBBBAABBBBAAABABBABABBABBABAAAAAABABBBBAABBABABBBBBBBBABBBBAAABAABBABBBAABAABAAAAABAAABBBABBBAABBABBABAAABBBBABBBBBAABAAAABAABABBAAABBAAABABABAABABBBABBABABBAABBAAAABBAAABBBB
AAAAA..BBAAAAAAAAAABABAABBBBBBAABBBBAAABABBABABBABBABAAAAAABABBBBAABBABABBBBBBBBABBBBAAABAABBABBBAABAABAAAAABAAABBBABBBAABBABBABAAABBBBABBBBBAABAAAABAABABBAAABBAAABABABAABABBBABBABABBAABBAAAABBAAABBBB
AAAAAAABB..AAAAAAAABABAABBBBBBAABBBBAAABABBABABBABBABAAAAAABABBBBAABBABABBBBBBBBABBBBAAABAABBABBBAABAABAAAAABAAABBBABBBAABBABBABAAABBBBABBBBBAABAAAABAABABBAAABBAAABABABAABABBBABBABABBAABBAAAABBAAABBBB
AAAAAAA..BBAAAAAAAABABAABBBBBBAABBBBAAABABBABABBABBABAAAAAABABBBBAABBABABBBBBBBBABBBBAAABAABBABBBAABAABAAAAABAAABBBABBBAABBABBABAAABBBBABBBBBAABAAAABAABABBAAABBAAABABABAABABBBABBABABBAABBAAAABBAAABBBB
AAAAAAAAABB..AAAAAABABAABBBBBBAABBBBAAABABBABABBABBABAAAAAABABBBBAABBABABBBBBBBBABBBBAAABAABBABBBAABAABAAAAABAAABBBABBBAABBABBABAAABBBBABBBBBAABAAAABAABABBAAABBAAABABABAABABBBABBABABBAABBAAAABBAAABBBB
AAAAAAAAA..BBAAAAAABABAABBBBBBAABBBBAAABABBABABBABBABAAAAAABABBBBAABBABABBBBBBBBABBBBAAABAABBABBBAABAABAAAAABAAABBBABBBAABBABBABAAABBBBABBBBBAABAAAABAABABBAAABBAAABABABAABABBBABBABABBAABBAAAABBAAABBBB
AAAAAAAAAAABB..AAAABABAABBBBBBAABBBBAAABABBABABBABBABAAAAAABABBBBAABBABABBBBBBBBABBBBAAABAABBABBBAABAABAAAAABAAABBBABBBAABBABBABAAABBBBABBBBBAABAAAABAABABBAAABBAAABABABAABABBBABBABABBAABBAAAABBAAABBBB
AAAAAAAAAAA..BBAAAABABAABBBBBBAABBBBAAABABBABABBABBABAAAAAABABBBBAABBABABBBBBBBBABBBBAAABAABBABBBAABAABAAAAABAAABBBABBBAABBABBABAAABBBBABBBBBAABAAAABAABABBAAABBAAABABABAABABBBABBABABBAABBAAAABBAAABBBB
AAAAAAAAAAAAABB..AABABAABBBBBBAABBBBAAABABBABABBABBABAAAAAABABBBBAABBABABBBBBBBBABBBBAAABAABBABBBAABAABAAAAABAAABBBABBBAABBABBABAAABBBBABBBBBAABAAAABAABABBAAABBAAABABABAABABBBABBABABBAABBAAAABBAAABBBB
AAAAAAAAAAAAA..BBAABABAABBBBBBAABBBBAAABABBABABBABBABAAAAAABABBBBAABBABABBBBBBBBABBBBAAABAABBABBBAABAABAAAAABAAABBBABBBAABBABBABAAABBBBABBBBBAABAAAABAABABBAAABBAAABABABAABABBBABBABABBAABBAAAABBAAABBBB
AAAAAAAAAAAAAAABB..BABAABBBBBBAABBBBAAABABBABABBABBABAAAAAABABBBBAABBABABBBBBBBBABBBBAAABAABBABBBAABAABAAAAABAAABBBABBBAABBABBABAAABBBBABBBBBAABAAAABAABABBAAABBAAABABABAABABBBABBABABBAABBAAAABBAAABBBB
AAAAAAAAAAAAAAA..BBBABAABBBBBBAABBBBAAABABBABABBABBABAAAAAABABBBBAABBABABBBBBBBBABBBBAAABAABBABBBAABAABAAAAABAAABBBABBBAABBABBABAAABBBBABBBBBAABAAAABAABABBAAABBAAABABABAABABBBABBABABBAABBAAAABBAAABBBB
AAAAAAAAAAAAAAAABBBB..AABBBBBBAABBBBAAABABBABABBABBABAAAAAABABBBBAABBABABBBBBBBBABBBBAAABAABBABBBAABAABAAAAABAAABBBABBBAABBABBABAAABBBBABBBBBAABAAAABAABABBAAABBAAABABABAABABBBABBABABBAABBAAAABBAAABBBB
AAAAAAAAAAAAAAAA..BBBBAABBBBBBAABBBBAAABABBABABBABBABAAAAAABABBBBAABBABABBBBBBBBABBBBAAABAABBABBBAABAABAAAAABAAABBBABBBAABBABBABAAABBBBABBBBBAABAAAABAABABBAAABBAAABABABAABABBBABBABABBAABBAAAABBAAABBBB
AAAAAAAAAAAAAAAAAABBBB..BBBBBBAABBBBAAABABBABABBABBABAAAAAABABBBBAABBABABBBBBBBBABBBBAAABAABBABBBAABAABAAAAABAAABBBABBBAABBABBABAAABBBBABBBBBAABAAAABAABABBAAABBAAABABABAABABBBABBABABBAABBAAAABBAAABBBB
AAAAAAAAAAAAAAAAAA..BBBBBBBBBBAABBBBAAABABBABABBABBABAAAAAABABBBBAABBABABBBBBBBBABBBBAAABAABBABBBAABAABAAAAABAAABBBABBBAABBABBABAAABBBBABBBBBAABAAAABAABABBAAABBAAABABABAABABBBABBABABBAABBAAAABBAAABBBB
AAAAAAAAAAAAAAAAAAAABBBBBBBBBB..BBBBAAABABBABABBABBABAAAAAABABBBBAABBABABBBBBBBBABBBBAAABAABBABBBAABAABAAAAABAAABBBABBBAABBABBABAAABBBBABBBBBAABAAAABAABABBAAABBAAABABABAABABBBABBABABBAABBAAAABBAAABBBB
AAAAAAAAAAAAAAAAAAAA..BBBBBBBBBBBBBBAAABABBABABBABBABAAAAAABABBBBAABBABABBBBBBBBABBBBAAABAABBABBBAABAABAAAAABAAABBBABBBAABBABBABAAABBBBABBBBBAABAAAABAABABBAAABBAAABABABAABABBBABBABABBAABBAAAABBAAABBBB
AAAAAAAAAAAAAAAAAAAAAABBBBBBBBBBBBBB..ABABBABABBABBABAAAAAABABBBBAABBABABBBBBBBBABBBBAAABAABBABBBAABAABAAAAABAAABBBABBBAABBABBABAAABBBBABBBBBAABAAAABAABABBAAABBAAABABABAABABBBABBABABBAABBAAAABBAAABBBB
AAAAAAAAAAAAAAAAAAAAAA..BBBBBBBBBBBBBBABABBABABBABBABAAAAAABABBBBAABBABABBBBBBBBABBBBAAABAABBABBBAABAABAAAAABAAABBBABBBAABBABBABAAABBBBABBBBBAABAAAABAABABBAAABBAAABABABAABABBBABBABABBAABBAAAABBAAABBBB
AAAAAAAAAAAAAAAAAAAAAAABBBBBBBBBBBBBBB..ABBABABBABBABAAAAAABABBBBAABBABABBBBBBBBABBBBAAABAABBABBBAABAABAAAAABAAABBBABBBAABBABBABAAABBBBABBBBBAABAAAABAABABBAAABBAAABABABAABABBBABBABABBAABBAAAABBAAABBBB
AAAAAAAAAAAAAAAAAAAAAAA..BBBBBBBBBBBBBBBABBABABBABBABAAAAAABABBBBAABBABABBBBBBBBABBBBAAABAABBABBBAABAABAAAAABAAABBBABBBAABBABBABAAABBBBABBBBBAABAAAABAABABBAAABBAAABABABAABABBBABBABABBAABBAAAABBAAABBBB
AAAAAAAAAAAAAAAAAAAAAAAABBBBBBBBBBBBBBBB..BABABBABBABAAAAAABABBBBAABBABABBBBBBBBABBBBAAABAABBABBBAABAABAAAAABAAABBBABBBAABBABBABAAABBBBABBBBBAABAAAABAABABBAAABBAAABABABAABABBBABBABABBAABBAAAABBAAABBBB
AAAAAAAAAAAAAAAAAAAAAAAA..BBBBBBBBBBBBBBBBBABABBABBABAAAAAABABBBBAABBABABBBBBBBBABBBBAAABAABBABBBAABAABAAAAABAAABBBABBBAABBABBABAAABBBBABBBBBAABAAAABAABABBAAABBAAABABABAABABBBABBABABBAABBAAAABBAAABBBB
AAAAAAAAAAAAAAAAAAAAAAAAABBBBBBBBBBBBBBBBBB..ABBABBABAAAAAABABBBBAABBABABBBBBBBBABBBBAAABAABBABBBAABAABAAAAABAAABBBABBBAABBABBABAAABBBBABBBBBAABAAAABAABABBAAABBAAABABABAABABBBABBABABBAABBAAAABBAAABBBB
AAAAAAAAAAAAAAAAAAAAAAAAA..BBBBBBBBBBBBBBBBBBABBABBABAAAAAABABBBBAABBABABBBBBBBBABBBBAAABAABBABBBAABAABAAAAABAAABBBABBBAABBABBABAAABBBBABBBBBAABAAAABAABABBAAABBAAABABABAABABBBABBABABBAABBAAAABBAAABBBB
AAAAAAAAAAAAAAAAAAAAAAAAAABBBBBBBBBBBBBBBBBBB..BABBABAAAAAABABBBBAABBABABBBBBBBBABBBBAAABAABBABBBAABAABAAAAABAAABBBABBBAABBABBABAAABBBBABBBBBAABAAAABAABABBAAABBAAABABABAABABBBABBABABBAABBAAAABBAAABBBB
AAAAAAAAAAAAAAAAAAAAAAAAAA..BBBBBBBBBBBBBBBBBBBBABBABAAAAAABABBBBAABBABABBBBBBBBABBBBAAABAABBABBBAABAABAAAAABAAABBBABBBAABBABBABAAABBBBABBBBBAABAAAABAABABBAAABBAAABABABAABABBBABBABABBAABBAAAABBAAABBBB
AAAAAAAAAAAAAAAAAAAAAAAAAAABBBBBBBBBBBBBBBBBBBBB..BABAAAAAABABBBBAABBABABBBBBBBBABBBBAAABAABBABBBAABAABAAAAABAAABBBABBBAABBABBABAAABBBBABBBBBAABAAAABAABABBAAABBAAABABABAABABBBABBABABBAABBAAAABBAAABBBB
AAAAAAAAAAAAAAAAAAAAAAAAAAA..BBBBBBBBBBBBBBBBBBBBBBABAAAAAABABBBBAABBABABBBBBBBBABBBBAAABAABBABBBAABAABAAAAABAAABBBABBBAABBABBABAAABBBBABBBBBAABAAAABAABABBAAABBAAABABABAABABBBABBABABBAABBAAAABBAAABBBB
AAAAAAAAAAAAAAAAAAAAAAAAAAAABBBBBBBBBBBBBBBBBBBBBBB..AAAAAABABBBBAABBABABBBBBBBBABBBBAAABAABBABBBAABAABAAAAABAAABBBABBBAABBABBABAAABBBBABBBBBAABAAAABAABABBAAABBAAABABABAABABBBABBABABBAABBAAAABBAAABBBB
AAAAAAAAAAAAAAAAAAAAAAAAAAAA..BBBBBBBBBBBBBBBBBBBBBBBAAAAAABABBBBAABBABABBBBBBBBABBBBAAABAABBABBBAABAABAAAAABAAABBBABBBAABBABBABAAABBBBABBBBBAABAAAABAABABBAAABBAAABABABAABABBBABBABABBAABBAAAABBAAABBBB
AAAAAAAAAAAAAAAAAAAAAAAAAAAAAABBBBBBBBBBBBBBBBBBBBBBB..AAAABABBBBAABBABABBBBBBBBABBBBAAABAABBABBBAABAABAAAAABAAABBBABBBAABBABBABAAABBBBABBBBBAABAAAABAABABBAAABBAAABABABAABABBBABBABABBAABBAAAABBAAABBBB
AAAAAAAAAAAAAAAAAAAAAAAAAAAAAA..BBBBBBBBBBBBBBBBBBBBBBBAAAABABBBBAABBABABBBBBBBBABBBBAAABAABBABBBAABAABAAAAABAAABBBABBBAABBABBABAAABBBBABBBBBAABAAAABAABABBAAABBAAABABABAABABBBABBABABBAABBAAAABBAAABBBB
AAAAAAAAAAAAAAAAAAAAAAAAAAAAAAAABBBBBBBBBBBBBBBBBBBBBBB..AABABBBBAABBABABBBBBBBBABBBBAAABAABBABBBAABAABAAAAABAAABBBABBBAABBABBABAAABBBBABBBBBAABAAAABAABABBAAABBAAABABABAABABBBABBABABBAABBAAAABBAAABBBB
AAAAAAAAAAAAAAAAAAAAAAAAAAAAAAAA..BBBBBBBBBBBBBBBBBBBBBBBAABABBBBAABBABABBBBBBBBABBBBAAABAABBABBBAABAABAAAAABAAABBBABBBAABBABBABAAABBBBABBBBBAABAAAABAABABBAAABBAAABABABAABABBBABBABABBAABBAAAABBAAABBBB
AAAAAAAAAAAAAAAAAAAAAAAAAAAAAAAAAABBBBBBBBBBBBBBBBBBBBBBB..BABBBBAABBABABBBBBBBBABBBBAAABAABBABBBAABAABAAAAABAAABBBABBBAABBABBABAAABBBBABBBBBAABAAAABAABABBAAABBAAABABABAABABBBABBABABBAABBAAAABBAAABBBB
AAAAAAAAAAAAAAAAAAAAAAAAAAAAAAAAAA..BBBBBBBBBBBBBBBBBBBBBBBBABBBBAABBABABBBBBBBBABBBBAAABAABBABBBAABAABAAAAABAAABBBABBBAABBABBABAAABBBBABBBBBAABAAAABAABABBAAABBAAABABABAABABBBABBABABBAABBAAAABBAAABBBB
AAAAAAAAAAAAAAAAAAAAAAAAAAAAAAAAAAABBBBBBBBBBBBBBBBBBBBBBBBB..BBBAABBABABBBBBBBBABBBBAAABAABBABBBAABAABAAAAABAAABBBABBBAABBABBABAAABBBBABBBBBAABAAAABAABABBAAABBAAABABABAABABBBABBABABBAABBAAAABBAAABBBB
AAAAAAAAAAAAAAAAAAAAAAAAAAAAAAAAAAA..BBBBBBBBBBBBBBBBBBBBBBBBBBBBAABBABABBBBBBBBABBBBAAABAABBABBBAABAABAAAAABAAABBBABBBAABBABBABAAABBBBABBBBBAABAAAABAABABBAAABBAAABABABAABABBBABBABABBAABBAAAABBAAABBBB
AAAAAAAAAAAAAAAAAAAAAAAAAAAAAAAAAAAAABBBBBBBBBBBBBBBBBBBBBBBBBBBB..BBABABBBBBBBBABBBBAAABAABBABBBAABAABAAAAABAAABBBABBBAABBABBABAAABBBBABBBBBAABAAAABAABABBAAABBAAABABABAABABBBABBABABBAABBAAAABBAAABBBB
AAAAAAAAAAAAAAAAAAAAAAAAAAAAAAAAAAAAA..BBBBBBBBBBBBBBBBBBBBBBBBBBBBBBABABBBBBBBBABBBBAAABAABBABBBAABAABAAAAABAAABBBABBBAABBABBABAAABBBBABBBBBAABAAAABAABABBAAABBAAABABABAABABBBABBABABBAABBAAAABBAAABBBB
AAAAAAAAAAAAAAAAAAAAAAAAAAAAAAAAAAAAAABBBBBBBBBBBBBBBBBBBBBBBBBBBBBBB..ABBBBBBBBABBBBAAABAABBABBBAABAABAAAAABAAABBBABBBAABBABBABAAABBBBABBBBBAABAAAABAABABBAAABBAAABABABAABABBBABBABABBAABBAAAABBAAABBBB
AAAAAAAAAAAAAAAAAAAAAAAAAAAAAAAAAAAAAA..BBBBBBBBBBBBBBBBBBBBBBBBBBBBBBBABBBBBBBBABBBBAAABAABBABBBAABAABAAAAABAAABBBABBBAABBABBABAAABBBBABBBBBAABAAAABAABABBAAABBAAABABABAABABBBABBABABBAABBAAAABBAAABBBB
AAAAAAAAAAAAAAAAAAAAAAAAAAAAAAAAAAAAAAABBBBBBBBBBBBBBBBBBBBBBBBBBBBBBBB..BBBBBBBABBBBAAABAABBABBBAABAABAAAAABAAABBBABBBAABBABBABAAABBBBABBBBBAABAAAABAABABBAAABBAAABABABAABABBBABBABABBAABBAAAABBAAABBBB
AAAAAAAAAAAAAAAAAAAAAAAAAAAAAAAAAAAAAAA..BBBBBBBBBBBBBBBBBBBBBBBBBBBBBBBBBBBBBBBABBBBAAABAABBABBBAABAABAAAAABAAABBBABBBAABBABBABAAABBBBABBBBBAABAAAABAABABBAAABBAAABABABAABABBBABBABABBAABBAAAABBAAABBBB
AAAAAAAAAAAAAAAAAAAAAAAAAAAAAAAAAAAAAAAABBBBBBBBBBBBBBBBBBBBBBBBBBBBBBBBBBBBBBBB..BBBAAABAABBABBBAABAABAAAAABAAABBBABBBAABBABBABAAABBBBABBBBBAABAAAABAABABBAAABBAAABABABAABABBBABBABABBAABBAAAABBAAABBBB
AAAAAAAAAAAAAAAAAAAAAAAAAAAAAAAAAAAAAAAA..BBBBBBBBBBBBBBBBBBBBBBBBBBBBBBBBBBBBBBBBBBBAAABAABBABBBAABAABAAAAABAAABBBABBBAABBABBABAAABBBBABBBBBAABAAAABAABABBAAABBAAABABABAABABBBABBABABBAABBAAAABBAAABBBB
AAAAAAAAAAAAAAAAAAAAAAAAAAAAAAAAAAAAAAAAAABBBBBBBBBBBBBBBBBBBBBBBBBBBBBBBBBBBBBBBBBBB..ABAABBABBBAABAABAAAAABAAABBBABBBAABBABBABAAABBBBABBBBBAABAAAABAABABBAAABBAAABABABAABABBBABBABABBAABBAAAABBAAABBBB
AAAAAAAAAAAAAAAAAAAAAAAAAAAAAAAAAAAAAAAAAA..BBBBBBBBBBBBBBBBBBBBBBBBBBBBBBBBBBBBBBBBBBBABAABBABBBAABAABAAAAABAAABBBABBBAABBABBABAAABBBBABBBBBAABAAAABAABABBAAABBAAABABABAABABBBABBABABBAABBAAAABBAAABBBB
AAAAAAAAAAAAAAAAAAAAAAAAAAAAAAAAAAAAAAAAAAABBBBBBBBBBBBBBBBBBBBBBBBBBBBBBBBBBBBBBBBBBBB..AABBABBBAABAABAAAAABAAABBBABBBAABBABBABAAABBBBABBBBBAABAAAABAABABBAAABBAAABABABAABABBBABBABABBAABBAAAABBAAABBBB
AAAAAAAAAAAAAAAAAAAAAAAAAAAAAAAAAAAAAAAAAAA..BBBBBBBBBBBBBBBBBBBBBBBBBBBBBBBBBBBBBBBBBBBBAABBABBBAABAABAAAAABAAABBBABBBAABBABBABAAABBBBABBBBBAABAAAABAABABBAAABBAAABABABAABABBBABBABABBAABBAAAABBAAABBBB
AAAAAAAAAAAAAAAAAAAAAAAAAAAAAAAAAAAAAAAAAAAAABBBBBBBBBBBBBBBBBBBBBBBBBBBBBBBBBBBBBBBBBBBB..BBABBBAABAABAAAAABAAABBBABBBAABBABBABAAABBBBABBBBBAABAAAABAABABBAAABBAAABABABAABABBBABBABABBAABBAAAABBAAABBBB
AAAAAAAAAAAAAAAAAAAAAAAAAAAAAAAAAAAAAAAAAAAAA..BBBBBBBBBBBBBBBBBBBBBBBBBBBBBBBBBBBBBBBBBBBBBBABBBAABAABAAAAABAAABBBABBBAABBABBABAAABBBBABBBBBAABAAAABAABABBAAABBAAABABABAABABBBABBABABBAABBAAAABBAAABBBB
AAAAAAAAAAAAAAAAAAAAAAAAAAAAAAAAAAAAAAAAAAAAAABBBBBBBBBBBBBBBBBBBBBBBBBBBBBBBBBBBBBBBBBBBBBBB..BBAABAABAAAAABAAABBBABBBAABBABBABAAABBBBABBBBBAABAAAABAABABBAAABBAAABABABAABABBBABBABABBAABBAAAABBAAABBBB
AAAAAAAAAAAAAAAAAAAAAAAAAAAAAAAAAAAAAAAAAAAAAA..BBBBBBBBBBBBBBBBBBBBBBBBBBBBBBBBBBBBBBBBBBBBBBBBBAABAABAAAAABAAABBBABBBAABBABBABAAABBBBABBBBBAABAAAABAABABBAAABBAAABABABAABABBBABBABABBAABBAAAABBAAABBBB
AAAAAAAAAAAAAAAAAAAAAAAAAAAAAAAAAAAAAAAAAAAAAAAABBBBBBBBBBBBBBBBBBBBBBBBBBBBBBBBBBBBBBBBBBBBBBBBB..BAABAAAAABAAABBBABBBAABBABBABAAABBBBABBBBBAABAAAABAABABBAAABBAAABABABAABABBBABBABABBAABBAAAABBAAABBBB
AAAAAAAAAAAAAAAAAAAAAAAAAAAAAAAAAAAAAAAAAAAAAAAA..BBBBBBBBBBBBBBBBBBBBBBBBBBBBBBBBBBBBBBBBBBBBBBBBBBAABAAAAABAAABBBABBBAABBABBABAAABBBBABBBBBAABAAAABAABABBAAABBAAABABABAABABBBABBABABBAABBAAAABBAAABBBB
AAAAAAAAAAAAAAAAAAAAAAAAAAAAAAAAAAAAAAAAAAAAAAAAAABBBBBBBBBBBBBBBBBBBBBBBBBBBBBBBBBBBBBBBBBBBBBBBBBB..BAAAAABAAABBBABBBAABBABBABAAABBBBABBBBBAABAAAABAABABBAAABBAAABABABAABABBBABBABABBAABBAAAABBAAABBBB
AAAAAAAAAAAAAAAAAAAAAAAAAAAAAAAAAAAAAAAAAAAAAAAAAA..BBBBBBBBBBBBBBBBBBBBBBBBBBBBBBBBBBBBBBBBBBBBBBBBBBBAAAAABAAABBBABBBAABBABBABAAABBBBABBBBBAABAAAABAABABBAAABBAAABABABAABABBBABBABABBAABBAAAABBAAABBBB
AAAAAAAAAAAAAAAAAAAAAAAAAAAAAAAAAAAAAAAAAAAAAAAAAAAABBBBBBBBBBBBBBBBBBBBBBBBBBBBBBBBBBBBBBBBBBBBBBBBBBB..AAABAAABBBABBBAABBABBABAAABBBBABBBBBAABAAAABAABABBAAABBAAABABABAABABBBABBABABBAABBAAAABBAAABBBB
AAAAAAAAAAAAAAAAAAAAAAAAAAAAAAAAAAAAAAAAAAAAAAAAAAAA..BBBBBBBBBBBBBBBBBBBBBBBBBBBBBBBBBBBBBBBBBBBBBBBBBBBAAABAAABBBABBBAABBABBABAAABBBBABBBBBAABAAAABAABABBAAABBAAABABABAABABBBABBABABBAABBAAAABBAAABBBB
AAAAAAAAAAAAAAAAAAAAAAAAAAAAAAAAAAAAAAAAAAAAAAAAAAAAAABBBBBBBBBBBBBBBBBBBBBBBBBBBBBBBBBBBBBBBBBBBBBBBBBBB..ABAAABBBABBBAABBABBABAAABBBBABBBBBAABAAAABAABABBAAABBAAABABABAABABBBABBABABBAABBAAAABBAAABBBB
AAAAAAAAAAAAAAAAAAAAAAAAAAAAAAAAAAAAAAAAAAAAAAAAAAAAAA..BBBBBBBBBBBBBBBBBBBBBBBBBBBBBBBBBBBBBBBBBBBBBBBBBBBABAAABBBABBBAABBABBABAAABBBBABBBBBAABAAAABAABABBAAABBAAABABABAABABBBABBABABBAABBAAAABBAAABBBB
AAAAAAAAAAAAAAAAAAAAAAAAAAAAAAAAAAAAAAAAAAAAAAAAAAAAAAABBBBBBBBBBBBBBBBBBBBBBBBBBBBBBBBBBBBBBBBBBBBBBBBBBBB..AAABBBABBBAABBABBABAAABBBBABBBBBAABAAAABAABABBAAABBAAABABABAABABBBABBABABBAABBAAAABBAAABBBB
AAAAAAAAAAAAAAAAAAAAAAAAAAAAAAAAAAAAAAAAAAAAAAAAAAAAAAA..BBBBBBBBBBBBBBBBBBBBBBBBBBBBBBBBBBBBBBBBBBBBBBBBBBBBAAABBBABBBAABBABBABAAABBBBABBBBBAABAAAABAABABBAAABBAAABABABAABABBBABBABABBAABBAAAABBAAABBBB
AAAAAAAAAAAAAAAAAAAAAAAAAAAAAAAAAAAAAAAAAAAAAAAAAAAAAAAAABBBBBBBBBBBBBBBBBBBBBBBBBBBBBBBBBBBBBBBBBBBBBBBBBBBB..ABBBABBBAABBABBABAAABBBBABBBBBAABAAAABAABABBAAABBAAABABABAABABBBABBABABBAABBAAAABBAAABBBB
AAAAAAAAAAAAAAAAAAAAAAAAAAAAAAAAAAAAAAAAAAAAAAAAAAAAAAAAA..BBBBBBBBBBBBBBBBBBBBBBBBBBBBBBBBBBBBBBBBBBBBBBBBBBBBABBBABBBAABBABBABAAABBBBABBBBBAABAAAABAABABBAAABBAAABABABAABABBBABBABABBAABBAAAABBAAABBBB
AAAAAAAAAAAAAAAAAAAAAAAAAAAAAAAAAAAAAAAAAAAAAAAAAAAAAAAAAABBBBBBBBBBBBBBBBBBBBBBBBBBBBBBBBBBBBBBBBBBBBBBBBBBBBB..BBABBBAABBABBABAAABBBBABBBBBAABAAAABAABABBAAABBAAABABABAABABBBABBABABBAABBAAAABBAAABBBB
AAAAAAAAAAAAAAAAAAAAAAAAAAAAAAAAAAAAAAAAAAAAAAAAAAAAAAAAAA..BBBBBBBBBBBBBBBBBBBBBBBBBBBBBBBBBBBBBBBBBBBBBBBBBBBBBBBABBBAABBABBABAAABBBBABBBBBAABAAAABAABABBAAABBAAABABABAABABBBABBABABBAABBAAAABBAAABBBB
AAAAAAAAAAAAAAAAAAAAAAAAAAAAAAAAAAAAAAAAAAAAAAAAAAAAAAAAAAABBBBBBBBBBBBBBBBBBBBBBBBBBBBBBBBBBBBBBBBBBBBBBBBBBBBBBBB..BBAABBABBABAAABBBBABBBBBAABAAAABAABABBAAABBAAABABABAABABBBABBABABBAABBAAAABBAAABBBB
AAAAAAAAAAAAAAAAAAAAAAAAAAAAAAAAAAAAAAAAAAAAAAAAAAAAAAAAAAA..BBBBBBBBBBBBBBBBBBBBBBBBBBBBBBBBBBBBBBBBBBBBBBBBBBBBBBBBBBAABBABBABAAABBBBABBBBBAABAAAABAABABBAAABBAAABABABAABABBBABBABABBAABBAAAABBAAABBBB
AAAAAAAAAAAAAAAAAAAAAAAAAAAAAAAAAAAAAAAAAAAAAAAAAAAAAAAAAAAAABBBBBBBBBBBBBBBBBBBBBBBBBBBBBBBBBBBBBBBBBBBBBBBBBBBBBBBBBB..BBABBABAAABBBBABBBBBAABAAAABAABABBAAABBAAABABABAABABBBABBABABBAABBAAAABBAAABBBB
AAAAAAAAAAAAAAAAAAAAAAAAAAAAAAAAAAAAAAAAAAAAAAAAAAAAAAAAAAAAA..BBBBBBBBBBBBBBBBBBBBBBBBBBBBBBBBBBBBBBBBBBBBBBBBBBBBBBBBBBBBABBABAAABBBBABBBBBAABAAAABAABABBAAABBAAABABABAABABBBABBABABBAABBAAAABBAAABBBB
AAAAAAAAAAAAAAAAAAAAAAAAAAAAAAAAAAAAAAAAAAAAAAAAAAAAAAAAAAAAAABBBBBBBBBBBBBBBBBBBBBBBBBBBBBBBBBBBBBBBBBBBBBBBBBBBBBBBBBBBBB..BABAAABBBBABBBBBAABAAAABAABABBAAABBAAABABABAABABBBABBABABBAABBAAAABBAAABBBB
AAAAAAAAAAAAAAAAAAAAAAAAAAAAAAAAAAAAAAAAAAAAAAAAAAAAAAAAAAAAAA..BBBBBBBBBBBBBBBBBBBBBBBBBBBBBBBBBBBBBBBBBBBBBBBBBBBBBBBBBBBBBBABAAABBBBABBBBBAABAAAABAABABBAAABBAAABABABAABABBBABBABABBAABBAAAABBAAABBBB
AAAAAAAAAAAAAAAAAAAAAAAAAAAAAAAAAAAAAAAAAAAAAAAAAAAAAAAAAAAAAAABBBBBBBBBBBBBBBBBBBBBBBBBBBBBBBBBBBBBBBBBBBBBBBBBBBBBBBBBBBBBBB..AAABBBBABBBBBAABAAAABAABABBAAABBAAABABABAABABBBABBABABBAABBAAAABBAAABBBB
AAAAAAAAAAAAAAAAAAAAAAAAAAAAAAAAAAAAAAAAAAAAAAAAAAAAAAAAAAAAAAA..BBBBBBBBBBBBBBBBBBBBBBBBBBBBBBBBBBBBBBBBBBBBBBBBBBBBBBBBBBBBBBBAAABBBBABBBBBAABAAAABAABABBAAABBAAABABABAABABBBABBABABBAABBAAAABBAAABBBB
AAAAAAAAAAAAAAAAAAAAAAAAAAAAAAAAAAAAAAAAAAAAAAAAAAAAAAAAAAAAAAAAABBBBBBBBBBBBBBBBBBBBBBBBBBBBBBBBBBBBBBBBBBBBBBBBBBBBBBBBBBBBBBB..ABBBBABBBBBAABAAAABAABABBAAABBAAABABABAABABBBABBABABBAABBAAAABBAAABBBB
AAAAAAAAAAAAAAAAAAAAAAAAAAAAAAAAAAAAAAAAAAAAAAAAAAAAAAAAAAAAAAAAA..BBBBBBBBBBBBBBBBBBBBBBBBBBBBBBBBBBBBBBBBBBBBBBBBBBBBBBBBBBBBBBBABBBBABBBBBAABAAAABAABABBAAABBAAABABABAABABBBABBABABBAABBAAAABBAAABBBB
AAAAAAAAAAAAAAAAAAAAAAAAAAAAAAAAAAAAAAAAAAAAAAAAAAAAAAAAAAAAAAAAAABBBBBBBBBBBBBBBBBBBBBBBBBBBBBBBBBBBBBBBBBBBBBBBBBBBBBBBBBBBBBBBB..BBBABBBBBAABAAAABAABABBAAABBAAABABABAABABBBABBABABBAABBAAAABBAAABBBB
AAAAAAAAAAAAAAAAAAAAAAAAAAAAAAAAAAAAAAAAAAAAAAAAAAAAAAAAAAAAAAAAAA..BBBBBBBBBBBBBBBBBBBBBBBBBBBBBBBBBBBBBBBBBBBBBBBBBBBBBBBBBBBBBBBBBBBABBBBBAABAAAABAABABBAAABBAAABABABAABABBBABBABABBAABBAAAABBAAABBBB
AAAAAAAAAAAAAAAAAAAAAAAAAAAAAAAAAAAAAAAAAAAAAAAAAAAAAAAAAAAAAAAAAAABBBBBBBBBBBBBBBBBBBBBBBBBBBBBBBBBBBBBBBBBBBBBBBBBBBBBBBBBBBBBBBBBBBB..BBBBAABAAAABAABABBAAABBAAABABABAABABBBABBABABBAABBAAAABBAAABBBB
AAAAAAAAAAAAAAAAAAAAAAAAAAAAAAAAAAAAAAAAAAAAAAAAAAAAAAAAAAAAAAAAAAA..BBBBBBBBBBBBBBBBBBBBBBBBBBBBBBBBBBBBBBBBBBBBBBBBBBBBBBBBBBBBBBBBBBBBBBBBAABAAAABAABABBAAABBAAABABABAABABBBABBABABBAABBAAAABBAAABBBB
AAAAAAAAAAAAAAAAAAAAAAAAAAAAAAAAAAAAAAAAAAAAAAAAAAAAAAAAAAAAAAAAAAAAABBBBBBBBBBBBBBBBBBBBBBBBBBBBBBBBBBBBBBBBBBBBBBBBBBBBBBBBBBBBBBBBBBBBBBBB..BAAAABAABABBAAABBAAABABABAABABBBABBABABBAABBAAAABBAAABBBB
AAAAAAAAAAAAAAAAAAAAAAAAAAAAAAAAAAAAAAAAAAAAAAAAAAAAAAAAAAAAAAAAAAAAA..BBBBBBBBBBBBBBBBBBBBBBBBBBBBBBBBBBBBBBBBBBBBBBBBBBBBBBBBBBBBBBBBBBBBBBBBBAAAABAABABBAAABBAAABABABAABABBBABBABABBAABBAAAABBAAABBBB
AAAAAAAAAAAAAAAAAAAAAAAAAAAAAAAAAAAAAAAAAAAAAAAAAAAAAAAAAAAAAAAAAAAAAAABBBBBBBBBBBBBBBBBBBBBBBBBBBBBBBBBBBBBBBBBBBBBBBBBBBBBBBBBBBBBBBBBBBBBBBBB..AABAABABBAAABBAAABABABAABABBBABBABABBAABBAAAABBAAABBBB
AAAAAAAAAAAAAAAAAAAAAAAAAAAAAAAAAAAAAAAAAAAAAAAAAAAAAAAAAAAAAAAAAAAAAAA..BBBBBBBBBBBBBBBBBBBBBBBBBBBBBBBBBBBBBBBBBBBBBBBBBBBBBBBBBBBBBBBBBBBBBBBBBAABAABABBAAABBAAABABABAABABBBABBABABBAABBAAAABBAAABBBB
AAAAAAAAAAAAAAAAAAAAAAAAAAAAAAAAAAAAAAAAAAAAAAAAAAAAAAAAAAAAAAAAAAAAAAAAABBBBBBBBBBBBBBBBBBBBBBBBBBBBBBBBBBBBBBBBBBBBBBBBBBBBBBBBBBBBBBBBBBBBBBBBB..BAABABBAAABBAAABABABAABABBBABBABABBAABBAAAABBAAABBBB
AAAAAAAAAAAAAAAAAAAAAAAAAAAAAAAAAAAAAAAAAAAAAAAAAAAAAAAAAAAAAAAAAAAAAAAAA..BBBBBBBBBBBBBBBBBBBBBBBBBBBBBBBBBBBBBBBBBBBBBBBBBBBBBBBBBBBBBBBBBBBBBBBBBBAABABBAAABBAAABABABAABABBBABBABABBAABBAAAABBAAABBBB
AAAAAAAAAAAAAAAAAAAAAAAAAAAAAAAAAAAAAAAAAAAAAAAAAAAAAAAAAAAAAAAAAAAAAAAAAAABBBBBBBBBBBBBBBBBBBBBBBBBBBBBBBBBBBBBBBBBBBBBBBBBBBBBBBBBBBBBBBBBBBBBBBBBB..BABBAAABBAAABABABAABABBBABBABABBAABBAAAABBAAABBBB
AAAAAAAAAAAAAAAAAAAAAAAAAAAAAAAAAAAAAAAAAAAAAAAAAAAAAAAAAAAAAAAAAAAAAAAAAAA..BBBBBBBBBBBBBBBBBBBBBBBBBBBBBBBBBBBBBBBBBBBBBBBBBBBBBBBBBBBBBBBBBBBBBBBBBBBABBAAABBAAABABABAABABBBABBABABBAABBAAAABBAAABBBB
AAAAAAAAAAAAAAAAAAAAAAAAAAAAAAAAAAAAAAAAAAAAAAAAAAAAAAAAAAAAAAAAAAAAAAAAAAAABBBBBBBBBBBBBBBBBBBBBBBBBBBBBBBBBBBBBBBBBBBBBBBBBBBBBBBBBBBBBBBBBBBBBBBBBBBB..BAAABBAAABABABAABABBBABBABABBAABBAAAABBAAABBBB
AAAAAAAAAAAAAAAAAAAAAAAAAAAAAAAAAAAAAAAAAAAAAAAAAAAAAAAAAAAAAAAAAAAAAAAAAAAA..BBBBBBBBBBBBBBBBBBBBBBBBBBBBBBBBBBBBBBBBBBBBBBBBBBBBBBBBBBBBBBBBBBBBBBBBBBBBBAAABBAAABABABAABABBBABBABABBAABBAAAABBAAABBBB
AAAAAAAAAAAAAAAAAAAAAAAAAAAAAAAAAAAAAAAAAAAAAAAAAAAAAAAAAAAAAAAAAAAAAAAAAAAAAABBBBBBBBBBBBBBBBBBBBBBBBBBBBBBBBBBBBBBBBBBBBBBBBBBBBBBBBBBBBBBBBBBBBBBBBBBBBB..ABBAAABABABAABABBBABBABABBAABBAAAABBAAABBBB
AAAAAAAAAAAAAAAAAAAAAAAAAAAAAAAAAAAAAAAAAAAAAAAAAAAAAAAAAAAAAAAAAAAAAAAAAAAAAA..BBBBBBBBBBBBBBBBBBBBBBBBBBBBBBBBBBBBBBBBBBBBBBBBBBBBBBBBBBBBBBBBBBBBBBBBBBBBBABBAAABABABAABABBBABBABABBAABBAAAABBAAABBBB
AAAAAAAAAAAAAAAAAAAAAAAAAAAAAAAAAAAAAAAAAAAAAAAAAAAAAAAAAAAAAAAAAAAAAAAAAAAAAAABBBBBBBBBBBBBBBBBBBBBBBBBBBBBBBBBBBBBBBBBBBBBBBBBBBBBBBBBBBBBBBBBBBBBBBBBBBBBB..BAAABABABAABABBBABBABABBAABBAAAABBAAABBBB
AAAAAAAAAAAAAAAAAAAAAAAAAAAAAAAAAAAAAAAAAAAAAAAAAAAAAAAAAAAAAAAAAAAAAAAAAAAAAAA..BBBBBBBBBBBBBBBBBBBBBBBBBBBBBBBBBBBBBBBBBBBBBBBBBBBBBBBBBBBBBBBBBBBBBBBBBBBBBBBAAABABABAABABBBABBABABBAABBAAAABBAAABBBB
AAAAAAAAAAAAAAAAAAAAAAAAAAAAAAAAAAAAAAAAAAAAAAAAAAAAAAAAAAAAAAAAAAAAAAAAAAAAAAAAABBBBBBBBBBBBBBBBBBBBBBBBBBBBBBBBBBBBBBBBBBBBBBBBBBBBBBBBBBBBBBBBBBBBBBBBBBBBBBB..ABABABAABABBBABBABABBAABBAAAABBAAABBBB
AAAAAAAAAAAAAAAAAAAAAAAAAAAAAAAAAAAAAAAAAAAAAAAAAAAAAAAAAAAAAAAAAAAAAAAAAAAAAAAAA..BBBBBBBBBBBBBBBBBBBBBBBBBBBBBBBBBBBBBBBBBBBBBBBBBBBBBBBBBBBBBBBBBBBBBBBBBBBBBBBABABABAABABBBABBABABBAABBAAAABBAAABBBB
AAAAAAAAAAAAAAAAAAAAAAAAAAAAAAAAAAAAAAAAAAAAAAAAAAAAAAAAAAAAAAAAAAAAAAAAAAAAAAAAAABBBBBBBBBBBBBBBBBBBBBBBBBBBBBBBBBBBBBBBBBBBBBBBBBBBBBBBBBBBBBBBBBBBBBBBBBBBBBBBB..ABABAABABBBABBABABBAABBAAAABBAAABBBB
AAAAAAAAAAAAAAAAAAAAAAAAAAAAAAAAAAAAAAAAAAAAAAAAAAAAAAAAAAAAAAAAAAAAAAAAAAAAAAAAAA..BBBBBBBBBBBBBBBBBBBBBBBBBBBBBBBBBBBBBBBBBBBBBBBBBBBBBBBBBBBBBBBBBBBBBBBBBBBBBBBBABABAABABBBABBABABBAABBAAAABBAAABBBB
AAAAAAAAAAAAAAAAAAAAAAAAAAAAAAAAAAAAAAAAAAAAAAAAAAAAAAAAAAAAAAAAAAAAAAAAAAAAAAAAAAABBBBBBBBBBBBBBBBBBBBBBBBBBBBBBBBBBBBBBBBBBBBBBBBBBBBBBBBBBBBBBBBBBBBBBBBBBBBBBBBB..ABAABABBBABBABABBAABBAAAABBAAABBBB
AAAAAAAAAAAAAAAAAAAAAAAAAAAAAAAAAAAAAAAAAAAAAAAAAAAAAAAAAAAAAAAAAAAAAAAAAAAAAAAAAAA..BBBBBBBBBBBBBBBBBBBBBBBBBBBBBBBBBBBBBBBBBBBBBBBBBBBBBBBBBBBBBBBBBBBBBBBBBBBBBBBBBABAABABBBABBABABBAABBAAAABBAAABBBB
AAAAAAAAAAAAAAAAAAAAAAAAAAAAAAAAAAAAAAAAAAAAAAAAAAAAAAAAAAAAAAAAAAAAAAAAAAAAAAAAAAAABBBBBBBBBBBBBBBBBBBBBBBBBBBBBBBBBBBBBBBBBBBBBBBBBBBBBBBBBBBBBBBBBBBBBBBBBBBBBBBBBB..AABABBBABBABABBAABBAAAABBAAABBBB
AAAAAAAAAAAAAAAAAAAAAAAAAAAAAAAAAAAAAAAAAAAAAAAAAAAAAAAAAAAAAAAAAAAAAAAAAAAAAAAAAAAA..BBBBBBBBBBBBBBBBBBBBBBBBBBBBBBBBBBBBBBBBBBBBBBBBBBBBBBBBBBBBBBBBBBBBBBBBBBBBBBBBBBAABABBBABBABABBAABBAAAABBAAABBBB
AAAAAAAAAAAAAAAAAAAAAAAAAAAAAAAAAAAAAAAAAAAAAAAAAAAAAAAAAAAAAAAAAAAAAAAAAAAAAAAAAAAAAABBBBBBBBBBBBBBBBBBBBBBBBBBBBBBBBBBBBBBBBBBBBBBBBBBBBBBBBBBBBBBBBBBBBBBBBBBBBBBBBBB..BABBBABBABABBAABBAAAABBAAABBBB
AAAAAAAAAAAAAAAAAAAAAAAAAAAAAAAAAAAAAAAAAAAAAAAAAAAAAAAAAAAAAAAAAAAAAAAAAAAAAAAAAAAAAA..BBBBBBBBBBBBBBBBBBBBBBBBBBBBBBBBBBBBBBBBBBBBBBBBBBBBBBBBBBBBBBBBBBBBBBBBBBBBBBBBBBBABBBABBABABBAABBAAAABBAAABBBB
AAAAAAAAAAAAAAAAAAAAAAAAAAAAAAAAAAAAAAAAAAAAAAAAAAAAAAAAAAAAAAAAAAAAAAAAAAAAAAAAAAAAAAABBBBBBBBBBBBBBBBBBBBBBBBBBBBBBBBBBBBBBBBBBBBBBBBBBBBBBBBBBBBBBBBBBBBBBBBBBBBBBBBBBBB..BBABBABABBAABBAAAABBAAABBBB
AAAAAAAAAAAAAAAAAAAAAAAAAAAAAAAAAAAAAAAAAAAAAAAAAAAAAAAAAAAAAAAAAAAAAAAAAAAAAAAAAAAAAAA..BBBBBBBBBBBBBBBBBBBBBBBBBBBBBBBBBBBBBBBBBBBBBBBBBBBBBBBBBBBBBBBBBBBBBBBBBBBBBBBBBBBBBBABBABABBAABBAAAABBAAABBBB
AAAAAAAAAAAAAAAAAAAAAAAAAAAAAAAAAAAAAAAAAAAAAAAAAAAAAAAAAAAAAAAAAAAAAAAAAAAAAAAAAAAAAAAABBBBBBBBBBBBBBBBBBBBBBBBBBBBBBBBBBBBBBBBBBBBBBBBBBBBBBBBBBBBBBBBBBBBBBBBBBBBBBBBBBBBBBB..BABABBAABBAAAABBAAABBBB
AAAAAAAAAAAAAAAAAAAAAAAAAAAAAAAAAAAAAAAAAAAAAAAAAAAAAAAAAAAAAAAAAAAAAAAAAAAAAAAAAAAAAAAA..BBBBBBBBBBBBBBBBBBBBBBBBBBBBBBBBBBBBBBBBBBBBBBBBBBBBBBBBBBBBBBBBBBBBBBBBBBBBBBBBBBBBBBBBABABBAABBAAAABBAAABBBB
AAAAAAAAAAAAAAAAAAAAAAAAAAAAAAAAAAAAAAAAAAAAAAAAAAAAAAAAAAAAAAAAAAAAAAAAAAAAAAAAAAAAAAAAABBBBBBBBBBBBBBBBBBBBBBBBBBBBBBBBBBBBBBBBBBBBBBBBBBBBBBBBBBBBBBBBBBBBBBBBBBBBBBBBBBBBBBBBB..ABBAABBAAAABBAAABBBB
AAAAAAAAAAAAAAAAAAAAAAAAAAAAAAAAAAAAAAAAAAAAAAAAAAAAAAAAAAAAAAAAAAAAAAAAAAAAAAAAAAAAAAAAA..BBBBBBBBBBBBBBBBBBBBBBBBBBBBBBBBBBBBBBBBBBBBBBBBBBBBBBBBBBBBBBBBBBBBBBBBBBBBBBBBBBBBBBBBBABBAABBAAAABBAAABBBB
AAAAAAAAAAAAAAAAAAAAAAAAAAAAAAAAAAAAAAAAAAAAAAAAAAAAAAAAAAAAAAAAAAAAAAAAAAAAAAAAAAAAAAAAAABBBBBBBBBBBBBBBBBBBBBBBBBBBBBBBBBBBBBBBBBBBBBBBBBBBBBBBBBBBBBBBBBBBBBBBBBBBBBBBBBBBBBBBBBB..BAABBAAAABBAAABBBB
AAAAAAAAAAAAAAAAAAAAAAAAAAAAAAAAAAAAAAAAAAAAAAAAAAAAAAAAAAAAAAAAAAAAAAAAAAAAAAAAAAAAAAAAAA..BBBBBBBBBBBBBBBBBBBBBBBBBBBBBBBBBBBBBBBBBBBBBBBBBBBBBBBBBBBBBBBBBBBBBBBBBBBBBBBBBBBBBBBBBBBAABBAAAABBAAABBBB
AAAAAAAAAAAAAAAAAAAAAAAAAAAAAAAAAAAAAAAAAAAAAAAAAAAAAAAAAAAAAAAAAAAAAAAAAAAAAAAAAAAAAAAAAAAABBBBBBBBBBBBBBBBBBBBBBBBBBBBBBBBBBBBBBBBBBBBBBBBBBBBBBBBBBBBBBBBBBBBBBBBBBBBBBBBBBBBBBBBBBB..BBAAAABBAAABBBB
AAAAAAAAAAAAAAAAAAAAAAAAAAAAAAAAAAAAAAAAAAAAAAAAAAAAAAAAAAAAAAAAAAAAAAAAAAAAAAAAAAAAAAAAAAAA..BBBBBBBBBBBBBBBBBBBBBBBBBBBBBBBBBBBBBBBBBBBBBBBBBBBBBBBBBBBBBBBBBBBBBBBBBBBBBBBBBBBBBBBBBBBBBAAAABBAAABBBB
AAAAAAAAAAAAAAAAAAAAAAAAAAAAAAAAAAAAAAAAAAAAAAAAAAAAAAAAAAAAAAAAAAAAAAAAAAAAAAAAAAAAAAAAAAAAAABBBBBBBBBBBBBBBBBBBBBBBBBBBBBBBBBBBBBBBBBBBBBBBBBBBBBBBBBBBBBBBBBBBBBBBBBBBBBBBBBBBBBBBBBBBBB..AABBAAABBBB
AAAAAAAAAAAAAAAAAAAAAAAAAAAAAAAAAAAAAAAAAAAAAAAAAAAAAAAAAAAAAAAAAAAAAAAAAAAAAAAAAAAAAAAAAAAAAA..BBBBBBBBBBBBBBBBBBBBBBBBBBBBBBBBBBBBBBBBBBBBBBBBBBBBBBBBBBBBBBBBBBBBBBBBBBBBBBBBBBBBBBBBBBBBBAABBAAABBBB
AAAAAAAAAAAAAAAAAAAAAAAAAAAAAAAAAAAAAAAAAAAAAAAAAAAAAAAAAAAAAAAAAAAAAAAAAAAAAAAAAAAAAAAAAAAAAAAABBBBBBBBBBBBBBBBBBBBBBBBBBBBBBBBBBBBBBBBBBBBBBBBBBBBBBBBBBBBBBBBBBBBBBBBBBBBBBBBBBBBBBBBBBBBB..BBAAABBBB
AAAAAAAAAAAAAAAAAAAAAAAAAAAAAAAAAAAAAAAAAAAAAAAAAAAAAAAAAAAAAAAAAAAAAAAAAAAAAAAAAAAAAAAAAAAAAAAA..BBBBBBBBBBBBBBBBBBBBBBBBBBBBBBBBBBBBBBBBBBBBBBBBBBBBBBBBBBBBBBBBBBBBBBBBBBBBBBBBBBBBBBBBBBBBBBBAAABBBB
AAAAAAAAAAAAAAAAAAAAAAAAAAAAAAAAAAAAAAAAAAAAAAAAAAAAAAAAAAAAAAAAAAAAAAAAAAAAAAAAAAAAAAAAAAAAAAAAAABBBBBBBBBBBBBBBBBBBBBBBBBBBBBBBBBBBBBBBBBBBBBBBBBBBBBBBBBBBBBBBBBBBBBBBBBBBBBBBBBBBBBBBBBBBBBBB..ABBBB
AAAAAAAAAAAAAAAAAAAAAAAAAAAAAAAAAAAAAAAAAAAAAAAAAAAAAAAAAAAAAAAAAAAAAAAAAAAAAAAAAAAAAAAAAAAAAAAAAA..BBBBBBBBBBBBBBBBBBBBBBBBBBBBBBBBBBBBBBBBBBBBBBBBBBBBBBBBBBBBBBBBBBBBBBBBBBBBBBBBBBBBBBBBBBBBBBBABBBB
AAAAAAAAAAAAAAAAAAAAAAAAAAAAAAAAAAAAAAAAAAAAAAAAAAAAAAAAAAAAAAAAAAAAAAAAAAAAAAAAAAAAAAAAAAAAAAAAAAABBBBBBBBBBBBBBBBBBBBBBBBBBBBBBBBBBBBBBBBBBBBBBBBBBBBBBBBBBBBBBBBBBBBBBBBBBBBBBBBBBBBBBBBBBBBBBBB..BBB
