128
..BBBBBBABBBABBBBBBAABABAAABAABBBBAAABBBBBBBBAAABBBBAABBBBABABBBABBABAABAAABAAAABBAABAABBAAAABAAAAAAAAABAAAABABBABBBBBABBAAAABAAAABBAABBBAAAAABAAABBBBABAABABBBABBBABABABBBABAAAAABAAAAAABABBAAABABBBBAB
ABBBBBBB..BBABBBBBBAABABAAABAABBBBAAABBBBBBBBAAABBBBAABBBBABABBBABBABAABAAABAAAABBAABAABBAAAABAAAAAAAAABAAAABABBABBBBBABBAAAABAAAABBAABBBAAAAABAAABBBBABAABABBBABBBABABABBBABAAAAABAAAAAABABBAAABABBBBAB
A..BBBBBBBBBABBBBBBAABABAAABAABBBBAAABBBBBBBBAAABBBBAABBBBABABBBABBABAABAAABAAAABBAABAABBAAAABAAAAAAAAABAAAABABBABBBBBABBAAAABAAAABBAABBBAAAAABAAABBBBABAABABBBABBBABABABBBABAAAAABAAAAAABABBAAABABBBBAB
AABBBBBBBBBB..BBBBBAABABAAABAABBBBAAABBBBBBBBAAABBBBAABBBBABABBBABBABAABAAABAAAABBAABAABBAAAABAAAAAAAAABAAAABABBABBBBBABBAAAABAAAABBAABBBAAAAABAAABBBBABAABABBBABBBABABABBBABAAAAABAAAAAABABBAAABABBBBAB
AA..BBBBBBBBBBBBBBBAABABAAABAABBBBAAABBBBBBBBAAABBBBAABBBBABABBBABBABAABAAABAAAABBAABAABBAAAABAAAAAAAAABAAAABABBABBBBBABBAAAABAAAABBAABBBAAAAABAAABBBBABAABABBBABBBABABABBBABAAAAABAAAAAABABBAAABABBBBAB
AAAABBBBBBBBBBBBBBB..BABAAABAABBBBAAABBBBBBBBAAABBBBAABBBBABABBBABBABAABAAABAAAABBAABAABBAAAABAAAAAAAAABAAAABABBABBBBBABBAAAABAAAABBAABBBAAAAABAAABBBBABAABABBBABBBABABABBBABAAAAABAAAAAABABBAAABABBBBAB
AAAA..BBBBBBBBBBBBBBBBABAAABAABBBBAAABBBBBBBBAAABBBBAABBBBABABBBABBABAABAAABAAAABBAABAABBAAAABAAAAAAAAABAAAABABBABBBBBABBAAAABAAAABBAABBBAAAAABAAABBBBABAABABBBABBBABABABBBABAAAAABAAAAAABABBAAABABBBBAB
AAAAABBBBBBBBBBBBBBBBB..AAABAABBBBAAABBBBBBBBAAABBBBAABBBBABABBBABBABAABAAABAAAABBAABAABBAAAABAAAAAAAAABAAAABABBABBBBBABBAAAABAAAABBAABBBAAAAABAAABBBBABAABABBBABBBABABABBBABAAAAABAAAAAABABBAAABABBBBAB
AAAAA..BBBBBBBBBBBBBBBBBAAABAABBBBAAABBBBBBBBAAABBBBAABBBBABABBBABBABAABAAABAAAABBAABAABBAAAABAAAAAAAAABAAAABABBABBBBBABBAAAABAAAABBAABBBAAAAABAAABBBBABAABABBBABBBABABABBBABAAAAABAAAAAABABBAAABABBBBAB
AAAAAAABBBBBBBBBBBBBBBBB..ABAABBBBAAABBBBBBBBAAABBBBAABBBBABABBBABBABAABAAABAAAABBAABAABBAAAABAAAAAAAAABAAAABABBABBBBBABBAAAABAAAABBAABBBAAAAABAAABBBBABAABABBBABBBABABABBBABAAAAABAAAAAABABBAAABABBBBAB
AAAAAAA..BBBBBBBBBBBBBBBBBABAABBBBAAABBBBBBBBAAABBBBAABBBBABABBBABBABAABAAABAAAABBAABAABBAAAABAAAAAAAAABAAAABABBABBBBBABBAAAABAAAABBAABBBAAAAABAAABBBBABAABABBBABBBABABABBBABAAAAABAAAAAABABBAAABABBBBAB
AAAAAAAABBBBBBBBBBBBBBBBBB..AABBBBAAABBBBBBBBAAABBBBAABBBBABABBBABBABAABAAABAAAABBAABAABBAAAABAAAAAAAAABAAAABABBABBBBBABBAAAABAAAABBAABBBAAAAABAAABBBBABAABABBBABBBABABABBBABAAAAABAAAAAABABBAAABABBBBAB
AAAAAAAA..BBBBBBBBBBBBBBBBBBAABBBBAAABBBBBBBBAAABBBBAABBBBABABBBABBABAABAAABAAAABBAABAABBAAAABAAAAAAAAABAAAABABBABBBBBABBAAAABAAAABBAABBBAAAAABAAABBBBABAABABBBABBBABABABBBABAAAAABAAAAAABABBAAABABBBBAB
AAAAAAAAAABBBBBBBBBBBBBBBBBB..BBBBAAABBBBBBBBAAABBBBAABBBBABABBBABBABAABAAABAAAABBAABAABBAAAABAAAAAAAAABAAAABABBABBBBBABBAAAABAAAABBAABBBAAAAABAAABBBBABAABABBBABBBABABABBBABAAAAABAAAAAABABBAAABABBBBAB
AAAAAAAAAA..BBBBBBBBBBBBBBBBBBBBBBAAABBBBBBBBAAABBBBAABBBBABABBBABBABAABAAABAAAABBAABAABBAAAABAAAAAAAAABAAAABABBABBBBBABBAAAABAAAABBAABBBAAAAABAAABBBBABAABABBBABBBABABABBBABAAAAABAAAAAABABBAAABABBBBAB
AAAAAAAAAAAABBBBBBBBBBBBBBBBBBBBBB..ABBBBBBBBAAABBBBAABBBBABABBBABBABAABAAABAAAABBAABAABBAAAABAAAAAAAAABAAAABABBABBBBBABBAAAABAAAABBAABBBAAAAABAAABBBBABAABABBBABBBABABABBBABAAAAABAAAAAABABBAAABABBBBAB
AAAAAAAAAAAA..BBBBBBBBBBBBBBBBBBBBBBABBBBBBBBAAABBBBAABBBBABABBBABBABAABAAABAAAABBAABAABBAAAABAAAAAAAAABAAAABABBABBBBBABBAAAABAAAABBAABBBAAAAABAAABBBBABAABABBBABBBABABABBBABAAAAABAAAAAABABBAAABABBBBAB
AAAAAAAAAAAAABBBBBBBBBBBBBBBBBBBBBBB..BBBBBBBAAABBBBAABBBBABABBBABBABAABAAABAAAABBAABAABBAAAABAAAAAAAAABAAAABABBABBBBBABBAAAABAAAABBAABBBAAAAABAAABBBBABAABABBBABBBABABABBBABAAAAABAAAAAABABBAAABABBBBAB
AAAAAAAAAAAAA..BBBBBBBBBBBBBBBBBBBBBBBBBBBBBBAAABBBBAABBBBABABBBABBABAABAAABAAAABBAABAABBAAAABAAAAAAAAABAAAABABBABBBBBABBAAAABAAAABBAABBBAAAAABAAABBBBABAABABBBABBBABABABBBABAAAAABAAAAAABABBAAABABBBBAB
AAAAAAAAAAAAAAABBBBBBBBBBBBBBBBBBBBBBBBBBBBBB..ABBBBAABBBBABABBBABBABAABAAABAAAABBAABAABBAAAABAAAAAAAAABAAAABABBABBBBBABBAAAABAAAABBAABBBAAAAABAAABBBBABAABABBBABBBABABABBBABAAAAABAAAAAABABBAAABABBBBAB
AAAAAAAAAAAAAAA..BBBBBBBBBBBBBBBBBBBBBBBBBBBBBBABBBBAABBBBABABBBABBABAABAAABAAAABBAABAABBAAAABAAAAAAAAABAAAABABBABBBBBABBAAAABAAAABBAABBBAAAAABAAABBBBABAABABBBABBBABABABBBABAAAAABAAAAAABABBAAABABBBBAB
AAAAAAAAAAAAAAAABBBBBBBBBBBBBBBBBBBBBBBBBBBBBBB..BBBAABBBBABABBBABBABAABAAABAAAABBAABAABBAAAABAAAAAAAAABAAAABABBABBBBBABBAAAABAAAABBAABBBAAAAABAAABBBBABAABABBBABBBABABABBBABAAAAABAAAAAABABBAAABABBBBAB
AAAAAAAAAAAAAAAA..BBBBBBBBBBBBBBBBBBBBBBBBBBBBBBBBBBAABBBBABABBBABBABAABAAABAAAABBAABAABBAAAABAAAAAAAAABAAAABABBABBBBBABBAAAABAAAABBAABBBAAAAABAAABBBBABAABABBBABBBABABABBBABAAAAABAAAAAABABBAAABABBBBAB
AAAAAAAAAAAAAAAAAABBBBBBBBBBBBBBBBBBBBBBBBBBBBBBBBBB..BBBBABABBBABBABAABAAABAAAABBAABAABBAAAABAAAAAAAAABAAAABABBABBBBBABBAAAABAAAABBAABBBAAAAABAAABBBBABAABABBBABBBABABABBBABAAAAABAAAAAABABBAAABABBBBAB
AAAAAAAAAAAAAAAAAA..BBBBBBBBBBBBBBBBBBBBBBBBBBBBBBBBBBBBBBABABBBABBABAABAAABAAAABBAABAABBAAAABAAAAAAAAABAAAABABBABBBBBABBAAAABAAAABBAABBBAAAAABAAABBBBABAABABBBABBBABABABBBABAAAAABAAAAAABABBAAABABBBBAB
AAAAAAAAAAAAAAAAAAABBBBBBBBBBBBBBBBBBBBBBBBBBBBBBBBBBBBBBB..ABBBABBABAABAAABAAAABBAABAABBAAAABAAAAAAAAABAAAABABBABBBBBABBAAAABAAAABBAABBBAAAAABAAABBBBABAABABBBABBBABABABBBABAAAAABAAAAAABABBAAABABBBBAB
AAAAAAAAAAAAAAAAAAA..BBBBBBBBBBBBBBBBBBBBBBBBBBBBBBBBBBBBBBBABBBABBABAABAAABAAAABBAABAABBAAAABAAAAAAAAABAAAABABBABBBBBABBAAAABAAAABBAABBBAAAAABAAABBBBABAABABBBABBBABABABBBABAAAAABAAAAAABABBAAABABBBBAB
AAAAAAAAAAAAAAAAAAAABBBBBBBBBBBBBBBBBBBBBBBBBBBBBBBBBBBBBBBB..BBABBABAABAAABAAAABBAABAABBAAAABAAAAAAAAABAAAABABBABBBBBABBAAAABAAAABBAABBBAAAAABAAABBBBABAABABBBABBBABABABBBABAAAAABAAAAAABABBAAABABBBBAB
AAAAAAAAAAAAAAAAAAAA..BBBBBBBBBBBBBBBBBBBBBBBBBBBBBBBBBBBBBBBBBBABBABAABAAABAAAABBAABAABBAAAABAAAAAAAAABAAAABABBABBBBBABBAAAABAAAABBAABBBAAAAABAAABBBBABAABABBBABBBABABABBBABAAAAABAAAAAABABBAAABABBBBAB
AAAAAAAAAAAAAAAAAAAAABBBBBBBBBBBBBBBBBBBBBBBBBBBBBBBBBBBBBBBBBBB..BABAABAAABAAAABBAABAABBAAAABAAAAAAAAABAAAABABBABBBBBABBAAAABAAAABBAABBBAAAAABAAABBBBABAABABBBABBBABABABBBABAAAAABAAAAAABABBAAABABBBBAB
AAAAAAAAAAAAAAAAAAAAA..BBBBBBBBBBBBBBBBBBBBBBBBBBBBBBBBBBBBBBBBBBBBABAABAAABAAAABBAABAABBAAAABAAAAAAAAABAAAABABBABBBBBABBAAAABAAAABBAABBBAAAAABAAABBBBABAABABBBABBBABABABBBABAAAAABAAAAAABABBAAABABBBBAB
AAAAAAAAAAAAAAAAAAAAAABBBBBBBBBBBBBBBBBBBBBBBBBBBBBBBBBBBBBBBBBBBBB..AABAAABAAAABBAABAABBAAAABAAAAAAAAABAAAABABBABBBBBABBAAAABAAAABBAABBBAAAAABAAABBBBABAABABBBABBBABABABBBABAAAAABAAAAAABABBAAABABBBBAB
AAAAAAAAAAAAAAAAAAAAAA..BBBBBBBBBBBBBBBBBBBBBBBBBBBBBBBBBBBBBBBBBBBBBAABAAABAAAABBAABAABBAAAABAAAAAAAAABAAAABABBABBBBBABBAAAABAAAABBAABBBAAAAABAAABBBBABAABABBBABBBABABABBBABAAAAABAAAAAABABBAAABABBBBAB
AAAAAAAAAAAAAAAAAAAAAAAABBBBBBBBBBBBBBBBBBBBBBBBBBBBBBBBBBBBBBBBBBBBB..BAAABAAAABBAABAABBAAAABAAAAAAAAABAAAABABBABBBBBABBAAAABAAAABBAABBBAAAAABAAABBBBABAABABBBABBBABABABBBABAAAAABAAAAAABABBAAABABBBBAB
AAAAAAAAAAAAAAAAAAAAAAAA..BBBBBBBBBBBBBBBBBBBBBBBBBBBBBBBBBBBBBBBBBBBBBBAAABAAAABBAABAABBAAAABAAAAAAAAABAAAABABBABBBBBABBAAAABAAAABBAABBBAAAAABAAABBBBABAABABBBABBBABABABBBABAAAAABAAAAAABABBAAABABBBBAB
AAAAAAAAAAAAAAAAAAAAAAAAAABBBBBBBBBBBBBBBBBBBBBBBBBBBBBBBBBBBBBBBBBBBBBB..ABAAAABBAABAABBAAAABAAAAAAAAABAAAABABBABBBBBABBAAAABAAAABBAABBBAAAAABAAABBBBABAABABBBABBBABABABBBABAAAAABAAAAAABABBAAABABBBBAB
AAAAAAAAAAAAAAAAAAAAAAAAAA..BBBBBBBBBBBBBBBBBBBBBBBBBBBBBBBBBBBBBBBBBBBBBBABAAAABBAABAABBAAAABAAAAAAAAABAAAABABBABBBBBABBAAAABAAAABBAABBBAAAAABAAABBBBABAABABBBABBBABABABBBABAAAAABAAAAAABABBAAABABBBBAB
AAAAAAAAAAAAAAAAAAAAAAAAAAABBBBBBBBBBBBBBBBBBBBBBBBBBBBBBBBBBBBBBBBBBBBBBB..AAAABBAABAABBAAAABAAAAAAAAABAAAABABBABBBBBABBAAAABAAAABBAABBBAAAAABAAABBBBABAABABBBABBBABABABBBABAAAAABAAAAAABABBAAABABBBBAB
AAAAAAAAAAAAAAAAAAAAAAAAAAA..BBBBBBBBBBBBBBBBBBBBBBBBBBBBBBBBBBBBBBBBBBBBBBBAAAABBAABAABBAAAABAAAAAAAAABAAAABABBABBBBBABBAAAABAAAABBAABBBAAAAABAAABBBBABAABABBBABBBABABABBBABAAAAABAAAAAABABBAAABABBBBAB
AAAAAAAAAAAAAAAAAAAAAAAAAAAAABBBBBBBBBBBBBBBBBBBBBBBBBBBBBBBBBBBBBBBBBBBBBBB..AABBAABAABBAAAABAAAAAAAAABAAAABABBABBBBBABBAAAABAAAABBAABBBAAAAABAAABBBBABAABABBBABBBABABABBBABAAAAABAAAAAABABBAAABABBBBAB
AAAAAAAAAAAAAAAAAAAAAAAAAAAAA..BBBBBBBBBBBBBBBBBBBBBBBBBBBBBBBBBBBBBBBBBBBBBBBAABBAABAABBAAAABAAAAAAAAABAAAABABBABBBBBABBAAAABAAAABBAABBBAAAAABAAABBBBABAABABBBABBBABABABBBABAAAAABAAAAAABABBAAABABBBBAB
AAAAAAAAAAAAAAAAAAAAAAAAAAAAAAABBBBBBBBBBBBBBBBBBBBBBBBBBBBBBBBBBBBBBBBBBBBBBB..BBAABAABBAAAABAAAAAAAAABAAAABABBABBBBBABBAAAABAAAABBAABBBAAAAABAAABBBBABAABABBBABBBABABABBBABAAAAABAAAAAABABBAAABABBBBAB
AAAAAAAAAAAAAAAAAAAAAAAAAAAAAAA..BBBBBBBBBBBBBBBBBBBBBBBBBBBBBBBBBBBBBBBBBBBBBBBBBAABAABBAAAABAAAAAAAAABAAAABABBABBBBBABBAAAABAAAABBAABBBAAAAABAAABBBBABAABABBBABBBABABABBBABAAAAABAAAAAABABBAAABABBBBAB
AAAAAAAAAAAAAAAAAAAAAAAAAAAAAAAAABBBBBBBBBBBBBBBBBBBBBBBBBBBBBBBBBBBBBBBBBBBBBBBBB..BAABBAAAABAAAAAAAAABAAAABABBABBBBBABBAAAABAAAABBAABBBAAAAABAAABBBBABAABABBBABBBABABABBBABAAAAABAAAAAABABBAAABABBBBAB
AAAAAAAAAAAAAAAAAAAAAAAAAAAAAAAAA..BBBBBBBBBBBBBBBBBBBBBBBBBBBBBBBBBBBBBBBBBBBBBBBBBBAABBAAAABAAAAAAAAABAAAABABBABBBBBABBAAAABAAAABBAABBBAAAAABAAABBBBABAABABBBABBBABABABBBABAAAAABAAAAAABABBAAABABBBBAB
AAAAAAAAAAAAAAAAAAAAAAAAAAAAAAAAAAABBBBBBBBBBBBBBBBBBBBBBBBBBBBBBBBBBBBBBBBBBBBBBBBBB..BBAAAABAAAAAAAAABAAAABABBABBBBBABBAAAABAAAABBAABBBAAAAABAAABBBBABAABABBBABBBABABABBBABAAAAABAAAAAABABBAAABABBBBAB
AAAAAAAAAAAAAAAAAAAAAAAAAAAAAAAAAAA..BBBBBBBBBBBBBBBBBBBBBBBBBBBBBBBBBBBBBBBBBBBBBBBBBBBBAAAABAAAAAAAAABAAAABABBABBBBBABBAAAABAAAABBAABBBAAAAABAAABBBBABAABABBBABBBABABABBBABAAAAABAAAAAABABBAAABABBBBAB
AAAAAAAAAAAAAAAAAAAAAAAAAAAAAAAAAAAAABBBBBBBBBBBBBBBBBBBBBBBBBBBBBBBBBBBBBBBBBBBBBBBBBBBB..AABAAAAAAAAABAAAABABBABBBBBABBAAAABAAAABBAABBBAAAAABAAABBBBABAABABBBABBBABABABBBABAAAAABAAAAAABABBAAABABBBBAB
AAAAAAAAAAAAAAAAAAAAAAAAAAAAAAAAAAAAA..BBBBBBBBBBBBBBBBBBBBBBBBBBBBBBBBBBBBBBBBBBBBBBBBBBBBAABAAAAAAAAABAAAABABBABBBBBABBAAAABAAAABBAABBBAAAAABAAABBBBABAABABBBABBBABABABBBABAAAAABAAAAAABABBAAABABBBBAB
AAAAAAAAAAAAAAAAAAAAAAAAAAAAAAAAAAAAAAABBBBBBBBBBBBBBBBBBBBBBBBBBBBBBBBBBBBBBBBBBBBBBBBBBBB..BAAAAAAAAABAAAABABBABBBBBABBAAAABAAAABBAABBBAAAAABAAABBBBABAABABBBABBBABABABBBABAAAAABAAAAAABABBAAABABBBBAB
AAAAAAAAAAAAAAAAAAAAAAAAAAAAAAAAAAAAAAA..BBBBBBBBBBBBBBBBBBBBBBBBBBBBBBBBBBBBBBBBBBBBBBBBBBBBBAAAAAAAAABAAAABABBABBBBBABBAAAABAAAABBAABBBAAAAABAAABBBBABAABABBBABBBABABABBBABAAAAABAAAAAABABBAAABABBBBAB
AAAAAAAAAAAAAAAAAAAAAAAAAAAAAAAAAAAAAAAAABBBBBBBBBBBBBBBBBBBBBBBBBBBBBBBBBBBBBBBBBBBBBBBBBBBBB..AAAAAAABAAAABABBABBBBBABBAAAABAAAABBAABBBAAAAABAAABBBBABAABABBBABBBABABABBBABAAAAABAAAAAABABBAAABABBBBAB
AAAAAAAAAAAAAAAAAAAAAAAAAAAAAAAAAAAAAAAAA..BBBBBBBBBBBBBBBBBBBBBBBBBBBBBBBBBBBBBBBBBBBBBBBBBBBBBAAAAAAABAAAABABBABBBBBABBAAAABAAAABBAABBBAAAAABAAABBBBABAABABBBABBBABABABBBABAAAAABAAAAAABABBAAABABBBBAB
AAAAAAAAAAAAAAAAAAAAAAAAAAAAAAAAAAAAAAAAAAABBBBBBBBBBBBBBBBBBBBBBBBBBBBBBBBBBBBBBBBBBBBBBBBBBBBB..AAAAABAAAABABBABBBBBABBAAAABAAAABBAABBBAAAAABAAABBBBABAABABBBABBBABABABBBABAAAAABAAAAAABABBAAABABBBBAB
AAAAAAAAAAAAAAAAAAAAAAAAAAAAAAAAAAAAAAAAAAA..BBBBBBBBBBBBBBBBBBBBBBBBBBBBBBBBBBBBBBBBBBBBBBBBBBBBBAAAAABAAAABABBABBBBBABBAAAABAAAABBAABBBAAAAABAAABBBBABAABABBBABBBABABABBBABAAAAABAAAAAABABBAAABABBBBAB
AAAAAAAAAAAAAAAAAAAAAAAAAAAAAAAAAAAAAAAAAAAAABBBBBBBBBBBBBBBBBBBBBBBBBBBBBBBBBBBBBBBBBBBBBBBBBBBBB..AAABAAAABABBABBBBBABBAAAABAAAABBAABBBAAAAABAAABBBBABAABABBBABBBABABABBBABAAAAABAAAAAABABBAAABABBBBAB
AAAAAAAAAAAAAAAAAAAAAAAAAAAAAAAAAAAAAAAAAAAAA..BBBBBBBBBBBBBBBBBBBBBBBBBBBBBBBBBBBBBBBBBBBBBBBBBBBBBAAABAAAABABBABBBBBABBAAAABAAAABBAABBBAAAAABAAABBBBABAABABBBABBBABABABBBABAAAAABAAAAAABABBAAABABBBBAB
AAAAAAAAAAAAAAAAAAAAAAAAAAAAAAAAAAAAAAAAAAAAAAABBBBBBBBBBBBBBBBBBBBBBBBBBBBBBBBBBBBBBBBBBBBBBBBBBBBB..ABAAAABABBABBBBBABBAAAABAAAABBAABBBAAAAABAAABBBBABAABABBBABBBABABABBBABAAAAABAAAAAABABBAAABABBBBAB
AAAAAAAAAAAAAAAAAAAAAAAAAAAAAAAAAAAAAAAAAAAAAAA..BBBBBBBBBBBBBBBBBBBBBBBBBBBBBBBBBBBBBBBBBBBBBBBBBBBBBABAAAABABBABBBBBABBAAAABAAAABBAABBBAAAAABAAABBBBABAABABBBABBBABABABBBABAAAAABAAAAAABABBAAABABBBBAB
AAAAAAAAAAAAAAAAAAAAAAAAAAAAAAAAAAAAAAAAAAAAAAAABBBBBBBBBBBBBBBBBBBBBBBBBBBBBBBBBBBBBBBBBBBBBBBBBBBBBB..AAAABABBABBBBBABBAAAABAAAABBAABBBAAAAABAAABBBBABAABABBBABBBABABABBBABAAAAABAAAAAABABBAAABABBBBAB
AAAAAAAAAAAAAAAAAAAAAAAAAAAAAAAAAAAAAAAAAAAAAAAA..BBBBBBBBBBBBBBBBBBBBBBBBBBBBBBBBBBBBBBBBBBBBBBBBBBBBBBAAAABABBABBBBBABBAAAABAAAABBAABBBAAAAABAAABBBBABAABABBBABBBABABABBBABAAAAABAAAAAABABBAAABABBBBAB
AAAAAAAAAAAAAAAAAAAAAAAAAAAAAAAAAAAAAAAAAAAAAAAAAABBBBBBBBBBBBBBBBBBBBBBBBBBBBBBBBBBBBBBBBBBBBBBBBBBBBBB..AABABBABBBBBABBAAAABAAAABBAABBBAAAAABAAABBBBABAABABBBABBBABABABBBABAAAAABAAAAAABABBAAABABBBBAB
AAAAAAAAAAAAAAAAAAAAAAAAAAAAAAAAAAAAAAAAAAAAAAAAAA..BBBBBBBBBBBBBBBBBBBBBBBBBBBBBBBBBBBBBBBBBBBBBBBBBBBBBBAABABBABBBBBABBAAAABAAAABBAABBBAAAAABAAABBBBABAABABBBABBBABABABBBABAAAAABAAAAAABABBAAABABBBBAB
AAAAAAAAAAAAAAAAAAAAAAAAAAAAAAAAAAAAAAAAAAAAAAAAAAAABBBBBBBBBBBBBBBBBBBBBBBBBBBBBBBBBBBBBBBBBBBBBBBBBBBBBB..BABBABBBBBABBAAAABAAAABBAABBBAAAAABAAABBBBABAABABBBABBBABABABBBABAAAAABAAAAAABABBAAABABBBBAB
AAAAAAAAAAAAAAAAAAAAAAAAAAAAAAAAAAAAAAAAAAAAAAAAAAAA..BBBBBBBBBBBBBBBBBBBBBBBBBBBBBBBBBBBBBBBBBBBBBBBBBBBBBBBABBABBBBBABBAAAABAAAABBAABBBAAAAABAAABBBBABAABABBBABBBABABABBBABAAAAABAAAAAABABBAAABABBBBAB
AAAAAAAAAAAAAAAAAAAAAAAAAAAAAAAAAAAAAAAAAAAAAAAAAAAAABBBBBBBBBBBBBBBBBBBBBBBBBBBBBBBBBBBBBBBBBBBBBBBBBBBBBBBB..BABBBBBABBAAAABAAAABBAABBBAAAAABAAABBBBABAABABBBABBBABABABBBABAAAAABAAAAAABABBAAABABBBBAB
AAAAAAAAAAAAAAAAAAAAAAAAAAAAAAAAAAAAAAAAAAAAAAAAAAAAA..BBBBBBBBBBBBBBBBBBBBBBBBBBBBBBBBBBBBBBBBBBBBBBBBBBBBBBBBBABBBBBABBAAAABAAAABBAABBBAAAAABAAABBBBABAABABBBABBBABABABBBABAAAAABAAAAAABABBAAABABBBBAB
AAAAAAAAAAAAAAAAAAAAAAAAAAAAAAAAAAAAAAAAAAAAAAAAAAAAAABBBBBBBBBBBBBBBBBBBBBBBBBBBBBBBBBBBBBBBBBBBBBBBBBBBBBBBBBB..BBBBABBAAAABAAAABBAABBBAAAAABAAABBBBABAABABBBABBBABABABBBABAAAAABAAAAAABABBAAABABBBBAB
AAAAAAAAAAAAAAAAAAAAAAAAAAAAAAAAAAAAAAAAAAAAAAAAAAAAAA..BBBBBBBBBBBBBBBBBBBBBBBBBBBBBBBBBBBBBBBBBBBBBBBBBBBBBBBBBBBBBBABBAAAABAAAABBAABBBAAAAABAAABBBBABAABABBBABBBABABABBBABAAAAABAAAAAABABBAAABABBBBAB
AAAAAAAAAAAAAAAAAAAAAAAAAAAAAAAAAAAAAAAAAAAAAAAAAAAAAAABBBBBBBBBBBBBBBBBBBBBBBBBBBBBBBBBBBBBBBBBBBBBBBBBBBBBBBBBBBBBBB..BAAAABAAAABBAABBBAAAAABAAABBBBABAABABBBABBBABABABBBABAAAAABAAAAAABABBAAABABBBBAB
AAAAAAAAAAAAAAAAAAAAAAAAAAAAAAAAAAAAAAAAAAAAAAAAAAAAAAA..BBBBBBBBBBBBBBBBBBBBBBBBBBBBBBBBBBBBBBBBBBBBBBBBBBBBBBBBBBBBBBBBAAAABAAAABBAABBBAAAAABAAABBBBABAABABBBABBBABABABBBABAAAAABAAAAAABABBAAABABBBBAB
AAAAAAAAAAAAAAAAAAAAAAAAAAAAAAAAAAAAAAAAAAAAAAAAAAAAAAAAABBBBBBBBBBBBBBBBBBBBBBBBBBBBBBBBBBBBBBBBBBBBBBBBBBBBBBBBBBBBBBBB..AABAAAABBAABBBAAAAABAAABBBBABAABABBBABBBABABABBBABAAAAABAAAAAABABBAAABABBBBAB
AAAAAAAAAAAAAAAAAAAAAAAAAAAAAAAAAAAAAAAAAAAAAAAAAAAAAAAAA..BBBBBBBBBBBBBBBBBBBBBBBBBBBBBBBBBBBBBBBBBBBBBBBBBBBBBBBBBBBBBBBBAABAAAABBAABBBAAAAABAAABBBBABAABABBBABBBABABABBBABAAAAABAAAAAABABBAAABABBBBAB
AAAAAAAAAAAAAAAAAAAAAAAAAAAAAAAAAAAAAAAAAAAAAAAAAAAAAAAAAAABBBBBBBBBBBBBBBBBBBBBBBBBBBBBBBBBBBBBBBBBBBBBBBBBBBBBBBBBBBBBBBB..BAAAABBAABBBAAAAABAAABBBBABAABABBBABBBABABABBBABAAAAABAAAAAABABBAAABABBBBAB
AAAAAAAAAAAAAAAAAAAAAAAAAAAAAAAAAAAAAAAAAAAAAAAAAAAAAAAAAAA..BBBBBBBBBBBBBBBBBBBBBBBBBBBBBBBBBBBBBBBBBBBBBBBBBBBBBBBBBBBBBBBBBAAAABBAABBBAAAAABAAABBBBABAABABBBABBBABABABBBABAAAAABAAAAAABABBAAABABBBBAB
AAAAAAAAAAAAAAAAAAAAAAAAAAAAAAAAAAAAAAAAAAAAAAAAAAAAAAAAAAAAABBBBBBBBBBBBBBBBBBBBBBBBBBBBBBBBBBBBBBBBBBBBBBBBBBBBBBBBBBBBBBBBB..AABBAABBBAAAAABAAABBBBABAABABBBABBBABABABBBABAAAAABAAAAAABABBAAABABBBBAB
AAAAAAAAAAAAAAAAAAAAAAAAAAAAAAAAAAAAAAAAAAAAAAAAAAAAAAAAAAAAA..BBBBBBBBBBBBBBBBBBBBBBBBBBBBBBBBBBBBBBBBBBBBBBBBBBBBBBBBBBBBBBBBBAABBAABBBAAAAABAAABBBBABAABABBBABBBABABABBBABAAAAABAAAAAABABBAAABABBBBAB
AAAAAAAAAAAAAAAAAAAAAAAAAAAAAAAAAAAAAAAAAAAAAAAAAAAAAAAAAAAAAAABBBBBBBBBBBBBBBBBBBBBBBBBBBBBBBBBBBBBBBBBBBBBBBBBBBBBBBBBBBBBBBBB..BBAABBBAAAAABAAABBBBABAABABBBABBBABABABBBABAAAAABAAAAAABABBAAABABBBBAB
AAAAAAAAAAAAAAAAAAAAAAAAAAAAAAAAAAAAAAAAAAAAAAAAAAAAAAAAAAAAAAA..BBBBBBBBBBBBBBBBBBBBBBBBBBBBBBBBBBBBBBBBBBBBBBBBBBBBBBBBBBBBBBBBBBBAABBBAAAAABAAABBBBABAABABBBABBBABABABBBABAAAAABAAAAAABABBAAABABBBBAB
AAAAAAAAAAAAAAAAAAAAAAAAAAAAAAAAAAAAAAAAAAAAAAAAAAAAAAAAAAAAAAAAABBBBBBBBBBBBBBBBBBBBBBBBBBBBBBBBBBBBBBBBBBBBBBBBBBBBBBBBBBBBBBBBBBB..BBBAAAAABAAABBBBABAABABBBABBBABABABBBABAAAAABAAAAAABABBAAABABBBBAB
AAAAAAAAAAAAAAAAAAAAAAAAAAAAAAAAAAAAAAAAAAAAAAAAAAAAAAAAAAAAAAAAA..BBBBBBBBBBBBBBBBBBBBBBBBBBBBBBBBBBBBBBBBBBBBBBBBBBBBBBBBBBBBBBBBBBBBBBAAAAABAAABBBBABAABABBBABBBABABABBBABAAAAABAAAAAABABBAAABABBBBAB
AAAAAAAAAAAAAAAAAAAAAAAAAAAAAAAAAAAAAAAAAAAAAAAAAAAAAAAAAAAAAAAAAAABBBBBBBBBBBBBBBBBBBBBBBBBBBBBBBBBBBBBBBBBBBBBBBBBBBBBBBBBBBBBBBBBBBBBB..AAABAAABBBBABAABABBBABBBABABABBBABAAAAABAAAAAABABBAAABABBBBAB
AAAAAAAAAAAAAAAAAAAAAAAAAAAAAAAAAAAAAAAAAAAAAAAAAAAAAAAAAAAAAAAAAAA..BBBBBBBBBBBBBBBBBBBBBBBBBBBBBBBBBBBBBBBBBBBBBBBBBBBBBBBBBBBBBBBBBBBBBBAAABAAABBBBABAABABBBABBBABABABBBABAAAAABAAAAAABABBAAABABBBBAB
AAAAAAAAAAAAAAAAAAAAAAAAAAAAAAAAAAAAAAAAAAAAAAAAAAAAAAAAAAAAAAAAAAAAABBBBBBBBBBBBBBBBBBBBBBBBBBBBBBBBBBBBBBBBBBBBBBBBBBBBBBBBBBBBBBBBBBBBBB..ABAAABBBBABAABABBBABBBABABABBBABAAAAABAAAAAABABBAAABABBBBAB
AAAAAAAAAAAAAAAAAAAAAAAAAAAAAAAAAAAAAAAAAAAAAAAAAAAAAAAAAAAAAAAAAAAAA..BBBBBBBBBBBBBBBBBBBBBBBBBBBBBBBBBBBBBBBBBBBBBBBBBBBBBBBBBBBBBBBBBBBBBBABAAABBBBABAABABBBABBBABABABBBABAAAAABAAAAAABABBAAABABBBBAB
AAAAAAAAAAAAAAAAAAAAAAAAAAAAAAAAAAAAAAAAAAAAAAAAAAAAAAAAAAAAAAAAAAAAAABBBBBBBBBBBBBBBBBBBBBBBBBBBBBBBBBBBBBBBBBBBBBBBBBBBBBBBBBBBBBBBBBBBBBBB..AAABBBBABAABABBBABBBABABABBBABAAAAABAAAAAABABBAAABABBBBAB
AAAAAAAAAAAAAAAAAAAAAAAAAAAAAAAAAAAAAAAAAAAAAAAAAAAAAAAAAAAAAAAAAAAAAA..BBBBBBBBBBBBBBBBBBBBBBBBBBBBBBBBBBBBBBBBBBBBBBBBBBBBBBBBBBBBBBBBBBBBBBBAAABBBBABAABABBBABBBABABABBBABAAAAABAAAAAABABBAAABABBBBAB
AAAAAAAAAAAAAAAAAAAAAAAAAAAAAAAAAAAAAAAAAAAAAAAAAAAAAAAAAAAAAAAAAAAAAAAABBBBBBBBBBBBBBBBBBBBBBBBBBBBBBBBBBBBBBBBBBBBBBBBBBBBBBBBBBBBBBBBBBBBBBB..ABBBBABAABABBBABBBABABABBBABAAAAABAAAAAABABBAAABABBBBAB
AAAAAAAAAAAAAAAAAAAAAAAAAAAAAAAAAAAAAAAAAAAAAAAAAAAAAAAAAAAAAAAAAAAAAAAA..BBBBBBBBBBBBBBBBBBBBBBBBBBBBBBBBBBBBBBBBBBBBBBBBBBBBBBBBBBBBBBBBBBBBBBBABBBBABAABABBBABBBABABABBBABAAAAABAAAAAABABBAAABABBBBAB
AAAAAAAAAAAAAAAAAAAAAAAAAAAAAAAAAAAAAAAAAAAAAAAAAAAAAAAAAAAAAAAAAAAAAAAAABBBBBBBBBBBBBBBBBBBBBBBBBBBBBBBBBBBBBBBBBBBBBBBBBBBBBBBBBBBBBBBBBBBBBBBB..BBBABAABABBBABBBABABABBBABAAAAABAAAAAABABBAAABABBBBAB
AAAAAAAAAAAAAAAAAAAAAAAAAAAAAAAAAAAAAAAAAAAAAAAAAAAAAAAAAAAAAAAAAAAAAAAAA..BBBBBBBBBBBBBBBBBBBBBBBBBBBBBBBBBBBBBBBBBBBBBBBBBBBBBBBBBBBBBBBBBBBBBBBBBBBABAABABBBABBBABABABBBABAAAAABAAAAAABABBAAABABBBBAB
AAAAAAAAAAAAAAAAAAAAAAAAAAAAAAAAAAAAAAAAAAAAAAAAAAAAAAAAAAAAAAAAAAAAAAAAAABBBBBBBBBBBBBBBBBBBBBBBBBBBBBBBBBBBBBBBBBBBBBBBBBBBBBBBBBBBBBBBBBBBBBBBBBBBB..AABABBBABBBABABABBBABAAAAABAAAAAABABBAAABABBBBAB
AAAAAAAAAAAAAAAAAAAAAAAAAAAAAAAAAAAAAAAAAAAAAAAAAAAAAAAAAAAAAAAAAAAAAAAAAA..BBBBBBBBBBBBBBBBBBBBBBBBBBBBBBBBBBBBBBBBBBBBBBBBBBBBBBBBBBBBBBBBBBBBBBBBBBBBAABABBBABBBABABABBBABAAAAABAAAAAABABBAAABABBBBAB
AAAAAAAAAAAAAAAAAAAAAAAAAAAAAAAAAAAAAAAAAAAAAAAAAAAAAAAAAAAAAAAAAAAAAAAAAAAABBBBBBBBBBBBBBBBBBBBBBBBBBBBBBBBBBBBBBBBBBBBBBBBBBBBBBBBBBBBBBBBBBBBBBBBBBBB..BABBBABBBABABABBBABAAAAABAAAAAABABBAAABABBBBAB
AAAAAAAAAAAAAAAAAAAAAAAAAAAAAAAAAAAAAAAAAAAAAAAAAAAAAAAAAAAAAAAAAAAAAAAAAAAA..BBBBBBBBBBBBBBBBBBBBBBBBBBBBBBBBBBBBBBBBBBBBBBBBBBBBBBBBBBBBBBBBBBBBBBBBBBBBBABBBABBBABABABBBABAAAAABAAAAAABABBAAABABBBBAB
AAAAAAAAAAAAAAAAAAAAAAAAAAAAAAAAAAAAAAAAAAAAAAAAAAAAAAAAAAAAAAAAAAAAAAAAAAAAABBBBBBBBBBBBBBBBBBBBBBBBBBBBBBBBBBBBBBBBBBBBBBBBBBBBBBBBBBBBBBBBBBBBBBBBBBBBBB..BBABBBABABABBBABAAAAABAAAAAABABBAAABABBBBAB
AAAAAAAAAAAAAAAAAAAAAAAAAAAAAAAAAAAAAAAAAAAAAAAAAAAAAAAAAAAAAAAAAAAAAAAAAAAAA..BBBBBBBBBBBBBBBBBBBBBBBBBBBBBBBBBBBBBBBBBBBBBBBBBBBBBBBBBBBBBBBBBBBBBBBBBBBBBBBBABBBABABABBBABAAAAABAAAAAABABBAAABABBBBAB
AAAAAAAAAAAAAAAAAAAAAAAAAAAAAAAAAAAAAAAAAAAAAAAAAAAAAAAAAAAAAAAAAAAAAAAAAAAAAABBBBBBBBBBBBBBBBBBBBBBBBBBBBBBBBBBBBBBBBBBBBBBBBBBBBBBBBBBBBBBBBBBBBBBBBBBBBBBBBB..BBABABABBBABAAAAABAAAAAABABBAAABABBBBAB
AAAAAAAAAAAAAAAAAAAAAAAAAAAAAAAAAAAAAAAAAAAAAAAAAAAAAAAAAAAAAAAAAAAAAAAAAAAAAA..BBBBBBBBBBBBBBBBBBBBBBBBBBBBBBBBBBBBBBBBBBBBBBBBBBBBBBBBBBBBBBBBBBBBBBBBBBBBBBBBBBBABABABBBABAAAAABAAAAAABABBAAABABBBBAB
AAAAAAAAAAAAAAAAAAAAAAAAAAAAAAAAAAAAAAAAAAAAAAAAAAAAAAAAAAAAAAAAAAAAAAAAAAAAAAABBBBBBBBBBBBBBBBBBBBBBBBBBBBBBBBBBBBBBBBBBBBBBBBBBBBBBBBBBBBBBBBBBBBBBBBBBBBBBBBBBBB..ABABBBABAAAAABAAAAAABABBAAABABBBBAB
AAAAAAAAAAAAAAAAAAAAAAAAAAAAAAAAAAAAAAAAAAAAAAAAAAAAAAAAAAAAAAAAAAAAAAAAAAAAAAA..BBBBBBBBBBBBBBBBBBBBBBBBBBBBBBBBBBBBBBBBBBBBBBBBBBBBBBBBBBBBBBBBBBBBBBBBBBBBBBBBBBBBABABBBABAAAAABAAAAAABABBAAABABBBBAB
AAAAAAAAAAAAAAAAAAAAAAAAAAAAAAAAAAAAAAAAAAAAAAAAAAAAAAAAAAAAAAAAAAAAAAAAAAAAAAAABBBBBBBBBBBBBBBBBBBBBBBBBBBBBBBBBBBBBBBBBBBBBBBBBBBBBBBBBBBBBBBBBBBBBBBBBBBBBBBBBBBBB..ABBBABAAAAABAAAAAABABBAAABABBBBAB
AAAAAAAAAAAAAAAAAAAAAAAAAAAAAAAAAAAAAAAAAAAAAAAAAAAAAAAAAAAAAAAAAAAAAAAAAAAAAAAA..BBBBBBBBBBBBBBBBBBBBBBBBBBBBBBBBBBBBBBBBBBBBBBBBBBBBBBBBBBBBBBBBBBBBBBBBBBBBBBBBBBBBBABBBABAAAAABAAAAAABABBAAABABBBBAB
AAAAAAAAAAAAAAAAAAAAAAAAAAAAAAAAAAAAAAAAAAAAAAAAAAAAAAAAAAAAAAAAAAAAAAAAAAAAAAAAABBBBBBBBBBBBBBBBBBBBBBBBBBBBBBBBBBBBBBBBBBBBBBBBBBBBBBBBBBBBBBBBBBBBBBBBBBBBBBBBBBBBBB..BBABAAAAABAAAAAABABBAAABABBBBAB
AAAAAAAAAAAAAAAAAAAAAAAAAAAAAAAAAAAAAAAAAAAAAAAAAAAAAAAAAAAAAAAAAAAAAAAAAAAAAAAAA..BBBBBBBBBBBBBBBBBBBBBBBBBBBBBBBBBBBBBBBBBBBBBBBBBBBBBBBBBBBBBBBBBBBBBBBBBBBBBBBBBBBBBBBBABAAAAABAAAAAABABBAAABABBBBAB
AAAAAAAAAAAAAAAAAAAAAAAAAAAAAAAAAAAAAAAAAAAAAAAAAAAAAAAAAAAAAAAAAAAAAAAAAAAAAAAAAABBBBBBBBBBBBBBBBBBBBBBBBBBBBBBBBBBBBBBBBBBBBBBBBBBBBBBBBBBBBBBBBBBBBBBBBBBBBBBBBBBBBBBBBB..AAAAABAAAAAABABBAAABABBBBAB
AAAAAAAAAAAAAAAAAAAAAAAAAAAAAAAAAAAAAAAAAAAAAAAAAAAAAAAAAAAAAAAAAAAAAAAAAAAAAAAAAA..BBBBBBBBBBBBBBBBBBBBBBBBBBBBBBBBBBBBBBBBBBBBBBBBBBBBBBBBBBBBBBBBBBBBBBBBBBBBBBBBBBBBBBBBBAAAAABAAAAAABABBAAABABBBBAB
AAAAAAAAAAAAAAAAAAAAAAAAAAAAAAAAAAAAAAAAAAAAAAAAAAAAAAAAAAAAAAAAAAAAAAAAAAAAAAAAAAAABBBBBBBBBBBBBBBBBBBBBBBBBBBBBBBBBBBBBBBBBBBBBBBBBBBBBBBBBBBBBBBBBBBBBBBBBBBBBBBBBBBBBBBBB..AAABAAAAAABABBAAABABBBBAB
AAAAAAAAAAAAAAAAAAAAAAAAAAAAAAAAAAAAAAAAAAAAAAAAAAAAAAAAAAAAAAAAAAAAAAAAAAAAAAAAAAAA..BBBBBBBBBBBBBBBBBBBBBBBBBBBBBBBBBBBBBBBBBBBBBBBBBBBBBBBBBBBBBBBBBBBBBBBBBBBBBBBBBBBBBBBBBAAABAAAAAABABBAAABABBBBAB
AAAAAAAAAAAAAAAAAAAAAAAAAAAAAAAAAAAAAAAAAAAAAAAAAAAAAAAAAAAAAAAAAAAAAAAAAAAAAAAAAAAAAABBBBBBBBBBBBBBBBBBBBBBBBBBBBBBBBBBBBBBBBBBBBBBBBBBBBBBBBBBBBBBBBBBBBBBBBBBBBBBBBBBBBBBBBB..ABAAAAAABABBAAABABBBBAB
AAAAAAAAAAAAAAAAAAAAAAAAAAAAAAAAAAAAAAAAAAAAAAAAAAAAAAAAAAAAAAAAAAAAAAAAAAAAAAAAAAAAAA..BBBBBBBBBBBBBBBBBBBBBBBBBBBBBBBBBBBBBBBBBBBBBBBBBBBBBBBBBBBBBBBBBBBBBBBBBBBBBBBBBBBBBBBBBABAAAAAABABBAAABABBBBAB
AAAAAAAAAAAAAAAAAAAAAAAAAAAAAAAAAAAAAAAAAAAAAAAAAAAAAAAAAAAAAAAAAAAAAAAAAAAAAAAAAAAAAAABBBBBBBBBBBBBBBBBBBBBBBBBBBBBBBBBBBBBBBBBBBBBBBBBBBBBBBBBBBBBBBBBBBBBBBBBBBBBBBBBBBBBBBBBB..AAAAAABABBAAABABBBBAB
AAAAAAAAAAAAAAAAAAAAAAAAAAAAAAAAAAAAAAAAAAAAAAAAAAAAAAAAAAAAAAAAAAAAAAAAAAAAAAAAAAAAAAA..BBBBBBBBBBBBBBBBBBBBBBBBBBBBBBBBBBBBBBBBBBBBBBBBBBBBBBBBBBBBBBBBBBBBBBBBBBBBBBBBBBBBBBBBBBAAAAAABABBAAABABBBBAB
AAAAAAAAAAAAAAAAAAAAAAAAAAAAAAAAAAAAAAAAAAAAAAAAAAAAAAAAAAAAAAAAAAAAAAAAAAAAAAAAAAAAAAAAABBBBBBBBBBBBBBBBBBBBBBBBBBBBBBBBBBBBBBBBBBBBBBBBBBBBBBBBBBBBBBBBBBBBBBBBBBBBBBBBBBBBBBBBBB..AAAABABBAAABABBBBAB
AAAAAAAAAAAAAAAAAAAAAAAAAAAAAAAAAAAAAAAAAAAAAAAAAAAAAAAAAAAAAAAAAAAAAAAAAAAAAAAAAAAAAAAAA..BBBBBBBBBBBBBBBBBBBBBBBBBBBBBBBBBBBBBBBBBBBBBBBBBBBBBBBBBBBBBBBBBBBBBBBBBBBBBBBBBBBBBBBBBBAAAABABBAAABABBBBAB
AAAAAAAAAAAAAAAAAAAAAAAAAAAAAAAAAAAAAAAAAAAAAAAAAAAAAAAAAAAAAAAAAAAAAAAAAAAAAAAAAAAAAAAAAAABBBBBBBBBBBBBBBBBBBBBBBBBBBBBBBBBBBBBBBBBBBBBBBBBBBBBBBBBBBBBBBBBBBBBBBBBBBBBBBBBBBBBBBBBB..AABABBAAABABBBBAB
AAAAAAAAAAAAAAAAAAAAAAAAAAAAAAAAAAAAAAAAAAAAAAAAAAAAAAAAAAAAAAAAAAAAAAAAAAAAAAAAAAAAAAAAAAA..BBBBBBBBBBBBBBBBBBBBBBBBBBBBBBBBBBBBBBBBBBBBBBBBBBBBBBBBBBBBBBBBBBBBBBBBBBBBBBBBBBBBBBBBBBAABABBAAABABBBBAB
AAAAAAAAAAAAAAAAAAAAAAAAAAAAAAAAAAAAAAAAAAAAAAAAAAAAAAAAAAAAAAAAAAAAAAAAAAAAAAAAAAAAAAAAAAAAABBBBBBBBBBBBBBBBBBBBBBBBBBBBBBBBBBBBBBBBBBBBBBBBBBBBBBBBBBBBBBBBBBBBBBBBBBBBBBBBBBBBBBBBBB..BABBAAABABBBBAB
AAAAAAAAAAAAAAAAAAAAAAAAAAAAAAAAAAAAAAAAAAAAAAAAAAAAAAAAAAAAAAAAAAAAAAAAAAAAAAAAAAAAAAAAAAAAA..BBBBBBBBBBBBBBBBBBBBBBBBBBBBBBBBBBBBBBBBBBBBBBBBBBBBBBBBBBBBBBBBBBBBBBBBBBBBBBBBBBBBBBBBBBBABBAAABABBBBAB
AAAAAAAAAAAAAAAAAAAAAAAAAAAAAAAAAAAAAAAAAAAAAAAAAAAAAAAAAAAAAAAAAAAAAAAAAAAAAAAAAAAAAAAAAAAAAABBBBBBBBBBBBBBBBBBBBBBBBBBBBBBBBBBBBBBBBBBBBBBBBBBBBBBBBBBBBBBBBBBBBBBBBBBBBBBBBBBBBBBBBBBBB..BAAABABBBBAB
AAAAAAAAAAAAAAAAAAAAAAAAAAAAAAAAAAAAAAAAAAAAAAAAAAAAAAAAAAAAAAAAAAAAAAAAAAAAAAAAAAAAAAAAAAAAAA..BBBBBBBBBBBBBBBBBBBBBBBBBBBBBBBBBBBBBBBBBBBBBBBBBBBBBBBBBBBBBBBBBBBBBBBBBBBBBBBBBBBBBBBBBBBBBAAABABBBBAB
AAAAAAAAAAAAAAAAAAAAAAAAAAAAAAAAAAAAAAAAAAAAAAAAAAAAAAAAAAAAAAAAAAAAAAAAAAAAAAAAAAAAAAAAAAAAAAAABBBBBBBBBBBBBBBBBBBBBBBBBBBBBBBBBBBBBBBBBBBBBBBBBBBBBBBBBBBBBBBBBBBBBBBBBBBBBBBBBBBBBBBBBBBBB..ABABBBBAB
AAAAAAAAAAAAAAAAAAAAAAAAAAAAAAAAAAAAAAAAAAAAAAAAAAAAAAAAAAAAAAAAAAAAAAAAAAAAAAAAAAAAAAAAAAAAAAAA..BBBBBBBBBBBBBBBBBBBBBBBBBBBBBBBBBBBBBBBBBBBBBBBBBBBBBBBBBBBBBBBBBBBBBBBBBBBBBBBBBBBBBBBBBBBBBABABBBBAB
AAAAAAAAAAAAAAAAAAAAAAAAAAAAAAAAAAAAAAAAAAAAAAAAAAAAAAAAAAAAAAAAAAAAAAAAAAAAAAAAAAAAAAAAAAAAAAAAABBBBBBBBBBBBBBBBBBBBBBBBBBBBBBBBBBBBBBBBBBBBBBBBBBBBBBBBBBBBBBBBBBBBBBBBBBBBBBBBBBBBBBBBBBBBBB..ABBBBAB
AAAAAAAAAAAAAAAAAAAAAAAAAAAAAAAAAAAAAAAAAAAAAAAAAAAAAAAAAAAAAAAAAAAAAAAAAAAAAAAAAAAAAAAAAAAAAAAAA..BBBBBBBBBBBBBBBBBBBBBBBBBBBBBBBBBBBBBBBBBBBBBBBBBBBBBBBBBBBBBBBBBBBBBBBBBBBBBBBBBBBBBBBBBBBBBBABBBBAB
AAAAAAAAAAAAAAAAAAAAAAAAAAAAAAAAAAAAAAAAAAAAAAAAAAAAAAAAAAAAAAAAAAAAAAAAAAAAAAAAAAAAAAAAAAAAAAAAAABBBBBBBBBBBBBBBBBBBBBBBBBBBBBBBBBBBBBBBBBBBBBBBBBBBBBBBBBBBBBBBBBBBBBBBBBBBBBBBBBBBBBBBBBBBBBBB..BBBAB
AAAAAAAAAAAAAAAAAAAAAAAAAAAAAAAAAAAAAAAAAAAAAAAAAAAAAAAAAAAAAAAAAAAAAAAAAAAAAAAAAAAAAAAAAAAAAAAAAA..BBBBBBBBBBBBBBBBBBBBBBBBBBBBBBBBBBBBBBBBBBBBBBBBBBBBBBBBBBBBBBBBBBBBBBBBBBBBBBBBBBBBBBBBBBBBBBBBBBAB
AAAAAAAAAAAAAAAAAAAAAAAAAAAAAAAAAAAAAAAAAAAAAAAAAAAAAAAAAAAAAAAAAAAAAAAAAAAAAAAAAAAAAAAAAAAAAAAAAAABBBBBBBBBBBBBBBBBBBBBBBBBBBBBBBBBBBBBBBBBBBBBBBBBBBBBBBBBBBBBBBBBBBBBBBBBBBBBBBBBBBBBBBBBBBBBBBBBBB..
