10
AB..BABA
ABBA..BA
A..ABBBA
AAB..BBA
AABBB..A
AA..BBBA
AABABB..
AABA..BB
AA..BABB
AAABB..B
