7
A..BBABA
AABBB..A
AA..BBBA
AABABB..
AABA..BB
AA..BABB
AAABB..B
