1
0
3
3
1
1
2
2
0
1
1
0
6
4
10
1
4
3
1
0
0
6
2
2
0
9
3
0
4
0
1
7
10
6
1
1
1
11
1
2
5
7
7
0
6
5
0
2
1
4
1
8
1
3
10
6
6
3
0
3
0
3
2
2
11
5
8
5
1
0
7
3
2
2
1
6
2
3
6
2
10
1
0
0
0
6
0
9
1
2
1
4
3
0
1
0
5
1
0
5
