NO
NO
YES
UURRRRDDLULDLU
NO
YES
DDRUURRRDDLULD
NO
NO
NO
NO
NO
YES
LLURRULLLDDLUU
YES
ULDDRRRRUULLDR
NO
NO
YES
LURRDDLLLLUURD
NO
NO
NO
NO
YES
ULDDRRRRUULDLU
NO
NO
NO
YES
URDRUULLLLDDRU
NO
NO
NO
NO
NO
NO
YES
UURRRRDDLLLURR
YES
DDRUURRRDLLDRR
YES
ULDLUURRRDDRUU
NO
NO
NO
NO
YES
ULDLUURRRRDLDR
YES
LLURRRDDLLLLUU
NO
NO
NO
NO
YES
DRURDDLLLLUURD
NO
NO
NO
YES
UURRRRDLLLDRRR
NO
NO
NO
NO
NO
NO
YES
ULDLUURRRDDRUU
NO
NO
YES
UURDDRRRUULDLU
YES
LLLURRRULLLLDD
NO
NO
NO
YES
UURRRRDDLLLURR
NO
NO
NO
YES
ULDLULDDRRRRUU
NO
NO
NO
NO
NO
NO
YES
DRURDRUULLLLDD
NO
YES
DDLUULLLDDRURD
YES
LLUURDRRDRUULL
NO
NO
NO
NO
YES
LDRDLLLLUURDRU
YES
LLUURDRRDRUULL
NO
NO
NO
YES
LLURRULLLDDLUU
NO
NO
YES
DDRRRRUULLLDRR
NO
NO
NO
YES
ULDLULDDRRRRUU
NO
NO
NO
NO
NO
NO
