NO
NO
NO
YES
LLLDRRRRURDRUULLLLLLLDD
NO
NO
NO
YES
RDRUULLLLLLLDDRURDRURDR
NO
YES
LLLURRRRDRUULLLLLLDDLUU
NO
YES
RRRUULDLULDLULDLULDDRRR
YES
URRRRRRRDDLULDLULDLULDL
YES
LLLLLDRRRRRRUULLLLLLLDD
NO
YES
LLLLLDRRRRRDLLLLLLLUURD
NO
NO
NO
YES
ULDLULDDRRRRRRRULLLURRR
NO
NO
NO
NO
NO
NO
NO
YES
RULLDLULDLULDLUURRRRRRR
NO
NO
NO
YES
LLLURRRRDRUULLLLLLLDDRU
NO
YES
DDRRRRRRRUULDLULDLLLURR
NO
YES
DRRRUULDLULLLLLDDRURDRU
NO
NO
NO
NO
NO
NO
NO
NO
NO
NO
YES
RRRRRUULDLULDLULDLDLUUR
NO
YES
ULDLULDLULDDRRRRRRRULUR
NO
YES
LUURDRURDRURDRURDDLLLLL
NO
NO
NO
YES
LDRRURDRURDRUULLLLLLLDD
YES
DDRRRRRRRUULDLLLLLURRRR
YES
LLLURRRRDRUULLLLLLLDDRU
YES
LLURRULLLLLLLDDRURDRURD
YES
LLLURRRRDRURDDLLLLLLLUU
YES
RDRURDRUULLLLLLLDDRURDR
NO
NO
NO
NO
NO
NO
NO
NO
YES
RRRUULDLULDLULDLULDDRRR
NO
YES
LLLDDRURRRURDRURDDLLLLL
YES
LULDLUURRRRRRRDDLULDLUL
NO
NO
NO
NO
NO
NO
YES
LULDLULDDRRRRRRRUULDLUL
YES
LLLLURRRRULLLLLLLDDRURD
YES
LLURRRDDLLLLLLLUURDRURD
YES
RDRURDRURDRURDDLLLLLLLU
YES
RULLDLULDLULDLUURRRRRRR
NO
NO
YES
DDRRRRRRRUULDLLLLLURRRR
NO
NO
NO
NO
NO
YES
DDRUURRRRRRDLLLLLDRRRRR
YES
LLLLLLLUURDRURDRURDRRUL
NO
NO
NO
NO
NO
YES
LLLLDDRURDRURDRURDRUULL
NO
