NO
NO
NO
NO
NO
YES
LLLURRRRDRUULLLLLLLLDDRURD
NO
NO
NO
YES
ULDLULDLUURRRRRDDRRRUULDLU
YES
LLDDRURRURDRURDRURDDLLLLLL
YES
DRURDRURDDLLLLLLLLUURDRURD
NO
NO
NO
NO
NO
NO
NO
YES
DLULDLULDLUURRRRRRRRDDLULD
YES
ULDLULDDRRRRRRRRUULDLLLURR
YES
LLLLLURRRRRULLLLLLLLDDRURD
NO
NO
YES
DLULDDRRRRRRRRUULDLLLLURRR
NO
YES
DDRRRRRRRRUULLLLLLLDRRRRRR
NO
NO
NO
NO
NO
YES
UURRRRRRRRDDLULDLULLLLDRRR
YES
LLLLLLLDRRRRRRRDLLLLLLLLUU
NO
YES
DLULDLULDLUURRRRRRRRDDLULD
NO
NO
NO
NO
NO
NO
NO
NO
NO
NO
NO
NO
YES
ULDLULDDRRRRRRRRUULDLULDLU
NO
NO
NO
YES
ULDLULDLULDLULDDRRRRRRRRUU
NO
YES
LDRRURDRURDRURDDLLLLLLLLUU
NO
YES
DLULDLUURRRRRRRRDDLULLLDRR
NO
YES
ULDLUURRRDDRRRRRUULDLLLURR
NO
YES
DLULDLULDDRRRRRRRRUULDLULD
NO
NO
NO
NO
NO
NO
NO
NO
NO
YES
LURRDRURDRUULLLLLLLLDDRURD
NO
NO
NO
YES
ULDLULDLULDLUURRRRRRRDDRUU
NO
YES
DDRRRRRRRRUULDLULDLULDLULD
NO
NO
NO
NO
NO
YES
LLLDRRRRURDRURDDLLLLLLLLUU
NO
NO
YES
LLURRRDRURDDLLLLLLLLUURDRU
NO
NO
NO
NO
NO
NO
NO
NO
YES
DDRUURRRRRRRDDLULDLULLLDRR
YES
ULDLULDLULDLUURRRRRRRRDLDR
YES
LLDRRDLLLUULLLLLDDRURDRURD
NO
NO
NO
