YES
DDLUUURRDDDRUUU
YES
UUURRRDLDRDLLUU
NO
NO
YES
LDDDRURDRUUULDL
NO
YES
UUURRRDLLDDRURD
YES
RDLDRDLLLURUULD
NO
NO
NO
NO
NO
YES
DDRRULURULLLDDD
YES
ULDLULDDDRURDRU
NO
NO
YES
LDRDLDRRRULUURD
NO
NO
NO
YES
LURRDRUUULDLULD
YES
DDRRULURULLLDDD
NO
NO
YES
ULDDRDLLLURULUR
YES
DRDLLLURULURRRD
NO
YES
ULDDRDLLLUUURDD
YES
UURDDRRULURULLL
YES
DDLUUURRRDLDDRU
NO
NO
YES
UULLDRDLDRRRUUU
NO
NO
NO
YES
UUURRRDLDRDLLUU
NO
YES
ULDDRDLLUUULDDD
YES
ULDDRDLLLURULUR
NO
YES
RDDDLUULULDDDRU
YES
RDDDLULDLUUURDR
YES
DDRUUULLLDRDDLU
NO
YES
DDRRRULLURRULLL
YES
UULDDLUUURRRDDD
NO
YES
RDLDRDLLLURUULD
NO
YES
ULDLULDDDRURRDL
YES
DRUUULDLDDLUUUR
NO
YES
UULDDDRRRULUURD
NO
NO
NO
YES
DDDRURULURRDDDL
YES
ULDLULDDDRURDRU
NO
YES
UULDDLUUURRRDDD
NO
YES
URRRDLLDRRDLLLU
NO
YES
DDDLUUULLDDDRUU
YES
UUULLLDDDRUURDD
YES
DDRUUULLLDRDDLU
NO
NO
YES
LDLUUURDRURDDDL
NO
NO
YES
RDLLULDDDRURRDL
YES
DDLUUURRRDLDRDL
NO
NO
NO
YES
LURULURRRDLDRDL
YES
RDLLULDDDRURDRU
YES
DRURDRUUULDLLUR
NO
NO
YES
LULDDDRURDRUUUL
YES
RDLLULDDDRURDRU
YES
DDDLUULDDLUUURR
YES
DLDRRRULURULLLD
NO
YES
DDRUUULLLDDDRUU
YES
LLDRRDLLLUUURRR
YES
RULLDLUUURDRURD
YES
URRRDLLDRRDLLLU
NO
NO
NO
NO
YES
DRDLLLURULURRRD
YES
LLDRRDLLLUUURRR
YES
DDRRRULLURRULLL
NO
