YES
DDDDRUUUURRRRRDLLDRRDDLULDLUUULDDD
YES
RRRRDLLLLLULDDDDRRRRRRUULDLULDLLUR
YES
RRRRDLLLLLULDDDDRUURRRRRDDLULDLULD
YES
LLDDDDRRULUURDRUURRRDLLDRRDDLULLDR
YES
RRDLLLULDLULDDDDRRRRRRUULDLLLLURRR
YES
RRDLLLULDLULDDDDRUURRRRRDDLULLLDRR
YES
LLLLDDDDRUUURDDDRRULUURDRUURDDDLDR
YES
DDDLUUUURRRRRRDLLDRRDDLULDLLURUULD
YES
DDDLUUUURRDDDDRUUUURRRDDDDLUUULDDD
YES
LLDRRDDLULDLUUUURRRRRRDDDDLLURUULD
YES
LLDRRDDLULDLUUUURRRRRRDLLDDDRUURDD
YES
RULLDLULDLULDDDDRRRRRRULLLLLURRRRR
YES
DDRUUULURRRRRRDLLDRRDDLULDLLURUULD
YES
DDRUUULURRDDDDRRRRULLLUUURDRURDDLL
YES
DDRUUULURRDDDDRRRRULLLUUURRRDLLDRR
YES
UURRRRRRDDLULDLULLDRDRRRRDLLLLLLUR
YES
DDRUUULURRDDDDRRRRUULDLUURRULLLDDD
YES
DDRUUULURRDDDDRRRRUUUULLLDDDRUURDD
YES
DDRUUULURRRRRRDLLDRRDDLULDLUUULDDD
YES
DDRUUULURRDDDDRUUUURRRDDDDLUUULDDD
YES
DDRUUULURRDDDDRUUUURRRDLLDDDRUURDD
YES
ULDDRDLLUUUURRRRRRDLLLDRRRDDLULLDR
YES
ULDDRDLLUUULDDDLUUUURRRRRRDLDRDLDR
YES
DLUURULURRRRRRDLLDRRDDLULDLUUULDDD
YES
DLUURULURRDDDDRUUUURRRDDDDLUUULDDD
YES
DLLLUURDRURULLLURRRRRRDDDDLUUULDDD
YES
DLLLUURDRURULLLURRRRRRDLLDDDRUURDD
YES
DLUURULLDDDLUUULDDDLUUUURRRRRRDDDD
YES
RRRRDLLLLDRRRRDDDDLUUULLLDDDRUURDD
YES
RRDLLLULDDDDDDRUURDDRRULURUULDLLUR
YES
RRDLLLULDDRRRRDDDDLUUULLLDRDLDRRUU
YES
RRDLLLULDDRRRRDDDDLUUULLLDDDRUURDD
YES
RRDLLLULDDRRRRDLLLLDDDRUURRRDLLDRR
YES
RRRULLLLDDDDDDRUURDDRRULURUULDLLUR
YES
RRRULLLLDDRRRRDLLLLDDDRUURRRDLLDRR
YES
RULLDLULDDDDDDRUURDDRRULURULLLURRR
YES
DDDDRUUUUULURRRRDDDDDDLLURULURUULD
YES
DDDDRUUUUULURRRRDLLDDDDDRRULURULUR
YES
UURRRRDDLULLDRDRRDLDRDLLUULDDLUUUR
YES
UURRRRDDLULLDRDLLDRDLDRRUURDDRUUUL
YES
UURRRRDDLULLDRDRRDLDRDLLULDLUUURDR
YES
UURRRRDDLULLDRDLLDDDRUURDDRRULUURD
YES
UURRRRDDLULLDRDRRDLDRDLLUULULDDDRU
YES
UURRRRDDLULLDRDLLDRDLDRRUURURDDDLU
YES
UURRRRDDLULLDRDRRDLLLULDDDRURRRDLL
YES
UURRRRDDLULLDRDLLDRDLDRRUURURDDLDR
YES
LURRDRUULLLLDDDDDDRUUURRRDLLDDRURD
YES
UURDDRRULURULLLLDDDDDDRRRRUULDLLUR
YES
UURDDRRULURULLLLDDDDDDRUURRRDLLDRR
YES
RUUULLDRDLDLUUULDDDDDDRRRRULLLURRR
YES
DDRUUULURULURRRRDDDDDDLLURUUUULDDD
YES
DDRUUULURULURRRRDLLDDDDDRRULUUURDD
YES
UUUURRRRDLLLDRRRDDLULLDRDRRDLLLLUR
YES
UUUURRRRDLLLDRRRDDLULLDRDLLDRRRRUL
YES
UUUURRRRDLLLDDDRUURRDLDRDDLULLLDRR
YES
UUUURRRRDLLLDRRRDDLULLDRDLLDRRRURD
YES
LURRDRUULLLURRRULLLLDDDDDDRURDRURD
YES
DLUURULURULURRRRDDDDDDLUUUUULDDDDD
YES
UURDDRRULURULLLURRRULLLLDDDDDDRRRR
YES
RULLDLUURRRULLLURRRULLLLDDDDDDRRRR
YES
RRRRDLLLLLULDDDDDDRUURDDRRRRUULDLLURURRULLLDLLUR
YES
RRRRDLLLLLULDDDDDDRUUUURRRRRDLLDRRDDLULDLLURUULD
YES
RRRRDLLLLLULDDDDDDRUUUURRRRRDLLDRRDDLULDLUUULDDD
YES
RRDLLLULDLULDDDDDDRUUUURDDDDRUURDDRRULURUULDLLUR
YES
RRDLLLULDLULDDDDDDRUUUURDDDDRRRRULLLUUURDRURDDLL
YES
RRDLLLULDLULDDDDDDRUUUURDDDDRUUUURRRDDDDLUUULDDD
YES
DDDDDLUUUUUURRRRRRDLLDRRDDDDLLURUULDLDDLUUURUULD
YES
LLDRRDDDDLUUULDDDLUUUUUURRRRRRDDDDDDLLURULURUULD
YES
RULLDLULDLULDDDDDDRUUUURDDDDRUURDDRRULURULLLURRR
YES
DDDDRUUUUULURRRRRRDLLDRRDDDDLLURUULDLDDLUUURUULD
YES
DDDDRUUUUULURRRRRRDLLLLDDDDDRUURDDRRULURUULDLLUR
YES
DDDDRUUUUULURRRRRRDLLLLDDDDDRUURDDRRULURULLLURRR
YES
UURRRRRRDDLULDLULLDRDRRRRDLLLDRRRDLLLLUULDDLUUUR
YES
DDDDRUUUUULURRRRRRDLLLLDRRRRDDDDLLURUULDLDDLUUUR
YES
DDDDRUUUUULURRRRRRDLLLLDRRRRDDDDLLURULLDDLUUURRR
YES
DDDDRUUUUULURRRRRRDLLLLDRRRRDLLDRRDDLULDLLURUULD
YES
DDDDRUUUUULURRRRRRDLLLLDRRRRDDDDLUUULLLDRDLDRRUU
YES
DDDDRUUUUULURRRRRRDLLLLDRRRRDLLLLDDDRRRRULLLURRR
YES
UURRRRRRDDLULDLULLDRDRRRRDLLLDRRRDLLLLUULULDDDRU
YES
DDDDRUUUUULURRRRRRDLLLLDRRRRDDDDLLURUULDLULDDDRU
YES
DDDDRUUUUULURRRRRRDLLLLDRRRRDDDDLLLLUUURRRDLLDRR
YES
DDDDRUUUUULURRRRRRDLLLLDRRRRDLLDRRDDLULDLUUULDDD
YES
DDDDRUUUUULURRRRRRDLLLLDRRRRDDDDLUUULLLDDDRUURDD
YES
DDDDRUUUUULURRRRRRDLLLLDRRRRDLLLLDDDRUURRRDLLDRR
YES
DDDLUUUURULURRRRRRDLLLLDRRRRDLLDRRDDLULDLLURUULD
YES
LLDRRDDLULDLUUUURRRULLLURRRRRRDDDDDDLLURUUUULDDD
YES
RUUULLDRDLDLUUULDDDLUUULDDDDDDRRRRRRULLLLLURRRRR
YES
DDRUUULURULURRRRRRDLLLLDRRRRDLLDRRDDLULDLLURUULD
YES
DDRUUULURULURRRRRRDLLLLDRRRRDDDDLUUULLLDRDLDRRUU
YES
DDRUUULURULURRRRRRDLLLLDRRRRDLLLLDDDRRRRULLLURRR
YES
UUUURRRRRRDLLDRRDDLULDLUUULLDRDLDRDRRRRDLLLLLLUR
YES
DDRUUULURULURRRRRRDLLLLDRRRRDDDDLLURUULDLULDDDRU
YES
DDRUUULURULURRRRRRDLLLLDRRRRDDDDLLLLUUURRRDLLDRR
YES
DDRUUULURULURRRRRRDLLLLDRRRRDLLDRRDDLULDLUUULDDD
YES
DDRUUULURULURRRRRRDLLLLDRRRRDDDDLUUULLLDDDRUURDD
YES
DDRUUULURULURRRRRRDLLLLDRRRRDLLLLDDDRUURRRDLLDRR
YES
DLUURULURULURRRRRRDLLLLDRRRRDLLDRRDDLULDLUUULDDD
YES
DLLLUURDRURULLLURRRULLLURRRRRRDDDDDDLUUUUULDDDDD
YES
DLUURULLDDDLUUULDDDLUUUURRRRRULLLLLURRRRRRDDDDDD
