YES
RRRRRDLLDRRDDDLUULDDLUUUULDDDDLUUUU
YES
LLLLLDDDDDRUUUURDDDDRUURDDRUUULLURR
YES
URRRRRDLLLDRRRDLLDRRDLLLUULDDLUUURU
YES
URRRRRDLLLLDLDDDRURDRRRULLURRULLLDL
YES
RUULDLULDLULDDRRRDLLLDDRURDRURDRUUL
YES
LLLLUURDRURDRURDDDLDLULDLULDDRRRRRU
YES
URULURULLLLLDDDRUURRDLDRDLLLDRRRRRU
YES
RRRRRRRDLLLLDRRRRDLLLLDRRRRDLLDRRDLLLUULDDLUUUUUULDDDDDDLUUUUUU
YES
LLLLLLLDDDDDDDRUUUUUURDDDDDDRUURDDRRRULLURRULLLLURRRRULLLLURRRR
YES
URRRRRRRDLLLLLDRRRRRDLLDRRDDDLUULDDLUUUULDDDDLUUUULDDDDLUUUUURU
YES
URRRRRRRDLLLLLLDLDDDDDRUUURDDDRUURDDRRRULLURRULLLLURRRRULLLLLDL
YES
URRRRRRRDLLLLLLDLDRRURRRRRDLLLLDRRRRDLLDRRDLLLUULDDLUUULLDDDRUU
YES
RUULDLULDLULDLULDDRRRRRDLLLLLDDDDRUUURDDDRURDRUULLURRRDDDRUUUUL
YES
RUULDLULDLULDLULDDRRRRRDLLLLLDDDDRUUURDDDRURDRUULLURRRURDDDDLUU
YES
RUULDLULDLULDLULDDRRRRRDLLLLLDDDDRUUURDDDRURDRUULLURRRURDDLDDRU
YES
RULURUULDLULDLULDLULDDDDRUURRRRDLLLDRRRDLLLLLDDRURDRURDRURDRUUL
YES
ULDLUURRULLLDDDLUUULDDDLUUUURRRRRRRDDDDDLDLULDLULDLULDDRRRRRRRU
YES
URULURULURULLLLLLLDDDDDRUUUURRRRDLLLDDDRUURRDLDRDLLLLLDRRRRRRRU
YES
RRRRRRRRRDLLLLLLDRRRRRRDLLLLLLDRRRRRRDLLDRRDDDLUULDDLUUUULDDDDLUUUULDDDDLUUUUUUUULDDDDDDDDLUUUUUUUU
YES
LLLLLLLLLDDDDDDDDDRUUUUUUUURDDDDDDDDRUUUURDDDDRUUUURDDDDRUURDDRUUULLURRULLLLLLURRRRRRULLLLLLURRRRRR
YES
URRRRRRRRRDLLLLLLLDRRRRRRRDLLLLDRRRRDLLLLDRRRRDLLDRRDLLLUULDDLUUUUUULDDDDDDLUUUUUULDDDDDDLUUUUUUURU
YES
URRRRRRRRRDLLLLLLLLDLDDDDDDDRUUUUURDDDDDRUUUURDDDDRUUUURDDDDRUURDDRUUULLURRULLLLLLURRRRRRULLLLLLLDL
YES
URRRRRRRRRDLLLLLLLLDLDRRURRRRRRRDLLLLLLDRRRRRRDLLDRRDDDLUULDDLUUUULDDDDLUUUULDDDDLUUUUULLDDDDDRUUUU
YES
URRRRRRRRRDLLLLLLLLDLDRRURRRRRRRDLLLLLLDRRRRRRDLLDRRDDDLUULDDLUUUULDDDDLUUUULDDDDLUUUUULLDRDLDDDRUU
YES
RUULDLULDLULDLULDLULDDRRRRRRRDLLLLLLLDDDDDDRUUUUURDDDDDRUUURDDDRURDRUULLURRULLLLURRRRRDDDDDRUUUUUUL
YES
RUULDLULDLULDLULDLULDDRRRRRRRDLLLLLLLDDDDDDRUUUUURDDDDDRUUURDDDRURDRUULLURRULLLLURRRRRURDDDDDDLUUUU
YES
RUULDLULDLULDLULDLULDDRRRRRRRDLLLLLLLDDDDDDRUUUUURDDDDDRUUURDDDRURDRUULLURRULLLLURRRRRURDDLDRDDDLUU
YES
RUULDLULDLULDLULDLULDDRRRRRRRDLLLLLLLDDDDDDRUUUUURDDDDDRUUURDDDRURDRUULLURRULLLLURRRRRURDDLDRDLDDRU
YES
RUULDLDLUURURRULLLDLULDDRDDLULDLUURUULDLULDDRDLDRDLDDDDRUUURURDDLDDRURDRUULUURDRURDDLDDRURDRUULURUL
YES
RUULDLDLUURURRULLLDLULDDRDDLULDLUURUULDLULDDRDLDRDLDDDDRUUURURDDLDDRURDRUULUURDRURRRDLLDLDDRURDRUUL
YES
RUULDLDLUURURRULLLDLULDDRDDLULDLUURUULDLULDDRDLDRDLDDDDRUUURURDDLDDRURDRUULUURDRURDRURDDLDLULDDRRRU
YES
RULURULURUULDLULDLULDLULDLULDDDDDDRUUUURDDDDRUUUURRRRDLLLDDDRUURRDLDRDLLLLLLLDDRURDRURDRURDRURDRUUL
YES
ULDLUURRULLLDDDLUUUURRRRULLLLLDDDDDLUUUUULDDDDDLUUUUUURRRRRRRRRDDDDDDDLDLULDLULDLULDLULDDRRRRRRRRRU
YES
URULURULURULURULLLLLLLLLDDDDDDDRUUUUUURRRRRRDLLLLLDDDDDRUUUURRRRDLLLDDDRUURRDLDRDLLLLLLLDRRRRRRRRRU
YES
RRRRRRRDLLDRRDDDLUULDDLUUUULDDDDLUUUULDDDDLUUUU
YES
LLLLLLLDDDDDRUUUURDDDDRUUUURDDDDRUURDDRUUULLURR
YES
URRRRRRRDLLLLLDRRRRRDLLLLDRRRRDLLLLLUULDDLUUURU
YES
URRRRRRRDLLLLLLDLDDDRURDRRRRRULLLLURRRRULLLLLDL
YES
RUULDLULDLULDLULDDRRRRRDLLLLLDDRURDRURDRURDRUUL
YES
LLLLLLUURDRURDRURDRURDDDLDLULDLULDLULDDRRRRRRRU
YES
URULURULLLLLLLDDDRUURRRRDLLLDRRRDLLLLLDRRRRRRRU
YES
RRRRRDLLLLDRRRRDLLLLDRRRRDLLDRRDLLLUULDDLUUUUUU
YES
LLLLLDDDDDDDRUURDDRRRULLURRULLLLURRRRULLLLURRRR
YES
URRRRRDLLLDRRRDLLDRRDDDLUULDDLUUUULDDDDLUUUUURU
YES
URRRRRDLLLLDLDDDDDRUUURDDDRUURDDRUUULLURRULLLDL
YES
URRRRRDLLLLDLDRRURRRDLLDRRDDDLUULDDLUUULLDDDRUU
YES
RUULDLULDLULDDRRRDLLLDDDDRURDRUULLURRRDDDRUUUUL
YES
RUULDLULDLULDDRRRDLLLDDDDRURDRUULLURRRURDDDDLUU
YES
RUULDLULDLULDDRRRDLLLDDDDRURDRUULLURRRURDDLDDRU
YES
RULURUULDLULDLULDDDDRUURRDLDRDLLLDDRURDRURDRUUL
YES
ULDLUURRULLLDDDLUUUURRRRRDDDDDLDLULDLULDDRRRRRU
YES
URULURULURULLLLLDRRRDLLLDDDRUURRDLDRDLLLDRRRRRU
YES
URDDLDDRURDRUULUURD
YES
DDDDRUUUURRRDDDDLUUULDDD
YES
RRDLLLULDDDDRRRRUULDLLUR
YES
RRDLLLULDDDDRUURRRDDLULD
YES
LLDDDDRRULUURDRUURDDDLDR
YES
DDDLUUUURRRRDDDDLLURUULD
YES
DDDLUUUURRRRDLLDDDRUURDD
YES
RULLDLULDDDDRRRRULLLURRR
YES
DDRUUULURRRRDDDDLLURUULD
YES
DDRUUULURRRRDLLDDDRRULUR
YES
UURRRRDDLULLDRDRRDLLLLUR
YES
DDRUUULURRRRDDDDLLUUURDD
YES
DDRUUULURRRRDDDDLUUULDDD
YES
DDRUUULURRRRDLLDDDRUURDD
YES
ULDDRDLLUUUURRRRDLDRDLDR
YES
DLUURULURRRRDDDDLUUULDDD
YES
DLUURULURRRRDLLDDDRUURDD
YES
DLLLUURDRURULLLURRRRDDDD
