NO
YES
LURULURULURULURULURRDDDDDDDDDRUUUUUUURDDDDDDDRUUUUURDDDDDRUUURDDDRURDRUULLURRULLLLURRRRULLLLLLURRRRRRULLLLLLLLURRRRRRRRULLLLLLLLLLLURRRRRRRRRRRULLLLLLLLLLLLDDDDDDDDDDDDLUUUUUUUUUUUUURRRRRRRRRRRRRULLLLLLLLLLLLLLDDDDDDDDDDDDDDLUUUUUUUUUUUUUUURRRRRRRRRRRRRRRULLLLLLLLLLLLLLLLDDDDDDDDDDDDDDDDLUUUUUUUUUUUUUUUUURRRRRRRRRRRRRRRRRULLLLLLLLLLLLLLLLLLDDDDDDDDDDDDDDDDDDLUUUUUUUUUUUUUUUUUULDDDDDDDDDDDDDDDDDDDRRRRRRRRRRRRRRRRRRRRDLLLLLLLLLLLLLLLLLLLLDDDDDDDDDDDDDDDDDDDDRUUUUUUUUUUUUUUUUUUURRRRRRRRRRRRRRRRRRRDLLLLLLLLLLLLLLLLLLDDDDDDDDDDDDDDDDDDRUUUUUUUUUUUUUUUUURRRRRRRRRRRRRRRRRDLLLLLLLLLLLLLLLLDDDDDDDDDDDDDDDDRUUUUUUUUUUUUUUURRRRRRRRRRRRRRRDLLLLLLLLLLLLLLDDDDDDDDDDDDDDRUUUUUUUUUUUUURRRRRRRRRRRRRDLLLLLLLLLLLLDDDDDDDDDDDDRUUUUUUUUUUURRRRRRRRRRRDLLLLLLLLLLDDDDDDDDDDRUUUUUUUURDDDDDDDDRUUUUUURDDDDDDRUUUURDDDDRUURDDRRULURULLLURRRULLLLLURRRRRULLLLLLLURRRRRRRULLLLLLLLL
YES
RRRRRRRRRRDLLLLLLLLLLDRRRRRRRRRRDLLLLLLLLLDRRRRRRRRRDLLLLLLLLLDRRRRRRRRRDLLLLLLLLLDRRRRRRRRRDLLLLLLLLLDRRRRRRRRRDLLLLLLLLLDRRRRRRRRRDLLLLLLLLLDRRRRRRRRRDLLLLLLLLLDRRRRRRRRRDLLLLLLLLLDRRRRRRRRRDLLLLLLLLLDRRRRRRRRRDLLLLLLLLLDRRRRRRRRRDLLLLLLLLLDRRRRRRRRRDLLLLLLLDRRRRRRRDLLLLLDRRRRRDLLLDRRRDLDRDLLUULDDLUUUULDDDDLUUUUUULDDDDDDLUUUUUUUULDDDDDDDDLUUUUUUUUUUUUUUUUUUUUUUUUUUUUUULDDDDDDDDDDDDDDDDDDDDDDDDDDDDDDLUUUUUUUUUUUUUUUUUUUUUUUUUUUUUUURUULDLLLDRRDDDDDDDDDDDDDDDDDDDDDDDDDDDDDDDLUUUUUUUUUUUUUUUUUUUUUUUUUUUUUULDDDDDDDDDDDDDDDDDDDDDDDDDDDDDDLUUUUUUUUUUUUUUUUUUUUUUUUUUUUUUUUURRRURRRRRRRRRRRRRULLLLLLLLLLLLLLDLLURULURRDRRRRRRRRRRRRRRULLLLLLLLLLLLLURRRRRRRRRRRRRULLLLLLLLLLLLLLDLLURULURULURULURRDDDDDRUUUUURDDDDDRUUUUURDDDDDRUUUUURDDDDDRUUUUURRRRRRRDLLDRRDDDLUULDDLUUUULDDDDLUUUULDDDD
NO
YES
RRRRRRDLLLLLDRRRRRDLLLDRRRDLDRDLLUULDDLUUUULDDDDLUUUUUULDDDDDDLUUUUUUURURRRRRRRULLLLLLLLDLDDDDDDDDLUUUUUUUUURURRRRRRRRRULLLLLLLLLLDLDDDDDDDDDDLUUUUUUUUUUURURRRRRRRRRRRULLLLLLLLLLLLDLDDDDDDDDDDDDLUUUUUUUUUUUUURURRRRRRRRRRRRRULLLLLLLLLLLLLLDLDDDDDDDDDDDDDDLUUUUUUUUUUUUUUURULURRDRRRRRRRRRRRRRRULLLLLLLLLLLLLURRRRRRRRRRRRRULLLLLLLLLLLLLLDLLURULURRDRRRRRRRRRRRRRRULLLLLLLLLLLLLURRRRRRRRRRRRRULLLLLLLLLLLLLLDLLURULURRDRRRRRRRRRRRRRRULLLLLLLLLLLLLURRRRRRRRRRRRRULLLLLLLLLLLLLLDLLURULURRDRRRRRRRRRRRRRRULLLLLLLLLLLLLURRRRRRRRRRRRRULLLLLLLLLLLLLLDLLURULURRDRURDRURDRURDRURDRURDRURDRRUL
NO
NO
NO
NO
YES
UUUUUUUUUUUUUUUUUUURDDDDDDDDDDDDDDDDDDDRUUUUUUUUUUUUUUUUUUURDDDDDDDDDDDDDDDDDDDRUUUUUUUUUUUUUUUUUUURDDDDDDDDDDDDDDDDDDDRUUUUUUUUUUUUUUUUUUURDDDDDDDDDDDDDDDDDDDRUUUUUUUUUUUUUUUUUUURDDDDDDDDDDDDDDDDDDDRUUUUUUUUUUUUUUUUUUURDDDDDDDDDDDDDDDDDDDRUUUUUUUUUUUUUUUUUUURDDDDDDDDDDDDDDDDDDDRUUUUUUUUUUUUUUUUUUURDDDDDDDDDDDDDDDDDDDRUUUUUUUUUUUUUUUUUUURDDDDDDDDDDDDDDDDDDDRUUUUUUUUUUUUUUUUUUURDDDDDDDDDDDDDDDDDDDRUUUUUUUUUUUUUUUUURDDDDDDDDDDDDDDDDDRUUUUUUUUUUUUUUURDDDDDDDDDDDDDDDRUUUUUUUUUUUUURDDDDDDDDDDDDDRUUUUUUUUUUURDDDDDDDDDDDRUUUUUUUUURDDDDDDDDDRUUUUUUURDDDDDDDRUUUUURDDDDDRUUURDDDRURDRUULLURRULLLLURRRRULLLLLLURRRRRRULLLLLLLLURRRRRRRRULLLLLLLLLLURRRRRRRRRRULLLLLLLLLLLLURRRRRRRRRRRRULLLLLLLLLLLLLLURRRRRRRRRRRRRRULLLLLLLLLLLLLLLLURRRRRRRRRRRRRRRRULLLLLLLLLLLLLLLLLLURRRRRRRRRRRRRRRRRRULLLLLLLLLLLLLLLLLLLLLLLLLLLLLLLLLLLLLLLDDDDDDDDDDDDDDDDDDDDDDDDDDDDDDDDDDDDDDDDDRUUUUUUUUUUUUUUUUUUUURDDDDDDDDDDDDDDDDDDDDRUUUUUUUUUUUUUUUUUUUURDDDDDDDDDDDDDDDDDDDDRUUUUUUUUUUUUUUUUUUUURDDDDDDDDDDDDDDDDDDDDRUUUUUUUUUUUUUUUUUUUURDDDDDDDDDDDDDDDDDDDDRUUUUUUUUUUUUUUUUUUUURDDDDDDDDDDDDDDDDDDDDRUUUUUUUUUUUUUUUUUUUURDDDDDDDDDDDDDDDDDDDDRUUUUUUUUUUUUUUUUUUUURDDDDDDDDDDDDDDDDDDDDRUUUUUUUUUUUUUUUUUUUURDDDDDDDDDDDDDDDDDDDDRUUUUUUUUUUUUUUUUUUUURDDDDDDDDDDDDDDDDDDDDRUUUUUUUUUUUUUUUUUUUURRRRRRRRRRRRRRRRRRRRDLLLLLLLLLLLLLLLLLLLDDDDDDDDDDDDDDDDDDDRUUUUUUUUUUUUUUUUUURDDDDDDDDDDDDDDDDDDRUUUUUUUUUUUUUUURDDDDDDDDDDDDDDDRUUUUUUUUUUUUURDDDDDDDDDDDDDRUUUUUUUUUUURDDDDDDDDDDDRUUUUUUUUURDDDDDDDDDRUUUUUUURDDDDDDDRUUUUURDDDDDRUUURDDDRURDRUULLURRULLLLURRRRULLLLLLURRRRRRULLLLLLLLURRRRRRRRULLLLLLLLLLURRRRRRRRRRULLLLLLLLLLLLURRRRRRRRRRRRULLLLLLLLLLLLLLURRRRRRRRRRRRRRULLLLLLLLLLLLLLLLUURDRURDRURDRURDRRRRRRRRRULLLLLLLL
YES
DDDDDDLUUUUUUURRDDDDDDDRUUUUUURDDDDDDRUUUUUUULLURRULLLDLLURULURRDRRRULLURRULLLDLLURULURRDRRRULLURRULLLDLLURULURULURULURULURULURULUURDRURRRDLLDLDRRURDDLLLDRRRDLLLDRRRDLLLDRRRDLDRDLLUULDD
NO
YES
DLUURULLDDDLUUULDDDLUUUURRRRRULLLLLUURDRURRRDLL
NO
YES
ULDLULDLULDLULDLULDLULDLULDLULDLULDLULDDRRRRRRRRRRRRRRRRRRRDLLLLLLLLLLLLLLLLLLLDRRRRRRRRRRRRRRRRRRRDLLLLLLLLLLLLLLLLLLLDRRRRRRRRRRRRRRRRRRRDLLLLLLLLLLLLLLLLLLLDRRRRRRRRRRRRRRRRRRRDLLLLLLLLLLLLLLLLLLLDRRRRRRRRRRRRRRRRRRRDLLLLLLLLLLLLLLLLLLLDRRRRRRRRRRRRRRRRRRRDLLLLLLLLLLLLLLLLLLLDRRRRRRRRRRRRRRRRRRRDLLLLLLLLLLLLLLLLLLLDRRRRRRRRRRRRRRRRRRRDLLLLLLLLLLLLLLLLLDRRRRRRRRRRRRRRRRRDLLLLLLLLLLLLLLLDRRRRRRRRRRRRRRRDLLLLLLLLLLLLLDRRRRRRRRRRRRRDLLLLLLLLLLLDRRRRRRRRRRRDLLLLLLLLLDRRRRRRRRRDLLLLLLLDRRRRRRRDLLLLLDRRRRRDLLLDRRRDLDRDLLUULDDLUUUULDDDDLUUUUUULDDDDDDLUUUUUUUULDDDDDDDDLUUUUUUUUUULDDDDDDDDDDLUUUUUUUUUUUULDDDDDDDDDDDDLUUUUUUUUUUUUUULDDDDDDDDDDDDDDLUUUUUUUUUUUUUUUULDDDDDDDDDDDDDDDDLUUUUUUUUUUUUUUUUUULDDDDDDDDDDDDDDDDDDLUUUUUUUUUUUUUUUUUUUUUUUUUUUUUUUUUUUURRRRRRRRRRRRRRRRRRRRRDDDDDDDDDDDDDDDDDDDDDDDDDDDDDDDDDDDDRUUUUUUUUUUUUUUUURDDDDDDDDDDDDDDDDRUUUUUUUUUUUUUURDDDDDDDDDDDDDDRUUUUUUUUUUUURDDDDDDDDDDDDRUUUUUUUUUURDDDDDDDDDDRUUUUUUUURDDDDDDDDRUUUUUURDDDDDDRUUUURDDDDRUURDDRRRRUULDLLURURRULLLDLLURURRRRULLLLLDLLURURRRRRRULLLLLLLDLLURURRRRRRRRULLLLLLLLLDLLURURRRRRRRRRRULLLLLLLLLLLDLLURURRRRRRRRRRRRULLLLLLLLLLLLLDLLURURRRRRRRRRRRRRRULLLLLLLLLLLLLLLDLLURURRRRRRRRRRRRRRRRULLLLLLLLLLLLLLLLLDLLURULURRDRRRRRRRRRRRRRRRRRULLLLLLLLLLLLLLLLURRRRRRRRRRRRRRRRULLLLLLLLLLLLLLLLLDLLURULURRDRRRRRRRRRRRRRRRRRULLLLLLLLLLLLLLLLURRRRRRRRRRRRRRRRULLLLLLLLLLLLLLLLLDLLURULURRDRRRRRRRRRRRRRRRRRULLLLLLLLLLLLLLLLURRRRRRRRRRRRRRRRULLLLLLLLLLLLLLLLLDLLURULURRDRRRRRRRRRRRRRRRRRULLLLLLLLLLLLLLLLURRRRRRRRRRRRRRRRULLLLLLLLLLLLLLLLLDLLURULURRDRURDRRRRRRRRRRRRRRRULLLLLLLLLLLLLL
NO
YES
LLLLLLLLLLLLLLDRRRRRRRRRRRRRRDLLLLLLLLLLLLLLDDDDDDDDDDDDDRUUUUUUUUUUUURDDDDDDDDDDDDRUUUUUUUUUUUURRRRRRRRRRRDLLLLLLLLLLDRRRRRRRRRRDLLLLLLLLLLDDDDDDDDDRUUUUUUUURDDDDDDDDRUUUUUUUURRRRRRRDLLLLLLDRRRRRRDLLLLLLDDDDDRUUUURDDDDRUUUURRRDLLDDDRUURDDRUUUUUUUUUUUUUUUULLLLLLLLLLLLLLLLDDDDDDDDDDDDDDDDLUUUUUUUUUUUUUUUUURRRRRRRRRRRRRRRRRULLLLLLLLLLLLLLLLLLDDDDDDDDDDDDDDDDDDLUUUUUUUUUUUUUUUUUUURRRRRRRRRRRRRRRRRRRULLLLLLLLLLLLLLLLLLLLDDDDDDDDDDDDDDDDDDDDLUUUUUUUUUUUUUUUUUUUUURRRRRRRRRRRRRRRRRRRRRULLLLLLLLLLLLLLLLLLLLLURRRRRRRRRRRRRRRRRRRRRULLLLLLLLLLLLLLLLLLLLLUURDRURDRURDRURDRURDRURDRURDRURDRURDRURDRURDRURRRRRRRRRRRDLLLLLLLLLLDLDRRURRRRRRRRRDLLLLLLLLDRRRRRRRRDLLLLLLLLLULLDRDLDRRURRRRRRRRRDLLLLLLLLDRRRRRRRRDLLLLLLLLLULLDRDLDRRURRRRRRRRRDLLLLLLLLDRRRRRRRRDLLLLLLLLLULLDRDLDRRURRRRRRRRRDLLLLLLLLDLLLDDDDDDDDDDRUUUUUUURDDDDDDDRUUUUUUUULLURRRURRRRRRRDLLLLLLDLDRRURRRRRDLLLLDRRRRDLLDRRDDDDLLURUULDLDDLUUURUULDLLURULLDDDDDDRRULUURD
NO
NO
YES
UUUUUUUUUUUURDDDDDDDDDDDDRUUUUUUUUUURDDDDDDDDDDRUUUUUUUURDDDDDDDDRUUUUUURDDDDDDRUUUURDDDDRUURDDRRRRRRUULDLULDLLURURRRRULLLLLDLLURURRRRRRULLLLLLLDLLURURRRRRRRRULLLLLLLLLDLLURURRRRRRRRRRULLLLLLLLLLLDLLURURRRRRRRRRRRRULLLLLLLLLLLLLDLLURURRRRRRRRRRRRRRULLLLLLLLLLLLLLLDLLURURRRRRRRRRRRRRRRRULLLLLLLLLLLLLLLLLDLULDDRDDDDDDDDDDDDDDLUUUUUUUUUUUUULDDDDDDDDDDDDDLUUUUUUUUUUUUUURUULDLULDDRDDDDDDDDDDDDDDLUUUUUUUUUUUUULDDDDDDDDDDDDDLUUUUUUUUUUUUUURUULDLULDDRDDDDDDDDDDDDDDLUUUUUUUUUUUUULDDDDDDDDDDDDDLUUUUUUUUUUUUUURUULDLULDDRDDDDDDDDDDDDDDLUUUUUUUUUUUUULDDDDDDDDDDDDDLUUUUUUUUUUUUUURUULDLULDDRDLDRDLDRDLDRDLDRDLDRDLDRDLDRDLDDDDDDDDDDDDDDDDDDDDDDDDDDRUUUUUUUUUUUUUUUUUUUUUUUUURURDDLDDDDDDDDDDDDDDDDDDDDDDDDRUUUUUUUUUUUUUUUUUUUUUUURDDDDDDDDDDDDDDDDDDDDDDDRUUUUUUUUUUUUUUUUUUUUUUUULUURDRURDDLDDDDDDDDDDDDDDDDDDDDDDDDRUUUUUUUUUUUUUUUUUUUUUUURDDDDDDDDDDDDDDDDDDDDDDDRUUUUUUUUUUUUUUUUUUUUUUUULUURDRURRRRRRRRRRRRRRRRRRRRRRRRRDLLLLLLLLLLLLLLLLLLLLLLLLDLDDDDDDDDDDDDDDDDDDDDDDDDRUUUUUUUUUUUUUUUUUUUUUUURURRRRRRRRRRRRRRRRRRRRRRRDLLLLLLLLLLLLLLLLLLLLLLDLDDDDDDDDDDDDDDDDDDDDDDRUUUUUUUUUUUUUUUUUUUUURURDDLDDDDDDDDDDDDDDDDDDDDRUUUUUUUUUUUUUUUUUUURDDDDDDDDDDDDDDDDDDDRUUUUUUUUUUUUUUUUURDDDDDDDDDDDDDDDDDRUUUUUUUUUUUUUUURDDDDDDDDDDDDDDDRUUUUUUUUUUUUURDDDDDDDDDDDDDRUUUUUUUUUUURDDDDDDDDDDDRUUUUUUUUURDDDDDDDDDRUUUUUUURDDDDDDDRUUUUURDDDDDRUUURDDDRURDRUULLURRULLLLURRRRULLLLLLURRRRRRULLLLLLLLURRRRRRRRULLLLLLLLLLURRRRRRRRRRULLLLLLLLLLLLURRRRRRRRRRRRULLLLLLLLLLLLLLURRRRRRRRRRRRRRULLLLLLLLLLLLLLLLURRRRRRRRRRRRRRRRULLLLLLLLLLLLLLLLLLURRRRRRRRRRRRRRRRRRULLLLLLLLLLLLLLLLLLLUURDRURDRURDRURDRURDRURDRURDRURRRRRDLLLL
YES
LLDRRDDLULDLUUULDDDLUUULDDDLUUULDDDLUUULDDDLUUULDDDLUUULDDDLUUULDDDLUUULDDDLUUULDDDLUUUUURDRURDRURDRURDRURDRURDRURDRURDRURDRURDRURDRURDDLDDDRUURDDRUUULUURDRURDDLDDDRUURDDRUUULURRDDDDRUURDDRUUULLURRULLLLL
YES
DDDRUUUULURULURULURRDDDDDDDDDRUUUUUUUUURDDDDDDDDDRUUUUUUURDDDDDDDRUUUUURDDDDDRUUURDDDRURDRUULLURRULLLLURRRRULLLLLLURRRRRRULLLLLLLLURRRRRRRRULLLLLLLLLLLLLLDDDDDDDDDDLUUUUUUUUUULDDDDDDDDDDLUUUUUUUUUULDDDDDDDDDDLUUUUUUUUUULDDDDDDDDDDLUUUUUUUUUULLDRDDDDDDDDDLUUUUUUUU
YES
DDDDRUURDDRRULURULLLURRRULLLLURRRRULLLLURRRRULLLLURRRRULLLLURRRRULLLLURRRRULLLLURRRRULLLLURRRRULLLLURRRRULLLLURRRRULLLLURRRRULLLLLLLLLLLLLLLLLLLLLLLLLLLLLLLDDDDDDDDDDDDDDDDDDDDDDDDDRUUUUUUUUUUUUUUUUUUUUUUUURDDDDDDDDDDDDDDDDDDDDDDDDRUUUUUUUUUUUUUUUUUUUUUURDDDDDDDDDDDDDDDDDDDDDDRUUUUUUUUUUUUUUUUUUUURDDDDDDDDDDDDDDDDDDDDRUUUUUUUUUUUUUUUUUURDDDDDDDDDDDDDDDDDDRUUUUUUUUUUUUUUUURDDDDDDDDDDDDDDDDRUUUUUUUUUUUUUURDDDDDDDDDDDDDDRUUUUUUUUUUUURDDDDDDDDDDDDRUUUUUUUUUURDDDDDDDDDDRUUUUUUUURDDDDDDDDRUUUUUURDDDDDDRUUUURDDDDRUURDDRRULURULLLURRRULLLLLURRRRRULLLLLLLURRRRRRRULLLLLLLLLURRRRRRRRRULLLLLLLLLLLURRRRRRRRRRRULLLLLLLLLLLLLURRRRRRRRRRRRRULLLLLLLLLLLLLLLURRRRRRRRRRRRRRRULLLLLLLLLLLLLLLLLURRRRRRRRRRRRRRRRRULLLLLLLLLLLLLLLLLLLURRRRRRRRRRRRRRRRRRRULLLLLLLLLLLLLLLLLLLLLURRRRRRRRRRRRRRRRRRRRRULLLLLLLLLLLLLLLLLLLLLLLURRRRRRRRRRRRRRRRRRRRRRR
YES
LLDDDDDRUUUURDDDDRUUUUUULLLURRRULLLURRRULLLURRRULLLUURDRURDRURRRRRRRRRRRRRDLLLLLLLLLLLLDLDDDDDDDDDDDDRUUUUUUUUUUURURRRRRRRRRRRDLLLLLLLLLLDLDDDDDDDDDDRUUUUUUUUURURRRRRRRRRDLLLLLLLLDLDDDDDDDDRUUUUUUURURDDLDDDDDDRUUUUURDDDDDRUUURDDDRURDRUULLURRULLLLURRRRULLLLLUURDRRRRULLL
NO
NO
NO
NO
NO
NO
YES
DRUULURULURRDDDDDRUUUURDDDDRUUUURDDDDRUUUURDDDDRUUUURDDDDRUUUURDDDDRUUUURDDDDRUUUURDDDDRUURDDRRULURULLLURRRULLLLLLLLLLLLLLLLLURRRRRRRRRRRRRRRRRULLLLLLLLLLLLLLLLLLDLLURURRRRRRRRRRRRRRRRRRRULLLLLLLLLLLLLLLLLLLLDLDDDDDDDDLUUUUUUUUURULURULURULURULURULURULURULURRDDDDDDDDDDDDDRUUUUUUUUUUUUURDDDDDDDDDDDDDRUUUUUUUUUUUUURDDDDDDDDDDDDDRUUUUUUUUUUUUURDDDDDDDDDDDDDRUUUUUUUUUUUUURRRRRRRRRRRRRDLLLLLLLLLLLLDDDDDDDDDDDDRUUUUUUUUUUURRRRRRRRRRRDLLLLLLLLLLDDDDDDDDDDRUUUUUUUUURRRRRRRRRDLLLLLLLLDDDDDDDDRUUUUUUURRRRRRRDLLLLLLDDDDDDRUUUUURRRRRDLLLLDDDDRUUURRRDDDLUULDD
YES
DDDDDDDDDRUUUUUUUUUULURRDDDDDDDDDDDRUUUUUUUUURDDDDDDDDDRUUUUUUURDDDDDDDRUUUUURDDDDDRUUURDDDRURDRUULLURRULLLLURRRRULLLLLLURRRRRRULLLLLLLLURRRRRRRRULLLLLLLLLLURRRRRRRRRRULLLLLLLLLLLLLURRRRRRRRRRRRRULLLLLLLLLLLLLLDDDDDDDDDDDDDDLUUUUUUUUUUUUUUURRRRRRRRRRRRRRRULLLLLLLLLLLLLLLLDDDDDDDDDDDDDDDDLUUUUUUUUUUUUUUUUURRRRRRRRRRRRRRRRRULLLLLLLLLLLLLLLLLURRRRRRRRRRRRRRRRRULLLLLLLLLLLLLLLLLURRRRRRRRRRRRRRRRRULLLLLLLLLLLLLLLLLURRRRRRRRRRRRRRRRRULLLLLLLLLLLLLLLLLURRRRRRRRRRRRRRRRRULLLLLLLLLLLLLLLLLURRRRRRRRRRRRRRRRRULLLLLLLLLLLLLLLLLURRRRRRRRRRRRRRRRRULLLLLLLLLLLLLLLLLURRRRRRRRRRRRRRRRRULLLLLLLLLLLLLLLLLURRRRRRRRRRRRRRRRRULLLLLLLLLLLLLLLLLURRRRRRRRRRRRRRRRRULLLLLLLLLLLLLLLLLURRRRRRRRRRRRRRRRRULLLLLLLLLLLLLLLLLURRRRRRRRRRRRRRRRRULLLLLLLLLLLLLLLLLUUUUUUURDDDDDDRUUUUUURDDDDDDRUUUUUURDDDDDDRUUUUUURDDDDDDRUUUUUURDDDDDDRUUUUUURDDDDDDRUUUUUURRRRRDLLLLDRRRRDLLDRRDDLULDLUUULDDD
NO
YES
LURRDRUULLLURRRULLLLDDDDLUUUUURRRRRULLLLLLDDDDDDLUUUUUUURRRRRRRULLLLLLLLDDDDDDDDLUUUUUUUUURRRRRRRRRULLLLLLLLLLDDDDDDDDDDLUUUUUUUUUUURRRRRRRRRRRULLLLLLLLLLLLDDDDDDDDDDDDLUUUUUUUUUUUUURRRRRRRRRRRRRULLLLLLLLLLLLLLDDDDDDDDDDDDDDLUUUUUUUUUUUUUUURRRRRRRRRRRRRRRULLLLLLLLLLLLLLLLDDDDDDDDDDDDDDDDLUUUUUUUUUUUUUUUUURRRRRRRRRRRRRRRRRULLLLLLLLLLLLLLLLLLDDDDDDDDDDDDDDDDDDLUUUUUUUUUUUUUUUUUUURRRRRRRRRRRRRRRRRRRULLLLLLLLLLLLLLLLLLLLDDDDDDDDDDDDDDDDDDDDLUUUUUUUUUUUUUUUUUUUUURRRRRRRRRRRRRRRRRRRRRULLLLLLLLLLLLLLLLLLLLLLDDDDDDDDDDDDDDDDDDDDDDLUUUUUUUUUUUUUUUUUUUUUUURRRRRRRRRRRRRRRRRRRRRRRULLLLLLLLLLLLLLLLLLLLLLLURRRRRRRRRRRRRRRRRRRRRRRULLLLLLLLLLLLLLLLLLLLLLLURRRRRRRRRRRRRRRRRRRRRRRULLLLLLLLLLLLLLLLLLLLLLLURRRRRRRRRRRRRRRRRRRRRRRULLLLLLLLLLLLLLLLLLLLLLLURRRRRRRRRRRRRRRRRRRRRRRULLLLLLLLLLLLLLLLLLLLLLLLDDDDDDDDDDDDDDDDDDDDDDDDDDDDDDDDDDDDDRUUUURDDDDRUUUURDDDDRUUUURDDDDRUUUURDDDDRUUUURDDDDRUUUURDDDDRUUUURDDDDRUUUURRRRRRRRRDLLDRRDDLULDLUUULDDDLUUULDDDLLURUULD
NO
YES
ULDLULDLULDDRRRRRDLLLDRRRDLDRDLLUULDDLUUUULDDDDLUUUUUUULDDDDDDDLUUUUUUUURRRRRRRRULLLLLLLLLDDDDDDDDDLUUUUUUUUUURRRRRRRRRRULLLLLLLLLLLDDDDDDDDDDDLUUUUUUUUUUUURRRRRRRRRRRRULLLLLLLLLLLLLDDDDDDDDDDDDDLUUUUUUUUUUUUUURRRRRRRRRRRRRRULLLLLLLLLLLLLLLDDDDDDDDDDDDDDDLUUUUUUUUUUUUUUUURRRRRRRRRRRRRRRRULLLLLLLLLLLLLLLLURRRRRRRRRRRRRRRRRRRRRRDLLLLLDRRRRRDLLLLLDRRRRRDLLLLLDRRRRRDLLLLLDRRRRRDLLLLLDRRRRRDLLLLLDRRRRRDLLLLLDDDDDRUUURDDDRURDRUULLURRULLLL
NO
YES
UUUURRRRRRRRRRRRDLLDRRDDLULDLUUULDDDLUUULDDDLUUULDDDLUUULLDRDLDRDRRRRRRRRRRDLLDRRDDLULDLUUULDDDLUUULDDDLUUULDDDLUUULDDDLUUUULDDDDLUUUUUUUUULDDDDDDDDD
NO
YES
ULDLUURRULLLDDDLUUUURRRRULLLLURRRRRRDLDRDLDRDLDRRUUUUUUULLLLLLLURRRRRRRULLLLLLLURRRRRRRULLLLLLLURRRRRRRULLLLLLLLDDDDDDDDDDDDDDRRRRRRRRDLLLLLLLLDRRRRRRRRDLLLLLLLLDRRRRRRRRDLLLLLLLLDDDDDDDDDDDDDDDDDDDDDDDRUUUURDDDDRUURDDRRRRUULDLLURURRULLLDLLURURRRRULLLLLDLLURULURRDRRRRRULLLLURRRRULLLLLDLLURULURRDRRRRRULLLLURRRRULLLLLDLLURULURRDRRRRRULLLLURRRRULLLLLDLLURULURRDRRRRRULLLLURRRRULLLLLDLLUR
YES
LLURRULLLDDLUUURRRRULLLLURRRRULLLLLDDDDDDLUUUUUULDDDDDDLUUUUUUURRRRRRRRULLLLLLLLURRRRRRRRULLLLLLLLLDDDDDDDDDDLUUUUUUUUUULDDDDDDDDDDLUUUUUUUUUUURRRRRRRRRRRRULLLLLLLLLLLLURRRRRRRRRRRRULLLLLLLLLLLLLDDDDDDDDDDDDDDLUUUUUUUUUUUUUULDDDDDDDDDDDDDDLUUUUUUUUUUUUUULDDDDDDDDDDDDDDDRRRRRRRRRRRRRRRRRDLLLLLLLLLLLLLLLDRRRRRRRRRRRRRRRDLLLLLLLLLLLLLLLLUULDDLUUUUUUUUUUUUUUUUUULDDDDDDDDDDDDDDDDDDLUUUUUUUUUUUUUUUUUUURRRRRRRRRRRRRRRRRRRRULLLLLLLLLLLLLLLLLLLLURRRRRRRRRRRRRRRRRRRRRDDDDDDDDDDDDDDDDDDDDDRUUUUUUUUUUUUUUUUUUUUURDDDDDDDDDDDDDDDDDDDDDRUUUUUUUUUUUUUUUUUUUUURDDDDDDDDDDDDDDDDDDDDDRUUUUUUUUUUUUUUUUUUUUURRRRRRRRRRRRRRRRRRRRRRRDLLLLLLLLLLLLLLLLLLLDRRRRRRRRRRRRRRRRRRRDLLLLLLLLLLLLLLLLLDRRRRRRRRRRRRRRRRRDLLLLLLLLLLLLLLLDRRRRRRRRRRRRRRRDLLLLLLLLLLLLLDRRRRRRRRRRRRRDLLLLLLLLLLLDRRRRRRRRRRRDLLLLLLLLLDRRRRRRRRRDLLLLLLLDRRRRRRRDLLLLLDRRRRRDLLLDRRRDLDRDLLUULDDLUUUULDDDDLUUUUUULDDDDDDLUUUUUUUULDDDDDDDDLUUUUUUUUUULDDDDDDDDDDLUUUUUUUUUUUULDDDDDDDDDDDDLUUUUUUUUUUUUUULDDDDDDDDDDDDDDLUUUUUUUUUUUUUUUULDDDDDDDDDDDDDDDDLUUUUUUUUUUUUUUUUUULDDDDDDDDDDDDDDDDDDLUUUUUUUUUUUUUUUUUUUULLDRDLDRDLDRDDDDDDDDDDDDDDDLUUUUUUUUUUUUUU
NO
YES
RRRDLLLLULDDRRRRRDLLLLDRRRRDLLDRRDDLULDLUUULDDDLUUUUULDDDDDLUUUUUURUULDLDDDDDDDLUUUUUUUURURRRRRRRRULLLLLLLLLDLULDDRDDDDDDDDLUUUUUUULDDDDDDDLUUUUUUUURUULDLULDDRDDDDDDDDLUUUUUUULDDDDDDDLUUUUUUUURUULDLDDDDDDDDDLUUUUUUUUUURULURULURULURULURULURULUURDRURDDLDDDDDDDDDDRUUUUUUUUURDDDDDDDDDRUUUUUUUUUULUURDRURDDLDDDDDDDDDDRUUUUUUUUURUUURRRRRRRRRRRDLLLLLLLLDRRRRRRRRDLLLLLLLLLUULDDDLDDDDDDDDRUUUUUUURURDDLDDDDDDRUUUUURUUURRRRRRRDLLLLDRRRRDLLLLLUULDDDLDRRURRRRRDLLLLDLDRRURDRURDDLLLLLLUULDD
YES
RRRRRUULDLULDLULDLULDLULDLULDLULDLULDLULDLULDLULDLULDLULDLULDLULDDRRRRRRRRRRRRRRRRRRRRRRRDRRRRRRDLLLLLLLULDLULDLULDLULDLULDLULDLULDLULDLULDLULDLULLDRDLDRRURRRRRRRRRRRRRRRRRRRRRRRRRRRDLLLLLLLLLLLLLLLLLLLLLLLLLLDRRRRRRRRRRRRRRRRRRRRRRRRRRDLLLLLLLLLLLLLLLLLLLLLLLLLLLULLDRDLDRRURRRRRRRRRRRRRRRRRRRRRRRRRRRDLLLLLLLLLLLLLLLLLLLLLLLLLLDRRRRRRRRRRRRRRRRRRRRRRRRRRDLLLLLLLLLLLLLLLLLLLLLLLLLLLULLDRDLDDDDDDDDDDDDDDDDDDDDDDDDDDDDRUUUUUUUUUUUUUUUUUUUUUUUUUUURURRRRRRRRRRRRRRRRRRRRRRRRRRRDLLLLLLLLLLLLLLLLLLLLLLLLLLDLDDDDDDDDDDDDDDDDDDDDDDDDDDRUUUUUUUUUUUUUUUUUUUUUUUUURURRRRRRRRRRRRRRRRRRRRRRRRRDLLLLLLLLLLLLLLLLLLLLLLLLDLDDDDDDDDDDDDDDDDDDDDDDDDRUUUUUUUUUUUUUUUUUUUUUUURURRRRRRRRRRRRRRRRRRRRRRRDLLLLLLLLLLLLLLLLLLLLLLDLDDDDDDDDDDDDDDDDDDDDDDRUUUUUUUUUUUUUUUUUUUUURURRRRRRRRRRRRRRRRRRRRRDLLLLLLLLLLLLLLLLLLLLDLDDDDDDDDDDDDDDDDDDDDRUUUUUUUUUUUUUUUUUUURURRRRRRRRRRRRRRRRRRRDLLLLLLLLLLLLLLLLLLDLDDDDDDDDDDDDDDDDDDRUUUUUUUUUUUUUUUUURURRRRRRRRRRRRRRRRRDLLLLLLLLLLLLLLLLDLDDDDDDDDDDDDDDDDRUUUUUUUUUUUUUUURURDDLDDDDDDDDDDDDDDRUUUUUUUUUUUUURDDDDDDDDDDDDDRUUUUUUUUUUURDDDDDDDDDDDRUUUUUUUUURDDDDDDDDDRUUUUUUURDDDDDDDRUUUUURDDDDDRUUURDDDRURDRUULLURRULLLLURRRRULLLLLLURRRRRRULLLLLLLLURRRRRRRRULLLLLLLLLLURRRRRRRRRRULLLLLLLLLLLLURRRRRRRRRRRRULLLLLLLLLLLLLUURDRURDRURDRURDRURDRURRRDLL
NO
NO
NO
YES
DDDDDDDRUUUUUUURDDDDDDDRUUUUURDDDDDRUUURDDDRURDRUULLURRULLLLURRRRULLLLLLURRRRRRULLLLLLLLLLDDDDDDDDLUUUUUUUULLLLLLLLLLLLLLLLLLLLLLLLLDDDDDDDDRUUUUUUURDDDDDDDRUUUUUUURDDDDDDDRUUUUUUURDDDDDDDRUUUUUUURDDDDDDDRUUUUUUURDDDDDDDRUUUUUUURDDDDDDDRUUUUUUURDDDDDDDRUUUUUUURDDDDDDDRUUUUUUURDDDDDDDRUUUURDDDDRUURDDRRULURULLLURRRULLLLLUURDRURDRURD
YES
LLLDRRRDLDRDLLUULDDLUUUUURRRRULLLLURRRRULLLLURRRRRDDDDDDDDDRUUUUUUUUURDDDDDDDDDRUUUUUUUUURDDDDDDDDDRUUUUUUUUURDDDDDDDDDRUUUUUUUUURDDDDDDDDDRUUUUUUUUURDDDDDDDDDRUUUUUUUUURDDDDDDDDDRUUUUUUUUURDDDDDDDDDRUUUUUUUUURDDDDDDDDDRUUUUUUUUURDDDDDDDDDRUUUUUUUUURDDDDDDDDDRUUUUUUUUURDDDDDDDDDRUUUUUUUUURDDDDDDDDDRUUUUUUUUURDDDDDDDDDRUUUUUUUUURDDDDDDDDDRUUUUUUUUURDDDDDDDDDRUUUUUUUURDDDDDDDDRUUUUUURDDDDDDRUUUURDDDDRUURDDRRULURULLLURRRULLLLLURRRRRULLLLLLLURRRRRRRULLLLLLLLL
NO
NO
YES
RRRRRRRRRRRRRDLLLLLLLLLLLLLLULDLULDLULLLLLLLLLLLLLLLLLDRRRRRRRRRRRRRRRR
YES
RULLDLUURRRULLLURRRULLLLDDDDDLUUUUULDDDDDLUUUUUURRRRRRRULLLLLLLURRRRRRRULLLLLLLLDDDDDDDDDLUUUUUUUUULDDDDDDDDDLUUUUUUUUUURRRRRRRRRRRULLLLLLLLLLLURRRRRRRRRRRULLLLLLLLLLLURRRRRRRRRRRULLLLLLLLLLLURRRRRRRRRRRULLLLLLLLLLLURRRRRRRRRRRULLLLLLLLLLLURRRRRRRRRRRULLLLLLLLLLLURRRRRRRRRRRULLLLLLLLLLLURRRRRRRRRRRULLLLLLLLLLLURRRRRRRRRRRULLLLLLLLLLLURRRRRRRRRRRULLLLLLLLLLLURRRRRRRRRRRULLLLLLLLLLLURRRRRRRRRRRULLLLLLLLLLLLDDDDDDDDDDDDDDDDDDDDDDDDDDDDDDDDDDDDDDDDDRUUUUUUURDDDDDDDRRRRRRRRRRUULDLULDLULDLULDLLURUUUURDDDRUUURDDDRUUURDDDRURDRUULLURRULLLLLLLLLDDDD
NO
YES
DDDDDDDDDDDDRUUUUUUUUUUURDDDDDDDDDDDRUUUUUUUUUUURDDDDDDDDDDDRUUUUUUUUUUURDDDDDDDDDDDRUUUUUUUUUUURDDDDDDDDDDDRUUUUUUUUUUURDDDDDDDDDDDRUUUUUUUUUUURDDDDDDDDDDDRUUUUUUUUURDDDDDDDDDRUUUUUUURDDDDDDDRUUUUURDDDDDRUUURDDDRURDRUULLURRULLLLURRRRULLLLLLURRRRRRULLLLLLLLURRRRRRRRULLLLLLLLLLURRRRRRRRRRULLLLLLLLLLLLLLLLLLLLLLURRRRRRRRRRRRRRRRRRRRRRULLLLLLLLLLLLLLLLLLLLLLLDLULDDRDLDRDLDRDDDDDDDDLUUUUUUU
NO
NO
YES
UUUUUURDDDDDDRUUUUUURDDDDDDRUURDDRRRULLURRULLLLURRRRULLLLURRRRULLLLLLLLURRRRRRRRULLLLLLLLLDDDDDDDDDLUUUUUUUUUURRRRRRRRRRULLLLLLLLLLLDDDDDDDDDDDLUUUUUUUUUUULDDDDDDDDDDDLUUUUUUUUUUULDDDDDDDDDDDLUUUUUUUUUUULDDDDDDDDDDDLUUUUUUUUUUULDDDDDDDDDDDLUUUUUUUUUUULDDDDDDDDDDDLUUUUUUUUUUULDDDDDDDDDDDLUUUUUUUUUUULDDDDDDDDDDDLUUUUUUUUUUULDDDDDDDDDDDDDDDDDDDDDDDDDDDDDDDDDDDRUUUUUUUUUUUUUUUUUUUUUUURRRRRRRRRRRRRRRRRRRRRRRRRRDLLLLLLLLLLLLLLLLLLLLDRRRRRRRRRRRRRRRRRRRRDLLLLLLLLLLLLLLLLLLLLDRRRRRRRRRRRRRRRRRRRRDLLLLLLLLLLLLLLLLDRRRRRRRRRRRRRRRRDLLLLLLLLLLLLLLLLDRRRRRRRRRRRRRRRRDLLLLLLLLLLLLDRRRRRRRRRRRRDLLLLLLLLLLLLDRRRRRRRRRRRRDLLLLLLLLDRRRRRRRRDLLLLLLLLDRRRRRRRRDLLLLDRRRRDLLLLDRRRRDLLDRRDLLLUULDDLUUUUUULDDDDDDLUUUUUULDDDDDDLUUUUUUUUUULDDDDDDDDDDLUUUUUUUUUULDDDDDDDDDDLUUUUUUUUUUUUUULDDDDDDDDDDDDDDLUUUUUUUUUUUUUULDDDDDDDDDDDDDDLUUUUUUUUUUUUUUUUUULDDDDDDDDDDDDDDDDDDLUUUUUUUUUUUUUUUUUULDDDDDDDDDDDDDDDDDDLUUUUUUUUUUUUUUUUUUUUUULDDDDDDDDDDDDDDDDDDDDDDLUUUUUUUUUUUUUUUUUUUUUULDDDDDDDDDDDDDDDDDDDDDDLUUUUUUUUUUUUUUUUUUUUUU
YES
UUUUUURRRRRRRRRRRRRRRRRRRRRRRRRRRRDLLLLDRRRRDLLDRRDDLULDLUUULDDDLUUUUULDDDDDLUUUUULDDDDDLUUUUULDDDDDLUUUUULDDDDDLUUUUULDDDDDLUUUUULDDDDDLUUUUULDDDDDLUUUUULDDDDDLUUUUULDDDDDLUUUUULDDDDDLUUUUULLDRDLDRDLDRDRRRRRRRRRRRRRRRRRRRRRRRRRRDLLLLLLLLLLLLLLLLLLDRRRRRRRRRRRRRRRRRRDLLLLLLLLLLLLLLLLDRRRRRRRRRRRRRRRRDLLLLLLLLLLLLLLDRRRRRRRRRRRRRRDLLLLLLLLLLLLDRRRRRRRRRRRRDLLLLLLLLLLDRRRRRRRRRRDLLLLLLLLDRRRRRRRRDLLLLLLDRRRRRRDLLLLDRRRRDLLDRRDDLULDLUUULDDDLUUUUULDDDDDLUUUUUUULDDDDDDDLUUUUUUUUULDDDDDDDDDLUUUUUUUUUUULDDDDDDDDDDDLUUUUUUUUUUUUULDDDDDDDDDDDDDLUUUUUUUUUUUUUUULDDDDDDDDDDDDDDDLUUUUUUUUUUUUUUUUULDDDDDDDDDDDDDDDDDLUUUUUUUUUUUUUUUUUUULDDDDDDDDDDDDDDDDDDDLUUUUUUUUUUUUUUUUUUULDDDDDDDDDDDDDDDDDDDLUUUUUUUUUUUUUUUUUUULDDDDDDDDDDDDDDDDDDDLUUUUUUUUUUUUUUUUUUULDDDDDDDDDDDDDDDDDDDLUUUUUUUUUUUUUUUUUUUULDDDDDDDDDDDDDDDDDDDDLUUUUUUUUUUUUUUUUUUUUUUUUUUULDDDDDDDDDDDDDDDDDDDDDDDDDDDLUUUUUUUUUUUUUUUUUUUUUUUUUUULDDDDDDDDDDDDDDDDDDDDDDDDDDDLUUUUUUUUUUUUUUUUUUUUUUUUUUULDDDDDDDDDDDDDDDDDDDDDDDDDDDLUUUUUUUUUUUUUUUUUUUUUUUUUUULDDDDDDDDDDDDDDDDDDDDDDDDDDDLUUUUUUUUUUUUUUUUUUUUUUUUUUULDDDDDDDDDDDDDDDDDDDDDDDDDDDLUUUUUUUUUUUUUUUUUUUUUUUUUUULLLLLLDRRRRRDLLLLLDRRRRRDLLLLLDRRRRRDLLLLLDRRRRRDLLLLLDDDDDDDDDDDDDDDDDDDRUURDDRRRULLURRULLLLURRRRULLLLURRRRULLLLURRRRULLLLURRRRULLLLURRRRULLLLURRRRULLLLURRRRULLLLURRRR
NO
YES
UURDDRRULURUULDLLURURRULLLDLLLDRRDDDDLUUULDDDLUUUUUURRRURRRRULLLLLDLLURURRRRRRULLLLLLLDLLLDRRDDDDDDDDLUUUUUUULDDDDDDDLUUUUUUUUUURRRURRRRRRRRULLLLLLLLLDLLURURRRRRRRRRRULLLLLLLLLLLDLLLDRRDDDDDDDDDDDDLUUUUUUUUUUULDDDDDDDDDDDLUUUUUUUUUUUUUURRRURRRRRRRRRRRRULLLLLLLLLLLLLDLLURURRRRRRRRRRRRRRULLLLLLLLLLLLLLLDLLLDRRDDDDDDDDDDDDDDDDLUUUUUUUUUUUUUUULDDDDDDDDDDDDDDDLUUUUUUUUUUUUUUUUUURRRURRRRRRRRRRRRRRRRULLLLLLLLLLLLLLLLLDLLURURRRRRRRRRRRRRRRRRRULLLLLLLLLLLLLLLLLLLDLULDDRDLDRDLDRDLDRDLDRDLDRDLDRDLDRDLDRDLDRDLDRDLDDDDDDDDDDDDDDDDDDDRUUUUUUUUUUUUUUUUUURURDDLDDDDDDDDDDDDDDDDDRUUUUUUUUUUUUUUUURUUURRRRRRRRRRRRRRRRRDLLLLLLLLLLLLLLDRRRRRRRRRRRRRRDLLLLLLLLLLLLLLLUULDDDLDDDDDDDDDDDDDDDRUUUUUUUUUUUUUURURDDLDDDDDDDDDDDDDRUUUUUUUUUUUURDDDDDDDDDDDDRUUUUUUUUUUUURDDDDDDDDDDDDRUUUUUUUUURDDDDDDDDDRUUUUUUURDDDDDDDRUUUUURDDDDDRUUURDDDRURDRUULLURRULLLLURRRRULLLLLLURRRRRRULLLLLLLLURRRRRRRRULLLLLLLLLLUURDRURDRURDRURDRRRULLULLLLLLLLLLLUURDRURDRURDRURDRURDRURDRURDDL
NO
NO
YES
DDDDRUUUUULURULURULURULURRDDDDDDDDDDDDRUUUUUUUUUURDDDDDDDDDDRUUUUUUUURDDDDDDDDRUUUUUURDDDDDDRUUUURDDDDRUURDDRRULURULLLURRRULLLLLURRRRRULLLLLLLURRRRRRRULLLLLLLLLURRRRRRRRRULLLLLLLLLLLURRRRRRRRRRRULLLLLLLLLLLLLLURRRRRRRRRRRRRRULLLLLLLLLLLLLLLDDDDDDDDDDDDDDDLUUUUUUUUUUUUUUULDDDDDDDDDDDDDDDLUUUUUUUUUUUUUUULDDDDDDDDDDDDDDDLUUUUUUUUUUUUUUULDDDDDDDDDDDDDDDLUUUUUUUUUUUUUUULDDDDDDDDDDDDDDDLUUUUUUUUUUUUUUULDDDDDDDDDDDDDDDLUUUUUUUUUUUUUUULDDDDDDDDDDDDDDDLUUUUUUUUUUUUUUULDDDDDDDDDDDDDDDLUUUUUUUUUUUUUUULDDDDDDDDDDDDDDDLUUUUUUUUUUUUUUULDDDDDDDDDDDDDDDLUUUUUUUUUUUUUUULDDDDDDDDDDDDDDDLUUUUUUUUUUUUUUULLLDDDDDDDDDDDDDDDRRULURULURULURULURULURULUUURDD
NO
NO
NO
YES
DDLUUURRDDDRUURDDRRRRULLLURRRULLLLLURRRRRULLLLLLDLLURULURULURULURULURULURRRRRRRRDLLLLLLDRRRRRRDLLLLLLDDDDDDRUUUUURRRRRDLLLLDDDDRUUURRRDDDLLUURD
YES
UUUURRRRRRRRRRRRRRRRRRRRRRRRRRRRRRDLLDRRDDLULDLUUULDDDLUUULDDDLUUULDDDLUUULDDDLUUULDDDLUUULDDDLUUULDDDLUUULDDDLUUULDDDLUUULDDDLUUULDDDLUUULDDDLUUULLDRDLDRDRRRRRRRRRRRRRRRRRRRRRRRRRRRRDLLLLLLLLLLLLLLLLLLLLLLDRRRRRRRRRRRRRRRRRRRRRRDLLLLLLLLLLLLLLLLLLLLLLDRRRRRRRRRRRRRRRRRRRRRRDLLLLLLLLLLLLLLLLLLDRRRRRRRRRRRRRRRRRRDLLLLLLLLLLLLLLLLLLDRRRRRRRRRRRRRRRRRRDLLLLLLLLLLLLLLDRRRRRRRRRRRRRRDLLLLLLLLLLLLLLDRRRRRRRRRRRRRRDLLLLLLLLLLDRRRRRRRRRRDLLLLLLLLLLDRRRRRRRRRRDLLLLLLDRRRRRRDLLLLLLDRRRRRRDLLDRRDDDLUULDDLUUUULDDDDLUUUULDDDDLUUUUUUUULDDDDDDDDLUUUUUUUULDDDDDDDDLUUUUUUUUUUUULDDDDDDDDDDDDLUUUUUUUUUUUULDDDDDDDDDDDDLUUUUUUUUUUUUUUUULDDDDDDDDDDDDDDDDLUUUUUUUUUUUUUUUULDDDDDDDDDDDDDDDDLUUUUUUUUUUUUUUUUUUUULDDDDDDDDDDDDDDDDDDDDLUUUUUUUUUUUUUUUUUUUULDDDDDDDDDDDDDDDDDDDDLUUUUUUUUUUUUUUUUUUUUUUUULDDDDDDDDDDDDDDDDDDDDDDDDLUUUUUUUUUUUUUUUUUUUUUUUULDDDDDDDDDDDDDDDDDDDDDDDDLUUUUUUUUUUUUUUUUUUUUUUUULDDDDDDDDDDDDDDDDDDDDDDDDLUUUUUUUUUUUUUUUUUUUUUUUUULDDDDDDDDDDDDDDDDDDDDDDDDDLUUUUUUUUUUUUUUUUUUUUUUUUUUUUUULDDDDDDDDDDDDDDDDDDDDDDDDDDDDDDLUUUUUUUUUUUUUUUUUUUUUUUUUUUUUULDDDDDDDDDDDDDDDDDDDDDDDDDDDDDDLUUUUUUUUUUUUUUUUUUUUUUUUUUUUUUUUUUUUUURDDDDDDDRUUUUUUURRRRRRRRRRRRRRRRRRRRRRRRRRRRRRRRRDLLLLDRRRRDLLLLDRRRRDLLDRRDLLLUULDDLUUUUUULDDDDDDLUUUUUULDDDDDDLUUUUUULDDDDDDLUUUUUULDDDDDDLUUUUUULDDDDDDLUUUUUULDDDDDDLUUUUUULDDDDDDLUUUUUULDDDDDDLUUUUUULDDDDDDLUUUUUULDDDDDDLUUUUUULDDDDDDLUUUUUULDDDDDDLUUUUUULDDDDDDLUUUUUULDDDDDD
NO
NO
NO
YES
RULLDLULDDRRRRDLLLDRRRDLLLDRRRDLLLDRRRDLLLDRRRDLDRDLLUULDDLUUUUUUUUUULDDDDDDDDDDLUUUUUUUUUUURUULDLDDDDDDDDDDDDLUUUUUUUUUUUUURULURRDRRRRRRULLLLLURRRRRULLLLLLDLLURULURRDRRRRRRULLLLLURRRRRULLLLLLDLLURULURRDRRRRRRULLLLLURRRRRULLLLLLDLLURULURRDRRRRRRULLLLLURRRRRULLLLLLDLLURULURULURULURRDDDDDRUUUUURRRRRDLLLLDDDDRRRRULLURRULLLDD
NO
YES
DDDDDRUUUURDDDDRUUUURDDDDRUUUURDDDDRUUUURDDDDRUUUURDDDDRUUUURDDDDRUUUURDDDDRUUUURDDDDRUUUURDDDDRUUUURDDDDRUUUURDDDDRUUUURDDDDRUUUURDDDDRUURDDRUUULLURRULLLLLLLLLLLLLLLLLLLLLLLLLLLLULURULURULURULURULURULURULURULURULURULURULURULURULURULURULURULURULURULUURDRURRRRRRRRRRRRRRRRRRRRRRRRRRRDLLLLLLLLLLLLLLLLLLLLLLLLLLDLDRRURRRRRRRRRRRRRRRRRRRRRRRRRDLLLLLLLLLLLLLLLLLLLLLLLLDRRRRRRRRRRRRRRRRRRRRRRRRDLLLLLLLLLLLLLLLLLLLLLLLLLULLDRDLDRRURRRRRRRRRRRRRRRRRRRRRRRRRDLLLLLLLLLLLLLLLLLLLLLLLLDRRRRRRRRRRRRRRRRRRRRRRRRDLLLLLLLLLLLLLLLLLLLLLLLLLULLDRDLDDDDDDDDDDDDDDDDDDDDDDDDDDRUUUUUUUUUUUUUUUUUUUUUUUUURURRRRRRRRRRRRRRRRRRRRRRRRRDLLLLLLLLLLLLLLLLLLLLLLLLDLDDDDDDDDDDDDDDDDDDDDDDDDRUUUUUUUUUUUUUUUUUUUUUUURURRRRRRRRRRRRRRRRRRRRRRRDLLLLLLLLLLLLLLLLLLLLLLDLDDDDDDDDDDDDDDDDDDDDDDRUUUUUUUUUUUUUUUUUUUUURURRRRRRRRRRRRRRRRRRRRRDLLLLLLLLLLLLLLLLLLLLDLDDDDDDDDDDDDDDDDDDDDRUUUUUUUUUUUUUUUUUUURURRRRRRRRRRRRRRRRRRRDLLLLLLLLLLLLLLLLLLDLDDDDDDDDDDDDDDDDDDRUUUUUUUUUUUUUUUUURURRRRRRRRRRRRRRRRRDLLLLLLLLLLLLLLLLDLDDDDDDDDDDDDDDDDRUUUUUUUUUUUUUUURURRRRRRRRRRRRRRRDLLLLLLLLLLLLLLDLDRRURRRRRRRRRRRRRDLLLLLLLLLLLLDLDRRURRRRRRRRRRRDLLLLLLLLLLDLDRRURRRRRRRRRDLLLLLLLLDLDRRURRRRRRRDLLLLLLDLDRRURRRRRDLLLLDLDRRURRRDLLDLDRRURDDLLLLUULDDLUUUULDDDDLUUUUUULDDDDDDLUUUUUUUULDDDDDDDDLUUUUUUUUUULDDDDDDDDDDLUUUUUUUUUUUULDDDDDDDDDDDD
YES
LLLLLLLLLLLLLLLLLLLLDRRRRRRRRRRRRRRRRRRRRDLLLLLLLLLLLLLLLLLLLLDRRRRRRRRRRRRRRRRRRRRDLLLLLLLLLLLLLLLLLLLLDRRRRRRRRRRRRRRRRRRRRDLLLLLLLLLLLLLLLLLLLLDRRRRRRRRRRRRRRRRRRRRDLLLLLLLLLLLLLLLLLLDRRRRRRRRRRRRRRRRRRDLLLLLLLLLLLLLLLLDRRRRRRRRRRRRRRRRDLLLLLLLLLLLLLLDRRRRRRRRRRRRRRDLLLLLLLLLLLLDRRRRRRRRRRRRDLLLLLLLLLLDRRRRRRRRRRDLLLLLLLLDRRRRRRRRDLLLLLLDRRRRRRDLLLLDRRRRDLLDRRDDLULDLUUULDDDLUUUUULDDDDDLUUUUUUULDDDDDDDLUUUUUUUUULDDDDDDDDDLUUUUUUUUUUULDDDDDDDDDDDLUUUUUUUUUUUUULDDDDDDDDDDDDDLUUUUUUUUUUUUUUULDDDDDDDDDDDDDDDLUUUUUUUUUUUUUUUUULDDDDDDDDDDDDDDDDDLUUUUUUUUUUUUUUUUUUULDDDDDDDDDDDDDDDDDDDLUUUUUUUUUUUUUUUUUUUUUUUUUUUURRRRRRRRRRRRRRRRRRRRRULLLLLLLLLLLLLLLLLLLLLURRRRRRRRRRRRRRRRRRRRRULLLLLLLLLLLLLLLLLLLLLURRRRRRRRRRRRRRRRRRRRRULLLLLLLLLLLLLLLLLLLLLURRRRRRRRRRRRRRRRRRRRRRRRRRRRRRRRRRRRRRRDLLLLLLLLLLLLLLLLLDRRRRRRRRRRRRRRRRRDLLLLLLLLLLLLLLLLLDRRRRRRRRRRRRRRRRRDLLLLLLLLLLLLLLLLLDRRRRRRRRRRRRRRRRRDLLLLLLLLLLLLLLLLLDRRRRRRRRRRRRRRRRRDLLLLLLLLLLLLLLLLLDRRRRRRRRRRRRRRRRRDLLLLLLLLLLLLLLLLLDRRRRRRRRRRRRRRRRRDLLLLLLLLLLLLLLLLLDRRRRRRRRRRRRRRRRRDLLLLLLLLLLLLLLLLLDRRRRRRRRRRRRRRRRRDLLLLLLLLLLLLLLLLLDDDDDDDDDDDDDDDDDRUUUUUUUUUUUUUUUURRRRRRRRRRRRRRRRDLLLLLLLLLLLLLLLDDDDDDDDDDDDDDDRUUUUUUUUUUUUUURRRRRRRRRRRRRRDLLLLLLLLLLLLLDDDDDDDDDDDDDRURDRRRRRRRRRRRULLLLLLLLLLULURULURULURULURULURRDDDDDDDDDRUUUUUUURDDDDDDDRUUUUURDDDDDRUUURDDDRURDRUULLURRULLLLURRRRULLLLLLURRRRRRULLLLLLLLURRRRRRRRULLLLLLLLLLLLDDDDDDDDDD
YES
LLLLLLLLDRRRRRRRRDLLLLLLDRRRRRRDLLLLDRRRRDLLDRRDDLULDLUUULDDDLUUUUULDDDDDLUUUUUUULDDDDDDDLUUUUUUUUUURRRRRRRRRULLLLLLLLLUURDRURDRRRRRRULLLLL
YES
ULDLUURRULLLDDDLUUULDDDLUUUURRRRRRRRRRRRRDLLDRRDDLULDLUUULDDDLUUULDDD
NO
NO
NO
NO
NO
YES
DDDDDDDDDDDDDRUUUUUUUUUUUURDDDDDDDDDDDDRUUUUUUUUUURDDDDDDDDDDRUUUUUUUURDDDDDDDDRUUUUUURDDDDDDRUUUURDDDDRUURDDRRULURULLLURRRULLLLLURRRRRULLLLLLLURRRRRRRULLLLLLLLLURRRRRRRRRULLLLLLLLLLLURRRRRRRRRRRULLLLLLLLLLLLLURRRRRRRRRRRRRULLLLLLLLLLLLLLDLDDDDDDDDDDDDDDLUUUUUUUUUUUUUUURURRRRRRRRRRRRRRRULLLLLLLLLLLLLLLLDLDDDDDDDDDDDDDDDDLUUUUUUUUUUUUUUUUURURRRRRRRRRRRRRRRRRULLLLLLLLLLLLLLLLLLDLDDDDDDDDDDDDDDDDDDLUUUUUUUUUUUUUUUUUUURULURRDRRRRRRRRRRRRRRRRRRULLLLLLLLLLLLLLLLLURRRRRRRRRRRRRRRRRULLLLLLLLLLLLLLLLLLDLLURULURRDRRRRRRRRRRRRRRRRRRULLLLLLLLLLLLLLLLLURRRRRRRRRRRRRRRRRULLLLLLLLLLLLLLLLLLDLLURURRRRRRRRRRRRRRRRRRRULLLLLLLLLLLLLLLLLLLLDLULDLULDLULDLULDLULDLULDLULDLULDLULDLULDLULDLULDLULDLULDDDDDDDDDDDDDDDDDDDDDDDDDDDDDRUUUUUUUUUUUUUUUUUUUUUUUUURDDDDDDDDDDDDDDDDDDDDDDDDDRUUUUUUUUUUUUUUUUUUUUUUURDDDDDDDDDDDDDDDDDDDDDDDRUUUUUUUUUUUUUUUUUUUUURDDDDDDDDDDDDDDDDDDDDDRUUUUUUUUUUUUUUUUUUURDDDDDDDDDDDDDDDDDDDRUUUUUUUUUUUUUUUUURDDDDDDDDDDDDDDDDDRUUUUUUUUUUUUUUURDDDDDDDDDDDDDDDRUUUUUUUUUUUUURDDDDDDDDDDDDDRUUUUUUUUUUURDDDDDDDDDDDRUUUUUUUUURDDDDDDDDDRUUUUUUURDDDDDDDRUUUUURDDDDDRUUURDDDRURDRUULLURRULLLLURRRRULLLLLLURRRRRRULLLLLLLLURRRRRRRRULLLLLLLLLLURRRRRRRRRRULLLLLLLLLLLLURRRRRRRRRRRRULLLLLLLLLLLLLLURRRRRRRRRRRRRRULLLLLLLLLLLLLLLLURRRRRRRRRRRRRRRRULLLLLLLLLLLLLLLLLLURRRRRRRRRRRRRRRRRRULLLLLLLLLLLLLLLLLLLLURRRRRRRRRRRRRRRRRRRRULLLLLLLLLLLLLLLLLLLLLLURRRRRRRRRRRRRRRRRRRRRRULLLLLLLLLLLLLLLLLLLLLLLLURRRRRRRRRRRRRRRRRRRRRRRRULLLLLLLLLLLLLLLLLLLLLLLLLLURRRRRRRRRRRRRRRRRRRRRRRRRR
NO
NO
NO
YES
RUUULLDRDLDLUUULDDDLUUUURRRRRULLLLLURRRRRULLLLLURRRRRULLLLLURRRRRULLLLLURRRRRULLLLLURRRRRULLLLLURRRRRULLLLLURRRRRULLLLLURRRRRULLLLLURRRRRULLLLLLLDRDLDRDLDRDLDRDLDRDLDRDLDRDLDRDLDRDLDRDLDRDLDRDLDRRURRRRRDLLLLDRRRRDLLLLLULLDRDLDRRURRRRRDLLLLDRRRRDLLLLLULLDRDLDRRURRRRRDLLLLDRRRRDLLLLLULLDRDLDDDDDDDDRUUUUUUURURDDLDDDDDDRUUUUURDDDDDRUUURDDDRUUUULLURRULLLURRRULLL
YES
UURDDRRRRRRUULDLULDLLURURRRRULLLLLDLLURURRRRRRULLLLLLLDLDDDDDLUUUUUURUUURDDRRRRRRRULLLLLLURRRRRRULLLLLLLLLDDDLDDDDDDDLUUUUUUUURUULDLDDDDDDDDDLUUUUUUUUUURUUURDDRRRRRRRRRRRULLLLLLLLLLURRRRRRRRRRULLLLLLLLLLLLLDDDLDDDDDDDDDDDLUUUUUUUUUUUURUULDLULDDRDLDRDLDRDLDRDLDRDLDRDLDRDLDDDDDDDDDDRUUUUUUUUURURDDLDDDDDDDDRUUUUUUURDDDDDDDRUUUUUUUULUURDRURDDLDDDDDDDDRUUUUUUURUUURRRRRRRRRDLLLLLLDRRRRRRDLLLLLLLUULDDDLDDDDDDRUUUUURURDDLDDDDRUUURUUURRRRRDLLDRRDLLLUULDDDLDDRRRRRUULDLULDL
NO
NO
YES
DDDDDDDDDDRUUUUUUUUUUULURULURUULDLULDLULDLULDLULDLULDLULDLULDLULDLULDLULDLULDLULDDDDDDDDDDDDDDDDRUUUUUUUUUUUUUURDDDDDDDDDDDDDDRUUUUUUUUUUUUUURDDDDDDDDDDDDDDRUUUUUUUUUUUUUURDDDDDDDDDDDDDDRUUUUUUUUUUUUUURDDDDDDDDDDDDDDRUUUUUUUUUUUUUURRRRRRRRRRRRRRDLLLLLLLLLLLLLDDDDDDDDDDDDDRUUUUUUUUUUUURRRRRRRRRRRRDLLLLLLLLLLLDDDDDDDDDDDRUUUUUUUUUURRRRRRRRRRDLLLLLLLLLDDDDDDDDDRUUUUUUUURRRRRRRRDLLLLLLLDDDDDDDRUUUUUURRRRRRDLLLLLDDDDDRUUUURDDDDRUURDDRUUULLURR
YES
RRRULLLLLDRDLDRRURRRDLLDRRDLLLULLDRDLDRRURRRDLLDRRDLLLULDDRRRRDLLLLDRRRRDLLLLDRRRRDLLLLDRRRRDLLLLDRRRRDLLLLDRRRRDLLLLDRRRRDLLLLDRRRRDLLLLDRRRRDLLLLDRRRRDLLLLDRRRRDLLLLDRRRRDLLLLDRRRRDLLLLDRRRRDLLLLDRRRRDLLLLDRRRRDLLLLDRRRRDLLLLDRRRRDLLDRRDLLLUULDDLUUUUUUUUUUUUUUUUUUUUUUUUUUUUUUUUUUUUUUU
YES
UUUUUUUURRRRRRRRRRRRRRRRDLLLLLLDRRRRRRDLLLLDRRRRDLLDRRDDLULDLUUULDDDLUUUUULDDDDDLUUUUUUULDDDDDDDLUUUUUUULDDDDDDDLUUUUUUULDDDDDDDLUUUUUUULLDRDLDRDLDRDLDRDRRRRRRRRRRRRRRDLLDRRDDLULDLUUULDDDLUUULDDDLUUULDDDLUUULDDDLUUULDDDLUUULDDDLUUUULDDDDLUUUUUUUUUUUUULDDDDDDDDDDDDDLUUUUUUUUUUUUULDDDDDDDDDDDDDLUUUUUUUUUUUUULDDDDDDDDDDDDDLUUUUUUUUUUUUULDDDDDDDDDDDDDLUUUUUUUUUUUUULDDDDDDDDDDDDDLUUUUUUUUUUUUULDDDDDDDDDDDDDLUUUUUUUUUUUUULDDDDDDDDDDDDDLUUUUUUUUUUUUULDDDDDDDDDDDDDLUUUUUUUUUUUUULDDDDDDDDDDDDDLUUUUUUUUUUUUUUUUUUUUUUUUUUUUUUUUUUUUUUUUUUURDDDDDDDDDDDDDDDDDDDDDDDDDDDDDRUUUUUUUUUUUUUUUUUUUUUUUUUUUUURDDDDDDDDDDDDDDDDDDDDDDDDDDDDDRUUUUUUUUUUUUUUUUUUUUUUUUUUUUURDDDDDDDDDDDDDDDDDDDDDDDDDDDDDRUUUUUUUUUUUUUUUUUUUUUUUUUUUUURRRRRRRRRRRRRRRRRRRRRRRRRRRRRDLLLLLLLLLLLLLLLLLLLLLLLLLLLLDDDDDDDDDDDDDDDDDDDDDDDDDDDDRUUUUUUUUUUUUUUUUUUUUUUUUUUURRRRRRRRRRRRRRRRRRRRRRRRRRRDLLLLLLLLLLLLLLLLLLLLLLLLLLDDDDDDDDDDDDDDDDDDDDDDDDDDRUUUUUUUUUUUUUUUUUUUUUUUUURRRRRRRRRRRRRRRRRRRRRRRRRDLLLLLLLLLLLLLLLLLLLLLLLLDDDDDDDDDDDDDDDDDDDDDDDDRUUUUUUUUUUUUUUUUUUUUUUURRRRRRRRRRRRRRRRRRRRRRRDLLLLLLLLLLLLLLLLLLLLLLDDDDDDDDDDDDDDDDDDDDDDRUUUUUUUUUUUUUUUUUUUUURRRRRRRRRRRRRRRRRRRRRDLLLLLLLLLLLLLLLLLLLLDDDDDDDDDDDDDDDDDDDDRUUUUUUUUUUUUUUUUUUURRRRRRRRRRRRRRRRRRRDLLLLLLLLLLLLLLLLLLDDDDDDDDDDDDDDDDDDRUUUUUUUUUUUUUUUUURRRRRRRRRRRRRRRRRDLLLLLLLLLLLLLLLLDDDDDDDDDDDDDDDDRUUUUUUUUUUUUUUURRRRRRRRRRRRRRRDLLLLLLLLLLLLLLDDDDDDDDDDDDDDRUUUUUUUUUUUUURRRRRRRRRRRRRDLLLLLLLLLLLLDDDDDDDDDDDDRUUUUUUUUUUURRRRRRRRRRRDLLLLLLLLLLDRRRRRRRRRRDLLLLLLDRRRRRRDLLLLLLDRRRRRRDLLDRRDDDLUULDDLUUUULDDDDLUUUULDDDDLUUUUUUUULDDDDDDDDLUUUUUUUULDDDDDDDD
YES
LLLLLLLLLLLLLLDRRRRRRRRRRRRRRDLLLLLLLLLLLLLLDRRRRRRRRRRRRRRDLLLLLLLLLLDRRRRRRRRRRDLLLLLLLLLLDRRRRRRRRRRDLLLLLLDRRRRRRDLLLLLLDRRRRRRDLLDRRDDDLUULDDLUUUULDDDDLUUUULDDDDLUUUUUUUULDDDDDDDDLUUUUUUUULDDDDDDDDLUUUUUUUUUUUULDDDDDDDDDDDDLUUUUUUUUUUUULDDDDDDDDDDDDLUUUUUUUUUUUUUUUULDDDDDDDDDDDDDDDDLUUUUUUUUUUUUUUUUURRRRRRRRRRRRRRRRRULLLLLLLLLLLLLLLLLLDDDDDDDDDDDDDDDDDDLUUUUUUUUUUUUUUUUUUURRRRRRRRRRRRRRRRRRRULLLLLLLLLLLLLLLLLLLLDDDDDDDDDDDDDDDDDDDDLUUUUUUUUUUUUUUUUUUUUURRRRRRRRRRRRRRRRRRRRRULLLLLLLLLLLLLLLLLLLLLLDDDDDDDDDDDDDDDDDDDDDDLUUUUUUUUUUUUUUUUUUUUUUURRRRRRRRRRRRRRRRRRRRRRRULLLLLLLLLLLLLLLLLLLLLLLURRRRRRRRRRRRRRRRRRRRRRRULLLLLLLLLLLLLLLLLLLLLLLURRRRRRRRRRRRRRRRRRRRRRRULLLLLLLLLLLLLLLLLLLLLLLURRRRRRRRRRRRRRRRRRRRRRRULLLLLLLLLLLLLLLLLLLLLLLURRRRRRRRRRRRRRRRRRRRRRRULLLLLLLLLLLLLLLLLLLLLLLURRRRRRRRRRRRRRRRRRRRRRRULLLLLLLLLLLLLLLLLLLLLLLURRRRRRRRRRRRRRRRRRRRRRRRRRRRRRRRRRRRRRRRRRRRRRRRRDLLLLLLLLLLLLLLLLLLLLLLLLLDRRRRRRRRRRRRRRRRRRRRRRRRRDLLLLLLLLLLLLLLLLLLLLLLLLLDRRRRRRRRRRRRRRRRRRRRRRRRRDLLLLLLLLLLLLLLLLLLLLLLLLLDRRRRRRRRRRRRRRRRRRRRRRRRRDLLLLLLLLLLLLLLLLLLLLLLLLLDRRRRRRRRRRRRRRRRRRRRRRRRRDLLLLLLLLLLLLLLLLLLLLLLLLLDRRRRRRRRRRRRRRRRRRRRRRRRRDLLLLLLLLLLLLLLLLLDRRRRRRRRRRRRRRRRRDLLLLLLLLLLLLLLLLLDRRRRRRRRRRRRRRRRRDLLLLLLLLLLLLLLLLLDRRRRRRRRRRRRRRRRRDLLLLLLLLLLLLLLLLLDRRRRRRRRRRRRRRRRRDLLLLLLLLLLLLLLLDRRRRRRRRRRRRRRRDLLLLLLLLLLLLLDRRRRRRRRRRRRRDLLLLLLLLLLLDRRRRRRRRRRRDLLLLLLLLLDRRRRRRRRRDLLLLLLLDRRRRRRRDLLLLLDRRRRRDLLLDRRRDLDRDLLUULDDLUUUULDDDDLUUUUUULDDDDDDLUUUUUUUULDDDDDDDDLUUUUUUUUUULDDDDDDDDDDLUUUUUUUUUUUULDDDDDDDDDDDDLUUUUUUUUUUUUUULDDDDDDDDDDDDDDLUUUUUUUUUUUUUUUULDDDDDDDDDDDDDDDDLUUUUUUUUUUUUUUUUUUUUUUUULLLLLLLDRRRRRRDLLLLLLDRRRRRRDLLLLLLDDDDDDDDDDDDDDDDDDDDRUUUURDDDDRUURDDRRULURULLLURRRULLLLLURRRRRULLLLLURRRRRULLLLLURRRRRULLLLLURRRRRULLLLLURRRRRULLLLLURRRRRULLLLLUURDRURDRURD
YES
UUUULDDDDDRDLLUUUUUUURRRDDDDDDDRUUUUUUURDDDDDDDRUUUUUUURDDDDDDDRUUUUUUURDDDDDDDRUUUUUUURDDDDDDDRRRRRRRRRULURULLDDLUUURRRULLLLDDDDLUUUUURRRRRULLLLLLDDDDDDLUUUUUULDDDDDD
YES
DDDDDDDDDDDDDRUUUUUUUUUUUUUULURULURRDDDDDDDDDDDDDDDDDRUUUUUUUUUUUUUUURDDDDDDDDDDDDDDDRUUUUUUUUUUUUURDDDDDDDDDDDDDRUUUUUUUUUUURDDDDDDDDDDDRUUUUUUUUURDDDDDDDDDRUUUUUUURDDDDDDDRUUUUURDDDDDRUUURDDDRURDRUULLURRULLLLURRRRULLLLLLURRRRRRULLLLLLLLURRRRRRRRULLLLLLLLLLURRRRRRRRRRULLLLLLLLLLLLURRRRRRRRRRRRULLLLLLLLLLLLLLURRRRRRRRRRRRRRULLLLLLLLLLLLLLLLURRRRRRRRRRRRRRRRULLLLLLLLLLLLLLLLLLLURRRRRRRRRRRRRRRRRRRULLLLLLLLLLLLLLLLLLLLDDDDDDDDDDDDDDDDDDDDLUUUUUUUUUUUUUUUUUUUUURRRRRRRRRRRRRRRRRRRRRULLLLLLLLLLLLLLLLLLLLLLDDDDDDDDDDDDDDDDDDDDDDLUUUUUUUUUUUUUUUUUUUUUUURRRRRRRRRRRRRRRRRRRRRRRULLLLLLLLLLLLLLLLLLLLLLLLDDDDDDDDDDDDDDDDDDDDDDDDLUUUUUUUUUUUUUUUUUUUUUUUUURRRRRRRRRRRRRRRRRRRRRRRRRULLLLLLLLLLLLLLLLLLLLLLLLLLDDDDDDDDDDDDDDDDDDDDDDDDDDLUUUUUUUUUUUUUUUUUUUUUUUUUUURRRRRRRRRRRRRRRRRRRRRRRRRRRULLLLLLLLLLLLLLLLLLLLLLLLLLLLDDDDDDDDDDDDDDDDDDDDDDDDDDDDLUUUUUUUUUUUUUUUUUUUUUUUUUUUUURRRRRRRRRRRRRRRRRRRRRRRRRRRRRULLLLLLLLLLLLLLLLLLLLLLLLLLLLLLDDDDDDDDDDDDDDDDDDDDDDDDDDDDDDLUUUUUUUUUUUUUUUUUUUUUUUUUUUUUUURRRRRRRRRRRRRRRRRRRRRRRRRRRRRRRULLLLLLLLLLLLLLLLLLLLLLLLLLLLLLLUUUUUUUUUUUUUURRRRRRRRRRRRRRRRRRRRRRRRRRRRRRRDLLLLLLLLLLDRRRRRRRRRRDLLLLLLLLLLDRRRRRRRRRRDLLLLLLDRRRRRRDLLLLLLDRRRRRRDLLDRRDDDLUULDDLUUUULDDDDLUUUULDDDDLUUUUUUUULDDDDDDDDLUUUUUUUULDDDDDDDDLUUUUUUUUUUUULDDDDDDDDDDDDLUUUUUUUUUUUULDDDDDDDDDDDDLUUUUUUUUUUUULDDDDDDDDDDDDLUUUUUUUUUUUULDDDDDDDDDDDDLUUUUUUUUUUUULDDDDDDDDDDDDLUUUUUUUUUUUULDDDDDDDDDDDDLUUUUUUUUUUUULDDDDDDDDDDDDLUUUUUUUUUUUULDDDDDDDDDDDDLUUUUUUUUUUUULDDDDDDDDDDDDLUUUUUUUUUUUULDDDDDDDDDDDD
YES
DDDDDDDDRUUUURDDDDRUUUURDDDDRUURDDRUUULLURRULLLLLLURRRRRRULLLLLLURRRRRRULLLLLLLLLLLLLLLLLLLLLLLLLLLLLLDDDDDDDDDRUUUUUUUURDDDDDDDDRUUUUUUUURDDDDDDDDRUUUUUUUURDDDDDDDDRUUUUUUUURDDDDDDDDRUUUUUUUURDDDDDDDDRUUUUUUUURDDDDDDDDRUUUUUUUURDDDDDDDDRUUUUUURDDDDDDRUUUURDDDDRUURDDRRULURULLLURRRULLLLLURRRRRULLLLLLLURRRRRRR
NO
YES
DDDDDDDDDDDDDDDDDRUUUURDDDDRUUUURDDDDRUURDDRUUULLURRULLLLLLURRRRRRULLLLLLURRRRRRULLLLLLURRRRRRULLLLLLURRRRRRULLLLLLURRRRRRULLLLLLUURDRRRRRULLLLURRRRULLLLLDLLURULURRDRRRRRULLLLURRRRULLLLLDLLURULURULURRRRRRRDLLLDRRRDLLLLUULDD
