YES
LLDRRRU
NO
NO
NO
NO
YES
RRULLLD
NO
YES
RULLLDR
YES
URDRRUL
NO
YES
URRRDLL
YES
DRRRULL
YES
DLLLURR
NO
YES
LLURRRD
YES
RRDLLLU
YES
URDRURD
YES
LURRRDL
NO
NO
NO
YES
LLDRRRU
NO
NO
YES
DLLLURR
NO
NO
YES
RDLLLUR
NO
NO
NO
NO
YES
URDRRUL
NO
NO
NO
YES
LDRRURD
YES
DLULLDR
NO
YES
LLURRRD
NO
YES
RRRULLL
YES
RULLLDR
YES
DRURRDL
YES
RRDLLLU
NO
YES
LLLDRRR
YES
LLLURRR
NO
YES
RULLDLU
NO
YES
DRURDRU
NO
YES
URDRURD
NO
YES
DLLLURR
NO
NO
NO
YES
RRDLLLU
YES
LDRRURD
YES
LURRDRU
YES
RULLLDR
YES
LDRRRUL
YES
LLLURRR
YES
URDRRUL
NO
YES
URDRURD
NO
NO
YES
ULDLULD
YES
URDRRUL
YES
LLLURRR
NO
YES
RULLDLU
NO
YES
ULDLLUR
YES
RRULLLD
NO
YES
RRRULLL
YES
RRRDLLL
YES
RRDLLLU
YES
ULLLDRR
NO
YES
LLLURRR
YES
DRURRDL
YES
LLDRRRU
YES
LLLURRR
NO
NO
YES
LDRRURD
YES
LURRDRU
NO
YES
DLULDLU
NO
YES
RDLLLUR
NO
YES
DLULDLU
YES
DRRRULL
YES
ULDLLUR
