YES
LDRRURRDL
YES
RRRDLLLLU
NO
NO
NO
NO
YES
LURRRRDLL
NO
YES
LLLURRRRD
NO
NO
YES
ULDLULDLU
NO
NO
YES
LLDRRRURD
NO
NO
YES
LURRDRURD
NO
YES
LLLLURRRR
NO
NO
NO
NO
NO
NO
NO
NO
NO
NO
YES
DRURRRDLL
NO
NO
NO
YES
LLLDRRRRU
NO
YES
URDRURDRU
NO
YES
RDLLULLDR
NO
YES
RRRRDLLLL
NO
NO
YES
LLURRRRDL
NO
NO
YES
URDRURDRU
YES
DRURRRDLL
YES
LURRDRRUL
NO
YES
RULLDLULD
NO
NO
YES
RULLLLDRR
YES
LLDRRRURD
NO
NO
YES
RDLLLLURR
YES
LLLLURRRR
YES
LDRRRRULL
YES
DRURDRURD
NO
NO
NO
YES
LURRRRDLL
NO
YES
LLLURRRRD
NO
YES
LURRDRURD
NO
NO
NO
NO
NO
NO
YES
LURRRRDLL
NO
NO
YES
DRURDRRUL
YES
ULLLLDRRR
NO
YES
RRDLLLLUR
YES
ULLLLDRRR
NO
NO
NO
NO
YES
DLULDLULD
NO
NO
NO
YES
RDLLULDLU
NO
YES
RRRDLLLLU
NO
YES
DRURRRDLL
NO
YES
RRRDLLLLU
YES
RRRRDLLLL
NO
