YES
DDRRRUULLDR
NO
YES
URRRDDLULDL
NO
YES
LURULLDDLUU
YES
LULDLUURRRD
YES
URRRDDLULDL
NO
NO
YES
DDRURDRUULL
YES
LDDRURURDDL
YES
LURULLDDLUU
NO
YES
LURULLLDDRU
YES
DDRRRUULLDR
NO
NO
NO
NO
YES
LDRRUULLLDD
NO
NO
NO
NO
NO
NO
YES
URRRDDLULDL
YES
ULLLDDRURDR
NO
NO
YES
RRUULDLULDD
NO
YES
RDRURDDLLLU
NO
NO
YES
LDRRURDDLLL
NO
NO
YES
LDDRRRUULDL
YES
LURULLLDDRU
NO
YES
RURDDLLLUUR
YES
LURULLLDDRU
NO
NO
YES
LDLUURRRDDL
NO
NO
NO
NO
YES
LURRDRUULLL
YES
DDRURDRUULL
NO
YES
LDLULDDRRRU
YES
DDLULDLUURR
YES
LLLDDRURRDL
NO
YES
LDDRURDRUUL
NO
NO
YES
RDDLLLUURDR
YES
LDDRURDRUUL
YES
LLDDRURDRUU
NO
NO
YES
LDDRURDRUUL
NO
NO
NO
NO
NO
NO
NO
YES
LDLULDDRRRU
YES
DRRRUULDLUL
YES
DDRURDRUULL
YES
DDRUURRDLDR
YES
URRRDDLULDL
YES
LDRRUULLLDD
YES
LDDRRRUULDL
NO
YES
DLLLUURDRUR
NO
NO
YES
UURRRDDLLUR
NO
NO
YES
RDDLULDLUUR
YES
DRRRUULDLUL
YES
LLUURDRURDD
NO
YES
LLURRULLLDD
YES
LDLUURRRDDL
NO
NO
NO
NO
NO
YES
LLDDRURDRUU
NO
