1 502824618 505239809 505668107 508304943 508399398 512986122 518887997 520562507 524336401 527980090 540967921 541878574 547696941 553797675 559948821 561307185 575249448 575532272 577275439 601830352 601879636 605085596 605482188 611956409 615354788 615380360 621904158 625461714 626864699 632314144 643426258 644940869 646998394 651979134 659330266 664538857 672308456 681534540 688355051 694780934 704848222 710385718 711917382 712306863 714634756 728461235 740000595 745073128 749170538 750004899 750868789 754062248 767501997 771623693 775899777 796817694 797592910 799643714 802201252 805621690 805948837 806960403 809175201 818058168 827136636 834445816 838597095 842764239 844388182 856636252 859784356 860493436 863298051 876954822 883378673 889181365 890079668 900818097 905326079 910186215 912622442 913227108 915622110 924082472 931571973 931903007 945958067 951981871 954894176 959596041 960427977 962311692 963018385 965851609 972085357 974906858 974996730 976777351 989594298 
