3939271 13932561 37679377 49895337 64358729 71470747 75704920 91409443 94377122 100148239 102148080 116410811 119620617 124569017 161401345 194677850 220278616 242410939 262515373 274385514 285838841 301503528 306622408 326020535 335751320 346313280 355698940 362825763 370361913 370682421 374151591 374441610 388063346 398185317 412865909 424038383 424523242 429898510 437001426 446305261 460803686 460922786 461721721 464568575 518042945 530247261 543855730 560555628 568895435 582353565 598364742 601802888 616024809 641020957 642320257 644589259 645927482 665910192 685324792 686449499 692167671 702886754 714245877 725051263 751639778 753335208 757691282 765633350 774457467 778103372 782784205 794189398 802861373 803456035 804223961 818728079 818955017 827700325 844312572 845004790 860396243 868258007 869316312 874096578 874843693 889139465 891927654 914579432 921825979 923949303 924547953 943279827 955734509 961255511 967544759 968611762 974627312 980160159 981549552 988127573 
