5902586 64685849 109579379 110137632 111388860 114100221 128613228 131429011 131816414 141330665 153435593 158872377 160883291 168574727 190317666 192014903 207797307 214368244 226303245 237706840 238886791 243522356 249418384 249542489 256109192 257537192 265233753 272472291 277635959 304430285 313892420 324438080 349255108 349625998 354436267 375185914 400226782 419591669 455073183 460380677 466508526 526416664 532395047 551749421 552747263 558825255 565981725 567921437 579064069 595823753 601377979 608424616 614523948 618191622 618905696 619657773 626649554 627045082 630585113 644812691 646313112 647627834 654898003 658948996 667904146 675152195 700515272 701070035 711238879 714319026 724040474 746907328 747592265 752938661 771337919 773066703 776348501 788728651 788782189 818928848 820491312 829514627 834720328 850386729 860233608 862954836 863161616 866724637 872877754 873022247 906423091 925278110 926018958 932292890 938662527 958059859 965964715 973936030 987935432 993162923 
