47
1 2 3 4 5 7 9 10 15 16 17 18 19 21 22 27 34 37 38 40 44 45 46 47 50 51 52 53 54 55 64 72 73 74 79 80 81 82 87 88 89 90 91 95 96 99 100 
