19
1 4 5 6 16 17 21 24 25 26 30 65 66 67 68 69 81 93 100 
