33
1 12 13 14 15 16 20 25 26 27 34 35 44 45 46 47 53 54 60 61 73 74 75 76 77 78 80 81 82 83 98 99 100 
