64
1 2 4 6 7 8 9 10 13 14 15 16 17 18 20 21 23 24 25 27 33 34 39 40 41 42 43 44 45 46 48 51 52 55 56 57 59 61 63 66 68 71 72 73 74 75 77 80 81 82 83 84 85 86 87 91 92 93 95 96 97 98 99 100 
