...X.XXXXXXXXX.XXXXX.XXX.XXX.X.X.XXX.XX.XXXX.XXXXX
...X.XXXXX.XXX.XXXXX.XXX..XX.X.X.XXX..X.XX.X.XXXXX
XXXXXXXXXXXXXXXXXXXXXXXXXXXXXXXXXXXXXXXXXXXXXXXXXX
X.XXXXXXXXXXXX.XXXXXXXXXXXXXXXXXXXXXXXXXXXXXXXXXXX
..XX.XXXXXXXXX.XXXXX.XXXXXXX.X.X.XXX.XX.XXXXXXXXXX
...X.XXXXX.XXX.XXXXX.XXXXXXX.X.X.XXX.XX.XXXXXXXXXX
...X.XXXXXXXXX.XXXXX.XXX.XXX.X.X.XXXXXX.XXXXXXXXXX
...X.XX.XX.XXX.XXXXX.XXXX.XX.X.X.XXX.XX.XXXX.XXXXX
X.XX.XXXXXXXXX.XXXXXXXXXXXXXXX.X.XXXXXXXXXXXXXXXXX
...X.XX..X.XXX.XXXXX.XXX..XX.X.X.XXX..X..X.X.XXXXX
.XXXXXXXXXXXXXXXXXXXXXXXXXXXXXXXXXXXXXXXXXXXXXXXXX
..XX.XXXXXXXXX.XXXXX.XXX..XXXX.X.XXXXXXXXXXXXXXXXX
X.XX.XXXXXXXXX.XXXXXXXXXXXXX...X.X.X.XXXXXXXXXXXXX
......X..X..XXXXXXXXXXXXXXXXXXXXXXXXX.X..X.X.XX.XX
XXXXXXXXXXXXXX.XXXXX.XXX..XX...X.X.X..XXXXXXXXXXXX
......X..X..XXXXXXXXXXXXXXXXXXXXXXXXXXX..X.X.XX.XX
XXXXXXXXXXXXXX.XXXXX.XXX..XX...X.X.X..X..X.X.XX.XX
......X.....XX.XXXXXXXXXXXXXXXXXXXXXXXXXXXXXXXXXXX
XXXXXXXXXXXXXXXX.XX..XXX..XX..XXXXXXXXXXXXXXXXXXXX
XXXXXXXXXXXXXXXXXXXXXXXXXXXXXX.X.X.X..X..X.X.XX.XX
.....XXXXXXXXXXXXXXXXXXXXXXXXXXXXXXXXXXXXXXXXXXXXX
XXXXX.X.....XX.X.X...XX..XXXXXXXXXXXXXXXXXXXXXXXXX
XXXXXXXXXXXXXXXXXXXXXXXXX.X....X.X.X..X..X.X.XX.XX
....XXXXXXXXXXXXXXXXXXXXXXXXXXXXXXXXXXXXXXXXXXXXXX
XXXX..X.....XX.X.XXXXXXXXXXXXXXXXXXXXXXXXXXXXXXXXX
XXXXXXXXXXXXXXXXXX...X....X....X.X.XXXXXXXXXXXXXXX
.......XXXXXXXXXXXXXXXXXXXXXXXXXXXXX..X..X.X.X...X
XXXXXXX.....X..X.X....XXXXXXXXXXXXXXXXXXXXXXXXXXXX
XXXXXXXXXXXXXXXXXXXXXX....X...XXXXXXXXXXXXXXXXXXXX
XXXXXXXXXXXXXXXXXXXXXXXXXXXXXX.X.X......XXXXXXXXXX
.XXXXXXXXXXXXXXXXXXXXXXXXXXXXXXXXXXXXXXX...X.X...X
X....XXXXXXXXXXXXXXXXXXXXXXXXXXXXXXXXXXXXXXXXXXXXX
XXXXX.......X.XXXXXXXXXXXXXXXXXXXXXXXXXXXXXXXXXXXX
XXXXXXXXXXXXXX.X.X........XXXXXXXXXXXXXXXXXXXXXXXX
XXXXXXXXXXXXXXXXXXXXXXXXXXX....X.X.....XXXXXXXXXXX
..XXXXXXXXXXXXXXXXXXXXXXXXXXXXXXXXXXXXX....X.X...X
XX..XXXXXXXXXXXXXXXXXXXXXXXXXXXXXXXXXXXXXXXXXXXXXX
XXXX........X....XXXXXXXXXXXXXXXXXXXXXXXXXXXXXXXXX
XXXXXXXXXXXXXXXXXX........X....X.....XXXXXXXXXXXXX
XXXXXXXXXXXXXXXXXXXXXXXXXXXXXXXXXXXXXXXXXXXXXXXXXX
.XXXXXXXXXXXXXXXXXXXXXXXXXXXXXXXXXXXX......X.....X
XXXXXXXXXXXXXXXXXXXXXXXXXXXXXXXXXXXXXXXXXXXXXXXXXX
X...........X.XXXXXXXXXXXXXXXXXXXXXXXXXXXXXXXXXXXX
XXXXXXXXXXXXXX...X........X...XXXXXXXXXXXXXXXXXXXX
.XXXXXXXXXXXXXXXXXXXXXXXXXXXXX.X...........X.....X
X...........X..XXXXXXXXXXXXXXXXXXXXXXXXXXXXXXXXXXX
XXXXXXXXXXXXXXX..........XXXXXXXXXXXXXXXXXXXXXXXXX
XXXXXXXXXXXXXXXXXXXXXXXXX.X....X..........XXXXXXXX
XXXXXXXXXXXXXXXXXXXXXXXXXXXXXXXXXXXXXXXXXXXXXXXXXX
XXXXXXXXXXXXXXXXXXXXXXXXXXXXXXXXXXXXXXXXXX.X.....X
