..X.....X...X..X........X......XX.X...............
X.X...X........X........X.......XXX.........X...X.
......X.X...X..X....X.X.XX....XXX.X...............
X.X............X........X.........X.........XX..X.
....................XXXXXX...XXXXXX...X...X.......
X.X...XXX...XX.XX..X..............X........XXXX.X.
.............................XXXXXX...X...X.......
.............X.XXX.XXXXXXX........X...............
...X.XXXXX.XX.....................X...............
X.X...................................XX..XXXXX.XX
.................X.XXXXXXX...XXXXXXX.X............
XXXXXXXXXX.XXX.XX...............................XX
................................XXXX.XXXX.XXXXXX..
......................XXXXX.XXXX..................
...........XXXXXXXXXXX............................
...XXXXXXXX.......................................
XXX....................................XX.XXXXXXXX
..........................XXXXXXXXXX.XX...........
...............XXXXXXXXXXX........................
...XXXXXXXXXXXX...................................
XXX.......................................XXXXXXXX
..........................XXXXXXXXXX.XXXXX........
............XXXXXXXXXXXXXX........................
XXXXXXXXXXXX...................................XXX
..............................XXXXXX.XXXXXXXXXX...
......................XXXXXXXX....................
...........XXXXXXXXXXX............................
XXXXXXXXXXX......................................X
.......................................XXXXXXXXXX.
.........................XXXXXXXXXXXXXX...........
...........XXXXXXXXXXXXXX.........................
..XXXXXXXXX.......................................
XX.....................................XXXXXXXXXXX
.............................XXXXXXXXXX...........
..................XXXXXXXXXXX.....................
........XXXXXXXXXX................................
XXXXXXXX....................................XXXXXX
.............................XXXXXXXXXXXXXXX......
.................XXXXXXXXXXXX.....................
...XXXXXXXXXXXXXX.................................
XXX.........................................XXXXXX
.............................XXXXXXXXXXXXXXX......
................XXXXXXXXXXXXX.....................
.....XXXXXXXXXXX..................................
XXXXX..........................................XXX
....................................XXXXXXXXXXX...
............................XXXXXXXX..............
...................XXXXXXXXX......................
..........XXXXXXXXX...............................
XXXXXXXXXX........................................
