.XX..XX.XXX.XXXXXXXXXXXXX.X.XXXXXXXXXX..XXXXXXXXX.
.XX..X.XXXX.XXXXXXXXXXXXX.X.XXXXXXXXXX..XXX.XXXXX.
.XX.XXX.XXX.XXX.X.XXXXXXX.X.XXXXXXXX.X..XXX.XXXXX.
XXXX.X..XXX.XXX.X.XXXXXXX.XXXXXXXXXXXXXXXXXXXXXXX.
.XX.XXXXXXX.XXXXXXXXXXX.....X.XXX.XX.X...XX.XXXXX.
XXXX.X..XX..XXX.X.XXXXX....XXXXXXXXXXXXXXXXXXXXXX.
XXXXXXXXXXX.XXXXXXXXXXXXXXX.X.XX..X..X...XXXXXXXX.
.XX..X.XXXX.XXXXXXXXXXXXXXXXXXXXXXXXXXXXXXX.XXXXX.
XXXXXXX.XX..XXX.X.XXX.X.....X.XX..X.XXXXXXXXXXXXX.
..XXXXXXXXX.XXXXXXXXXXXXXXXXXXXXXXXX.X...XX.XXX.X.
XXX..X..XX...X....XXX.X.XXXXXXXXXXXXXXXXXXXXXXXXX.
XXXXXXXXXXX.XXXXXXXXXXXX......XX..X......XX.XXXXXX
..X..X..X....X..XXXXXXXXXXXXXXXXXXXXXXXXXXXX.XX.X.
XXXXXXXXXXXXXXXX..XXX.X.......XXXXXXXXXXXXXXXXXXXX
.XXXXXXXXXXXXXXXXXXXXXXXXXXXXX....X...........X.X.
X.X..X.......X..XXXXXXXXXXXXXXXXXXXXXXXXXXXXXXXXXX
XXXXXXXXXXXXXXXX...XX...........XXXXXXXXXXXXXXXXXX
XXXXXXXXXXXXXXXXXXXXXXXXXXXXXXXX..X.....XXXXXXXXXX
..X.XXXXXXXXXXXXXXXXXXXXXXXXXXXXXXXXXXXX......X...
XXXX.X..........XXXXXXXXXXXXXXXXXXXXXXXXXXXXXXXXXX
XXXXXXXXXXXXXXXX...X...............XXXXXXXXXXXXXXX
XXXXXXXXXXXXXXXXXXXXXXXXXXXXXXXXXXX...........X..X
..X......XXXXXXXXXXXXXXXXXXXXXXXXXXXXXXXXXXXXXXXX.
XXXXXXXXX..........X...XXXXXXXXXXXXXXXXXXXXXXXXXXX
XXXXXXXXXXXXXXXXXXXXXXX...................XXXXXXXX
..X.......XXXXXXXXXXXXXXXXXXXXXXXXXXXXXXXX....X...
XXXXXXXXXX...............XXXXXXXXXXXXXXXXXXXXXXXXX
XXXXXXXXXXXXXXXXXXXXXXXXX.......XXXXXXXXXXXXXXXXXX
XXXXXXXXXXXXXXXXXXXXXXXXXXXXXXXX................XX
..X.............XXXXXXXXXXXXXXXXXXXXXXXXXXXXXXXX..
XXXXXXXXXXXXXXXX.........XXXXXXXXXXXXXXXXXXXXXXXXX
XXXXXXXXXXXXXXXXXXXXXXXXX.............XXXXXXXXXXXX
.XXXXXXXXXXXXXXXXXXXXXXXXXXXXXXXXXXXXX............
X..............XXXXXXXXXXXXXXXXXXXXXXXXXXXXXXXXXXX
XXXXXXXXXXXXXXX..............XXXXXXXXXXXXXXXXXXXXX
XXXXXXXXXXXXXXXXXXXXXXXXXXXXX..............XXXXXXX
.....XXXXXXXXXXXXXXXXXXXXXXXXXXXXXXXXXXXXXX.......
XXXXX...........XXXXXXXXXXXXXXXXXXXXXXXXXXXXXXXXXX
XXXXXXXXXXXXXXXX...............XXXXXXXXXXXXXXXXXXX
XXXXXXXXXXXXXXXXXXXXXXXXXXXXXXX.........XXXXXXXXXX
XXXXXXXXXXXXXXXXXXXXXXXXXXXXXXXXXXXXXXXX.......XXX
....XXXXXXXXXXXXXXXXXXXXXXXXXXXXXXXXXXXXXXXXXXX...
XXXX..........XXXXXXXXXXXXXXXXXXXXXXXXXXXXXXXXXXXX
XXXXXXXXXXXXXX...............XXXXXXXXXXXXXXXXXXXXX
XXXXXXXXXXXXXXXXXXXXXXXXXXXXX..........XXXXXXXXXXX
...XXXXXXXXXXXXXXXXXXXXXXXXXXXXXXXXXXXX...........
XXX...........XXXXXXXXXXXXXXXXXXXXXXXXXXXXXXXXXXXX
XXXXXXXXXXXXXX...............XXXXXXXXXXXXXXXXXXXXX
XXXXXXXXXXXXXXXXXXXXXXXXXXXXX...........XXXXXXXXXX
XXXXXXXXXXXXXXXXXXXXXXXXXXXXXXXXXXXXXXXX..........
