51
25638 2983
87594 87371
92001 50610
46744 100000
30282 76434
63015 72005
51239 21365
77462 63065
18359 30636
21916 6092
69631 40168
42085 87306
51374 20838
25747 10165
60698 88221
42311 15619
6887 35534
43693 98423
25094 28193
15539 5134
29831 54839
21734 36649
85306 42465
27226 24860
38274 14370
79428 93581
79378 8247
32629 51617
89519 41750
85269 39288
76799 12995
41742 31010
10686 1093
88705 90168
24802 75183
71358 94040
35251 37058
50814 28997
40570 73338
11959 20555
63187 22961
99887 84893
75624 53106
47257 62852
78939 96194
51874 64192
43065 34703
71647 37425
63319 346
140 1
2 64101
