23 20 17 64 59 4 7 2 
18 63 22 11 16 1 58 5 
21 24 19 60 45 6 3 8 
62 41 12 15 10 29 46 57 
25 14 61 42 47 44 9 30 
40 35 38 13 28 51 56 53 
37 26 33 48 43 54 31 50 
34 39 36 27 32 49 52 55 
