YES
GGQQV
GMQVV
IMMXX
IITTX
FFTUU
GFQQU
GGQWW
IINXW
INNXX
FFPPU
FLPUU
HLLWW
HHSSW
JJOSY
JOOYY
