8033007
474885151
998010619
720259168
345757330
690943383
628716824
933765984
255029765
577027658
378404379
927641210
57911709
415135699
1304727
700752212
24292830
150195
570
1
