637699856
613177596
194234103
50828885
988168359
145716249
442228018
298641630
33205303
707968886
16308832
831157712
1899830
132678113
316315308
882543815
942129166
470742619
388467829
943306267
344344704
301227743
948655626
362824253
673048621
70368283
778767621
712309408
724018645
712006197
133216759
774739267
385986763
373884967
868934087
469376307
717876296
668356147
683114900
671697799
301939663
706503638
79587529
846815296
612066356
585790443
549003651
6551300
3675
1
