894456323
406549429
962038245
430640330
61348310
833495474
511569971
955826923
532290978
150883415
817497836
450269884
677394871
315584798
11628043
271761892
878105308
937003066
727907064
346772166
778048545
768195262
429359803
63462730
271955637
692766694
540644932
218984173
861669521
494199499
690247503
986352900
521134686
503040454
108320177
320563499
731832132
677487390
559033673
872502832
240202213
96967239
223794543
302574541
17131779
809762900
345526307
748831511
652854783
338959543
225500108
531118793
350260490
69514326
320594996
954963094
778912343
524980699
491283655
462996544
368299941
620725436
25268444
17538240
328219511
899486118
606434594
107920113
695934891
822660598
8654407
621535506
372384752
977231671
318582171
833461193
327859347
520915566
18650701
905029165
2307355
872300044
422806925
704876850
663322728
715293789
940805655
160691551
820512559
266252123
782979712
62791556
92655002
485874012
76259812
364707247
734667503
108621975
14850
1
