138
6
1 180 108 22 317 500 
5
1 176 59 87 500 
6
1 32 373 160 286 500 
5
1 357 50 158 500 
5
1 53 100 106 500 
6
1 43 442 355 207 500 
4
1 465 39 500 
7
1 301 31 173 205 423 500 
6
1 409 369 114 171 500 
6
1 467 300 100 38 500 
8
1 343 270 418 234 372 297 500 
4
1 294 74 500 
6
1 283 100 68 364 500 
5
1 337 396 77 500 
5
1 455 419 109 500 
7
1 272 172 347 300 321 500 
4
1 192 388 500 
6
1 472 19 100 396 500 
5
1 451 151 238 500 
8
1 432 280 93 328 39 81 500 
6
1 75 414 65 323 500 
4
1 132 242 500 
7
1 380 105 460 314 426 500 
5
1 4 100 268 500 
6
1 76 406 83 374 500 
6
1 312 148 383 419 500 
5
1 459 100 12 500 
6
1 134 175 14 265 500 
4
1 246 227 500 
5
1 382 62 336 500 
