21
6
1 176 182 135 22 200 
5
1 100 198 67 200 
5
1 84 93 126 200 
5
1 27 23 70 200 
5
1 117 130 149 200 
