14
4
1 181 35 300 
7
1 238 34 205 25 133 300 
6
1 213 282 3 153 300 
