40
5
1 46 19 44 60 
3
1 49 60 
4
1 57 18 60 
3
1 23 60 
4
1 22 53 60 
4
1 36 39 60 
3
1 52 60 
4
1 33 5 60 
3
1 8 60 
3
1 34 60 
3
1 55 60 
4
1 43 21 60 
4
1 58 47 60 
4
1 15 42 60 
4
1 14 25 60 
